Apr 23 09:15:26.395293 nixos kernel: Linux version 6.12.80 (nixbld@localhost) (gcc (GCC) 14.3.0, GNU ld (GNU Binutils) 2.44) #1-NixOS SMP PREEMPT_DYNAMIC Thu Apr  2 11:09:54 UTC 2026
Apr 23 09:15:26.395406 nixos kernel: Command line: initrd=\EFI\nixos\v6bc83nw2h5x85106qkcr1v1qyi1ax7g-initrd-linux-6.12.80-initrd.efi init=/nix/store/dq7n31aipvb3vkkqnwg179v4s6c9dcp4-nixos-system-nixos-25.11.9067.54170c54449e/init pci=noaer intel_iommu=on iommu=strict loglevel=4 lsm=landlock,yama,bpf
Apr 23 09:15:26.395443 nixos kernel: BIOS-provided physical RAM map:
Apr 23 09:15:26.395475 nixos kernel: BIOS-e820: [mem 0x0000000000000000-0x0000000000057fff] usable
Apr 23 09:15:26.395496 nixos kernel: BIOS-e820: [mem 0x0000000000058000-0x0000000000058fff] reserved
Apr 23 09:15:26.395517 nixos kernel: BIOS-e820: [mem 0x0000000000059000-0x000000000008efff] usable
Apr 23 09:15:26.395544 nixos kernel: BIOS-e820: [mem 0x000000000008f000-0x000000000008ffff] reserved
Apr 23 09:15:26.395565 nixos kernel: BIOS-e820: [mem 0x0000000000090000-0x000000000009ffff] usable
Apr 23 09:15:26.395581 nixos kernel: BIOS-e820: [mem 0x00000000000a0000-0x00000000000bffff] reserved
Apr 23 09:15:26.395602 nixos kernel: BIOS-e820: [mem 0x0000000000100000-0x000000008ad0ffff] usable
Apr 23 09:15:26.395626 nixos kernel: BIOS-e820: [mem 0x000000008ad10000-0x000000008ad52fff] ACPI NVS
Apr 23 09:15:26.395648 nixos kernel: BIOS-e820: [mem 0x000000008ad53000-0x000000008ad5cfff] usable
Apr 23 09:15:26.395667 nixos kernel: BIOS-e820: [mem 0x000000008ad5d000-0x000000008ad8efff] ACPI data
Apr 23 09:15:26.395689 nixos kernel: BIOS-e820: [mem 0x000000008ad8f000-0x000000008ae38fff] usable
Apr 23 09:15:26.395712 nixos kernel: BIOS-e820: [mem 0x000000008ae39000-0x000000008ae8efff] reserved
Apr 23 09:15:26.395735 nixos kernel: BIOS-e820: [mem 0x000000008ae8f000-0x000000008aed1fff] usable
Apr 23 09:15:26.395756 nixos kernel: BIOS-e820: [mem 0x000000008aed2000-0x000000008aefefff] reserved
Apr 23 09:15:26.395775 nixos kernel: BIOS-e820: [mem 0x000000008aeff000-0x000000008af83fff] usable
Apr 23 09:15:26.395797 nixos kernel: BIOS-e820: [mem 0x000000008af84000-0x000000008afeffff] reserved
Apr 23 09:15:26.395819 nixos kernel: BIOS-e820: [mem 0x000000008aff0000-0x000000008affffff] usable
Apr 23 09:15:26.395838 nixos kernel: BIOS-e820: [mem 0x000000008b000000-0x000000008f9fffff] reserved
Apr 23 09:15:26.395859 nixos kernel: BIOS-e820: [mem 0x00000000e00f8000-0x00000000e00f8fff] reserved
Apr 23 09:15:26.395958 nixos kernel: BIOS-e820: [mem 0x00000000fed1c000-0x00000000fed1ffff] reserved
Apr 23 09:15:26.395988 nixos kernel: BIOS-e820: [mem 0x00000000ffe10000-0x00000000ffe3ffff] reserved
Apr 23 09:15:26.396014 nixos kernel: BIOS-e820: [mem 0x0000000100000000-0x000000026f5fffff] usable
Apr 23 09:15:26.396035 nixos kernel: NX (Execute Disable) protection: active
Apr 23 09:15:26.396058 nixos kernel: APIC: Static calls initialized
Apr 23 09:15:26.396074 nixos kernel: e820: update [mem 0x75f26190-0x75f361cf] usable ==> usable
Apr 23 09:15:26.396098 nixos kernel: e820: update [mem 0x75f25810-0x75f25cd2] usable ==> usable
Apr 23 09:15:26.396115 nixos kernel: extended physical RAM map:
Apr 23 09:15:26.396129 nixos kernel: reserve setup_data: [mem 0x0000000000000000-0x0000000000057fff] usable
Apr 23 09:15:26.396149 nixos kernel: reserve setup_data: [mem 0x0000000000058000-0x0000000000058fff] reserved
Apr 23 09:15:26.396163 nixos kernel: reserve setup_data: [mem 0x0000000000059000-0x000000000008efff] usable
Apr 23 09:15:26.396177 nixos kernel: reserve setup_data: [mem 0x000000000008f000-0x000000000008ffff] reserved
Apr 23 09:15:26.396192 nixos kernel: reserve setup_data: [mem 0x0000000000090000-0x000000000009ffff] usable
Apr 23 09:15:26.396216 nixos kernel: reserve setup_data: [mem 0x00000000000a0000-0x00000000000bffff] reserved
Apr 23 09:15:26.396234 nixos kernel: reserve setup_data: [mem 0x0000000000100000-0x0000000075f2580f] usable
Apr 23 09:15:26.396256 nixos kernel: reserve setup_data: [mem 0x0000000075f25810-0x0000000075f25cd2] usable
Apr 23 09:15:26.396277 nixos kernel: reserve setup_data: [mem 0x0000000075f25cd3-0x0000000075f2618f] usable
Apr 23 09:15:26.396298 nixos kernel: reserve setup_data: [mem 0x0000000075f26190-0x0000000075f361cf] usable
Apr 23 09:15:26.396319 nixos kernel: reserve setup_data: [mem 0x0000000075f361d0-0x000000008ad0ffff] usable
Apr 23 09:15:26.396339 nixos kernel: reserve setup_data: [mem 0x000000008ad10000-0x000000008ad52fff] ACPI NVS
Apr 23 09:15:26.396361 nixos kernel: reserve setup_data: [mem 0x000000008ad53000-0x000000008ad5cfff] usable
Apr 23 09:15:26.396382 nixos kernel: reserve setup_data: [mem 0x000000008ad5d000-0x000000008ad8efff] ACPI data
Apr 23 09:15:26.396403 nixos kernel: reserve setup_data: [mem 0x000000008ad8f000-0x000000008ae38fff] usable
Apr 23 09:15:26.396421 nixos kernel: reserve setup_data: [mem 0x000000008ae39000-0x000000008ae8efff] reserved
Apr 23 09:15:26.396441 nixos kernel: reserve setup_data: [mem 0x000000008ae8f000-0x000000008aed1fff] usable
Apr 23 09:15:26.396461 nixos kernel: reserve setup_data: [mem 0x000000008aed2000-0x000000008aefefff] reserved
Apr 23 09:15:26.396481 nixos kernel: reserve setup_data: [mem 0x000000008aeff000-0x000000008af83fff] usable
Apr 23 09:15:26.396504 nixos kernel: reserve setup_data: [mem 0x000000008af84000-0x000000008afeffff] reserved
Apr 23 09:15:26.396526 nixos kernel: reserve setup_data: [mem 0x000000008aff0000-0x000000008affffff] usable
Apr 23 09:15:26.396548 nixos kernel: reserve setup_data: [mem 0x000000008b000000-0x000000008f9fffff] reserved
Apr 23 09:15:26.396568 nixos kernel: reserve setup_data: [mem 0x00000000e00f8000-0x00000000e00f8fff] reserved
Apr 23 09:15:26.396586 nixos kernel: reserve setup_data: [mem 0x00000000fed1c000-0x00000000fed1ffff] reserved
Apr 23 09:15:26.396603 nixos kernel: reserve setup_data: [mem 0x00000000ffe10000-0x00000000ffe3ffff] reserved
Apr 23 09:15:26.396624 nixos kernel: reserve setup_data: [mem 0x0000000100000000-0x000000026f5fffff] usable
Apr 23 09:15:26.396644 nixos kernel: efi: EFI v1.1 by Apple
Apr 23 09:15:26.396660 nixos kernel: efi: ACPI=0x8ad8e000 ACPI 2.0=0x8ad8e014 SMBIOS=0x8ad11000 RNG=0x8ad61f90 INITRD=0x75f50790 
Apr 23 09:15:26.396681 nixos kernel: random: crng init done
Apr 23 09:15:26.396698 nixos kernel: efi: Not removing mem280: MMIO range=[0xe00f8000-0xe00f8fff] (4KB) from e820 map
Apr 23 09:15:26.396718 nixos kernel: efi: Not removing mem281: MMIO range=[0xfed1c000-0xfed1ffff] (16KB) from e820 map
Apr 23 09:15:26.396739 nixos kernel: efi: Not removing mem282: MMIO range=[0xffe10000-0xffe3ffff] (192KB) from e820 map
Apr 23 09:15:26.396757 nixos kernel: [Firmware Bug]: Corrupted DMI table, offset 2189 (only 40 entries processed)
Apr 23 09:15:26.396783 nixos kernel: SMBIOS 2.4 present.
Apr 23 09:15:26.396802 nixos kernel: DMI: Apple Inc. MacBookPro11,1/Mac-189A3D4F975D5FFC, BIOS 478.0.0.0.0 01/13/2023
Apr 23 09:15:26.396819 nixos kernel: DMI: Memory slots populated: 2/2
Apr 23 09:15:26.396838 nixos kernel: tsc: Fast TSC calibration using PIT
Apr 23 09:15:26.396859 nixos kernel: tsc: Detected 2599.940 MHz processor
Apr 23 09:15:26.396875 nixos kernel: e820: update [mem 0x00000000-0x00000fff] usable ==> reserved
Apr 23 09:15:26.396977 nixos kernel: e820: remove [mem 0x000a0000-0x000fffff] usable
Apr 23 09:15:26.397014 nixos kernel: last_pfn = 0x26f600 max_arch_pfn = 0x400000000
Apr 23 09:15:26.397039 nixos kernel: MTRR map: 5 entries (4 fixed + 1 variable; max 24), built from 10 variable MTRRs
Apr 23 09:15:26.397062 nixos kernel: x86/PAT: Configuration [0-7]: WB  WC  UC- UC  WB  WP  UC- WT  
Apr 23 09:15:26.397093 nixos kernel: last_pfn = 0x8b000 max_arch_pfn = 0x400000000
Apr 23 09:15:26.397113 nixos kernel: Using GB pages for direct mapping
Apr 23 09:15:26.397141 nixos kernel: Secure boot disabled
Apr 23 09:15:26.397160 nixos kernel: RAMDISK: [mem 0x7136e000-0x72d3cfff]
Apr 23 09:15:26.397183 nixos kernel: ACPI: Early table checksum verification disabled
Apr 23 09:15:26.397212 nixos kernel: ACPI: RSDP 0x000000008AD8E014 000024 (v02 APPLE )
Apr 23 09:15:26.397239 nixos kernel: ACPI: XSDT 0x000000008AD8E1C0 0000A4 (v01 APPLE  Apple00  00000000      01000013)
Apr 23 09:15:26.397269 nixos kernel: ACPI: FACP 0x000000008AD8C000 0000F4 (v05 APPLE  Apple00  00000000 Loki 0000005F)
Apr 23 09:15:26.397298 nixos kernel: ACPI: DSDT 0x000000008AD7F000 007681 (v03 APPLE  MacBookP 00110001 INTL 20100915)
Apr 23 09:15:26.397327 nixos kernel: ACPI: FACS 0x000000008AD18000 000040
Apr 23 09:15:26.397357 nixos kernel: ACPI: FACS 0x000000008AD18000 000040
Apr 23 09:15:26.397385 nixos kernel: ACPI: HPET 0x000000008AD8B000 000038 (v01 APPLE  Apple00  00000001 Loki 0000005F)
Apr 23 09:15:26.397413 nixos kernel: ACPI: APIC 0x000000008AD8A000 0000BC (v02 APPLE  Apple00  00000001 Loki 0000005F)
Apr 23 09:15:26.397440 nixos kernel: ACPI: SBST 0x000000008AD88000 000030 (v01 APPLE  Apple00  00000001 Loki 0000005F)
Apr 23 09:15:26.397466 nixos kernel: ACPI: ECDT 0x000000008AD87000 000053 (v01 APPLE  Apple00  00000001 Loki 0000005F)
Apr 23 09:15:26.397495 nixos kernel: ACPI: SSDT 0x000000008AD7E000 00010B (v01 APPLE  SataAhci 00001000 INTL 20100915)
Apr 23 09:15:26.397520 nixos kernel: ACPI: SSDT 0x000000008AD7D000 000024 (v01 APPLE  SmcDppt  00001000 INTL 20100915)
Apr 23 09:15:26.397546 nixos kernel: ACPI: SSDT 0x000000008AD7A000 000FE9 (v01 APPLE  SDUsbLpt 00001000 INTL 20100915)
Apr 23 09:15:26.397574 nixos kernel: ACPI: SSDT 0x000000008AD76000 000032 (v01 APPLE  SsdtS3   00001000 INTL 20100915)
Apr 23 09:15:26.397600 nixos kernel: ACPI: SSDT 0x000000008AD73000 0028B2 (v01 APPLE  PcieTbt  00001000 INTL 20100915)
Apr 23 09:15:26.397631 nixos kernel: ACPI: SSDT 0x000000008AD66000 0000B8 (v01 APPLE  Sdxc     00001000 INTL 20100915)
Apr 23 09:15:26.397657 nixos kernel: ACPI: SSDT 0x000000008AD65000 0003E0 (v01 APPLE  SaHdaCdc 00001000 INTL 20100915)
Apr 23 09:15:26.397690 nixos kernel: ACPI: SSDT 0x000000008AD64000 000594 (v01 PmRef  Cpu0Ist  00003000 INTL 20100915)
Apr 23 09:15:26.397720 nixos kernel: ACPI: SSDT 0x000000008AD63000 000B83 (v01 PmRef  CpuPm    00003000 INTL 20100915)
Apr 23 09:15:26.397750 nixos kernel: ACPI: DMAR 0x000000008AD62000 000088 (v01 APPLE  HSW      00000001 AAPL 00000001)
Apr 23 09:15:26.397777 nixos kernel: ACPI: MCFG 0x000000008AD89000 00003C (v01 APPLE  Apple00  00000001 Loki 0000005F)
Apr 23 09:15:26.397805 nixos kernel: ACPI: Reserving FACP table memory at [mem 0x8ad8c000-0x8ad8c0f3]
Apr 23 09:15:26.397831 nixos kernel: ACPI: Reserving DSDT table memory at [mem 0x8ad7f000-0x8ad86680]
Apr 23 09:15:26.397865 nixos kernel: ACPI: Reserving FACS table memory at [mem 0x8ad18000-0x8ad1803f]
Apr 23 09:15:26.397963 nixos kernel: ACPI: Reserving FACS table memory at [mem 0x8ad18000-0x8ad1803f]
Apr 23 09:15:26.398024 nixos kernel: ACPI: Reserving HPET table memory at [mem 0x8ad8b000-0x8ad8b037]
Apr 23 09:15:26.398050 nixos kernel: ACPI: Reserving APIC table memory at [mem 0x8ad8a000-0x8ad8a0bb]
Apr 23 09:15:26.398068 nixos kernel: ACPI: Reserving SBST table memory at [mem 0x8ad88000-0x8ad8802f]
Apr 23 09:15:26.398090 nixos kernel: ACPI: Reserving ECDT table memory at [mem 0x8ad87000-0x8ad87052]
Apr 23 09:15:26.398109 nixos kernel: ACPI: Reserving SSDT table memory at [mem 0x8ad7e000-0x8ad7e10a]
Apr 23 09:15:26.398128 nixos kernel: ACPI: Reserving SSDT table memory at [mem 0x8ad7d000-0x8ad7d023]
Apr 23 09:15:26.398145 nixos kernel: ACPI: Reserving SSDT table memory at [mem 0x8ad7a000-0x8ad7afe8]
Apr 23 09:15:26.398164 nixos kernel: ACPI: Reserving SSDT table memory at [mem 0x8ad76000-0x8ad76031]
Apr 23 09:15:26.398192 nixos kernel: ACPI: Reserving SSDT table memory at [mem 0x8ad73000-0x8ad758b1]
Apr 23 09:15:26.398212 nixos kernel: ACPI: Reserving SSDT table memory at [mem 0x8ad66000-0x8ad660b7]
Apr 23 09:15:26.398242 nixos kernel: ACPI: Reserving SSDT table memory at [mem 0x8ad65000-0x8ad653df]
Apr 23 09:15:26.398261 nixos kernel: ACPI: Reserving SSDT table memory at [mem 0x8ad64000-0x8ad64593]
Apr 23 09:15:26.398280 nixos kernel: ACPI: Reserving SSDT table memory at [mem 0x8ad63000-0x8ad63b82]
Apr 23 09:15:26.398303 nixos kernel: ACPI: Reserving DMAR table memory at [mem 0x8ad62000-0x8ad62087]
Apr 23 09:15:26.398334 nixos kernel: ACPI: Reserving MCFG table memory at [mem 0x8ad89000-0x8ad8903b]
Apr 23 09:15:26.398383 nixos kernel: ACPI: DMI detected to setup _OSI("Darwin"): Apple hardware
Apr 23 09:15:26.398404 nixos kernel: No NUMA configuration found
Apr 23 09:15:26.398432 nixos kernel: Faking a node at [mem 0x0000000000000000-0x000000026f5fffff]
Apr 23 09:15:26.398455 nixos kernel: NODE_DATA(0) allocated [mem 0x26f5fa8c0-0x26f5ffdff]
Apr 23 09:15:26.398486 nixos kernel: Zone ranges:
Apr 23 09:15:26.398515 nixos kernel:   DMA      [mem 0x0000000000001000-0x0000000000ffffff]
Apr 23 09:15:26.398536 nixos kernel:   DMA32    [mem 0x0000000001000000-0x00000000ffffffff]
Apr 23 09:15:26.398561 nixos kernel:   Normal   [mem 0x0000000100000000-0x000000026f5fffff]
Apr 23 09:15:26.398583 nixos kernel:   Device   empty
Apr 23 09:15:26.398609 nixos kernel: Movable zone start for each node
Apr 23 09:15:26.398635 nixos kernel: Early memory node ranges
Apr 23 09:15:26.398662 nixos kernel:   node   0: [mem 0x0000000000001000-0x0000000000057fff]
Apr 23 09:15:26.398687 nixos kernel:   node   0: [mem 0x0000000000059000-0x000000000008efff]
Apr 23 09:15:26.398709 nixos kernel:   node   0: [mem 0x0000000000090000-0x000000000009ffff]
Apr 23 09:15:26.398737 nixos kernel:   node   0: [mem 0x0000000000100000-0x000000008ad0ffff]
Apr 23 09:15:26.398757 nixos kernel:   node   0: [mem 0x000000008ad53000-0x000000008ad5cfff]
Apr 23 09:15:26.398779 nixos kernel:   node   0: [mem 0x000000008ad8f000-0x000000008ae38fff]
Apr 23 09:15:26.398798 nixos kernel:   node   0: [mem 0x000000008ae8f000-0x000000008aed1fff]
Apr 23 09:15:26.398817 nixos kernel:   node   0: [mem 0x000000008aeff000-0x000000008af83fff]
Apr 23 09:15:26.398840 nixos kernel:   node   0: [mem 0x000000008aff0000-0x000000008affffff]
Apr 23 09:15:26.398872 nixos kernel:   node   0: [mem 0x0000000100000000-0x000000026f5fffff]
Apr 23 09:15:26.398944 nixos kernel: Initmem setup node 0 [mem 0x0000000000001000-0x000000026f5fffff]
Apr 23 09:15:26.398969 nixos kernel: On node 0, zone DMA: 1 pages in unavailable ranges
Apr 23 09:15:26.398991 nixos kernel: On node 0, zone DMA: 1 pages in unavailable ranges
Apr 23 09:15:26.399014 nixos kernel: On node 0, zone DMA: 1 pages in unavailable ranges
Apr 23 09:15:26.399032 nixos kernel: On node 0, zone DMA: 96 pages in unavailable ranges
Apr 23 09:15:26.399052 nixos kernel: On node 0, zone DMA32: 67 pages in unavailable ranges
Apr 23 09:15:26.399074 nixos kernel: On node 0, zone DMA32: 50 pages in unavailable ranges
Apr 23 09:15:26.399092 nixos kernel: On node 0, zone DMA32: 86 pages in unavailable ranges
Apr 23 09:15:26.399107 nixos kernel: On node 0, zone DMA32: 45 pages in unavailable ranges
Apr 23 09:15:26.399132 nixos kernel: On node 0, zone DMA32: 108 pages in unavailable ranges
Apr 23 09:15:26.399156 nixos kernel: On node 0, zone Normal: 20480 pages in unavailable ranges
Apr 23 09:15:26.399176 nixos kernel: On node 0, zone Normal: 2560 pages in unavailable ranges
Apr 23 09:15:26.399198 nixos kernel: Reserving Intel graphics memory at [mem 0x8ba00000-0x8f9fffff]
Apr 23 09:15:26.399223 nixos kernel: ACPI: PM-Timer IO Port: 0x1808
Apr 23 09:15:26.399248 nixos kernel: ACPI: LAPIC_NMI (acpi_id[0x01] high edge lint[0x1])
Apr 23 09:15:26.399272 nixos kernel: ACPI: LAPIC_NMI (acpi_id[0x02] high edge lint[0x1])
Apr 23 09:15:26.399288 nixos kernel: ACPI: LAPIC_NMI (acpi_id[0x03] high edge lint[0x1])
Apr 23 09:15:26.399305 nixos kernel: ACPI: LAPIC_NMI (acpi_id[0x04] high edge lint[0x1])
Apr 23 09:15:26.399329 nixos kernel: ACPI: LAPIC_NMI (acpi_id[0x05] high edge lint[0x1])
Apr 23 09:15:26.399348 nixos kernel: ACPI: LAPIC_NMI (acpi_id[0x06] high edge lint[0x1])
Apr 23 09:15:26.399366 nixos kernel: ACPI: LAPIC_NMI (acpi_id[0x07] high edge lint[0x1])
Apr 23 09:15:26.399384 nixos kernel: ACPI: LAPIC_NMI (acpi_id[0x08] high edge lint[0x1])
Apr 23 09:15:26.399399 nixos kernel: IOAPIC[0]: apic_id 2, version 32, address 0xfec00000, GSI 0-39
Apr 23 09:15:26.399415 nixos kernel: ACPI: INT_SRC_OVR (bus 0 bus_irq 0 global_irq 2 dfl dfl)
Apr 23 09:15:26.399432 nixos kernel: ACPI: INT_SRC_OVR (bus 0 bus_irq 9 global_irq 9 high level)
Apr 23 09:15:26.399449 nixos kernel: ACPI: Using ACPI (MADT) for SMP configuration information
Apr 23 09:15:26.399471 nixos kernel: ACPI: HPET id: 0x8086a201 base: 0xfed00000
Apr 23 09:15:26.399489 nixos kernel: TSC deadline timer available
Apr 23 09:15:26.399509 nixos kernel: CPU topo: Max. logical packages:   1
Apr 23 09:15:26.399528 nixos kernel: CPU topo: Max. logical dies:       1
Apr 23 09:15:26.399555 nixos kernel: CPU topo: Max. dies per package:   1
Apr 23 09:15:26.399574 nixos kernel: CPU topo: Max. threads per core:   2
Apr 23 09:15:26.399593 nixos kernel: CPU topo: Num. cores per package:     2
Apr 23 09:15:26.399613 nixos kernel: CPU topo: Num. threads per package:   4
Apr 23 09:15:26.399633 nixos kernel: CPU topo: Allowing 4 present CPUs plus 0 hotplug CPUs
Apr 23 09:15:26.399657 nixos kernel: PM: hibernation: Registered nosave memory: [mem 0x00000000-0x00000fff]
Apr 23 09:15:26.399677 nixos kernel: PM: hibernation: Registered nosave memory: [mem 0x00058000-0x00058fff]
Apr 23 09:15:26.399705 nixos kernel: PM: hibernation: Registered nosave memory: [mem 0x0008f000-0x0008ffff]
Apr 23 09:15:26.399731 nixos kernel: PM: hibernation: Registered nosave memory: [mem 0x000a0000-0x000fffff]
Apr 23 09:15:26.399757 nixos kernel: PM: hibernation: Registered nosave memory: [mem 0x8ad10000-0x8ad52fff]
Apr 23 09:15:26.399777 nixos kernel: PM: hibernation: Registered nosave memory: [mem 0x8ad5d000-0x8ad8efff]
Apr 23 09:15:26.399796 nixos kernel: PM: hibernation: Registered nosave memory: [mem 0x8ae39000-0x8ae8efff]
Apr 23 09:15:26.399824 nixos kernel: PM: hibernation: Registered nosave memory: [mem 0x8aed2000-0x8aefefff]
Apr 23 09:15:26.399855 nixos kernel: PM: hibernation: Registered nosave memory: [mem 0x8af84000-0x8afeffff]
Apr 23 09:15:26.399935 nixos kernel: PM: hibernation: Registered nosave memory: [mem 0x8b000000-0xffffffff]
Apr 23 09:15:26.399965 nixos kernel: [mem 0x8fa00000-0xe00f7fff] available for PCI devices
Apr 23 09:15:26.399980 nixos kernel: Booting paravirtualized kernel on bare hardware
Apr 23 09:15:26.400006 nixos kernel: clocksource: refined-jiffies: mask: 0xffffffff max_cycles: 0xffffffff, max_idle_ns: 1910969940391419 ns
Apr 23 09:15:26.400025 nixos kernel: setup_percpu: NR_CPUS:384 nr_cpumask_bits:4 nr_cpu_ids:4 nr_node_ids:1
Apr 23 09:15:26.400042 nixos kernel: percpu: Embedded 116 pages/cpu s294912 r65536 d114688 u524288
Apr 23 09:15:26.400060 nixos kernel: pcpu-alloc: s294912 r65536 d114688 u524288 alloc=1*2097152
Apr 23 09:15:26.400080 nixos kernel: pcpu-alloc: [0] 0 1 2 3 
Apr 23 09:15:26.400103 nixos kernel: Kernel command line: initrd=\EFI\nixos\v6bc83nw2h5x85106qkcr1v1qyi1ax7g-initrd-linux-6.12.80-initrd.efi init=/nix/store/dq7n31aipvb3vkkqnwg179v4s6c9dcp4-nixos-system-nixos-25.11.9067.54170c54449e/init pci=noaer intel_iommu=on iommu=strict loglevel=4 lsm=landlock,yama,bpf
Apr 23 09:15:26.400128 nixos kernel: DMAR: IOMMU enabled
Apr 23 09:15:26.400146 nixos kernel: Dentry cache hash table entries: 1048576 (order: 11, 8388608 bytes, linear)
Apr 23 09:15:26.400162 nixos kernel: Inode-cache hash table entries: 524288 (order: 10, 4194304 bytes, linear)
Apr 23 09:15:26.400187 nixos kernel: Fallback order for Node 0: 0 
Apr 23 09:15:26.400218 nixos kernel: Built 1 zonelists, mobility grouping on.  Total pages: 2073657
Apr 23 09:15:26.400236 nixos kernel: Policy zone: Normal
Apr 23 09:15:26.400253 nixos kernel: mem auto-init: stack:all(zero), heap alloc:on, heap free:off
Apr 23 09:15:26.400272 nixos kernel: software IO TLB: area num 4.
Apr 23 09:15:26.400293 nixos kernel: SLUB: HWalign=64, Order=0-3, MinObjects=0, CPUs=4, Nodes=1
Apr 23 09:15:26.400311 nixos kernel: allocated 16777216 bytes of page_ext
Apr 23 09:15:26.400328 nixos kernel: Kernel/User page tables isolation: enabled
Apr 23 09:15:26.400347 nixos kernel: ftrace: allocating 46233 entries in 181 pages
Apr 23 09:15:26.400365 nixos kernel: ftrace: allocated 181 pages with 5 groups
Apr 23 09:15:26.400382 nixos kernel: Dynamic Preempt: voluntary
Apr 23 09:15:26.400399 nixos kernel: rcu: Preemptible hierarchical RCU implementation.
Apr 23 09:15:26.400417 nixos kernel: rcu:         RCU event tracing is enabled.
Apr 23 09:15:26.400434 nixos kernel: rcu:         RCU restricting CPUs from NR_CPUS=384 to nr_cpu_ids=4.
Apr 23 09:15:26.400456 nixos kernel:         Trampoline variant of Tasks RCU enabled.
Apr 23 09:15:26.400475 nixos kernel:         Rude variant of Tasks RCU enabled.
Apr 23 09:15:26.400491 nixos kernel:         Tracing variant of Tasks RCU enabled.
Apr 23 09:15:26.400510 nixos kernel: rcu: RCU calculated value of scheduler-enlistment delay is 100 jiffies.
Apr 23 09:15:26.400528 nixos kernel: rcu: Adjusting geometry for rcu_fanout_leaf=16, nr_cpu_ids=4
Apr 23 09:15:26.400546 nixos kernel: RCU Tasks: Setting shift to 2 and lim to 1 rcu_task_cb_adjust=1 rcu_task_cpu_ids=4.
Apr 23 09:15:26.400563 nixos kernel: RCU Tasks Rude: Setting shift to 2 and lim to 1 rcu_task_cb_adjust=1 rcu_task_cpu_ids=4.
Apr 23 09:15:26.400581 nixos kernel: RCU Tasks Trace: Setting shift to 2 and lim to 1 rcu_task_cb_adjust=1 rcu_task_cpu_ids=4.
Apr 23 09:15:26.400600 nixos kernel: NR_IRQS: 24832, nr_irqs: 728, preallocated irqs: 16
Apr 23 09:15:26.400622 nixos kernel: rcu: srcu_init: Setting srcu_struct sizes based on contention.
Apr 23 09:15:26.400641 nixos kernel: kfence: initialized - using 2097152 bytes for 255 objects at 0x(____ptrval____)-0x(____ptrval____)
Apr 23 09:15:26.400658 nixos kernel: Console: colour dummy device 80x25
Apr 23 09:15:26.400675 nixos kernel: printk: legacy console [tty0] enabled
Apr 23 09:15:26.400693 nixos kernel: ACPI: Core revision 20240827
Apr 23 09:15:26.400708 nixos kernel: hpet: HPET dysfunctional in PC10. Force disabled.
Apr 23 09:15:26.400725 nixos kernel: APIC: Switch to symmetric I/O mode setup
Apr 23 09:15:26.400743 nixos kernel: DMAR: Host address width 39
Apr 23 09:15:26.400762 nixos kernel: DMAR: DRHD base: 0x000000fed90000 flags: 0x0
Apr 23 09:15:26.400784 nixos kernel: DMAR: dmar0: reg_base_addr fed90000 ver 1:0 cap c0000020660462 ecap f0101a
Apr 23 09:15:26.400802 nixos kernel: DMAR: DRHD base: 0x000000fed91000 flags: 0x1
Apr 23 09:15:26.400825 nixos kernel: DMAR: dmar1: reg_base_addr fed91000 ver 1:0 cap d2008020660462 ecap f010da
Apr 23 09:15:26.400850 nixos kernel: DMAR: RMRR base: 0x0000008b800000 end: 0x0000008f9fffff
Apr 23 09:15:26.400869 nixos kernel: DMAR-IR: IOAPIC id 2 under DRHD base  0xfed91000 IOMMU 1
Apr 23 09:15:26.400901 nixos kernel: DMAR-IR: HPET id 0 under DRHD base 0xfed91000
Apr 23 09:15:26.400922 nixos kernel: DMAR-IR: Queued invalidation will be enabled to support x2apic and Intr-remapping.
Apr 23 09:15:26.400940 nixos kernel: DMAR-IR: Enabled IRQ remapping in x2apic mode
Apr 23 09:15:26.400965 nixos kernel: x2apic enabled
Apr 23 09:15:26.400984 nixos kernel: APIC: Switched APIC routing to: cluster x2apic
Apr 23 09:15:26.401001 nixos kernel: clocksource: tsc-early: mask: 0xffffffffffffffff max_cycles: 0x257a039dfda, max_idle_ns: 440795290633 ns
Apr 23 09:15:26.401019 nixos kernel: Calibrating delay loop (skipped), value calculated using timer frequency.. 5199.88 BogoMIPS (lpj=2599940)
Apr 23 09:15:26.401040 nixos kernel: CPU0: Thermal monitoring enabled (TM1)
Apr 23 09:15:26.401058 nixos kernel: Last level iTLB entries: 4KB 1024, 2MB 1024, 4MB 1024
Apr 23 09:15:26.401075 nixos kernel: Last level dTLB entries: 4KB 1024, 2MB 1024, 4MB 1024, 1GB 4
Apr 23 09:15:26.401092 nixos kernel: process: using mwait in idle threads
Apr 23 09:15:26.401111 nixos kernel: Spectre V1 : Mitigation: usercopy/swapgs barriers and __user pointer sanitization
Apr 23 09:15:26.401133 nixos kernel: Spectre V2 : Mitigation: Retpolines
Apr 23 09:15:26.401150 nixos kernel: Spectre V2 : Spectre v2 / SpectreRSB: Filling RSB on context switch and VMEXIT
Apr 23 09:15:26.401167 nixos kernel: Spectre V2 : Enabling Restricted Speculation for firmware calls
Apr 23 09:15:26.401185 nixos kernel: Spectre V2 : mitigation: Enabling conditional Indirect Branch Prediction Barrier
Apr 23 09:15:26.401212 nixos kernel: Spectre V2 : User space: Mitigation: STIBP via prctl
Apr 23 09:15:26.401230 nixos kernel: Speculative Store Bypass: Mitigation: Speculative Store Bypass disabled via prctl
Apr 23 09:15:26.401254 nixos kernel: MDS: Mitigation: Clear CPU buffers
Apr 23 09:15:26.401280 nixos kernel: MMIO Stale Data: Unknown: No mitigations
Apr 23 09:15:26.401304 nixos kernel: SRBDS: Mitigation: Microcode
Apr 23 09:15:26.401323 nixos kernel: VMSCAPE: Mitigation: IBPB before exit to userspace
Apr 23 09:15:26.401340 nixos kernel: x86/fpu: Supporting XSAVE feature 0x001: 'x87 floating point registers'
Apr 23 09:15:26.401364 nixos kernel: x86/fpu: Supporting XSAVE feature 0x002: 'SSE registers'
Apr 23 09:15:26.401384 nixos kernel: x86/fpu: Supporting XSAVE feature 0x004: 'AVX registers'
Apr 23 09:15:26.401401 nixos kernel: x86/fpu: xstate_offset[2]:  576, xstate_sizes[2]:  256
Apr 23 09:15:26.401417 nixos kernel: x86/fpu: Enabled xstate features 0x7, context size is 832 bytes, using 'standard' format.
Apr 23 09:15:26.401435 nixos kernel: Freeing SMP alternatives memory: 40K
Apr 23 09:15:26.401452 nixos kernel: pid_max: default: 32768 minimum: 301
Apr 23 09:15:26.401471 nixos kernel: LSM: initializing lsm=capability,landlock,yama,bpf
Apr 23 09:15:26.401489 nixos kernel: landlock: Up and running.
Apr 23 09:15:26.401504 nixos kernel: Yama: becoming mindful.
Apr 23 09:15:26.401519 nixos kernel: LSM support for eBPF active
Apr 23 09:15:26.401534 nixos kernel: Mount-cache hash table entries: 16384 (order: 5, 131072 bytes, linear)
Apr 23 09:15:26.401552 nixos kernel: Mountpoint-cache hash table entries: 16384 (order: 5, 131072 bytes, linear)
Apr 23 09:15:26.401568 nixos kernel: smpboot: CPU0: Intel(R) Core(TM) i5-4288U CPU @ 2.60GHz (family: 0x6, model: 0x45, stepping: 0x1)
Apr 23 09:15:26.401585 nixos kernel: Performance Events: PEBS fmt2+, Haswell events, 16-deep LBR, full-width counters, Intel PMU driver.
Apr 23 09:15:26.401601 nixos kernel: ... version:                3
Apr 23 09:15:26.401616 nixos kernel: ... bit width:              48
Apr 23 09:15:26.401633 nixos kernel: ... generic registers:      4
Apr 23 09:15:26.401650 nixos kernel: ... value mask:             0000ffffffffffff
Apr 23 09:15:26.401666 nixos kernel: ... max period:             00007fffffffffff
Apr 23 09:15:26.401682 nixos kernel: ... fixed-purpose events:   3
Apr 23 09:15:26.401696 nixos kernel: ... event mask:             000000070000000f
Apr 23 09:15:26.401717 nixos kernel: signal: max sigframe size: 1776
Apr 23 09:15:26.401733 nixos kernel: Estimated ratio of average max frequency by base frequency (times 1024): 1220
Apr 23 09:15:26.401749 nixos kernel: rcu: Hierarchical SRCU implementation.
Apr 23 09:15:26.401766 nixos kernel: rcu:         Max phase no-delay instances is 400.
Apr 23 09:15:26.401782 nixos kernel: Timer migration: 1 hierarchy levels; 8 children per group; 1 crossnode level
Apr 23 09:15:26.401798 nixos kernel: NMI watchdog: Enabled. Permanently consumes one hw-PMU counter.
Apr 23 09:15:26.401817 nixos kernel: smp: Bringing up secondary CPUs ...
Apr 23 09:15:26.401835 nixos kernel: smpboot: x86: Booting SMP configuration:
Apr 23 09:15:26.401851 nixos kernel: .... node  #0, CPUs:      #1 #2 #3
Apr 23 09:15:26.401869 nixos kernel: MDS CPU bug present and SMT on, data leak possible. See https://www.kernel.org/doc/html/latest/admin-guide/hw-vuln/mds.html for more details.
Apr 23 09:15:26.401920 nixos kernel: VMSCAPE: SMT on, STIBP is required for full protection. See https://www.kernel.org/doc/html/latest/admin-guide/hw-vuln/vmscape.html for more details.
Apr 23 09:15:26.401943 nixos kernel: smp: Brought up 1 node, 4 CPUs
Apr 23 09:15:26.401959 nixos kernel: smpboot: Total of 4 processors activated (20799.52 BogoMIPS)
Apr 23 09:15:26.401975 nixos kernel: Memory: 7636124K/8294628K available (16384K kernel code, 2646K rwdata, 12592K rodata, 3416K init, 3348K bss, 627624K reserved, 0K cma-reserved)
Apr 23 09:15:26.401992 nixos kernel: devtmpfs: initialized
Apr 23 09:15:26.402009 nixos kernel: x86/mm: Memory block size: 128MB
Apr 23 09:15:26.402025 nixos kernel: ACPI: PM: Registering ACPI NVS region [mem 0x8ad10000-0x8ad52fff] (274432 bytes)
Apr 23 09:15:26.402041 nixos kernel: clocksource: jiffies: mask: 0xffffffff max_cycles: 0xffffffff, max_idle_ns: 1911260446275000 ns
Apr 23 09:15:26.402055 nixos kernel: futex hash table entries: 1024 (order: 4, 65536 bytes, linear)
Apr 23 09:15:26.402068 nixos kernel: pinctrl core: initialized pinctrl subsystem
Apr 23 09:15:26.402081 nixos kernel: PM: RTC time: 08:15:22, date: 2026-04-23
Apr 23 09:15:26.402095 nixos kernel: NET: Registered PF_NETLINK/PF_ROUTE protocol family
Apr 23 09:15:26.402114 nixos kernel: DMA: preallocated 1024 KiB GFP_KERNEL pool for atomic allocations
Apr 23 09:15:26.402137 nixos kernel: DMA: preallocated 1024 KiB GFP_KERNEL|GFP_DMA pool for atomic allocations
Apr 23 09:15:26.402155 nixos kernel: DMA: preallocated 1024 KiB GFP_KERNEL|GFP_DMA32 pool for atomic allocations
Apr 23 09:15:26.402176 nixos kernel: audit: initializing netlink subsys (disabled)
Apr 23 09:15:26.402196 nixos kernel: audit: type=2000 audit(1776932122.005:1): state=initialized audit_enabled=0 res=1
Apr 23 09:15:26.402216 nixos kernel: thermal_sys: Registered thermal governor 'bang_bang'
Apr 23 09:15:26.402235 nixos kernel: thermal_sys: Registered thermal governor 'step_wise'
Apr 23 09:15:26.402254 nixos kernel: thermal_sys: Registered thermal governor 'user_space'
Apr 23 09:15:26.402271 nixos kernel: cpuidle: using governor menu
Apr 23 09:15:26.402290 nixos kernel: efi: Freeing EFI boot services memory: 341424K
Apr 23 09:15:26.402308 nixos kernel: acpiphp: ACPI Hot Plug PCI Controller Driver version: 0.5
Apr 23 09:15:26.402336 nixos kernel: PCI: ECAM [mem 0xe0000000-0xe9bfffff] (base 0xe0000000) for domain 0000 [bus 00-9b]
Apr 23 09:15:26.402356 nixos kernel: PCI: Using configuration type 1 for base access
Apr 23 09:15:26.402376 nixos kernel: core: PMU erratum BJ122, BV98, HSD29 worked around, HT is on
Apr 23 09:15:26.402398 nixos kernel: kprobes: kprobe jump-optimization is enabled. All kprobes are optimized if possible.
Apr 23 09:15:26.402415 nixos kernel: HugeTLB: registered 1.00 GiB page size, pre-allocated 0 pages
Apr 23 09:15:26.402431 nixos kernel: HugeTLB: 16380 KiB vmemmap can be freed for a 1.00 GiB page
Apr 23 09:15:26.402446 nixos kernel: HugeTLB: registered 2.00 MiB page size, pre-allocated 0 pages
Apr 23 09:15:26.402460 nixos kernel: HugeTLB: 28 KiB vmemmap can be freed for a 2.00 MiB page
Apr 23 09:15:26.402474 nixos kernel: ACPI: Disabled all _OSI OS vendors
Apr 23 09:15:26.402489 nixos kernel: ACPI: Added _OSI(Module Device)
Apr 23 09:15:26.402503 nixos kernel: ACPI: Added _OSI(Processor Device)
Apr 23 09:15:26.402522 nixos kernel: ACPI: Added _OSI(Processor Aggregator Device)
Apr 23 09:15:26.402539 nixos kernel: ACPI: Added _OSI(Darwin)
Apr 23 09:15:26.402552 nixos kernel: ACPI: 10 ACPI AML tables successfully acquired and loaded
Apr 23 09:15:26.402566 nixos kernel: ACPI: EC: EC started
Apr 23 09:15:26.402581 nixos kernel: ACPI: EC: interrupt blocked
Apr 23 09:15:26.402598 nixos kernel: ACPI: EC: EC_CMD/EC_SC=0x66, EC_DATA=0x62
Apr 23 09:15:26.402616 nixos kernel: ACPI: EC: Boot ECDT EC used to handle transactions
Apr 23 09:15:26.402632 nixos kernel: ACPI: BIOS _OSI(Darwin) query honored via DMI
Apr 23 09:15:26.402650 nixos kernel: ACPI: [Firmware Bug]: BIOS _OSI(Linux) query ignored
Apr 23 09:15:26.402666 nixos kernel: ACPI: Dynamic OEM Table Load:
Apr 23 09:15:26.402687 nixos kernel: ACPI: SSDT 0xFFFF8B9A82128000 0004F0 (v01 PmRef  Cpu0Cst  00003001 INTL 20100915)
Apr 23 09:15:26.402703 nixos kernel: ACPI: Dynamic OEM Table Load:
Apr 23 09:15:26.402720 nixos kernel: ACPI: SSDT 0xFFFF8B9A8212C000 00067C (v01 PmRef  ApIst    00003000 INTL 20100915)
Apr 23 09:15:26.402739 nixos kernel: ACPI: Dynamic OEM Table Load:
Apr 23 09:15:26.402756 nixos kernel: ACPI: SSDT 0xFFFF8B9A812A4000 000119 (v01 PmRef  ApCst    00003000 INTL 20100915)
Apr 23 09:15:26.402773 nixos kernel: ACPI: Interpreter enabled
Apr 23 09:15:26.402790 nixos kernel: ACPI: PM: (supports S0 S3 S4 S5)
Apr 23 09:15:26.402807 nixos kernel: ACPI: Using IOAPIC for interrupt routing
Apr 23 09:15:26.402825 nixos kernel: PCI: Using host bridge windows from ACPI; if necessary, use "pci=nocrs" and report a bug
Apr 23 09:15:26.402848 nixos kernel: PCI: Ignoring E820 reservations for host bridge windows
Apr 23 09:15:26.402866 nixos kernel: ACPI: Enabled 4 GPEs in block 00 to 7F
Apr 23 09:15:26.402926 nixos kernel: ACPI: PCI Root Bridge [PCI0] (domain 0000 [bus 00-ff])
Apr 23 09:15:26.403430 nixos kernel: acpi PNP0A08:00: _OSC: OS assumes control of [PCIeHotplug SHPCHotplug AER PCIeCapability LTR DPC]
Apr 23 09:15:26.403786 nixos kernel: acpi PNP0A08:00: [Firmware Info]: ECAM [mem 0xe0000000-0xe9bfffff] for domain 0000 [bus 00-9b] only partially covers this bridge
Apr 23 09:15:26.403818 nixos kernel: PCI host bridge to bus 0000:00
Apr 23 09:15:26.404106 nixos kernel: pci_bus 0000:00: root bus resource [io  0x0000-0x0cf7 window]
Apr 23 09:15:26.404374 nixos kernel: pci_bus 0000:00: root bus resource [io  0x0d00-0xffff window]
Apr 23 09:15:26.404630 nixos kernel: pci_bus 0000:00: root bus resource [mem 0x000a0000-0x000fffff window]
Apr 23 09:15:26.404888 nixos kernel: pci_bus 0000:00: root bus resource [mem 0x8fa00000-0xfeafffff window]
Apr 23 09:15:26.405159 nixos kernel: pci_bus 0000:00: root bus resource [mem 0xfed40000-0xfed44fff window]
Apr 23 09:15:26.405410 nixos kernel: pci_bus 0000:00: root bus resource [bus 00-ff]
Apr 23 09:15:26.405737 nixos kernel: pci 0000:00:00.0: [8086:0a04] type 00 class 0x060000 conventional PCI endpoint
Apr 23 09:15:26.406119 nixos kernel: pci 0000:00:02.0: [8086:0a2e] type 00 class 0x030000 conventional PCI endpoint
Apr 23 09:15:26.406415 nixos kernel: pci 0000:00:02.0: BAR 0 [mem 0xb0000000-0xb03fffff 64bit]
Apr 23 09:15:26.406647 nixos kernel: pci 0000:00:02.0: BAR 2 [mem 0xa0000000-0xafffffff 64bit pref]
Apr 23 09:15:26.406838 nixos kernel: pci 0000:00:02.0: BAR 4 [io  0x2000-0x203f]
Apr 23 09:15:26.407170 nixos kernel: pci 0000:00:02.0: Video device with shadowed ROM at [mem 0x000c0000-0x000dffff]
Apr 23 09:15:26.407395 nixos kernel: pci 0000:00:03.0: [8086:0a0c] type 00 class 0x040300 PCIe Root Complex Integrated Endpoint
Apr 23 09:15:26.407647 nixos kernel: pci 0000:00:03.0: BAR 0 [mem 0xb0a10000-0xb0a13fff 64bit]
Apr 23 09:15:26.408093 nixos kernel: pci 0000:00:14.0: [8086:9c31] type 00 class 0x0c0330 conventional PCI endpoint
Apr 23 09:15:26.408500 nixos kernel: pci 0000:00:14.0: BAR 0 [mem 0xb0a00000-0xb0a0ffff 64bit]
Apr 23 09:15:26.408912 nixos kernel: pci 0000:00:14.0: PME# supported from D3hot D3cold
Apr 23 09:15:26.409324 nixos kernel: pci 0000:00:16.0: [8086:9c3a] type 00 class 0x078000 conventional PCI endpoint
Apr 23 09:15:26.409667 nixos kernel: pci 0000:00:16.0: BAR 0 [mem 0xb0a2a100-0xb0a2a11f 64bit]
Apr 23 09:15:26.410024 nixos kernel: pci 0000:00:16.0: PME# supported from D0 D3hot D3cold
Apr 23 09:15:26.410411 nixos kernel: pci 0000:00:1b.0: [8086:9c20] type 00 class 0x040300 PCIe Root Complex Integrated Endpoint
Apr 23 09:15:26.410773 nixos kernel: pci 0000:00:1b.0: BAR 0 [mem 0xb0a14000-0xb0a17fff 64bit]
Apr 23 09:15:26.411160 nixos kernel: pci 0000:00:1b.0: PME# supported from D0 D3hot D3cold
Apr 23 09:15:26.411543 nixos kernel: pci 0000:00:1c.0: [8086:9c10] type 01 class 0x060400 PCIe Root Port
Apr 23 09:15:26.411889 nixos kernel: pci 0000:00:1c.0: PCI bridge to [bus 01]
Apr 23 09:15:26.412210 nixos kernel: pci 0000:00:1c.0: PME# supported from D0 D3hot D3cold
Apr 23 09:15:26.412545 nixos kernel: pci 0000:00:1c.1: [8086:9c12] type 01 class 0x060400 PCIe Root Port
Apr 23 09:15:26.412901 nixos kernel: pci 0000:00:1c.1: PCI bridge to [bus 02]
Apr 23 09:15:26.413230 nixos kernel: pci 0000:00:1c.1:   bridge window [mem 0xb0800000-0xb09fffff]
Apr 23 09:15:26.413549 nixos kernel: pci 0000:00:1c.1:   bridge window [mem 0x90000000-0x9fffffff 64bit pref]
Apr 23 09:15:26.413874 nixos kernel: pci 0000:00:1c.1: PME# supported from D0 D3hot D3cold
Apr 23 09:15:26.414269 nixos kernel: pci 0000:00:1c.2: [8086:9c14] type 01 class 0x060400 PCIe Root Port
Apr 23 09:15:26.414668 nixos kernel: pci 0000:00:1c.2: PCI bridge to [bus 03]
Apr 23 09:15:26.415088 nixos kernel: pci 0000:00:1c.2:   bridge window [mem 0xb0400000-0xb06fffff]
Apr 23 09:15:26.415494 nixos kernel: pci 0000:00:1c.2: PME# supported from D0 D3hot D3cold
Apr 23 09:15:26.415918 nixos kernel: pci 0000:00:1c.4: [8086:9c18] type 01 class 0x060400 PCIe Root Port
Apr 23 09:15:26.416338 nixos kernel: pci 0000:00:1c.4: PCI bridge to [bus 05-9b]
Apr 23 09:15:26.416723 nixos kernel: pci 0000:00:1c.4:   bridge window [io  0x3000-0x5fff]
Apr 23 09:15:26.417086 nixos kernel: pci 0000:00:1c.4:   bridge window [mem 0xb0b00000-0xbcbfffff]
Apr 23 09:15:26.417405 nixos kernel: pci 0000:00:1c.4:   bridge window [mem 0xbcc00000-0xc8bfffff 64bit pref]
Apr 23 09:15:26.417725 nixos kernel: pci 0000:00:1c.4: PME# supported from D0 D3hot D3cold
Apr 23 09:15:26.418069 nixos kernel: pci 0000:00:1c.5: [8086:9c1a] type 01 class 0x060400 PCIe Root Port
Apr 23 09:15:26.418396 nixos kernel: pci 0000:00:1c.5: PCI bridge to [bus 04]
Apr 23 09:15:26.418712 nixos kernel: pci 0000:00:1c.5:   bridge window [mem 0xb0700000-0xb07fffff]
Apr 23 09:15:26.419028 nixos kernel: pci 0000:00:1c.5: PME# supported from D0 D3hot D3cold
Apr 23 09:15:26.419352 nixos kernel: pci 0000:00:1f.0: [8086:9c43] type 00 class 0x060100 conventional PCI endpoint
Apr 23 09:15:26.419678 nixos kernel: pci 0000:00:1f.3: [8086:9c22] type 00 class 0x0c0500 conventional PCI endpoint
Apr 23 09:15:26.420019 nixos kernel: pci 0000:00:1f.3: BAR 0 [mem 0xb0a2a000-0xb0a2a0ff 64bit]
Apr 23 09:15:26.420377 nixos kernel: pci 0000:00:1f.3: BAR 4 [io  0xefa0-0xefbf]
Apr 23 09:15:26.420723 nixos kernel: pci 0000:00:1c.0: PCI bridge to [bus 01]
Apr 23 09:15:26.421142 nixos kernel: pci 0000:02:00.0: [14e4:1570] type 00 class 0x048000 PCIe Endpoint
Apr 23 09:15:26.421495 nixos kernel: pci 0000:02:00.0: BAR 0 [mem 0xb0900000-0xb090ffff 64bit]
Apr 23 09:15:26.421823 nixos kernel: pci 0000:02:00.0: BAR 2 [mem 0x90000000-0x9fffffff 64bit pref]
Apr 23 09:15:26.422156 nixos kernel: pci 0000:02:00.0: BAR 4 [mem 0xb0800000-0xb08fffff 64bit]
Apr 23 09:15:26.422486 nixos kernel: pci 0000:02:00.0: supports D1
Apr 23 09:15:26.422818 nixos kernel: pci 0000:02:00.0: PME# supported from D0 D3hot
Apr 23 09:15:26.423173 nixos kernel: pci 0000:00:1c.1: PCI bridge to [bus 02]
Apr 23 09:15:26.423502 nixos kernel: pci 0000:03:00.0: [14e4:43a0] type 00 class 0x028000 PCIe Endpoint
Apr 23 09:15:26.423906 nixos kernel: pci 0000:03:00.0: BAR 0 [mem 0xb0600000-0xb0607fff 64bit]
Apr 23 09:15:26.424334 nixos kernel: pci 0000:03:00.0: BAR 2 [mem 0xb0400000-0xb05fffff 64bit]
Apr 23 09:15:26.424680 nixos kernel: pci 0000:03:00.0: supports D1 D2
Apr 23 09:15:26.424983 nixos kernel: pci 0000:03:00.0: PME# supported from D0 D1 D2 D3hot D3cold
Apr 23 09:15:26.425272 nixos kernel: pci 0000:00:1c.2: PCI bridge to [bus 03]
Apr 23 09:15:26.425596 nixos kernel: pci 0000:05:00.0: [8086:156d] type 01 class 0x060400 PCIe Switch Upstream Port
Apr 23 09:15:26.425915 nixos kernel: pci 0000:05:00.0: PCI bridge to [bus 06-6b]
Apr 23 09:15:26.426219 nixos kernel: pci 0000:05:00.0:   bridge window [io  0x3000-0x4fff]
Apr 23 09:15:26.426508 nixos kernel: pci 0000:05:00.0:   bridge window [mem 0xb0b00000-0xb8bfffff]
Apr 23 09:15:26.426792 nixos kernel: pci 0000:05:00.0:   bridge window [mem 0xbcc00000-0xc4bfffff 64bit pref]
Apr 23 09:15:26.427144 nixos kernel: pci 0000:05:00.0: enabling Extended Tags
Apr 23 09:15:26.427473 nixos kernel: pci 0000:05:00.0: supports D1 D2
Apr 23 09:15:26.427801 nixos kernel: pci 0000:05:00.0: PME# supported from D0 D1 D2 D3hot D3cold
Apr 23 09:15:26.430324 nixos kernel: pci 0000:00:1c.4: PCI bridge to [bus 05-9b]
Apr 23 09:15:26.430675 nixos kernel: pci 0000:06:00.0: [8086:156d] type 01 class 0x060400 PCIe Switch Downstream Port
Apr 23 09:15:26.432036 nixos kernel: pci 0000:06:00.0: PCI bridge to [bus 07]
Apr 23 09:15:26.432383 nixos kernel: pci 0000:06:00.0:   bridge window [mem 0xb0b00000-0xb0bfffff]
Apr 23 09:15:26.432700 nixos kernel: pci 0000:06:00.0: enabling Extended Tags
Apr 23 09:15:26.433053 nixos kernel: pci 0000:06:00.0: supports D1 D2
Apr 23 09:15:26.433357 nixos kernel: pci 0000:06:00.0: PME# supported from D0 D1 D2 D3hot D3cold
Apr 23 09:15:26.433663 nixos kernel: pci 0000:06:03.0: [8086:156d] type 01 class 0x060400 PCIe Switch Downstream Port
Apr 23 09:15:26.434075 nixos kernel: pci 0000:06:03.0: PCI bridge to [bus 08-38]
Apr 23 09:15:26.434409 nixos kernel: pci 0000:06:03.0:   bridge window [io  0x3000-0x3fff]
Apr 23 09:15:26.434710 nixos kernel: pci 0000:06:03.0:   bridge window [mem 0xb0c00000-0xb4bfffff]
Apr 23 09:15:26.435028 nixos kernel: pci 0000:06:03.0:   bridge window [mem 0xbcc00000-0xc0bfffff 64bit pref]
Apr 23 09:15:26.435343 nixos kernel: pci 0000:06:03.0: enabling Extended Tags
Apr 23 09:15:26.435668 nixos kernel: pci 0000:06:03.0: supports D1 D2
Apr 23 09:15:26.436010 nixos kernel: pci 0000:06:03.0: PME# supported from D0 D1 D2 D3hot D3cold
Apr 23 09:15:26.436335 nixos kernel: pci 0000:06:04.0: [8086:156d] type 01 class 0x060400 PCIe Switch Downstream Port
Apr 23 09:15:26.436663 nixos kernel: pci 0000:06:04.0: PCI bridge to [bus 39]
Apr 23 09:15:26.436997 nixos kernel: pci 0000:06:04.0: enabling Extended Tags
Apr 23 09:15:26.437312 nixos kernel: pci 0000:06:04.0: supports D1 D2
Apr 23 09:15:26.437622 nixos kernel: pci 0000:06:04.0: PME# supported from D0 D1 D2 D3hot D3cold
Apr 23 09:15:26.437948 nixos kernel: pci 0000:06:05.0: [8086:156d] type 01 class 0x060400 PCIe Switch Downstream Port
Apr 23 09:15:26.438270 nixos kernel: pci 0000:06:05.0: PCI bridge to [bus 3a-6a]
Apr 23 09:15:26.438577 nixos kernel: pci 0000:06:05.0:   bridge window [io  0x4000-0x4fff]
Apr 23 09:15:26.438897 nixos kernel: pci 0000:06:05.0:   bridge window [mem 0xb4c00000-0xb8bfffff]
Apr 23 09:15:26.439227 nixos kernel: pci 0000:06:05.0:   bridge window [mem 0xc0c00000-0xc4bfffff 64bit pref]
Apr 23 09:15:26.439539 nixos kernel: pci 0000:06:05.0: enabling Extended Tags
Apr 23 09:15:26.439815 nixos kernel: pci 0000:06:05.0: supports D1 D2
Apr 23 09:15:26.440113 nixos kernel: pci 0000:06:05.0: PME# supported from D0 D1 D2 D3hot D3cold
Apr 23 09:15:26.440431 nixos kernel: pci 0000:06:06.0: [8086:156d] type 01 class 0x060400 PCIe Switch Downstream Port
Apr 23 09:15:26.440747 nixos kernel: pci 0000:06:06.0: PCI bridge to [bus 6b]
Apr 23 09:15:26.441087 nixos kernel: pci 0000:06:06.0: enabling Extended Tags
Apr 23 09:15:26.441399 nixos kernel: pci 0000:06:06.0: supports D1 D2
Apr 23 09:15:26.441803 nixos kernel: pci 0000:06:06.0: PME# supported from D0 D1 D2 D3hot D3cold
Apr 23 09:15:26.442238 nixos kernel: pci 0000:05:00.0: PCI bridge to [bus 06-6b]
Apr 23 09:15:26.442581 nixos kernel: pci 0000:07:00.0: [8086:156c] type 00 class 0x088000 PCIe Endpoint
Apr 23 09:15:26.442919 nixos kernel: pci 0000:07:00.0: BAR 0 [mem 0xb0b00000-0xb0b3ffff]
Apr 23 09:15:26.443248 nixos kernel: pci 0000:07:00.0: BAR 1 [mem 0xb0b40000-0xb0b40fff]
Apr 23 09:15:26.443565 nixos kernel: pci 0000:07:00.0: enabling Extended Tags
Apr 23 09:15:26.443825 nixos kernel: pci 0000:07:00.0: supports D1 D2
Apr 23 09:15:26.444462 nixos kernel: pci 0000:07:00.0: PME# supported from D0 D1 D2 D3hot D3cold
Apr 23 09:15:26.444785 nixos kernel: pci 0000:06:00.0: PCI bridge to [bus 07]
Apr 23 09:15:26.445106 nixos kernel: pci 0000:06:03.0: PCI bridge to [bus 08-38]
Apr 23 09:15:26.445413 nixos kernel: pci 0000:06:04.0: PCI bridge to [bus 39]
Apr 23 09:15:26.445717 nixos kernel: pci 0000:06:05.0: PCI bridge to [bus 3a-6a]
Apr 23 09:15:26.446483 nixos kernel: pci 0000:06:06.0: PCI bridge to [bus 6b]
Apr 23 09:15:26.446791 nixos kernel: pci 0000:04:00.0: [144d:1600] type 00 class 0x010601 PCIe Endpoint
Apr 23 09:15:26.447792 nixos kernel: pci 0000:04:00.0: BAR 5 [mem 0xb0700000-0xb0701fff]
Apr 23 09:15:26.448204 nixos kernel: pci 0000:04:00.0: ROM [mem 0xffff0000-0xffffffff pref]
Apr 23 09:15:26.448597 nixos kernel: pci 0000:04:00.0: PME# supported from D3hot D3cold
Apr 23 09:15:26.449063 nixos kernel: pci 0000:04:00.0: 8.000 Gb/s available PCIe bandwidth, limited by 5.0 GT/s PCIe x2 link at 0000:00:1c.5 (capable of 16.000 Gb/s with 5.0 GT/s PCIe x4 link)
Apr 23 09:15:26.449368 nixos kernel: pci 0000:00:1c.5: PCI bridge to [bus 04]
Apr 23 09:15:26.449394 nixos kernel: ACPI: PCI: Interrupt link LNKA configured for IRQ 0
Apr 23 09:15:26.449413 nixos kernel: ACPI: PCI: Interrupt link LNKA disabled
Apr 23 09:15:26.449430 nixos kernel: ACPI: PCI: Interrupt link LNKB configured for IRQ 0
Apr 23 09:15:26.449445 nixos kernel: ACPI: PCI: Interrupt link LNKB disabled
Apr 23 09:15:26.449461 nixos kernel: ACPI: PCI: Interrupt link LNKC configured for IRQ 0
Apr 23 09:15:26.449486 nixos kernel: ACPI: PCI: Interrupt link LNKC disabled
Apr 23 09:15:26.449503 nixos kernel: ACPI: PCI: Interrupt link LNKD configured for IRQ 0
Apr 23 09:15:26.449519 nixos kernel: ACPI: PCI: Interrupt link LNKD disabled
Apr 23 09:15:26.449535 nixos kernel: ACPI: PCI: Interrupt link LNKE configured for IRQ 0
Apr 23 09:15:26.449550 nixos kernel: ACPI: PCI: Interrupt link LNKE disabled
Apr 23 09:15:26.449567 nixos kernel: ACPI: PCI: Interrupt link LNKF configured for IRQ 0
Apr 23 09:15:26.449584 nixos kernel: ACPI: PCI: Interrupt link LNKF disabled
Apr 23 09:15:26.449602 nixos kernel: ACPI: PCI: Interrupt link LNKG configured for IRQ 0
Apr 23 09:15:26.449619 nixos kernel: ACPI: PCI: Interrupt link LNKG disabled
Apr 23 09:15:26.449642 nixos kernel: ACPI: PCI: Interrupt link LNKH configured for IRQ 0
Apr 23 09:15:26.449660 nixos kernel: ACPI: PCI: Interrupt link LNKH disabled
Apr 23 09:15:26.449679 nixos kernel: ACPI: EC: interrupt unblocked
Apr 23 09:15:26.449696 nixos kernel: ACPI: EC: event unblocked
Apr 23 09:15:26.449715 nixos kernel: ACPI: EC: EC_CMD/EC_SC=0x66, EC_DATA=0x62
Apr 23 09:15:26.449734 nixos kernel: ACPI: EC: GPE=0x4e
Apr 23 09:15:26.449755 nixos kernel: ACPI: \_SB_.PCI0.LPCB.EC__: Boot ECDT EC initialization complete
Apr 23 09:15:26.449773 nixos kernel: ACPI: \_SB_.PCI0.LPCB.EC__: EC: Used to handle transactions and events
Apr 23 09:15:26.449791 nixos kernel: iommu: Default domain type: Translated
Apr 23 09:15:26.449812 nixos kernel: iommu: DMA domain TLB invalidation policy: lazy mode
Apr 23 09:15:26.449829 nixos kernel: ACPI: bus type USB registered
Apr 23 09:15:26.449846 nixos kernel: usbcore: registered new interface driver usbfs
Apr 23 09:15:26.449863 nixos kernel: usbcore: registered new interface driver hub
Apr 23 09:15:26.451230 nixos kernel: usbcore: registered new device driver usb
Apr 23 09:15:26.451278 nixos kernel: efivars: Registered efivars operations
Apr 23 09:15:26.451298 nixos kernel: NetLabel: Initializing
Apr 23 09:15:26.451315 nixos kernel: NetLabel:  domain hash size = 128
Apr 23 09:15:26.451331 nixos kernel: NetLabel:  protocols = UNLABELED CIPSOv4 CALIPSO
Apr 23 09:15:26.451345 nixos kernel: NetLabel:  unlabeled traffic allowed by default
Apr 23 09:15:26.451359 nixos kernel: PCI: Using ACPI for IRQ routing
Apr 23 09:15:26.451388 nixos kernel: PCI: pci_cache_line_size set to 64 bytes
Apr 23 09:15:26.451410 nixos kernel: e820: reserve RAM buffer [mem 0x00058000-0x0005ffff]
Apr 23 09:15:26.451429 nixos kernel: e820: reserve RAM buffer [mem 0x0008f000-0x0008ffff]
Apr 23 09:15:26.451448 nixos kernel: e820: reserve RAM buffer [mem 0x75f25810-0x77ffffff]
Apr 23 09:15:26.451467 nixos kernel: e820: reserve RAM buffer [mem 0x75f26190-0x77ffffff]
Apr 23 09:15:26.451486 nixos kernel: e820: reserve RAM buffer [mem 0x8ad10000-0x8bffffff]
Apr 23 09:15:26.451505 nixos kernel: e820: reserve RAM buffer [mem 0x8ad5d000-0x8bffffff]
Apr 23 09:15:26.451525 nixos kernel: e820: reserve RAM buffer [mem 0x8ae39000-0x8bffffff]
Apr 23 09:15:26.451542 nixos kernel: e820: reserve RAM buffer [mem 0x8aed2000-0x8bffffff]
Apr 23 09:15:26.451563 nixos kernel: e820: reserve RAM buffer [mem 0x8af84000-0x8bffffff]
Apr 23 09:15:26.451580 nixos kernel: e820: reserve RAM buffer [mem 0x8b000000-0x8bffffff]
Apr 23 09:15:26.451596 nixos kernel: e820: reserve RAM buffer [mem 0x26f600000-0x26fffffff]
Apr 23 09:15:26.451920 nixos kernel: pci 0000:00:02.0: vgaarb: setting as boot VGA device
Apr 23 09:15:26.452196 nixos kernel: pci 0000:00:02.0: vgaarb: bridge control possible
Apr 23 09:15:26.452821 nixos kernel: pci 0000:00:02.0: vgaarb: VGA device added: decodes=io+mem,owns=io+mem,locks=none
Apr 23 09:15:26.452847 nixos kernel: vgaarb: loaded
Apr 23 09:15:26.452870 nixos kernel: clocksource: Switched to clocksource tsc-early
Apr 23 09:15:26.452928 nixos kernel: VFS: Disk quotas dquot_6.6.0
Apr 23 09:15:26.452946 nixos kernel: VFS: Dquot-cache hash table entries: 512 (order 0, 4096 bytes)
Apr 23 09:15:26.452962 nixos kernel: pnp: PnP ACPI init
Apr 23 09:15:26.453226 nixos kernel: system 00:00: [mem 0xfed00000-0xfed03fff] has been reserved
Apr 23 09:15:26.453481 nixos kernel: system 00:01: [io  0xffff] has been reserved
Apr 23 09:15:26.453729 nixos kernel: system 00:01: [io  0x1800-0x187f] has been reserved
Apr 23 09:15:26.454543 nixos kernel: system 00:01: [io  0x0800-0x087f] has been reserved
Apr 23 09:15:26.454810 nixos kernel: system 00:03: [mem 0xfed1c000-0xfed1ffff] has been reserved
Apr 23 09:15:26.455322 nixos kernel: system 00:03: [mem 0xfed10000-0xfed17fff] has been reserved
Apr 23 09:15:26.455570 nixos kernel: system 00:03: [mem 0xfed18000-0xfed18fff] has been reserved
Apr 23 09:15:26.455809 nixos kernel: system 00:03: [mem 0xfed19000-0xfed19fff] has been reserved
Apr 23 09:15:26.456057 nixos kernel: system 00:03: [mem 0xe0000000-0xefffffff] could not be reserved
Apr 23 09:15:26.456298 nixos kernel: system 00:03: [mem 0xfed20000-0xfed3ffff] has been reserved
Apr 23 09:15:26.456533 nixos kernel: system 00:03: [mem 0xfed90000-0xfed93fff] could not be reserved
Apr 23 09:15:26.456776 nixos kernel: system 00:03: [mem 0xfed45000-0xfed8ffff] has been reserved
Apr 23 09:15:26.458102 nixos kernel: system 00:03: [mem 0xff000000-0xffffffff] could not be reserved
Apr 23 09:15:26.458411 nixos kernel: system 00:03: [mem 0xfee00000-0xfeefffff] has been reserved
Apr 23 09:15:26.458722 nixos kernel: system 00:04: [mem 0x20000000-0x201fffff] could not be reserved
Apr 23 09:15:26.459037 nixos kernel: system 00:04: [mem 0x40000000-0x401fffff] could not be reserved
Apr 23 09:15:26.459063 nixos kernel: pnp: PnP ACPI: found 5 devices
Apr 23 09:15:26.459385 nixos kernel: pci 0000:00:02.0: assigning 3 device properties
Apr 23 09:15:26.459743 nixos kernel: pci 0000:07:00.0: assigning 8 device properties
Apr 23 09:15:26.460074 nixos kernel: pci 0000:00:1b.0: assigning 4 device properties
Apr 23 09:15:26.460105 nixos kernel: clocksource: acpi_pm: mask: 0xffffff max_cycles: 0xffffff, max_idle_ns: 2085701024 ns
Apr 23 09:15:26.460125 nixos kernel: NET: Registered PF_INET protocol family
Apr 23 09:15:26.460143 nixos kernel: IP idents hash table entries: 131072 (order: 8, 1048576 bytes, linear)
Apr 23 09:15:26.460162 nixos kernel: tcp_listen_portaddr_hash hash table entries: 4096 (order: 4, 65536 bytes, linear)
Apr 23 09:15:26.460182 nixos kernel: Table-perturb hash table entries: 65536 (order: 6, 262144 bytes, linear)
Apr 23 09:15:26.460201 nixos kernel: TCP established hash table entries: 65536 (order: 7, 524288 bytes, linear)
Apr 23 09:15:26.460220 nixos kernel: TCP bind hash table entries: 65536 (order: 9, 2097152 bytes, linear)
Apr 23 09:15:26.460246 nixos kernel: TCP: Hash tables configured (established 65536 bind 65536)
Apr 23 09:15:26.460265 nixos kernel: MPTCP token hash table entries: 8192 (order: 6, 196608 bytes, linear)
Apr 23 09:15:26.460284 nixos kernel: UDP hash table entries: 4096 (order: 5, 131072 bytes, linear)
Apr 23 09:15:26.460302 nixos kernel: UDP-Lite hash table entries: 4096 (order: 5, 131072 bytes, linear)
Apr 23 09:15:26.460321 nixos kernel: NET: Registered PF_UNIX/PF_LOCAL protocol family
Apr 23 09:15:26.460340 nixos kernel: NET: Registered PF_XDP protocol family
Apr 23 09:15:26.460740 nixos kernel: pci 0000:04:00.0: ROM [mem 0xffff0000-0xffffffff pref]: can't claim; no compatible bridge window
Apr 23 09:15:26.461786 nixos kernel: pci 0000:06:00.0: bridge window [io  0x1000-0x0fff] to [bus 07] add_size 1000
Apr 23 09:15:26.462163 nixos kernel: pci 0000:06:00.0: bridge window [mem 0x00100000-0x000fffff 64bit pref] to [bus 07] add_size 200000 add_align 100000
Apr 23 09:15:26.462522 nixos kernel: pci 0000:06:04.0: bridge window [io  0x1000-0x0fff] to [bus 39] add_size 1000
Apr 23 09:15:26.462881 nixos kernel: pci 0000:06:04.0: bridge window [mem 0x00100000-0x000fffff 64bit pref] to [bus 39] add_size 200000 add_align 100000
Apr 23 09:15:26.465070 nixos kernel: pci 0000:06:04.0: bridge window [mem 0x00100000-0x000fffff] to [bus 39] add_size 200000 add_align 100000
Apr 23 09:15:26.465441 nixos kernel: pci 0000:06:06.0: bridge window [io  0x1000-0x0fff] to [bus 6b] add_size 1000
Apr 23 09:15:26.465800 nixos kernel: pci 0000:06:06.0: bridge window [mem 0x00100000-0x000fffff 64bit pref] to [bus 6b] add_size 200000 add_align 100000
Apr 23 09:15:26.466164 nixos kernel: pci 0000:06:06.0: bridge window [mem 0x00100000-0x000fffff] to [bus 6b] add_size 200000 add_align 100000
Apr 23 09:15:26.466495 nixos kernel: pci 0000:00:1c.0: PCI bridge to [bus 01]
Apr 23 09:15:26.466813 nixos kernel: pci 0000:00:1c.1: PCI bridge to [bus 02]
Apr 23 09:15:26.467184 nixos kernel: pci 0000:00:1c.1:   bridge window [mem 0xb0800000-0xb09fffff]
Apr 23 09:15:26.467512 nixos kernel: pci 0000:00:1c.1:   bridge window [mem 0x90000000-0x9fffffff 64bit pref]
Apr 23 09:15:26.467835 nixos kernel: pci 0000:00:1c.2: PCI bridge to [bus 03]
Apr 23 09:15:26.470750 nixos kernel: pci 0000:00:1c.2:   bridge window [mem 0xb0400000-0xb06fffff]
Apr 23 09:15:26.475960 nixos kernel: pci 0000:06:00.0: bridge window [mem size 0x00200000 64bit pref]: can't assign; no space
Apr 23 09:15:26.476358 nixos kernel: pci 0000:06:00.0: bridge window [mem size 0x00200000 64bit pref]: failed to assign
Apr 23 09:15:26.476716 nixos kernel: pci 0000:06:04.0: bridge window [mem size 0x00200000]: can't assign; no space
Apr 23 09:15:26.477072 nixos kernel: pci 0000:06:04.0: bridge window [mem size 0x00200000]: failed to assign
Apr 23 09:15:26.477424 nixos kernel: pci 0000:06:04.0: bridge window [mem size 0x00200000 64bit pref]: can't assign; no space
Apr 23 09:15:26.477783 nixos kernel: pci 0000:06:04.0: bridge window [mem size 0x00200000 64bit pref]: failed to assign
Apr 23 09:15:26.478147 nixos kernel: pci 0000:06:06.0: bridge window [mem size 0x00200000]: can't assign; no space
Apr 23 09:15:26.478497 nixos kernel: pci 0000:06:06.0: bridge window [mem size 0x00200000]: failed to assign
Apr 23 09:15:26.478852 nixos kernel: pci 0000:06:06.0: bridge window [mem size 0x00200000 64bit pref]: can't assign; no space
Apr 23 09:15:26.479214 nixos kernel: pci 0000:06:06.0: bridge window [mem size 0x00200000 64bit pref]: failed to assign
Apr 23 09:15:26.479571 nixos kernel: pci 0000:06:00.0: bridge window [io  size 0x1000]: can't assign; no space
Apr 23 09:15:26.479937 nixos kernel: pci 0000:06:00.0: bridge window [io  size 0x1000]: failed to assign
Apr 23 09:15:26.480289 nixos kernel: pci 0000:06:04.0: bridge window [io  size 0x1000]: can't assign; no space
Apr 23 09:15:26.480648 nixos kernel: pci 0000:06:04.0: bridge window [io  size 0x1000]: failed to assign
Apr 23 09:15:26.484032 nixos kernel: pci 0000:06:06.0: bridge window [io  size 0x1000]: can't assign; no space
Apr 23 09:15:26.484403 nixos kernel: pci 0000:06:06.0: bridge window [io  size 0x1000]: failed to assign
Apr 23 09:15:26.484751 nixos kernel: pci 0000:06:06.0: bridge window [mem size 0x00200000]: can't assign; no space
Apr 23 09:15:26.485229 nixos kernel: pci 0000:06:06.0: bridge window [mem size 0x00200000]: failed to assign
Apr 23 09:15:26.485582 nixos kernel: pci 0000:06:06.0: bridge window [mem size 0x00200000 64bit pref]: can't assign; no space
Apr 23 09:15:26.485947 nixos kernel: pci 0000:06:06.0: bridge window [mem size 0x00200000 64bit pref]: failed to assign
Apr 23 09:15:26.486295 nixos kernel: pci 0000:06:06.0: bridge window [io  size 0x1000]: can't assign; no space
Apr 23 09:15:26.486647 nixos kernel: pci 0000:06:06.0: bridge window [io  size 0x1000]: failed to assign
Apr 23 09:15:26.487005 nixos kernel: pci 0000:06:04.0: bridge window [mem size 0x00200000]: can't assign; no space
Apr 23 09:15:26.487351 nixos kernel: pci 0000:06:04.0: bridge window [mem size 0x00200000]: failed to assign
Apr 23 09:15:26.487697 nixos kernel: pci 0000:06:04.0: bridge window [mem size 0x00200000 64bit pref]: can't assign; no space
Apr 23 09:15:26.488050 nixos kernel: pci 0000:06:04.0: bridge window [mem size 0x00200000 64bit pref]: failed to assign
Apr 23 09:15:26.488400 nixos kernel: pci 0000:06:04.0: bridge window [io  size 0x1000]: can't assign; no space
Apr 23 09:15:26.488739 nixos kernel: pci 0000:06:04.0: bridge window [io  size 0x1000]: failed to assign
Apr 23 09:15:26.489099 nixos kernel: pci 0000:06:00.0: bridge window [mem size 0x00200000 64bit pref]: can't assign; no space
Apr 23 09:15:26.489447 nixos kernel: pci 0000:06:00.0: bridge window [mem size 0x00200000 64bit pref]: failed to assign
Apr 23 09:15:26.489795 nixos kernel: pci 0000:06:00.0: bridge window [io  size 0x1000]: can't assign; no space
Apr 23 09:15:26.490159 nixos kernel: pci 0000:06:00.0: bridge window [io  size 0x1000]: failed to assign
Apr 23 09:15:26.490507 nixos kernel: pci 0000:06:00.0: PCI bridge to [bus 07]
Apr 23 09:15:26.490851 nixos kernel: pci 0000:06:00.0:   bridge window [mem 0xb0b00000-0xb0bfffff]
Apr 23 09:15:26.491208 nixos kernel: pci 0000:06:03.0: PCI bridge to [bus 08-38]
Apr 23 09:15:26.491554 nixos kernel: pci 0000:06:03.0:   bridge window [io  0x3000-0x3fff]
Apr 23 09:15:26.491911 nixos kernel: pci 0000:06:03.0:   bridge window [mem 0xb0c00000-0xb4bfffff]
Apr 23 09:15:26.492262 nixos kernel: pci 0000:06:03.0:   bridge window [mem 0xbcc00000-0xc0bfffff 64bit pref]
Apr 23 09:15:26.492610 nixos kernel: pci 0000:06:04.0: PCI bridge to [bus 39]
Apr 23 09:15:26.492966 nixos kernel: pci 0000:06:05.0: PCI bridge to [bus 3a-6a]
Apr 23 09:15:26.493310 nixos kernel: pci 0000:06:05.0:   bridge window [io  0x4000-0x4fff]
Apr 23 09:15:26.493656 nixos kernel: pci 0000:06:05.0:   bridge window [mem 0xb4c00000-0xb8bfffff]
Apr 23 09:15:26.494018 nixos kernel: pci 0000:06:05.0:   bridge window [mem 0xc0c00000-0xc4bfffff 64bit pref]
Apr 23 09:15:26.494372 nixos kernel: pci 0000:06:06.0: PCI bridge to [bus 6b]
Apr 23 09:15:26.494706 nixos kernel: pci 0000:05:00.0: PCI bridge to [bus 06-6b]
Apr 23 09:15:26.495054 nixos kernel: pci 0000:05:00.0:   bridge window [io  0x3000-0x4fff]
Apr 23 09:15:26.495411 nixos kernel: pci 0000:05:00.0:   bridge window [mem 0xb0b00000-0xb8bfffff]
Apr 23 09:15:26.495756 nixos kernel: pci 0000:05:00.0:   bridge window [mem 0xbcc00000-0xc4bfffff 64bit pref]
Apr 23 09:15:26.496096 nixos kernel: pci 0000:00:1c.4: PCI bridge to [bus 05-9b]
Apr 23 09:15:26.496416 nixos kernel: pci 0000:00:1c.4:   bridge window [io  0x3000-0x5fff]
Apr 23 09:15:26.496741 nixos kernel: pci 0000:00:1c.4:   bridge window [mem 0xb0b00000-0xbcbfffff]
Apr 23 09:15:26.497070 nixos kernel: pci 0000:00:1c.4:   bridge window [mem 0xbcc00000-0xc8bfffff 64bit pref]
Apr 23 09:15:26.497415 nixos kernel: pci 0000:04:00.0: ROM [mem 0xb0710000-0xb071ffff pref]: assigned
Apr 23 09:15:26.497755 nixos kernel: pci 0000:00:1c.5: PCI bridge to [bus 04]
Apr 23 09:15:26.498303 nixos kernel: pci 0000:00:1c.5:   bridge window [mem 0xb0700000-0xb07fffff]
Apr 23 09:15:26.498619 nixos kernel: pci_bus 0000:00: resource 4 [io  0x0000-0x0cf7 window]
Apr 23 09:15:26.498943 nixos kernel: pci_bus 0000:00: resource 5 [io  0x0d00-0xffff window]
Apr 23 09:15:26.499252 nixos kernel: pci_bus 0000:00: resource 6 [mem 0x000a0000-0x000fffff window]
Apr 23 09:15:26.499552 nixos kernel: pci_bus 0000:00: resource 7 [mem 0x8fa00000-0xfeafffff window]
Apr 23 09:15:26.499853 nixos kernel: pci_bus 0000:00: resource 8 [mem 0xfed40000-0xfed44fff window]
Apr 23 09:15:26.500218 nixos kernel: pci_bus 0000:02: resource 1 [mem 0xb0800000-0xb09fffff]
Apr 23 09:15:26.500542 nixos kernel: pci_bus 0000:02: resource 2 [mem 0x90000000-0x9fffffff 64bit pref]
Apr 23 09:15:26.500866 nixos kernel: pci_bus 0000:03: resource 1 [mem 0xb0400000-0xb06fffff]
Apr 23 09:15:26.501202 nixos kernel: pci_bus 0000:05: resource 0 [io  0x3000-0x5fff]
Apr 23 09:15:26.501513 nixos kernel: pci_bus 0000:05: resource 1 [mem 0xb0b00000-0xbcbfffff]
Apr 23 09:15:26.501826 nixos kernel: pci_bus 0000:05: resource 2 [mem 0xbcc00000-0xc8bfffff 64bit pref]
Apr 23 09:15:26.502176 nixos kernel: pci_bus 0000:06: resource 0 [io  0x3000-0x4fff]
Apr 23 09:15:26.502496 nixos kernel: pci_bus 0000:06: resource 1 [mem 0xb0b00000-0xb8bfffff]
Apr 23 09:15:26.502824 nixos kernel: pci_bus 0000:06: resource 2 [mem 0xbcc00000-0xc4bfffff 64bit pref]
Apr 23 09:15:26.503177 nixos kernel: pci_bus 0000:07: resource 1 [mem 0xb0b00000-0xb0bfffff]
Apr 23 09:15:26.503534 nixos kernel: pci_bus 0000:08: resource 0 [io  0x3000-0x3fff]
Apr 23 09:15:26.503873 nixos kernel: pci_bus 0000:08: resource 1 [mem 0xb0c00000-0xb4bfffff]
Apr 23 09:15:26.504219 nixos kernel: pci_bus 0000:08: resource 2 [mem 0xbcc00000-0xc0bfffff 64bit pref]
Apr 23 09:15:26.504568 nixos kernel: pci_bus 0000:3a: resource 0 [io  0x4000-0x4fff]
Apr 23 09:15:26.504912 nixos kernel: pci_bus 0000:3a: resource 1 [mem 0xb4c00000-0xb8bfffff]
Apr 23 09:15:26.505258 nixos kernel: pci_bus 0000:3a: resource 2 [mem 0xc0c00000-0xc4bfffff 64bit pref]
Apr 23 09:15:26.505584 nixos kernel: pci_bus 0000:04: resource 1 [mem 0xb0700000-0xb07fffff]
Apr 23 09:15:26.505615 nixos kernel: PCI: CLS 256 bytes, default 64
Apr 23 09:15:26.505633 nixos kernel: DMAR: No ATSR found
Apr 23 09:15:26.505651 nixos kernel: DMAR: No SATC found
Apr 23 09:15:26.505670 nixos kernel: DMAR: IOMMU feature pgsel_inv inconsistent
Apr 23 09:15:26.505690 nixos kernel: DMAR: IOMMU feature sc_support inconsistent
Apr 23 09:15:26.505709 nixos kernel: DMAR: IOMMU feature pass_through inconsistent
Apr 23 09:15:26.505733 nixos kernel: DMAR: dmar0: Using Queued invalidation
Apr 23 09:15:26.505754 nixos kernel: DMAR: dmar1: Using Queued invalidation
Apr 23 09:15:26.505773 nixos kernel: Trying to unpack rootfs image as initramfs...
Apr 23 09:15:26.506101 nixos kernel: pci 0000:00:02.0: Adding to iommu group 0
Apr 23 09:15:26.506427 nixos kernel: pci 0000:00:00.0: Adding to iommu group 1
Apr 23 09:15:26.506749 nixos kernel: pci 0000:00:03.0: Adding to iommu group 2
Apr 23 09:15:26.507088 nixos kernel: pci 0000:00:14.0: Adding to iommu group 3
Apr 23 09:15:26.507412 nixos kernel: pci 0000:00:16.0: Adding to iommu group 4
Apr 23 09:15:26.507737 nixos kernel: pci 0000:00:1b.0: Adding to iommu group 5
Apr 23 09:15:26.508076 nixos kernel: pci 0000:00:1c.0: Adding to iommu group 6
Apr 23 09:15:26.508402 nixos kernel: pci 0000:00:1c.1: Adding to iommu group 6
Apr 23 09:15:26.508720 nixos kernel: pci 0000:00:1c.2: Adding to iommu group 6
Apr 23 09:15:26.509051 nixos kernel: pci 0000:00:1c.4: Adding to iommu group 6
Apr 23 09:15:26.509372 nixos kernel: pci 0000:00:1c.5: Adding to iommu group 6
Apr 23 09:15:26.509693 nixos kernel: pci 0000:00:1f.0: Adding to iommu group 7
Apr 23 09:15:26.510023 nixos kernel: pci 0000:00:1f.3: Adding to iommu group 7
Apr 23 09:15:26.510365 nixos kernel: pci 0000:02:00.0: Adding to iommu group 6
Apr 23 09:15:26.510708 nixos kernel: pci 0000:03:00.0: Adding to iommu group 6
Apr 23 09:15:26.511053 nixos kernel: pci 0000:05:00.0: Adding to iommu group 6
Apr 23 09:15:26.511403 nixos kernel: pci 0000:06:00.0: Adding to iommu group 6
Apr 23 09:15:26.511746 nixos kernel: pci 0000:06:03.0: Adding to iommu group 6
Apr 23 09:15:26.512105 nixos kernel: pci 0000:06:04.0: Adding to iommu group 6
Apr 23 09:15:26.512454 nixos kernel: pci 0000:06:05.0: Adding to iommu group 6
Apr 23 09:15:26.512804 nixos kernel: pci 0000:06:06.0: Adding to iommu group 6
Apr 23 09:15:26.513178 nixos kernel: pci 0000:07:00.0: Adding to iommu group 6
Apr 23 09:15:26.513519 nixos kernel: pci 0000:04:00.0: Adding to iommu group 6
Apr 23 09:15:26.513545 nixos kernel: DMAR: Intel(R) Virtualization Technology for Directed I/O
Apr 23 09:15:26.513566 nixos kernel: PCI-DMA: Using software bounce buffering for IO (SWIOTLB)
Apr 23 09:15:26.513586 nixos kernel: software IO TLB: mapped [mem 0x000000006d36e000-0x000000007136e000] (64MB)
Apr 23 09:15:26.513605 nixos kernel: Initialise system trusted keyrings
Apr 23 09:15:26.513624 nixos kernel: workingset: timestamp_bits=40 max_order=21 bucket_order=0
Apr 23 09:15:26.513643 nixos kernel: Key type asymmetric registered
Apr 23 09:15:26.513668 nixos kernel: Asymmetric key parser 'x509' registered
Apr 23 09:15:26.513688 nixos kernel: Block layer SCSI generic (bsg) driver version 0.4 loaded (major 251)
Apr 23 09:15:26.513705 nixos kernel: io scheduler mq-deadline registered
Apr 23 09:15:26.513723 nixos kernel: io scheduler kyber registered
Apr 23 09:15:26.514047 nixos kernel: pcieport 0000:00:1c.0: Enabling MPC IRBNCE
Apr 23 09:15:26.514367 nixos kernel: pcieport 0000:00:1c.0: Intel PCH root port ACS workaround enabled
Apr 23 09:15:26.514685 nixos kernel: pcieport 0000:00:1c.1: Enabling MPC IRBNCE
Apr 23 09:15:26.515011 nixos kernel: pcieport 0000:00:1c.1: Intel PCH root port ACS workaround enabled
Apr 23 09:15:26.515334 nixos kernel: pcieport 0000:00:1c.2: Enabling MPC IRBNCE
Apr 23 09:15:26.515661 nixos kernel: pcieport 0000:00:1c.2: Intel PCH root port ACS workaround enabled
Apr 23 09:15:26.516216 nixos kernel: pcieport 0000:00:1c.4: Enabling MPC IRBNCE
Apr 23 09:15:26.516789 nixos kernel: pcieport 0000:00:1c.4: Intel PCH root port ACS workaround enabled
Apr 23 09:15:26.517507 nixos kernel: pcieport 0000:00:1c.5: Enabling MPC IRBNCE
Apr 23 09:15:26.518325 nixos kernel: pcieport 0000:00:1c.5: Intel PCH root port ACS workaround enabled
Apr 23 09:15:26.519021 nixos kernel: pcieport 0000:06:00.0: pciehp: Slot #0 AttnBtn- PwrCtrl- MRL- AttnInd- PwrInd- HotPlug+ Surprise+ Interlock- NoCompl+ IbPresDis- LLActRep+
Apr 23 09:15:26.519774 nixos kernel: pcieport 0000:06:03.0: enabling device (0000 -> 0003)
Apr 23 09:15:26.520141 nixos kernel: pcieport 0000:06:03.0: pciehp: Slot #3 AttnBtn- PwrCtrl- MRL- AttnInd- PwrInd- HotPlug+ Surprise+ Interlock- NoCompl+ IbPresDis- LLActRep+
Apr 23 09:15:26.520507 nixos kernel: pcieport 0000:06:04.0: pciehp: Slot #4 AttnBtn- PwrCtrl- MRL- AttnInd- PwrInd- HotPlug+ Surprise+ Interlock- NoCompl+ IbPresDis- LLActRep+
Apr 23 09:15:26.520909 nixos kernel: pcieport 0000:06:05.0: enabling device (0000 -> 0003)
Apr 23 09:15:26.521267 nixos kernel: pcieport 0000:06:05.0: pciehp: Slot #5 AttnBtn- PwrCtrl- MRL- AttnInd- PwrInd- HotPlug+ Surprise+ Interlock- NoCompl+ IbPresDis- LLActRep+
Apr 23 09:15:26.521655 nixos kernel: pcieport 0000:06:06.0: pciehp: Slot #6 AttnBtn- PwrCtrl- MRL- AttnInd- PwrInd- HotPlug+ Surprise+ Interlock- NoCompl+ IbPresDis- LLActRep+
Apr 23 09:15:26.521697 nixos kernel: Serial: 8250/16550 driver, 4 ports, IRQ sharing enabled
Apr 23 09:15:26.521717 nixos kernel: hpet_acpi_add: no address or irqs in _CRS
Apr 23 09:15:26.521735 nixos kernel: Linux agpgart interface v0.103
Apr 23 09:15:26.521752 nixos kernel: ACPI: bus type drm_connector registered
Apr 23 09:15:26.521777 nixos kernel: usbcore: registered new interface driver usbserial_generic
Apr 23 09:15:26.521798 nixos kernel: usbserial: USB Serial support registered for generic
Apr 23 09:15:26.521817 nixos kernel: intel_pstate: Intel P-state driver initializing
Apr 23 09:15:26.522196 nixos kernel: simple-framebuffer simple-framebuffer.0: [drm] Registered 1 planes with drm panic
Apr 23 09:15:26.522240 nixos kernel: [drm] Initialized simpledrm 1.0.0 for simple-framebuffer.0 on minor 0
Apr 23 09:15:26.522260 nixos kernel: fbcon: Deferring console take-over
Apr 23 09:15:26.522645 nixos kernel: simple-framebuffer simple-framebuffer.0: [drm] fb0: simpledrmdrmfb frame buffer device
Apr 23 09:15:26.522699 nixos kernel: drop_monitor: Initializing network drop monitor service
Apr 23 09:15:26.522723 nixos kernel: NET: Registered PF_INET6 protocol family
Apr 23 09:15:26.522748 nixos kernel: Freeing initrd memory: 26428K
Apr 23 09:15:26.522769 nixos kernel: Segment Routing with IPv6
Apr 23 09:15:26.522789 nixos kernel: In-situ OAM (IOAM) with IPv6
Apr 23 09:15:26.522807 nixos kernel: ENERGY_PERF_BIAS: Set to 'normal', was 'performance'
Apr 23 09:15:26.522830 nixos kernel: microcode: Current revision: 0x00000026
Apr 23 09:15:26.522849 nixos kernel: IPI shorthand broadcast: enabled
Apr 23 09:15:26.522868 nixos kernel: sched_clock: Marking stable (297002000, 1658737)->(333346924, -34686187)
Apr 23 09:15:26.525966 nixos kernel: registered taskstats version 1
Apr 23 09:15:26.525998 nixos kernel: Loading compiled-in X.509 certificates
Apr 23 09:15:26.526018 nixos kernel: Demotion targets for Node 0: null
Apr 23 09:15:26.526038 nixos kernel: Key type .fscrypt registered
Apr 23 09:15:26.526058 nixos kernel: Key type fscrypt-provisioning registered
Apr 23 09:15:26.526078 nixos kernel: PM:   Magic number: 6:283:271
Apr 23 09:15:26.526096 nixos kernel: RAS: Correctable Errors collector initialized.
Apr 23 09:15:26.526114 nixos kernel: clk: Disabling unused clocks
Apr 23 09:15:26.526132 nixos kernel: PM: genpd: Disabling unused power domains
Apr 23 09:15:26.526156 nixos kernel: Freeing unused decrypted memory: 2028K
Apr 23 09:15:26.526176 nixos kernel: Freeing unused kernel image (initmem) memory: 3416K
Apr 23 09:15:26.526196 nixos kernel: Write protecting the kernel read-only data: 30720k
Apr 23 09:15:26.526213 nixos kernel: Freeing unused kernel image (rodata/data gap) memory: 1744K
Apr 23 09:15:26.526233 nixos kernel: x86/mm: Checked W+X mappings: passed, no W+X pages found.
Apr 23 09:15:26.526253 nixos kernel: x86/mm: Checking user space page tables
Apr 23 09:15:26.526273 nixos kernel: x86/mm: Checked W+X mappings: passed, no W+X pages found.
Apr 23 09:15:26.526291 nixos kernel: Run /init as init process
Apr 23 09:15:26.526309 nixos kernel:   with arguments:
Apr 23 09:15:26.526332 nixos kernel:     /init
Apr 23 09:15:26.526352 nixos kernel:   with environment:
Apr 23 09:15:26.526371 nixos kernel:     HOME=/
Apr 23 09:15:26.526389 nixos kernel:     TERM=linux
Apr 23 09:15:26.526409 nixos kernel: fbcon: Taking over console
Apr 23 09:15:26.526428 nixos kernel: Console: switching to colour frame buffer device 160x50
Apr 23 09:15:26.526449 nixos stage-1-init: [Thu Apr 23 08:15:22 UTC 2026] loading module dm_mod...
Apr 23 09:15:26.526470 nixos kernel: device-mapper: ioctl: 4.48.0-ioctl (2023-03-01) initialised: dm-devel@lists.linux.dev
Apr 23 09:15:26.526490 nixos stage-1-init: [Thu Apr 23 08:15:22 UTC 2026] running udev...
Apr 23 09:15:26.526515 nixos stage-1-init: [Thu Apr 23 08:15:22 UTC 2026] Starting systemd-udevd version 258.5
Apr 23 09:15:26.526885 nixos kernel: xhci_hcd 0000:00:14.0: xHCI Host Controller
Apr 23 09:15:26.527215 nixos kernel: xhci_hcd 0000:00:14.0: new USB bus registered, assigned bus number 1
Apr 23 09:15:26.527538 nixos kernel: xhci_hcd 0000:00:14.0: hcc params 0x200077c1 hci version 0x100 quirks 0x000000000004b810
Apr 23 09:15:26.527566 nixos kernel: SCSI subsystem initialized
Apr 23 09:15:26.527891 nixos kernel: xhci_hcd 0000:00:14.0: xHCI Host Controller
Apr 23 09:15:26.528209 nixos kernel: xhci_hcd 0000:00:14.0: new USB bus registered, assigned bus number 2
Apr 23 09:15:26.528529 nixos kernel: xhci_hcd 0000:00:14.0: Host supports USB 3.0 SuperSpeed
Apr 23 09:15:26.528825 nixos kernel: usb usb1: New USB device found, idVendor=1d6b, idProduct=0002, bcdDevice= 6.12
Apr 23 09:15:26.532160 nixos kernel: usb usb1: New USB device strings: Mfr=3, Product=2, SerialNumber=1
Apr 23 09:15:26.532441 nixos kernel: usb usb1: Product: xHCI Host Controller
Apr 23 09:15:26.532715 nixos kernel: usb usb1: Manufacturer: Linux 6.12.80 xhci-hcd
Apr 23 09:15:26.532993 nixos kernel: usb usb1: SerialNumber: 0000:00:14.0
Apr 23 09:15:26.533355 nixos kernel: hub 1-0:1.0: USB hub found
Apr 23 09:15:26.533705 nixos kernel: hub 1-0:1.0: 9 ports detected
Apr 23 09:15:26.534005 nixos kernel: usb usb2: New USB device found, idVendor=1d6b, idProduct=0003, bcdDevice= 6.12
Apr 23 09:15:26.534279 nixos kernel: usb usb2: New USB device strings: Mfr=3, Product=2, SerialNumber=1
Apr 23 09:15:26.534550 nixos kernel: usb usb2: Product: xHCI Host Controller
Apr 23 09:15:26.534819 nixos kernel: usb usb2: Manufacturer: Linux 6.12.80 xhci-hcd
Apr 23 09:15:26.535112 nixos kernel: usb usb2: SerialNumber: 0000:00:14.0
Apr 23 09:15:26.535471 nixos kernel: hub 2-0:1.0: USB hub found
Apr 23 09:15:26.535830 nixos kernel: hub 2-0:1.0: 4 ports detected
Apr 23 09:15:26.535865 nixos kernel: libata version 3.00 loaded.
Apr 23 09:15:26.536238 nixos kernel: ahci 0000:04:00.0: version 3.0
Apr 23 09:15:26.536574 nixos kernel: ahci 0000:04:00.0: AHCI vers 0001.0300, 32 command slots, 6 Gbps, SATA mode
Apr 23 09:15:26.536931 nixos kernel: ahci 0000:04:00.0: 1/1 ports implemented (port mask 0x1)
Apr 23 09:15:26.537305 nixos kernel: ahci 0000:04:00.0: flags: 64bit ncq led clo only pio ccc 
Apr 23 09:15:26.537670 nixos kernel: scsi host0: ahci
Apr 23 09:15:26.537702 nixos kernel: ata1: SATA max UDMA/133 abar m8192@0xb0700000 port 0xb0700100 irq 16 lpm-pol 1
Apr 23 09:15:26.538095 nixos kernel: usb 1-3: new full-speed USB device number 2 using xhci_hcd
Apr 23 09:15:26.538125 nixos kernel: ata1: SATA link up 6.0 Gbps (SStatus 133 SControl 300)
Apr 23 09:15:26.538145 nixos kernel: ata1.00: LPM support broken, forcing max_power
Apr 23 09:15:26.538165 nixos kernel: ata1.00: unexpected _GTF length (8)
Apr 23 09:15:26.538180 nixos kernel: ata1.00: ATA-8: APPLE SSD SM0512F, UXM2JA1Q, max UDMA/133
Apr 23 09:15:26.538196 nixos kernel: ata1.00: 977105060 sectors, multi 16: LBA48 NCQ (depth 32), AA
Apr 23 09:15:26.538212 nixos kernel: ata1.00: LPM support broken, forcing max_power
Apr 23 09:15:26.538228 nixos kernel: ata1.00: unexpected _GTF length (8)
Apr 23 09:15:26.538243 nixos kernel: ata1.00: configured for UDMA/133
Apr 23 09:15:26.538634 nixos kernel: scsi 0:0:0:0: Direct-Access     ATA      APPLE SSD SM0512 JA1Q PQ: 0 ANSI: 5
Apr 23 09:15:26.539043 nixos kernel: sd 0:0:0:0: [sda] 977105060 512-byte logical blocks: (500 GB/466 GiB)
Apr 23 09:15:26.539387 nixos kernel: sd 0:0:0:0: [sda] 4096-byte physical blocks
Apr 23 09:15:26.539752 nixos kernel: sd 0:0:0:0: [sda] Write Protect is off
Apr 23 09:15:26.540143 nixos kernel: sd 0:0:0:0: [sda] Mode Sense: 00 3a 00 00
Apr 23 09:15:26.540538 nixos kernel: sd 0:0:0:0: [sda] Write cache: enabled, read cache: enabled, doesn't support DPO or FUA
Apr 23 09:15:26.540929 nixos kernel: sd 0:0:0:0: [sda] Preferred minimum I/O size 4096 bytes
Apr 23 09:15:26.541241 nixos kernel: usb 1-3: New USB device found, idVendor=0a5c, idProduct=4500, bcdDevice= 1.00
Apr 23 09:15:26.541527 nixos kernel: usb 1-3: New USB device strings: Mfr=1, Product=2, SerialNumber=0
Apr 23 09:15:26.541807 nixos kernel: usb 1-3: Product: BRCM20702 Hub
Apr 23 09:15:26.542085 nixos kernel: usb 1-3: Manufacturer: Apple Inc.
Apr 23 09:15:26.545122 nixos kernel: hub 1-3:1.0: USB hub found
Apr 23 09:15:26.545992 nixos kernel: hub 1-3:1.0: 3 ports detected
Apr 23 09:15:26.546084 nixos kernel:  sda: sda1 sda2
Apr 23 09:15:26.546917 nixos kernel: sd 0:0:0:0: [sda] Attached SCSI disk
Apr 23 09:15:26.547013 nixos stage-1-init: [Thu Apr 23 08:15:22 UTC 2026] starting device mapper and LVM...
Apr 23 09:15:26.547080 nixos stage-1-init: [Thu Apr 23 08:15:22 UTC 2026] checking /dev/disk/by-uuid/6d0ce22e-97a0-4e60-ab8f-6ef8ff706b60...
Apr 23 09:15:26.547139 nixos stage-1-init: [Thu Apr 23 08:15:22 UTC 2026] fsck (busybox 1.36.1)
Apr 23 09:15:26.547203 nixos stage-1-init: [Thu Apr 23 08:15:22 UTC 2026] [fsck.ext4 (1) -- /mnt-root/] fsck.ext4 -a /dev/disk/by-uuid/6d0ce22e-97a0-4e60-ab8f-6ef8ff706b60
Apr 23 09:15:26.547263 nixos stage-1-init: [Thu Apr 23 08:15:22 UTC 2026] /dev/disk/by-uuid/6d0ce22e-97a0-4e60-ab8f-6ef8ff706b60: recovering journal
Apr 23 09:15:26.547905 nixos kernel: usb 2-2: new SuperSpeed USB device number 2 using xhci_hcd
Apr 23 09:15:26.548203 nixos kernel: usb 2-2: New USB device found, idVendor=0846, idProduct=9053, bcdDevice= 1.00
Apr 23 09:15:26.548498 nixos kernel: usb 2-2: New USB device strings: Mfr=1, Product=2, SerialNumber=3
Apr 23 09:15:26.548810 nixos kernel: usb 2-2: Product: A6210
Apr 23 09:15:26.549101 nixos kernel: usb 2-2: Manufacturer: NETGEAR
Apr 23 09:15:26.549389 nixos kernel: usb 2-2: SerialNumber: 100
Apr 23 09:15:26.549419 nixos kernel: tsc: Refined TSC clocksource calibration: 2599.999 MHz
Apr 23 09:15:26.549442 nixos kernel: clocksource: tsc: mask: 0xffffffffffffffff max_cycles: 0x257a3b2ad7e, max_idle_ns: 440795282337 ns
Apr 23 09:15:26.549462 nixos kernel: clocksource: Switched to clocksource tsc
Apr 23 09:15:26.549830 nixos kernel: usb 1-5: new full-speed USB device number 3 using xhci_hcd
Apr 23 09:15:26.550142 nixos kernel: usb 1-5: New USB device found, idVendor=05ac, idProduct=025a, bcdDevice= 2.24
Apr 23 09:15:26.550423 nixos kernel: usb 1-5: New USB device strings: Mfr=1, Product=2, SerialNumber=0
Apr 23 09:15:26.550706 nixos kernel: usb 1-5: Product: Apple Internal Keyboard / Trackpad
Apr 23 09:15:26.551016 nixos kernel: usb 1-5: Manufacturer: Apple Inc.
Apr 23 09:15:26.551048 nixos kernel: hid: raw HID events driver (C) Jiri Kosina
Apr 23 09:15:26.551069 nixos kernel: usbcore: registered new interface driver usbhid
Apr 23 09:15:26.551089 nixos kernel: usbhid: USB HID core driver
Apr 23 09:15:26.551115 nixos kernel: input: Apple Inc. Apple Internal Keyboard / Trackpad as /devices/pci0000:00/0000:00:14.0/usb1/1-5/1-5:1.0/0003:05AC:025A.0001/input/input0
Apr 23 09:15:26.551472 nixos kernel: apple 0003:05AC:025A.0001: input,hidraw0: USB HID v1.11 Keyboard [Apple Inc. Apple Internal Keyboard / Trackpad] on usb-0000:00:14.0-5/input0
Apr 23 09:15:26.551820 nixos kernel: apple 0003:05AC:025A.0002: hidraw1: USB HID v1.11 Device [Apple Inc. Apple Internal Keyboard / Trackpad] on usb-0000:00:14.0-5/input1
Apr 23 09:15:26.552255 nixos kernel: usb 2-3: new SuperSpeed USB device number 3 using xhci_hcd
Apr 23 09:15:26.552553 nixos kernel: usb 2-3: New USB device found, idVendor=05ac, idProduct=8406, bcdDevice= 8.20
Apr 23 09:15:26.552838 nixos kernel: usb 2-3: New USB device strings: Mfr=3, Product=4, SerialNumber=5
Apr 23 09:15:26.553138 nixos kernel: usb 2-3: Product: Card Reader
Apr 23 09:15:26.553423 nixos kernel: usb 2-3: Manufacturer: Apple
Apr 23 09:15:26.553703 nixos kernel: usb 2-3: SerialNumber: 000000000820
Apr 23 09:15:26.554078 nixos kernel: usb-storage 2-3:1.0: USB Mass Storage device detected
Apr 23 09:15:26.554518 nixos kernel: scsi host1: usb-storage 2-3:1.0
Apr 23 09:15:26.554548 nixos kernel: usbcore: registered new interface driver usb-storage
Apr 23 09:15:26.555030 nixos kernel: usb 1-3.1: new full-speed USB device number 4 using xhci_hcd
Apr 23 09:15:26.555311 nixos kernel: usb 1-3.1: New USB device found, idVendor=05ac, idProduct=820a, bcdDevice= 1.00
Apr 23 09:15:26.555602 nixos kernel: usb 1-3.1: New USB device strings: Mfr=0, Product=0, SerialNumber=0
Apr 23 09:15:26.555635 nixos kernel: input: HID 05ac:820a as /devices/pci0000:00/0000:00:14.0/usb1/1-3/1-3.1/1-3.1:1.0/0003:05AC:820A.0003/input/input1
Apr 23 09:15:26.556054 nixos kernel: hid-generic 0003:05AC:820A.0003: input,hidraw2: USB HID v1.11 Keyboard [HID 05ac:820a] on usb-0000:00:14.0-3.1/input0
Apr 23 09:15:26.556457 nixos kernel: usb 1-3.2: new full-speed USB device number 5 using xhci_hcd
Apr 23 09:15:26.557028 nixos kernel: usb 1-3.2: New USB device found, idVendor=05ac, idProduct=820b, bcdDevice= 1.00
Apr 23 09:15:26.558625 nixos kernel: usb 1-3.2: New USB device strings: Mfr=0, Product=0, SerialNumber=0
Apr 23 09:15:26.558662 nixos kernel: input: HID 05ac:820b as /devices/pci0000:00/0000:00:14.0/usb1/1-3/1-3.2/1-3.2:1.0/0003:05AC:820B.0004/input/input2
Apr 23 09:15:26.559076 nixos kernel: hid-generic 0003:05AC:820B.0004: input,hidraw3: USB HID v1.11 Mouse [HID 05ac:820b] on usb-0000:00:14.0-3.2/input0
Apr 23 09:15:26.559489 nixos kernel: usb 1-3.3: new full-speed USB device number 6 using xhci_hcd
Apr 23 09:15:26.559830 nixos kernel: usb 1-3.3: New USB device found, idVendor=05ac, idProduct=8289, bcdDevice= 1.50
Apr 23 09:15:26.560241 nixos kernel: usb 1-3.3: New USB device strings: Mfr=1, Product=2, SerialNumber=0
Apr 23 09:15:26.560640 nixos kernel: usb 1-3.3: Product: Bluetooth USB Host Controller
Apr 23 09:15:26.561048 nixos kernel: usb 1-3.3: Manufacturer: Apple Inc.
Apr 23 09:15:26.561096 nixos stage-1-init: [Thu Apr 23 08:15:24 UTC 2026] /dev/disk/by-uuid/6d0ce22e-97a0-4e60-ab8f-6ef8ff706b60: Clearing orphaned inode 24132390 (uid=1000, gid=100, mode=0100644, size=54)
Apr 23 09:15:26.561127 nixos stage-1-init: [Thu Apr 23 08:15:24 UTC 2026] /dev/disk/by-uuid/6d0ce22e-97a0-4e60-ab8f-6ef8ff706b60: clean, 2148304/30507008 files, 66072273/122004586 blocks
Apr 23 09:15:26.561153 nixos stage-1-init: [Thu Apr 23 08:15:24 UTC 2026] mounting /dev/disk/by-uuid/6d0ce22e-97a0-4e60-ab8f-6ef8ff706b60 on /...
Apr 23 09:15:26.561174 nixos kernel: EXT4-fs (sda2): mounted filesystem 6d0ce22e-97a0-4e60-ab8f-6ef8ff706b60 r/w with ordered data mode. Quota mode: none.
Apr 23 09:15:26.561702 nixos kernel: scsi 1:0:0:0: Direct-Access     APPLE    SD Card Reader   3.00 PQ: 0 ANSI: 6
Apr 23 09:15:26.562443 nixos kernel: sd 1:0:0:0: [sdb] Media removed, stopped polling
Apr 23 09:15:26.563334 nixos kernel: sd 1:0:0:0: [sdb] Attached SCSI removable disk
Apr 23 09:15:26.563388 nixos kernel: EXT4-fs (sda2): re-mounted 6d0ce22e-97a0-4e60-ab8f-6ef8ff706b60.
Apr 23 09:15:26.563418 nixos unknown: booting system configuration /nix/store/dq7n31aipvb3vkkqnwg179v4s6c9dcp4-nixos-system-nixos-25.11.9067.54170c54449e
Apr 23 09:15:26.563443 nixos stage-2-init: running activation script...
Apr 23 09:15:26.563466 nixos stage-2-init: setting up /etc...
Apr 23 09:15:26.563492 nixos systemd[1]: Inserted module 'autofs4'
Apr 23 09:15:26.563539 nixos systemd[1]: systemd 258.5 running in system mode (+PAM +AUDIT -SELINUX +APPARMOR +IMA +IPE +SMACK +SECCOMP +GCRYPT -GNUTLS +OPENSSL +ACL +BLKID +CURL +ELFUTILS +FIDO2 +IDN2 -IDN -IPTC +KMOD +LIBCRYPTSETUP +LIBCRYPTSETUP_PLUGINS +LIBFDISK +PCRE2 +PWQUALITY +P11KIT +QRENCODE +TPM2 +BZIP2 +LZ4 +XZ +ZLIB +ZSTD +BPF_FRAMEWORK -BTF -XKBCOMMON +UTMP -SYSVINIT +LIBARCHIVE)
Apr 23 09:15:26.563564 nixos systemd[1]: Detected architecture x86-64.
Apr 23 09:15:26.563594 nixos systemd[1]: Hostname set to <nixos>.
Apr 23 09:15:26.563618 nixos systemd[1]: bpf-restrict-fs: LSM BPF program attached
Apr 23 09:15:26.563645 nixos systemd[1]: /etc/systemd/system/cups.socket:5: ListenStream= references a path below legacy directory /var/run/, updating /var/run/cups/cups.sock → /run/cups/cups.sock; please update the unit file accordingly.
Apr 23 09:15:26.563670 nixos systemd[1]: Queued start job for default target Multi-User System.
Apr 23 09:15:26.563694 nixos systemd[1]: Created slice Slice /system/getty.
Apr 23 09:15:26.563720 nixos systemd[1]: Created slice Slice /system/modprobe.
Apr 23 09:15:26.563750 nixos systemd[1]: Created slice Slice /system/systemd-fsck.
Apr 23 09:15:26.563771 nixos systemd[1]: Created slice User and Session Slice.
Apr 23 09:15:26.563791 nixos systemd[1]: Started Dispatch Password Requests to Console Directory Watch.
Apr 23 09:15:26.563816 nixos systemd[1]: Started Forward Password Requests to Wall Directory Watch.
Apr 23 09:15:26.563838 nixos systemd[1]: Expecting device /dev/disk/by-uuid/B4F5-DAC1...
Apr 23 09:15:26.563862 nixos systemd[1]: Expecting device /dev/input/mice...
Apr 23 09:15:26.564074 nixos systemd[1]: Reached target Local Encrypted Volumes.
Apr 23 09:15:26.564108 nixos systemd[1]: Reached target Virtual Machines and Containers.
Apr 23 09:15:26.564141 nixos systemd[1]: Reached target Path Units.
Apr 23 09:15:26.564164 nixos systemd[1]: Reached target Remote File Systems.
Apr 23 09:15:26.564185 nixos systemd[1]: Reached target Slice Units.
Apr 23 09:15:26.564208 nixos systemd[1]: Listening on Process Core Dump Socket.
Apr 23 09:15:26.564233 nixos systemd[1]: Listening on Credential Encryption/Decryption.
Apr 23 09:15:26.564254 nixos systemd[1]: Listening on Journal Audit Socket.
Apr 23 09:15:26.564278 nixos systemd[1]: Listening on Journal Socket (/dev/log).
Apr 23 09:15:26.564305 nixos systemd[1]: Listening on Journal Sockets.
Apr 23 09:15:26.564328 nixos systemd[1]: Listening on Userspace Out-Of-Memory (OOM) Killer Socket.
Apr 23 09:15:26.564360 nixos systemd[1]: Make TPM PCR Policy skipped, unmet condition check ConditionSecurity=measured-uki
Apr 23 09:15:26.564383 nixos systemd[1]: Listening on udev Control Socket.
Apr 23 09:15:26.564406 nixos systemd[1]: Listening on udev Kernel Socket.
Apr 23 09:15:26.564429 nixos systemd[1]: Mounting Huge Pages File System...
Apr 23 09:15:26.564624 nixos systemd[1]: Mounting POSIX Message Queue File System...
Apr 23 09:15:26.564658 nixos systemd[1]: Mounting Kernel Debug File System...
Apr 23 09:15:26.564681 nixos systemd[1]: Mounting Kernel Trace File System...
Apr 23 09:15:26.564703 nixos systemd[1]: Starting Create List of Static Device Nodes...
Apr 23 09:15:26.564728 nixos systemd[1]: Starting Load Kernel Module configfs...
Apr 23 09:15:26.564763 nixos systemd[1]: Load Kernel Module drm skipped, unmet condition check ConditionKernelModuleLoaded=!drm
Apr 23 09:15:26.564784 nixos systemd[1]: Starting Load Kernel Module efi_pstore...
Apr 23 09:15:26.564808 nixos (modprobe)[380]: modprobe@configfs.service: modprobe@configfs.service: Unable to locate executable 'modprobe': No such file or directory
Apr 23 09:15:26.564831 nixos systemd[1]: Starting Load Kernel Module fuse...
Apr 23 09:15:26.564858 nixos (modprobe)[381]: modprobe@efi_pstore.service: modprobe@efi_pstore.service: Unable to locate executable 'modprobe': No such file or directory
Apr 23 09:15:26.564913 nixos systemd[1]: File System Check on Root Device skipped, unmet condition check ConditionPathIsReadWrite=!/
Apr 23 09:15:26.564943 nixos systemd[1]: Clear Stale Hibernate Storage Info skipped, unmet condition check ConditionPathExists=/sys/firmware/efi/efivars/HibernateLocation-8cf2644b-4b0b-428f-9387-6d876050dc67
Apr 23 09:15:26.564974 nixos systemd[1]: Starting Journal Service...
Apr 23 09:15:26.565139 nixos (modprobe)[382]: modprobe@fuse.service: modprobe@fuse.service: Unable to locate executable 'modprobe': No such file or directory
Apr 23 09:15:26.565167 nixos systemd[1]: Starting Load Kernel Modules...
Apr 23 09:15:26.565193 nixos systemd[1]: Starting Remount Root and Kernel File Systems...
Apr 23 09:15:26.565220 nixos systemd[1]: Early TPM SRK Setup skipped, unmet condition check ConditionSecurity=measured-uki
Apr 23 09:15:26.565241 nixos systemd[1]: Starting Coldplug All udev Devices...
Apr 23 09:15:26.565272 nixos systemd[1]: Mounted Huge Pages File System.
Apr 23 09:15:26.565299 nixos systemd[1]: Mounted POSIX Message Queue File System.
Apr 23 09:15:26.565321 nixos systemd[1]: Mounted Kernel Debug File System.
Apr 23 09:15:26.565421 nixos systemd-journald[383]: Collecting audit messages is enabled.
Apr 23 09:15:26.565614 nixos systemd[1]: Mounted Kernel Trace File System.
Apr 23 09:15:26.565654 nixos systemd[1]: Finished Create List of Static Device Nodes.
Apr 23 09:15:26.565683 nixos systemd[1]: modprobe@configfs.service: Deactivated successfully.
Apr 23 09:15:26.565708 nixos systemd[1]: Finished Load Kernel Module configfs.
Apr 23 09:15:26.565732 nixos kernel: EXT4-fs (sda2): re-mounted 6d0ce22e-97a0-4e60-ab8f-6ef8ff706b60.
Apr 23 09:15:26.565763 nixos systemd[1]: modprobe@efi_pstore.service: Deactivated successfully.
Apr 23 09:15:26.565787 nixos systemd[1]: Finished Load Kernel Module efi_pstore.
Apr 23 09:15:26.565815 nixos systemd[1]: modprobe@fuse.service: Deactivated successfully.
Apr 23 09:15:26.565837 nixos systemd[1]: Finished Load Kernel Module fuse.
Apr 23 09:15:26.565860 nixos systemd[1]: Finished Remount Root and Kernel File Systems.
Apr 23 09:15:26.565902 nixos systemd[1]: FUSE Control File System skipped, unmet condition check ConditionPathExists=/sys/fs/fuse/connections
Apr 23 09:15:26.565930 nixos systemd[1]: Kernel Configuration File System skipped, unmet condition check ConditionPathExists=/sys/kernel/config
Apr 23 09:15:26.566072 nixos systemd[1]: Platform Persistent Storage Archival skipped, unmet condition check ConditionDirectoryNotEmpty=/sys/fs/pstore
Apr 23 09:15:26.566113 nixos systemd[1]: Starting Load/Save OS Random Seed...
Apr 23 09:15:26.566135 nixos systemd[1]: Starting Network Time Synchronization...
Apr 23 09:15:26.566158 nixos systemd[1]: Starting Create Static Device Nodes in /dev gracefully...
Apr 23 09:15:26.566183 nixos systemd[1]: TPM SRK Setup skipped, unmet condition check ConditionSecurity=measured-uki
Apr 23 09:15:26.566205 nixos systemd[1]: Finished Load/Save OS Random Seed.
Apr 23 09:15:26.566236 nixos systemd[1]: First Boot Complete skipped, unmet condition check ConditionFirstBoot=yes
Apr 23 09:15:26.566261 nixos systemd[1]: Finished Create Static Device Nodes in /dev gracefully.
Apr 23 09:15:26.566283 nixos systemd[1]: Starting Create Static Device Nodes in /dev...
Apr 23 09:15:26.566303 nixos kernel: loop: module loaded
Apr 23 09:15:26.566327 nixos systemd[1]: Finished Create Static Device Nodes in /dev.
Apr 23 09:15:26.566345 nixos systemd[1]: Started Network Time Synchronization.
Apr 23 09:15:26.566370 nixos systemd[1]: Reached target Preparation for Local File Systems.
Apr 23 09:15:26.566916 nixos systemd[1]: Starting Rule-based Manager for Device Events and Files...
Apr 23 09:15:26.572055 nixos systemd[1]: Started Journal Service.
Apr 23 09:15:26.729494 nixos systemd-journald[383]: Received client request to flush runtime journal.
Apr 23 09:15:26.729848 nixos systemd-journald[383]: File /var/log/journal/8db5f21542484d84a1e7d83dddef1e30/system.journal corrupted or uncleanly shut down, renaming and replacing.
Apr 23 09:15:26.730172 nixos kernel: Adding 8388604k swap on /var/lib/swapfile.  Priority:-2 extents:67 across:64225280k SS
Apr 23 09:15:26.915948 nixos kernel: input: Lid Switch as /devices/LNXSYSTM:00/LNXSYBUS:00/PNP0C0D:00/input/input3
Apr 23 09:15:26.920979 nixos kernel: ACPI: button: Lid Switch [LID0]
Apr 23 09:15:26.921067 nixos kernel: input: Power Button as /devices/LNXSYSTM:00/LNXSYBUS:00/PNP0C0C:00/input/input4
Apr 23 09:15:26.921104 nixos kernel: ACPI: button: Power Button [PWRB]
Apr 23 09:15:26.921142 nixos kernel: input: Sleep Button as /devices/LNXSYSTM:00/LNXSYBUS:00/PNP0C0E:00/input/input5
Apr 23 09:15:26.921172 nixos kernel: ACPI: button: Sleep Button [SLPB]
Apr 23 09:15:26.921206 nixos kernel: input: Power Button as /devices/LNXSYSTM:00/LNXPWRBN:00/input/input6
Apr 23 09:15:26.924419 nixos kernel: ACPI: button: Power Button [PWRF]
Apr 23 09:15:26.930955 nixos kernel: ACPI: AC: AC Adapter [ADP1] (on-line)
Apr 23 09:15:26.968532 nixos kernel: rtc_cmos 00:02: RTC can wake from S4
Apr 23 09:15:27.500348 nixos kernel: rtc_cmos 00:02: registered as rtc0
Apr 23 09:15:27.506349 nixos kernel: rtc_cmos 00:02: setting system clock to 2026-04-23T08:15:27 UTC (1776932127)
Apr 23 09:15:27.510741 nixos kernel: rtc_cmos 00:02: alarms up to one month, y3k, 242 bytes nvram
Apr 23 09:15:27.523377 nixos kernel: smbus_hc ACPI0001:00: SBS HC: offset = 0x20, query_bit = 0x10
Apr 23 09:15:27.634349 nixos kernel: pstore: Using crash dump compression: deflate
Apr 23 09:15:27.656495 nixos kernel: ACPI: Smart Battery System [SBS0]: Battery Slot [BAT0] (battery present)
Apr 23 09:15:27.710352 nixos kernel: i801_smbus 0000:00:1f.3: SMBus using PCI interrupt
Apr 23 09:15:27.775351 nixos kernel: RAPL PMU: API unit is 2^-32 Joules, 4 fixed counters, 655360 ms ovfl timer
Apr 23 09:15:27.775463 nixos kernel: RAPL PMU: hw unit of domain pp0-core 2^-14 Joules
Apr 23 09:15:27.775499 nixos kernel: RAPL PMU: hw unit of domain package 2^-14 Joules
Apr 23 09:15:27.775528 nixos kernel: RAPL PMU: hw unit of domain dram 2^-14 Joules
Apr 23 09:15:27.775557 nixos kernel: RAPL PMU: hw unit of domain pp1-gpu 2^-14 Joules
Apr 23 09:15:27.782342 nixos kernel: cryptd: max_cpu_qlen set to 1000
Apr 23 09:15:27.803340 nixos kernel: AES CTR mode by8 optimization enabled
Apr 23 09:15:27.947369 nixos kernel: ACPI: bus type thunderbolt registered
Apr 23 09:15:27.950339 nixos kernel: thunderbolt 0000:07:00.0: device link creation from 0000:06:00.0 failed
Apr 23 09:15:27.974342 nixos kernel: applesmc: key=571 fan=1 temp=32 index=31 acc=0 lux=2 kbd=1
Apr 23 09:15:27.990357 nixos kernel: applesmc applesmc.768: hwmon_device_register() is deprecated. Please convert the driver to use hwmon_device_register_with_info().
Apr 23 09:15:28.009364 nixos kernel: snd_hda_codec_cirrus hdaudioC0D0: autoconfig for CS4208: line_outs=2 (0x12/0x13/0x0/0x0/0x0) type:speaker
Apr 23 09:15:28.012509 nixos kernel: snd_hda_codec_cirrus hdaudioC0D0:    speaker_outs=0 (0x0/0x0/0x0/0x0/0x0)
Apr 23 09:15:28.015271 nixos kernel: snd_hda_codec_cirrus hdaudioC0D0:    hp_outs=1 (0x10/0x0/0x0/0x0/0x0)
Apr 23 09:15:28.016870 nixos kernel: snd_hda_codec_cirrus hdaudioC0D0:    mono: mono_out=0x0
Apr 23 09:15:28.019874 nixos kernel: snd_hda_codec_cirrus hdaudioC0D0:    dig-out=0x21/0x0
Apr 23 09:15:28.026429 nixos kernel: snd_hda_codec_cirrus hdaudioC0D0:    inputs:
Apr 23 09:15:28.027312 nixos kernel: snd_hda_codec_cirrus hdaudioC0D0:      Mic=0x18
Apr 23 09:15:28.028264 nixos kernel: snd_hda_codec_cirrus hdaudioC0D0:      Internal Mic=0x1c
Apr 23 09:15:28.079348 nixos kernel: pstore: Registered efi_pstore as persistent store backend
Apr 23 09:15:28.458362 nixos kernel: intel_rapl_common: Found RAPL domain package
Apr 23 09:15:28.458527 nixos kernel: intel_rapl_common: Found RAPL domain core
Apr 23 09:15:28.458591 nixos kernel: intel_rapl_common: Found RAPL domain uncore
Apr 23 09:15:28.458624 nixos kernel: intel_rapl_common: Found RAPL domain dram
Apr 23 09:15:28.458664 nixos kernel: input: HDA Intel PCH Mic as /devices/pci0000:00/0000:00:1b.0/sound/card0/input7
Apr 23 09:15:28.460470 nixos kernel: input: HDA Intel PCH Headphone as /devices/pci0000:00/0000:00:1b.0/sound/card0/input8
Apr 23 09:15:28.460551 nixos kernel: input: HDA Intel PCH SPDIF as /devices/pci0000:00/0000:00:1b.0/sound/card0/input9
Apr 23 09:15:28.462366 nixos kernel: i915 0000:00:02.0: [drm] Found HASWELL/ULT (device ID 0a2e) display version 7.00 stepping N/A
Apr 23 09:15:28.463687 nixos kernel: i915 0000:00:02.0: [drm] VT-d active for gfx access
Apr 23 09:15:28.468494 nixos kernel: iTCO_wdt iTCO_wdt.1.auto: unable to reset NO_REBOOT flag, device disabled by hardware/BIOS
Apr 23 09:15:28.473346 nixos kernel: Console: switching to colour dummy device 80x25
Apr 23 09:15:28.507362 nixos kernel: i915 0000:00:02.0: vgaarb: deactivate vga console
Apr 23 09:15:28.507954 nixos kernel: i915 0000:00:02.0: [drm] Using Transparent Hugepages
Apr 23 09:15:28.508463 nixos kernel: i915 0000:00:02.0: [drm] DMAR active, disabling use of stolen memory
Apr 23 09:15:28.508833 nixos kernel: i915 0000:00:02.0: vgaarb: VGA decodes changed: olddecodes=io+mem,decodes=io+mem:owns=io+mem
Apr 23 09:15:28.523478 nixos kernel: Creating 1 MTD partitions on "intel-spi":
Apr 23 09:15:28.523562 nixos kernel: 0x000000000000-0x000000800000 : "BIOS"
Apr 23 09:15:28.579345 nixos kernel: i915 0000:00:02.0: [drm] Skipping intel_backlight registration
Apr 23 09:15:28.579823 nixos kernel: [drm] Initialized i915 1.6.0 for 0000:00:02.0 on minor 1
Apr 23 09:15:28.580529 nixos kernel: ACPI: video: Video Device [IGPU] (multi-head: yes  rom: no  post: no)
Apr 23 09:15:28.581765 nixos kernel: input: Video Bus as /devices/LNXSYSTM:00/LNXSYBUS:00/PNP0A08:00/LNXVIDEO:00/input/input10
Apr 23 09:15:28.585355 nixos kernel: acpi device:02: registered as cooling_device5
Apr 23 09:15:28.615372 nixos kernel: fbcon: i915drmfb (fb0) is primary device
Apr 23 09:15:28.645347 nixos kernel: Console: switching to colour frame buffer device 160x50
Apr 23 09:15:28.664345 nixos kernel: i915 0000:00:02.0: [drm] fb0: i915drmfb frame buffer device
Apr 23 09:15:28.694355 nixos kernel: snd_hda_intel 0000:00:03.0: bound 0000:00:02.0 (ops i915_audio_component_bind_ops [i915])
Apr 23 09:15:28.711494 nixos kernel: input: HDA Intel HDMI HDMI/DP,pcm=3 as /devices/pci0000:00/0000:00:03.0/sound/card1/input11
Apr 23 09:15:28.711540 nixos kernel: input: HDA Intel HDMI HDMI/DP,pcm=7 as /devices/pci0000:00/0000:00:03.0/sound/card1/input12
Apr 23 09:15:28.711570 nixos kernel: input: HDA Intel HDMI HDMI/DP,pcm=8 as /devices/pci0000:00/0000:00:03.0/sound/card1/input13
Apr 23 09:15:28.730509 nixos kernel: pcieport 0000:00:1c.0: Enabling MPC IRBNCE
Apr 23 09:15:28.731083 nixos kernel: pcieport 0000:00:1c.0: Intel PCH root port ACS workaround enabled
Apr 23 09:15:28.830400 nixos kernel: usbcore: registered new device driver apple-mfi-fastcharge
Apr 23 09:15:28.831346 nixos kernel: input: bcm5974 as /devices/pci0000:00/0000:00:14.0/usb1/1-5/1-5:1.2/input/input14
Apr 23 09:15:28.838344 nixos kernel: usbcore: registered new interface driver bcm5974
Apr 23 09:15:28.844382 nixos kernel: usbcore: registered new interface driver uas
Apr 23 09:15:29.020402 nixos kernel: mousedev: PS/2 mouse device common for all mice
Apr 23 09:15:29.067361 nixos kernel: cfg80211: Loading compiled-in X.509 certificates for regulatory database
Apr 23 09:15:29.070345 nixos kernel: Loaded X.509 cert 'sforshee: 00b28ddf47aef9cea7'
Apr 23 09:15:29.071349 nixos kernel: Loaded X.509 cert 'wens: 61c038651aabdcf94bd0ac7ff06c7248db18c600'
Apr 23 09:15:29.398360 nixos kernel: usb 2-2: reset SuperSpeed USB device number 2 using xhci_hcd
Apr 23 09:15:29.412381 nixos kernel: mt76x2u 2-2:1.0: ASIC revision: 76120044
Apr 23 09:15:29.435387 nixos kernel: mt76x2u 2-2:1.0: ROM patch build: 20141115060606a
Apr 23 09:15:29.600346 nixos kernel: mt76x2u 2-2:1.0: Firmware Version: 0.0.00
Apr 23 09:15:29.601027 nixos kernel: mt76x2u 2-2:1.0: Build: 1
Apr 23 09:15:29.601480 nixos kernel: mt76x2u 2-2:1.0: Build Time: 201507311614____
Apr 23 09:15:29.642350 nixos kernel: Bluetooth: Core ver 2.22
Apr 23 09:15:29.642443 nixos kernel: NET: Registered PF_BLUETOOTH protocol family
Apr 23 09:15:29.642477 nixos kernel: Bluetooth: HCI device and connection manager initialized
Apr 23 09:15:29.642522 nixos kernel: Bluetooth: HCI socket layer initialized
Apr 23 09:15:29.642556 nixos kernel: Bluetooth: L2CAP socket layer initialized
Apr 23 09:15:29.642582 nixos kernel: Bluetooth: SCO socket layer initialized
Apr 23 09:15:29.709343 nixos kernel: usbcore: registered new interface driver btusb
Apr 23 09:15:29.775345 nixos kernel: usb 1-3.1: USB disconnect, device number 4
Apr 23 09:15:29.822508 nixos kernel: Bluetooth: hci0: BCM: chip id 73 build 1127
Apr 23 09:15:29.823652 nixos kernel: Bluetooth: hci0: BCM: product 05ac:8289
Apr 23 09:15:29.823721 nixos kernel: Bluetooth: hci0: BCM: features 0x07
Apr 23 09:15:29.840342 nixos kernel: Bluetooth: hci0: BCM20702B0 Generic USB Class 1 @ 20 MHz
Apr 23 09:15:29.928345 nixos kernel: usb 1-3.2: USB disconnect, device number 5
Apr 23 09:15:30.581218 nixos kernel: ieee80211 phy0: Selected rate control algorithm 'minstrel_ht'
Apr 23 09:15:30.582518 nixos kernel: usbcore: registered new interface driver mt76x2u
Apr 23 09:15:30.583100 nixos kernel: mt76x2u 2-2:1.0 wlp0s20u2: renamed from wlan0
Apr 23 09:15:31.615377 nixos kernel: NET: Registered PF_PACKET protocol family
Apr 23 09:15:40.902420 nixos kernel: wlp0s20u2: authenticate with 60:83:e7:3f:8a:8b (local address=2c:30:33:a7:29:5a)
