=== dmesg stream start: Mon 20 Apr 09:37:45 BST 2026 ===
[    0.000000] Linux version 6.12.80 (nixbld@localhost) (gcc (GCC) 14.3.0, GNU ld (GNU Binutils) 2.44) #1-NixOS SMP PREEMPT_DYNAMIC Thu Apr  2 11:09:54 UTC 2026
[    0.000000] Command line: initrd=\EFI\nixos\v6bc83nw2h5x85106qkcr1v1qyi1ax7g-initrd-linux-6.12.80-initrd.efi init=/nix/store/vkf1lapdlnhabmi02h61l7cspmbfwbfd-nixos-system-nixos-25.11.9067.54170c54449e/init pci=noaer intel_iommu=on iommu=strict loglevel=4 lsm=landlock,yama,bpf
[    0.000000] BIOS-provided physical RAM map:
[    0.000000] BIOS-e820: [mem 0x0000000000000000-0x0000000000057fff] usable
[    0.000000] BIOS-e820: [mem 0x0000000000058000-0x0000000000058fff] reserved
[    0.000000] BIOS-e820: [mem 0x0000000000059000-0x000000000008efff] usable
[    0.000000] BIOS-e820: [mem 0x000000000008f000-0x000000000008ffff] reserved
[    0.000000] BIOS-e820: [mem 0x0000000000090000-0x000000000009ffff] usable
[    0.000000] BIOS-e820: [mem 0x00000000000a0000-0x00000000000bffff] reserved
[    0.000000] BIOS-e820: [mem 0x0000000000100000-0x000000008ad0ffff] usable
[    0.000000] BIOS-e820: [mem 0x000000008ad10000-0x000000008ad52fff] ACPI NVS
[    0.000000] BIOS-e820: [mem 0x000000008ad53000-0x000000008ad5cfff] usable
[    0.000000] BIOS-e820: [mem 0x000000008ad5d000-0x000000008ad8efff] ACPI data
[    0.000000] BIOS-e820: [mem 0x000000008ad8f000-0x000000008ae38fff] usable
[    0.000000] BIOS-e820: [mem 0x000000008ae39000-0x000000008ae8efff] reserved
[    0.000000] BIOS-e820: [mem 0x000000008ae8f000-0x000000008aed1fff] usable
[    0.000000] BIOS-e820: [mem 0x000000008aed2000-0x000000008aefefff] reserved
[    0.000000] BIOS-e820: [mem 0x000000008aeff000-0x000000008af83fff] usable
[    0.000000] BIOS-e820: [mem 0x000000008af84000-0x000000008afeffff] reserved
[    0.000000] BIOS-e820: [mem 0x000000008aff0000-0x000000008affffff] usable
[    0.000000] BIOS-e820: [mem 0x000000008b000000-0x000000008f9fffff] reserved
[    0.000000] BIOS-e820: [mem 0x00000000e00f8000-0x00000000e00f8fff] reserved
[    0.000000] BIOS-e820: [mem 0x00000000fed1c000-0x00000000fed1ffff] reserved
[    0.000000] BIOS-e820: [mem 0x00000000ffe10000-0x00000000ffe3ffff] reserved
[    0.000000] BIOS-e820: [mem 0x0000000100000000-0x000000026f5fffff] usable
[    0.000000] NX (Execute Disable) protection: active
[    0.000000] APIC: Static calls initialized
[    0.000000] e820: update [mem 0x75f29190-0x75f391cf] usable ==> usable
[    0.000000] e820: update [mem 0x75f27810-0x75f27cd2] usable ==> usable
[    0.000000] extended physical RAM map:
[    0.000000] reserve setup_data: [mem 0x0000000000000000-0x0000000000057fff] usable
[    0.000000] reserve setup_data: [mem 0x0000000000058000-0x0000000000058fff] reserved
[    0.000000] reserve setup_data: [mem 0x0000000000059000-0x000000000008efff] usable
[    0.000000] reserve setup_data: [mem 0x000000000008f000-0x000000000008ffff] reserved
[    0.000000] reserve setup_data: [mem 0x0000000000090000-0x000000000009ffff] usable
[    0.000000] reserve setup_data: [mem 0x00000000000a0000-0x00000000000bffff] reserved
[    0.000000] reserve setup_data: [mem 0x0000000000100000-0x0000000075f2780f] usable
[    0.000000] reserve setup_data: [mem 0x0000000075f27810-0x0000000075f27cd2] usable
[    0.000000] reserve setup_data: [mem 0x0000000075f27cd3-0x0000000075f2918f] usable
[    0.000000] reserve setup_data: [mem 0x0000000075f29190-0x0000000075f391cf] usable
[    0.000000] reserve setup_data: [mem 0x0000000075f391d0-0x000000008ad0ffff] usable
[    0.000000] reserve setup_data: [mem 0x000000008ad10000-0x000000008ad52fff] ACPI NVS
[    0.000000] reserve setup_data: [mem 0x000000008ad53000-0x000000008ad5cfff] usable
[    0.000000] reserve setup_data: [mem 0x000000008ad5d000-0x000000008ad8efff] ACPI data
[    0.000000] reserve setup_data: [mem 0x000000008ad8f000-0x000000008ae38fff] usable
[    0.000000] reserve setup_data: [mem 0x000000008ae39000-0x000000008ae8efff] reserved
[    0.000000] reserve setup_data: [mem 0x000000008ae8f000-0x000000008aed1fff] usable
[    0.000000] reserve setup_data: [mem 0x000000008aed2000-0x000000008aefefff] reserved
[    0.000000] reserve setup_data: [mem 0x000000008aeff000-0x000000008af83fff] usable
[    0.000000] reserve setup_data: [mem 0x000000008af84000-0x000000008afeffff] reserved
[    0.000000] reserve setup_data: [mem 0x000000008aff0000-0x000000008affffff] usable
[    0.000000] reserve setup_data: [mem 0x000000008b000000-0x000000008f9fffff] reserved
[    0.000000] reserve setup_data: [mem 0x00000000e00f8000-0x00000000e00f8fff] reserved
[    0.000000] reserve setup_data: [mem 0x00000000fed1c000-0x00000000fed1ffff] reserved
[    0.000000] reserve setup_data: [mem 0x00000000ffe10000-0x00000000ffe3ffff] reserved
[    0.000000] reserve setup_data: [mem 0x0000000100000000-0x000000026f5fffff] usable
[    0.000000] efi: EFI v1.1 by Apple
[    0.000000] efi: ACPI=0x8ad8e000 ACPI 2.0=0x8ad8e014 SMBIOS=0x8ad11000 RNG=0x8ad61f90 INITRD=0x75f53f90 
[    0.000000] random: crng init done
[    0.000000] efi: Not removing mem284: MMIO range=[0xe00f8000-0xe00f8fff] (4KB) from e820 map
[    0.000000] efi: Not removing mem285: MMIO range=[0xfed1c000-0xfed1ffff] (16KB) from e820 map
[    0.000000] efi: Not removing mem286: MMIO range=[0xffe10000-0xffe3ffff] (192KB) from e820 map
[    0.000000] [Firmware Bug]: Corrupted DMI table, offset 2189 (only 40 entries processed)
[    0.000000] SMBIOS 2.4 present.
[    0.000000] DMI: Apple Inc. MacBookPro11,1/Mac-189A3D4F975D5FFC, BIOS 478.0.0.0.0 01/13/2023
[    0.000000] DMI: Memory slots populated: 2/2
[    0.000000] tsc: Fast TSC calibration using PIT
[    0.000000] tsc: Detected 2599.857 MHz processor
[    0.000085] e820: update [mem 0x00000000-0x00000fff] usable ==> reserved
[    0.000088] e820: remove [mem 0x000a0000-0x000fffff] usable
[    0.000100] last_pfn = 0x26f600 max_arch_pfn = 0x400000000
[    0.000106] MTRR map: 5 entries (4 fixed + 1 variable; max 24), built from 10 variable MTRRs
[    0.000108] x86/PAT: Configuration [0-7]: WB  WC  UC- UC  WB  WP  UC- WT  
[    0.000397] last_pfn = 0x8b000 max_arch_pfn = 0x400000000
[    0.016639] Using GB pages for direct mapping
[    0.017302] Secure boot disabled
[    0.017303] RAMDISK: [mem 0x71371000-0x72d3ffff]
[    0.017308] ACPI: Early table checksum verification disabled
[    0.017312] ACPI: RSDP 0x000000008AD8E014 000024 (v02 APPLE )
[    0.017316] ACPI: XSDT 0x000000008AD8E1C0 0000A4 (v01 APPLE  Apple00  00000000      01000013)
[    0.017322] ACPI: FACP 0x000000008AD8C000 0000F4 (v05 APPLE  Apple00  00000000 Loki 0000005F)
[    0.017329] ACPI: DSDT 0x000000008AD7F000 007681 (v03 APPLE  MacBookP 00110001 INTL 20100915)
[    0.017333] ACPI: FACS 0x000000008AD18000 000040
[    0.017336] ACPI: FACS 0x000000008AD18000 000040
[    0.017339] ACPI: HPET 0x000000008AD8B000 000038 (v01 APPLE  Apple00  00000001 Loki 0000005F)
[    0.017342] ACPI: APIC 0x000000008AD8A000 0000BC (v02 APPLE  Apple00  00000001 Loki 0000005F)
[    0.017345] ACPI: SBST 0x000000008AD88000 000030 (v01 APPLE  Apple00  00000001 Loki 0000005F)
[    0.017349] ACPI: ECDT 0x000000008AD87000 000053 (v01 APPLE  Apple00  00000001 Loki 0000005F)
[    0.017352] ACPI: SSDT 0x000000008AD7E000 00010B (v01 APPLE  SataAhci 00001000 INTL 20100915)
[    0.017356] ACPI: SSDT 0x000000008AD7D000 000024 (v01 APPLE  SmcDppt  00001000 INTL 20100915)
[    0.017359] ACPI: SSDT 0x000000008AD7A000 000FE9 (v01 APPLE  SDUsbLpt 00001000 INTL 20100915)
[    0.017363] ACPI: SSDT 0x000000008AD76000 000032 (v01 APPLE  SsdtS3   00001000 INTL 20100915)
[    0.017366] ACPI: SSDT 0x000000008AD73000 0028B2 (v01 APPLE  PcieTbt  00001000 INTL 20100915)
[    0.017370] ACPI: SSDT 0x000000008AD66000 0000B8 (v01 APPLE  Sdxc     00001000 INTL 20100915)
[    0.017373] ACPI: SSDT 0x000000008AD65000 0003E0 (v01 APPLE  SaHdaCdc 00001000 INTL 20100915)
[    0.017376] ACPI: SSDT 0x000000008AD64000 000594 (v01 PmRef  Cpu0Ist  00003000 INTL 20100915)
[    0.017380] ACPI: SSDT 0x000000008AD63000 000B83 (v01 PmRef  CpuPm    00003000 INTL 20100915)
[    0.017383] ACPI: DMAR 0x000000008AD62000 000088 (v01 APPLE  HSW      00000001 AAPL 00000001)
[    0.017387] ACPI: MCFG 0x000000008AD89000 00003C (v01 APPLE  Apple00  00000001 Loki 0000005F)
[    0.017390] ACPI: Reserving FACP table memory at [mem 0x8ad8c000-0x8ad8c0f3]
[    0.017391] ACPI: Reserving DSDT table memory at [mem 0x8ad7f000-0x8ad86680]
[    0.017392] ACPI: Reserving FACS table memory at [mem 0x8ad18000-0x8ad1803f]
[    0.017393] ACPI: Reserving FACS table memory at [mem 0x8ad18000-0x8ad1803f]
[    0.017394] ACPI: Reserving HPET table memory at [mem 0x8ad8b000-0x8ad8b037]
[    0.017395] ACPI: Reserving APIC table memory at [mem 0x8ad8a000-0x8ad8a0bb]
[    0.017396] ACPI: Reserving SBST table memory at [mem 0x8ad88000-0x8ad8802f]
[    0.017397] ACPI: Reserving ECDT table memory at [mem 0x8ad87000-0x8ad87052]
[    0.017397] ACPI: Reserving SSDT table memory at [mem 0x8ad7e000-0x8ad7e10a]
[    0.017398] ACPI: Reserving SSDT table memory at [mem 0x8ad7d000-0x8ad7d023]
[    0.017399] ACPI: Reserving SSDT table memory at [mem 0x8ad7a000-0x8ad7afe8]
[    0.017400] ACPI: Reserving SSDT table memory at [mem 0x8ad76000-0x8ad76031]
[    0.017401] ACPI: Reserving SSDT table memory at [mem 0x8ad73000-0x8ad758b1]
[    0.017402] ACPI: Reserving SSDT table memory at [mem 0x8ad66000-0x8ad660b7]
[    0.017403] ACPI: Reserving SSDT table memory at [mem 0x8ad65000-0x8ad653df]
[    0.017404] ACPI: Reserving SSDT table memory at [mem 0x8ad64000-0x8ad64593]
[    0.017405] ACPI: Reserving SSDT table memory at [mem 0x8ad63000-0x8ad63b82]
[    0.017405] ACPI: Reserving DMAR table memory at [mem 0x8ad62000-0x8ad62087]
[    0.017406] ACPI: Reserving MCFG table memory at [mem 0x8ad89000-0x8ad8903b]
[    0.017414] ACPI: DMI detected to setup _OSI("Darwin"): Apple hardware
[    0.017460] No NUMA configuration found
[    0.017461] Faking a node at [mem 0x0000000000000000-0x000000026f5fffff]
[    0.017466] NODE_DATA(0) allocated [mem 0x26f5fa8c0-0x26f5ffdff]
[    0.017497] Zone ranges:
[    0.017498]   DMA      [mem 0x0000000000001000-0x0000000000ffffff]
[    0.017500]   DMA32    [mem 0x0000000001000000-0x00000000ffffffff]
[    0.017502]   Normal   [mem 0x0000000100000000-0x000000026f5fffff]
[    0.017503]   Device   empty
[    0.017504] Movable zone start for each node
[    0.017505] Early memory node ranges
[    0.017505]   node   0: [mem 0x0000000000001000-0x0000000000057fff]
[    0.017507]   node   0: [mem 0x0000000000059000-0x000000000008efff]
[    0.017508]   node   0: [mem 0x0000000000090000-0x000000000009ffff]
[    0.017509]   node   0: [mem 0x0000000000100000-0x000000008ad0ffff]
[    0.017510]   node   0: [mem 0x000000008ad53000-0x000000008ad5cfff]
[    0.017511]   node   0: [mem 0x000000008ad8f000-0x000000008ae38fff]
[    0.017512]   node   0: [mem 0x000000008ae8f000-0x000000008aed1fff]
[    0.017513]   node   0: [mem 0x000000008aeff000-0x000000008af83fff]
[    0.017514]   node   0: [mem 0x000000008aff0000-0x000000008affffff]
[    0.017515]   node   0: [mem 0x0000000100000000-0x000000026f5fffff]
[    0.017517] Initmem setup node 0 [mem 0x0000000000001000-0x000000026f5fffff]
[    0.017523] On node 0, zone DMA: 1 pages in unavailable ranges
[    0.017525] On node 0, zone DMA: 1 pages in unavailable ranges
[    0.017526] On node 0, zone DMA: 1 pages in unavailable ranges
[    0.017551] On node 0, zone DMA: 96 pages in unavailable ranges
[    0.021799] On node 0, zone DMA32: 67 pages in unavailable ranges
[    0.021804] On node 0, zone DMA32: 50 pages in unavailable ranges
[    0.021806] On node 0, zone DMA32: 86 pages in unavailable ranges
[    0.021809] On node 0, zone DMA32: 45 pages in unavailable ranges
[    0.021811] On node 0, zone DMA32: 108 pages in unavailable ranges
[    0.033519] On node 0, zone Normal: 20480 pages in unavailable ranges
[    0.033553] On node 0, zone Normal: 2560 pages in unavailable ranges
[    0.033560] Reserving Intel graphics memory at [mem 0x8ba00000-0x8f9fffff]
[    0.033723] ACPI: PM-Timer IO Port: 0x1808
[    0.033734] ACPI: LAPIC_NMI (acpi_id[0x01] high edge lint[0x1])
[    0.033736] ACPI: LAPIC_NMI (acpi_id[0x02] high edge lint[0x1])
[    0.033737] ACPI: LAPIC_NMI (acpi_id[0x03] high edge lint[0x1])
[    0.033738] ACPI: LAPIC_NMI (acpi_id[0x04] high edge lint[0x1])
[    0.033738] ACPI: LAPIC_NMI (acpi_id[0x05] high edge lint[0x1])
[    0.033739] ACPI: LAPIC_NMI (acpi_id[0x06] high edge lint[0x1])
[    0.033740] ACPI: LAPIC_NMI (acpi_id[0x07] high edge lint[0x1])
[    0.033741] ACPI: LAPIC_NMI (acpi_id[0x08] high edge lint[0x1])
[    0.033752] IOAPIC[0]: apic_id 2, version 32, address 0xfec00000, GSI 0-39
[    0.033755] ACPI: INT_SRC_OVR (bus 0 bus_irq 0 global_irq 2 dfl dfl)
[    0.033757] ACPI: INT_SRC_OVR (bus 0 bus_irq 9 global_irq 9 high level)
[    0.033762] ACPI: Using ACPI (MADT) for SMP configuration information
[    0.033764] ACPI: HPET id: 0x8086a201 base: 0xfed00000
[    0.033768] TSC deadline timer available
[    0.033774] CPU topo: Max. logical packages:   1
[    0.033775] CPU topo: Max. logical dies:       1
[    0.033776] CPU topo: Max. dies per package:   1
[    0.033782] CPU topo: Max. threads per core:   2
[    0.033783] CPU topo: Num. cores per package:     2
[    0.033783] CPU topo: Num. threads per package:   4
[    0.033784] CPU topo: Allowing 4 present CPUs plus 0 hotplug CPUs
[    0.033807] PM: hibernation: Registered nosave memory: [mem 0x00000000-0x00000fff]
[    0.033810] PM: hibernation: Registered nosave memory: [mem 0x00058000-0x00058fff]
[    0.033812] PM: hibernation: Registered nosave memory: [mem 0x0008f000-0x0008ffff]
[    0.033813] PM: hibernation: Registered nosave memory: [mem 0x000a0000-0x000fffff]
[    0.033815] PM: hibernation: Registered nosave memory: [mem 0x8ad10000-0x8ad52fff]
[    0.033817] PM: hibernation: Registered nosave memory: [mem 0x8ad5d000-0x8ad8efff]
[    0.033819] PM: hibernation: Registered nosave memory: [mem 0x8ae39000-0x8ae8efff]
[    0.033821] PM: hibernation: Registered nosave memory: [mem 0x8aed2000-0x8aefefff]
[    0.033823] PM: hibernation: Registered nosave memory: [mem 0x8af84000-0x8afeffff]
[    0.033825] PM: hibernation: Registered nosave memory: [mem 0x8b000000-0xffffffff]
[    0.033827] [mem 0x8fa00000-0xe00f7fff] available for PCI devices
[    0.033830] Booting paravirtualized kernel on bare hardware
[    0.033833] clocksource: refined-jiffies: mask: 0xffffffff max_cycles: 0xffffffff, max_idle_ns: 1910969940391419 ns
[    0.040076] setup_percpu: NR_CPUS:384 nr_cpumask_bits:4 nr_cpu_ids:4 nr_node_ids:1
[    0.040441] percpu: Embedded 116 pages/cpu s294912 r65536 d114688 u524288
[    0.040450] pcpu-alloc: s294912 r65536 d114688 u524288 alloc=1*2097152
[    0.040453] pcpu-alloc: [0] 0 1 2 3 
[    0.040473] Kernel command line: initrd=\EFI\nixos\v6bc83nw2h5x85106qkcr1v1qyi1ax7g-initrd-linux-6.12.80-initrd.efi init=/nix/store/vkf1lapdlnhabmi02h61l7cspmbfwbfd-nixos-system-nixos-25.11.9067.54170c54449e/init pci=noaer intel_iommu=on iommu=strict loglevel=4 lsm=landlock,yama,bpf
[    0.040537] DMAR: IOMMU enabled
[    0.041565] Dentry cache hash table entries: 1048576 (order: 11, 8388608 bytes, linear)
[    0.042072] Inode-cache hash table entries: 524288 (order: 10, 4194304 bytes, linear)
[    0.042158] Fallback order for Node 0: 0 
[    0.042162] Built 1 zonelists, mobility grouping on.  Total pages: 2073657
[    0.042163] Policy zone: Normal
[    0.042461] mem auto-init: stack:all(zero), heap alloc:on, heap free:off
[    0.042471] software IO TLB: area num 4.
[    0.082204] SLUB: HWalign=64, Order=0-3, MinObjects=0, CPUs=4, Nodes=1
[    0.084403] allocated 16777216 bytes of page_ext
[    0.084413] Kernel/User page tables isolation: enabled
[    0.084460] ftrace: allocating 46233 entries in 181 pages
[    0.093448] ftrace: allocated 181 pages with 5 groups
[    0.094313] Dynamic Preempt: voluntary
[    0.094407] rcu: Preemptible hierarchical RCU implementation.
[    0.094408] rcu: 	RCU event tracing is enabled.
[    0.094409] rcu: 	RCU restricting CPUs from NR_CPUS=384 to nr_cpu_ids=4.
[    0.094411] 	Trampoline variant of Tasks RCU enabled.
[    0.094411] 	Rude variant of Tasks RCU enabled.
[    0.094412] 	Tracing variant of Tasks RCU enabled.
[    0.094412] rcu: RCU calculated value of scheduler-enlistment delay is 100 jiffies.
[    0.094413] rcu: Adjusting geometry for rcu_fanout_leaf=16, nr_cpu_ids=4
[    0.094423] RCU Tasks: Setting shift to 2 and lim to 1 rcu_task_cb_adjust=1 rcu_task_cpu_ids=4.
[    0.094425] RCU Tasks Rude: Setting shift to 2 and lim to 1 rcu_task_cb_adjust=1 rcu_task_cpu_ids=4.
[    0.094427] RCU Tasks Trace: Setting shift to 2 and lim to 1 rcu_task_cb_adjust=1 rcu_task_cpu_ids=4.
[    0.100212] NR_IRQS: 24832, nr_irqs: 728, preallocated irqs: 16
[    0.100426] rcu: srcu_init: Setting srcu_struct sizes based on contention.
[    0.100599] kfence: initialized - using 2097152 bytes for 255 objects at 0x(____ptrval____)-0x(____ptrval____)
[    0.100651] Console: colour dummy device 80x25
[    0.100654] printk: legacy console [tty0] enabled
[    0.100715] ACPI: Core revision 20240827
[    0.100839] hpet: HPET dysfunctional in PC10. Force disabled.
[    0.100856] APIC: Switch to symmetric I/O mode setup
[    0.100858] DMAR: Host address width 39
[    0.100860] DMAR: DRHD base: 0x000000fed90000 flags: 0x0
[    0.100876] DMAR: dmar0: reg_base_addr fed90000 ver 1:0 cap c0000020660462 ecap f0101a
[    0.100879] DMAR: DRHD base: 0x000000fed91000 flags: 0x1
[    0.100884] DMAR: dmar1: reg_base_addr fed91000 ver 1:0 cap d2008020660462 ecap f010da
[    0.100886] DMAR: RMRR base: 0x0000008b800000 end: 0x0000008f9fffff
[    0.100891] DMAR-IR: IOAPIC id 2 under DRHD base  0xfed91000 IOMMU 1
[    0.100893] DMAR-IR: HPET id 0 under DRHD base 0xfed91000
[    0.100894] DMAR-IR: Queued invalidation will be enabled to support x2apic and Intr-remapping.
[    0.101534] DMAR-IR: Enabled IRQ remapping in x2apic mode
[    0.101537] x2apic enabled
[    0.101603] APIC: Switched APIC routing to: cluster x2apic
[    0.102100] clocksource: tsc-early: mask: 0xffffffffffffffff max_cycles: 0x2579b518c5a, max_idle_ns: 440795243612 ns
[    0.102107] Calibrating delay loop (skipped), value calculated using timer frequency.. 5199.71 BogoMIPS (lpj=2599857)
[    0.102137] CPU0: Thermal monitoring enabled (TM1)
[    0.102175] Last level iTLB entries: 4KB 1024, 2MB 1024, 4MB 1024
[    0.102178] Last level dTLB entries: 4KB 1024, 2MB 1024, 4MB 1024, 1GB 4
[    0.102181] process: using mwait in idle threads
[    0.102184] Spectre V1 : Mitigation: usercopy/swapgs barriers and __user pointer sanitization
[    0.102187] Spectre V2 : Mitigation: Retpolines
[    0.102188] Spectre V2 : Spectre v2 / SpectreRSB: Filling RSB on context switch and VMEXIT
[    0.102189] Spectre V2 : Enabling Restricted Speculation for firmware calls
[    0.102191] Spectre V2 : mitigation: Enabling conditional Indirect Branch Prediction Barrier
[    0.102192] Spectre V2 : User space: Mitigation: STIBP via prctl
[    0.102194] Speculative Store Bypass: Mitigation: Speculative Store Bypass disabled via prctl
[    0.102197] MDS: Mitigation: Clear CPU buffers
[    0.102198] MMIO Stale Data: Unknown: No mitigations
[    0.102199] SRBDS: Mitigation: Microcode
[    0.102201] VMSCAPE: Mitigation: IBPB before exit to userspace
[    0.102206] x86/fpu: Supporting XSAVE feature 0x001: 'x87 floating point registers'
[    0.102208] x86/fpu: Supporting XSAVE feature 0x002: 'SSE registers'
[    0.102209] x86/fpu: Supporting XSAVE feature 0x004: 'AVX registers'
[    0.102211] x86/fpu: xstate_offset[2]:  576, xstate_sizes[2]:  256
[    0.102213] x86/fpu: Enabled xstate features 0x7, context size is 832 bytes, using 'standard' format.
[    0.103104] Freeing SMP alternatives memory: 40K
[    0.103104] pid_max: default: 32768 minimum: 301
[    0.103104] LSM: initializing lsm=capability,landlock,yama,bpf
[    0.103104] landlock: Up and running.
[    0.103104] Yama: becoming mindful.
[    0.103104] LSM support for eBPF active
[    0.103104] Mount-cache hash table entries: 16384 (order: 5, 131072 bytes, linear)
[    0.103104] Mountpoint-cache hash table entries: 16384 (order: 5, 131072 bytes, linear)
[    0.103104] smpboot: CPU0: Intel(R) Core(TM) i5-4288U CPU @ 2.60GHz (family: 0x6, model: 0x45, stepping: 0x1)
[    0.103104] Performance Events: PEBS fmt2+, Haswell events, 16-deep LBR, full-width counters, Intel PMU driver.
[    0.103104] ... version:                3
[    0.103104] ... bit width:              48
[    0.103104] ... generic registers:      4
[    0.103104] ... value mask:             0000ffffffffffff
[    0.103104] ... max period:             00007fffffffffff
[    0.103104] ... fixed-purpose events:   3
[    0.103104] ... event mask:             000000070000000f
[    0.103104] signal: max sigframe size: 1776
[    0.103104] Estimated ratio of average max frequency by base frequency (times 1024): 1220
[    0.103104] rcu: Hierarchical SRCU implementation.
[    0.103104] rcu: 	Max phase no-delay instances is 400.
[    0.103104] Timer migration: 1 hierarchy levels; 8 children per group; 1 crossnode level
[    0.103228] NMI watchdog: Enabled. Permanently consumes one hw-PMU counter.
[    0.103285] smp: Bringing up secondary CPUs ...
[    0.103414] smpboot: x86: Booting SMP configuration:
[    0.103415] .... node  #0, CPUs:      #1 #2 #3
[    0.104348] MDS CPU bug present and SMT on, data leak possible. See https://www.kernel.org/doc/html/latest/admin-guide/hw-vuln/mds.html for more details.
[    0.104348] VMSCAPE: SMT on, STIBP is required for full protection. See https://www.kernel.org/doc/html/latest/admin-guide/hw-vuln/vmscape.html for more details.
[    0.104348] smp: Brought up 1 node, 4 CPUs
[    0.104348] smpboot: Total of 4 processors activated (20798.85 BogoMIPS)
[    0.105211] Memory: 7636116K/8294628K available (16384K kernel code, 2646K rwdata, 12592K rodata, 3416K init, 3348K bss, 627628K reserved, 0K cma-reserved)
[    0.105464] devtmpfs: initialized
[    0.105464] x86/mm: Memory block size: 128MB
[    0.106588] ACPI: PM: Registering ACPI NVS region [mem 0x8ad10000-0x8ad52fff] (274432 bytes)
[    0.106588] clocksource: jiffies: mask: 0xffffffff max_cycles: 0xffffffff, max_idle_ns: 1911260446275000 ns
[    0.106588] futex hash table entries: 1024 (order: 4, 65536 bytes, linear)
[    0.106588] pinctrl core: initialized pinctrl subsystem
[    0.106588] PM: RTC time: 08:29:09, date: 2026-04-20
[    0.107531] NET: Registered PF_NETLINK/PF_ROUTE protocol family
[    0.107728] DMA: preallocated 1024 KiB GFP_KERNEL pool for atomic allocations
[    0.107802] DMA: preallocated 1024 KiB GFP_KERNEL|GFP_DMA pool for atomic allocations
[    0.107873] DMA: preallocated 1024 KiB GFP_KERNEL|GFP_DMA32 pool for atomic allocations
[    0.107887] audit: initializing netlink subsys (disabled)
[    0.107908] audit: type=2000 audit(1776673748.005:1): state=initialized audit_enabled=0 res=1
[    0.107908] thermal_sys: Registered thermal governor 'bang_bang'
[    0.107908] thermal_sys: Registered thermal governor 'step_wise'
[    0.107908] thermal_sys: Registered thermal governor 'user_space'
[    0.107908] cpuidle: using governor menu
[    0.120335] efi: Freeing EFI boot services memory: 341428K
[    0.120343] acpiphp: ACPI Hot Plug PCI Controller Driver version: 0.5
[    0.120489] PCI: ECAM [mem 0xe0000000-0xe9bfffff] (base 0xe0000000) for domain 0000 [bus 00-9b]
[    0.120507] PCI: Using configuration type 1 for base access
[    0.120565] core: PMU erratum BJ122, BV98, HSD29 worked around, HT is on
[    0.120615] kprobes: kprobe jump-optimization is enabled. All kprobes are optimized if possible.
[    0.120615] HugeTLB: registered 1.00 GiB page size, pre-allocated 0 pages
[    0.120615] HugeTLB: 16380 KiB vmemmap can be freed for a 1.00 GiB page
[    0.120615] HugeTLB: registered 2.00 MiB page size, pre-allocated 0 pages
[    0.120615] HugeTLB: 28 KiB vmemmap can be freed for a 2.00 MiB page
[    0.121260] ACPI: Disabled all _OSI OS vendors
[    0.121262] ACPI: Added _OSI(Module Device)
[    0.121264] ACPI: Added _OSI(Processor Device)
[    0.121265] ACPI: Added _OSI(Processor Aggregator Device)
[    0.121273] ACPI: Added _OSI(Darwin)
[    0.131123] ACPI: 10 ACPI AML tables successfully acquired and loaded
[    0.131716] ACPI: EC: EC started
[    0.131717] ACPI: EC: interrupt blocked
[    0.132042] ACPI: EC: EC_CMD/EC_SC=0x66, EC_DATA=0x62
[    0.132044] ACPI: EC: Boot ECDT EC used to handle transactions
[    0.132197] ACPI: BIOS _OSI(Darwin) query honored via DMI
[    0.132576] ACPI: [Firmware Bug]: BIOS _OSI(Linux) query ignored
[    0.133298] ACPI: Dynamic OEM Table Load:
[    0.133307] ACPI: SSDT 0xFFFF89F582BF4000 0004F0 (v01 PmRef  Cpu0Cst  00003001 INTL 20100915)
[    0.134232] ACPI: Dynamic OEM Table Load:
[    0.134239] ACPI: SSDT 0xFFFF89F582BF6000 00067C (v01 PmRef  ApIst    00003000 INTL 20100915)
[    0.135241] ACPI: Dynamic OEM Table Load:
[    0.135247] ACPI: SSDT 0xFFFF89F581F9E000 000119 (v01 PmRef  ApCst    00003000 INTL 20100915)
[    0.137107] ACPI: Interpreter enabled
[    0.137107] ACPI: PM: (supports S0 S3 S4 S5)
[    0.137107] ACPI: Using IOAPIC for interrupt routing
[    0.137107] PCI: Using host bridge windows from ACPI; if necessary, use "pci=nocrs" and report a bug
[    0.137107] PCI: Ignoring E820 reservations for host bridge windows
[    0.137107] ACPI: Enabled 4 GPEs in block 00 to 7F
[    0.146805] ACPI: PCI Root Bridge [PCI0] (domain 0000 [bus 00-ff])
[    0.146814] acpi PNP0A08:00: _OSC: OS assumes control of [PCIeHotplug SHPCHotplug AER PCIeCapability LTR DPC]
[    0.146831] acpi PNP0A08:00: [Firmware Info]: ECAM [mem 0xe0000000-0xe9bfffff] for domain 0000 [bus 00-9b] only partially covers this bridge
[    0.147164] PCI host bridge to bus 0000:00
[    0.147169] pci_bus 0000:00: root bus resource [io  0x0000-0x0cf7 window]
[    0.147172] pci_bus 0000:00: root bus resource [io  0x0d00-0xffff window]
[    0.147175] pci_bus 0000:00: root bus resource [mem 0x000a0000-0x000fffff window]
[    0.147177] pci_bus 0000:00: root bus resource [mem 0x8fa00000-0xfeafffff window]
[    0.147179] pci_bus 0000:00: root bus resource [mem 0xfed40000-0xfed44fff window]
[    0.147181] pci_bus 0000:00: root bus resource [bus 00-ff]
[    0.147194] pci 0000:00:00.0: [8086:0a04] type 00 class 0x060000 conventional PCI endpoint
[    0.147296] pci 0000:00:02.0: [8086:0a2e] type 00 class 0x030000 conventional PCI endpoint
[    0.147306] pci 0000:00:02.0: BAR 0 [mem 0xb0000000-0xb03fffff 64bit]
[    0.147312] pci 0000:00:02.0: BAR 2 [mem 0xa0000000-0xafffffff 64bit pref]
[    0.147317] pci 0000:00:02.0: BAR 4 [io  0x2000-0x203f]
[    0.147331] pci 0000:00:02.0: Video device with shadowed ROM at [mem 0x000c0000-0x000dffff]
[    0.147472] pci 0000:00:03.0: [8086:0a0c] type 00 class 0x040300 PCIe Root Complex Integrated Endpoint
[    0.147481] pci 0000:00:03.0: BAR 0 [mem 0xb0a10000-0xb0a13fff 64bit]
[    0.147637] pci 0000:00:14.0: [8086:9c31] type 00 class 0x0c0330 conventional PCI endpoint
[    0.147653] pci 0000:00:14.0: BAR 0 [mem 0xb0a00000-0xb0a0ffff 64bit]
[    0.147705] pci 0000:00:14.0: PME# supported from D3hot D3cold
[    0.147991] pci 0000:00:16.0: [8086:9c3a] type 00 class 0x078000 conventional PCI endpoint
[    0.148009] pci 0000:00:16.0: BAR 0 [mem 0xb0a2a100-0xb0a2a11f 64bit]
[    0.148072] pci 0000:00:16.0: PME# supported from D0 D3hot D3cold
[    0.148132] pci 0000:00:1b.0: [8086:9c20] type 00 class 0x040300 PCIe Root Complex Integrated Endpoint
[    0.148147] pci 0000:00:1b.0: BAR 0 [mem 0xb0a14000-0xb0a17fff 64bit]
[    0.148209] pci 0000:00:1b.0: PME# supported from D0 D3hot D3cold
[    0.148293] pci 0000:00:1c.0: [8086:9c10] type 01 class 0x060400 PCIe Root Port
[    0.148313] pci 0000:00:1c.0: PCI bridge to [bus 01]
[    0.148373] pci 0000:00:1c.0: PME# supported from D0 D3hot D3cold
[    0.148525] pci 0000:00:1c.1: [8086:9c12] type 01 class 0x060400 PCIe Root Port
[    0.148550] pci 0000:00:1c.1: PCI bridge to [bus 02]
[    0.148556] pci 0000:00:1c.1:   bridge window [mem 0xb0800000-0xb09fffff]
[    0.148565] pci 0000:00:1c.1:   bridge window [mem 0x90000000-0x9fffffff 64bit pref]
[    0.148618] pci 0000:00:1c.1: PME# supported from D0 D3hot D3cold
[    0.148773] pci 0000:00:1c.2: [8086:9c14] type 01 class 0x060400 PCIe Root Port
[    0.148798] pci 0000:00:1c.2: PCI bridge to [bus 03]
[    0.148804] pci 0000:00:1c.2:   bridge window [mem 0xb0400000-0xb06fffff]
[    0.148864] pci 0000:00:1c.2: PME# supported from D0 D3hot D3cold
[    0.149016] pci 0000:00:1c.4: [8086:9c18] type 01 class 0x060400 PCIe Root Port
[    0.149039] pci 0000:00:1c.4: PCI bridge to [bus 05-9b]
[    0.149042] pci 0000:00:1c.4:   bridge window [io  0x3000-0x5fff]
[    0.149045] pci 0000:00:1c.4:   bridge window [mem 0xb0b00000-0xbcbfffff]
[    0.149053] pci 0000:00:1c.4:   bridge window [mem 0xbcc00000-0xc8bfffff 64bit pref]
[    0.149101] pci 0000:00:1c.4: PME# supported from D0 D3hot D3cold
[    0.149300] pci 0000:00:1c.5: [8086:9c1a] type 01 class 0x060400 PCIe Root Port
[    0.149325] pci 0000:00:1c.5: PCI bridge to [bus 04]
[    0.149331] pci 0000:00:1c.5:   bridge window [mem 0xb0700000-0xb07fffff]
[    0.149392] pci 0000:00:1c.5: PME# supported from D0 D3hot D3cold
[    0.149549] pci 0000:00:1f.0: [8086:9c43] type 00 class 0x060100 conventional PCI endpoint
[    0.149727] pci 0000:00:1f.3: [8086:9c22] type 00 class 0x0c0500 conventional PCI endpoint
[    0.149742] pci 0000:00:1f.3: BAR 0 [mem 0xb0a2a000-0xb0a2a0ff 64bit]
[    0.149760] pci 0000:00:1f.3: BAR 4 [io  0xefa0-0xefbf]
[    0.149865] pci 0000:00:1c.0: PCI bridge to [bus 01]
[    0.149934] pci 0000:02:00.0: [14e4:1570] type 00 class 0x048000 PCIe Endpoint
[    0.149957] pci 0000:02:00.0: BAR 0 [mem 0xb0900000-0xb090ffff 64bit]
[    0.149972] pci 0000:02:00.0: BAR 2 [mem 0x90000000-0x9fffffff 64bit pref]
[    0.149987] pci 0000:02:00.0: BAR 4 [mem 0xb0800000-0xb08fffff 64bit]
[    0.150092] pci 0000:02:00.0: supports D1
[    0.150093] pci 0000:02:00.0: PME# supported from D0 D3hot
[    0.150279] pci 0000:00:1c.1: PCI bridge to [bus 02]
[    0.150405] pci 0000:03:00.0: [14e4:43a0] type 00 class 0x028000 PCIe Endpoint
[    0.150446] pci 0000:03:00.0: BAR 0 [mem 0xb0600000-0xb0607fff 64bit]
[    0.150473] pci 0000:03:00.0: BAR 2 [mem 0xb0400000-0xb05fffff 64bit]
[    0.150711] pci 0000:03:00.0: supports D1 D2
[    0.150712] pci 0000:03:00.0: PME# supported from D0 D1 D2 D3hot D3cold
[    0.151101] pci 0000:00:1c.2: PCI bridge to [bus 03]
[    0.151182] pci 0000:05:00.0: [8086:156d] type 01 class 0x060400 PCIe Switch Upstream Port
[    0.151218] pci 0000:05:00.0: PCI bridge to [bus 06-6b]
[    0.151225] pci 0000:05:00.0:   bridge window [io  0x3000-0x4fff]
[    0.151229] pci 0000:05:00.0:   bridge window [mem 0xb0b00000-0xb8bfffff]
[    0.151242] pci 0000:05:00.0:   bridge window [mem 0xbcc00000-0xc4bfffff 64bit pref]
[    0.151256] pci 0000:05:00.0: enabling Extended Tags
[    0.151347] pci 0000:05:00.0: supports D1 D2
[    0.151349] pci 0000:05:00.0: PME# supported from D0 D1 D2 D3hot D3cold
[    0.154121] pci 0000:00:1c.4: PCI bridge to [bus 05-9b]
[    0.154258] pci 0000:06:00.0: [8086:156d] type 01 class 0x060400 PCIe Switch Downstream Port
[    0.154295] pci 0000:06:00.0: PCI bridge to [bus 07]
[    0.154305] pci 0000:06:00.0:   bridge window [mem 0xb0b00000-0xb0bfffff]
[    0.154333] pci 0000:06:00.0: enabling Extended Tags
[    0.154427] pci 0000:06:00.0: supports D1 D2
[    0.154429] pci 0000:06:00.0: PME# supported from D0 D1 D2 D3hot D3cold
[    0.154611] pci 0000:06:03.0: [8086:156d] type 01 class 0x060400 PCIe Switch Downstream Port
[    0.154640] pci 0000:06:03.0: PCI bridge to [bus 08-38]
[    0.154648] pci 0000:06:03.0:   bridge window [io  0x3000-0x3fff]
[    0.154652] pci 0000:06:03.0:   bridge window [mem 0xb0c00000-0xb4bfffff]
[    0.154664] pci 0000:06:03.0:   bridge window [mem 0xbcc00000-0xc0bfffff 64bit pref]
[    0.154681] pci 0000:06:03.0: enabling Extended Tags
[    0.154777] pci 0000:06:03.0: supports D1 D2
[    0.154778] pci 0000:06:03.0: PME# supported from D0 D1 D2 D3hot D3cold
[    0.154964] pci 0000:06:04.0: [8086:156d] type 01 class 0x060400 PCIe Switch Downstream Port
[    0.154993] pci 0000:06:04.0: PCI bridge to [bus 39]
[    0.155029] pci 0000:06:04.0: enabling Extended Tags
[    0.155126] pci 0000:06:04.0: supports D1 D2
[    0.155127] pci 0000:06:04.0: PME# supported from D0 D1 D2 D3hot D3cold
[    0.155314] pci 0000:06:05.0: [8086:156d] type 01 class 0x060400 PCIe Switch Downstream Port
[    0.155344] pci 0000:06:05.0: PCI bridge to [bus 3a-6a]
[    0.155351] pci 0000:06:05.0:   bridge window [io  0x4000-0x4fff]
[    0.155355] pci 0000:06:05.0:   bridge window [mem 0xb4c00000-0xb8bfffff]
[    0.155368] pci 0000:06:05.0:   bridge window [mem 0xc0c00000-0xc4bfffff 64bit pref]
[    0.155384] pci 0000:06:05.0: enabling Extended Tags
[    0.155481] pci 0000:06:05.0: supports D1 D2
[    0.155483] pci 0000:06:05.0: PME# supported from D0 D1 D2 D3hot D3cold
[    0.155669] pci 0000:06:06.0: [8086:156d] type 01 class 0x060400 PCIe Switch Downstream Port
[    0.155698] pci 0000:06:06.0: PCI bridge to [bus 6b]
[    0.155734] pci 0000:06:06.0: enabling Extended Tags
[    0.155829] pci 0000:06:06.0: supports D1 D2
[    0.155831] pci 0000:06:06.0: PME# supported from D0 D1 D2 D3hot D3cold
[    0.156004] pci 0000:05:00.0: PCI bridge to [bus 06-6b]
[    0.156099] pci 0000:07:00.0: [8086:156c] type 00 class 0x088000 PCIe Endpoint
[    0.156121] pci 0000:07:00.0: BAR 0 [mem 0xb0b00000-0xb0b3ffff]
[    0.156134] pci 0000:07:00.0: BAR 1 [mem 0xb0b40000-0xb0b40fff]
[    0.156201] pci 0000:07:00.0: enabling Extended Tags
[    0.156326] pci 0000:07:00.0: supports D1 D2
[    0.156327] pci 0000:07:00.0: PME# supported from D0 D1 D2 D3hot D3cold
[    0.159142] pci 0000:06:00.0: PCI bridge to [bus 07]
[    0.159236] pci 0000:06:03.0: PCI bridge to [bus 08-38]
[    0.159322] pci 0000:06:04.0: PCI bridge to [bus 39]
[    0.159411] pci 0000:06:05.0: PCI bridge to [bus 3a-6a]
[    0.159468] pci 0000:06:06.0: PCI bridge to [bus 6b]
[    0.159636] pci 0000:04:00.0: [144d:1600] type 00 class 0x010601 PCIe Endpoint
[    0.159697] pci 0000:04:00.0: BAR 5 [mem 0xb0700000-0xb0701fff]
[    0.159708] pci 0000:04:00.0: ROM [mem 0xffff0000-0xffffffff pref]
[    0.159789] pci 0000:04:00.0: PME# supported from D3hot D3cold
[    0.159828] pci 0000:04:00.0: 8.000 Gb/s available PCIe bandwidth, limited by 5.0 GT/s PCIe x2 link at 0000:00:1c.5 (capable of 16.000 Gb/s with 5.0 GT/s PCIe x4 link)
[    0.160110] pci 0000:00:1c.5: PCI bridge to [bus 04]
[    0.163133] ACPI: PCI: Interrupt link LNKA configured for IRQ 0
[    0.163135] ACPI: PCI: Interrupt link LNKA disabled
[    0.163191] ACPI: PCI: Interrupt link LNKB configured for IRQ 0
[    0.163192] ACPI: PCI: Interrupt link LNKB disabled
[    0.163246] ACPI: PCI: Interrupt link LNKC configured for IRQ 0
[    0.163247] ACPI: PCI: Interrupt link LNKC disabled
[    0.163300] ACPI: PCI: Interrupt link LNKD configured for IRQ 0
[    0.163301] ACPI: PCI: Interrupt link LNKD disabled
[    0.163353] ACPI: PCI: Interrupt link LNKE configured for IRQ 0
[    0.163355] ACPI: PCI: Interrupt link LNKE disabled
[    0.163410] ACPI: PCI: Interrupt link LNKF configured for IRQ 0
[    0.163412] ACPI: PCI: Interrupt link LNKF disabled
[    0.163464] ACPI: PCI: Interrupt link LNKG configured for IRQ 0
[    0.163465] ACPI: PCI: Interrupt link LNKG disabled
[    0.163517] ACPI: PCI: Interrupt link LNKH configured for IRQ 0
[    0.163518] ACPI: PCI: Interrupt link LNKH disabled
[    0.163798] ACPI: EC: interrupt unblocked
[    0.163800] ACPI: EC: event unblocked
[    0.163802] ACPI: EC: EC_CMD/EC_SC=0x66, EC_DATA=0x62
[    0.163804] ACPI: EC: GPE=0x4e
[    0.163806] ACPI: \_SB_.PCI0.LPCB.EC__: Boot ECDT EC initialization complete
[    0.163808] ACPI: \_SB_.PCI0.LPCB.EC__: EC: Used to handle transactions and events
[    0.163903] iommu: Default domain type: Translated
[    0.163904] iommu: DMA domain TLB invalidation policy: lazy mode
[    0.163941] ACPI: bus type USB registered
[    0.163959] usbcore: registered new interface driver usbfs
[    0.163967] usbcore: registered new interface driver hub
[    0.163975] usbcore: registered new device driver usb
[    0.165255] efivars: Registered efivars operations
[    0.165426] NetLabel: Initializing
[    0.165428] NetLabel:  domain hash size = 128
[    0.165429] NetLabel:  protocols = UNLABELED CIPSOv4 CALIPSO
[    0.165453] NetLabel:  unlabeled traffic allowed by default
[    0.165454] PCI: Using ACPI for IRQ routing
[    0.171058] PCI: pci_cache_line_size set to 64 bytes
[    0.171186] e820: reserve RAM buffer [mem 0x00058000-0x0005ffff]
[    0.171189] e820: reserve RAM buffer [mem 0x0008f000-0x0008ffff]
[    0.171190] e820: reserve RAM buffer [mem 0x75f27810-0x77ffffff]
[    0.171192] e820: reserve RAM buffer [mem 0x75f29190-0x77ffffff]
[    0.171193] e820: reserve RAM buffer [mem 0x8ad10000-0x8bffffff]
[    0.171195] e820: reserve RAM buffer [mem 0x8ad5d000-0x8bffffff]
[    0.171197] e820: reserve RAM buffer [mem 0x8ae39000-0x8bffffff]
[    0.171198] e820: reserve RAM buffer [mem 0x8aed2000-0x8bffffff]
[    0.171200] e820: reserve RAM buffer [mem 0x8af84000-0x8bffffff]
[    0.171201] e820: reserve RAM buffer [mem 0x8b000000-0x8bffffff]
[    0.171202] e820: reserve RAM buffer [mem 0x26f600000-0x26fffffff]
[    0.171248] pci 0000:00:02.0: vgaarb: setting as boot VGA device
[    0.171248] pci 0000:00:02.0: vgaarb: bridge control possible
[    0.171248] pci 0000:00:02.0: vgaarb: VGA device added: decodes=io+mem,owns=io+mem,locks=none
[    0.171248] vgaarb: loaded
[    0.171248] clocksource: Switched to clocksource tsc-early
[    0.172073] VFS: Disk quotas dquot_6.6.0
[    0.172093] VFS: Dquot-cache hash table entries: 512 (order 0, 4096 bytes)
[    0.172218] pnp: PnP ACPI init
[    0.172392] system 00:00: [mem 0xfed00000-0xfed03fff] has been reserved
[    0.172442] system 00:01: [io  0xffff] has been reserved
[    0.172444] system 00:01: [io  0x1800-0x187f] has been reserved
[    0.172447] system 00:01: [io  0x0800-0x087f] has been reserved
[    0.173318] system 00:03: [mem 0xfed1c000-0xfed1ffff] has been reserved
[    0.173321] system 00:03: [mem 0xfed10000-0xfed17fff] has been reserved
[    0.173323] system 00:03: [mem 0xfed18000-0xfed18fff] has been reserved
[    0.173325] system 00:03: [mem 0xfed19000-0xfed19fff] has been reserved
[    0.173328] system 00:03: [mem 0xe0000000-0xefffffff] could not be reserved
[    0.173330] system 00:03: [mem 0xfed20000-0xfed3ffff] has been reserved
[    0.173332] system 00:03: [mem 0xfed90000-0xfed93fff] could not be reserved
[    0.173334] system 00:03: [mem 0xfed45000-0xfed8ffff] has been reserved
[    0.173335] system 00:03: [mem 0xff000000-0xffffffff] could not be reserved
[    0.173338] system 00:03: [mem 0xfee00000-0xfeefffff] has been reserved
[    0.173400] system 00:04: [mem 0x20000000-0x201fffff] could not be reserved
[    0.173402] system 00:04: [mem 0x40000000-0x401fffff] could not be reserved
[    0.173535] pnp: PnP ACPI: found 5 devices
[    0.174860] pci 0000:00:02.0: assigning 3 device properties
[    0.174880] pci 0000:07:00.0: assigning 8 device properties
[    0.174894] pci 0000:00:1b.0: assigning 4 device properties
[    0.179412] clocksource: acpi_pm: mask: 0xffffff max_cycles: 0xffffff, max_idle_ns: 2085701024 ns
[    0.179486] NET: Registered PF_INET protocol family
[    0.179580] IP idents hash table entries: 131072 (order: 8, 1048576 bytes, linear)
[    0.193461] tcp_listen_portaddr_hash hash table entries: 4096 (order: 4, 65536 bytes, linear)
[    0.193492] Table-perturb hash table entries: 65536 (order: 6, 262144 bytes, linear)
[    0.193545] TCP established hash table entries: 65536 (order: 7, 524288 bytes, linear)
[    0.193755] TCP bind hash table entries: 65536 (order: 9, 2097152 bytes, linear)
[    0.194059] TCP: Hash tables configured (established 65536 bind 65536)
[    0.194133] MPTCP token hash table entries: 8192 (order: 6, 196608 bytes, linear)
[    0.194184] UDP hash table entries: 4096 (order: 5, 131072 bytes, linear)
[    0.194208] UDP-Lite hash table entries: 4096 (order: 5, 131072 bytes, linear)
[    0.194280] NET: Registered PF_UNIX/PF_LOCAL protocol family
[    0.194290] NET: Registered PF_XDP protocol family
[    0.194296] pci 0000:04:00.0: ROM [mem 0xffff0000-0xffffffff pref]: can't claim; no compatible bridge window
[    0.194304] pci 0000:06:00.0: bridge window [io  0x1000-0x0fff] to [bus 07] add_size 1000
[    0.194307] pci 0000:06:00.0: bridge window [mem 0x00100000-0x000fffff 64bit pref] to [bus 07] add_size 200000 add_align 100000
[    0.194311] pci 0000:06:04.0: bridge window [io  0x1000-0x0fff] to [bus 39] add_size 1000
[    0.194313] pci 0000:06:04.0: bridge window [mem 0x00100000-0x000fffff 64bit pref] to [bus 39] add_size 200000 add_align 100000
[    0.194315] pci 0000:06:04.0: bridge window [mem 0x00100000-0x000fffff] to [bus 39] add_size 200000 add_align 100000
[    0.194318] pci 0000:06:06.0: bridge window [io  0x1000-0x0fff] to [bus 6b] add_size 1000
[    0.194320] pci 0000:06:06.0: bridge window [mem 0x00100000-0x000fffff 64bit pref] to [bus 6b] add_size 200000 add_align 100000
[    0.194322] pci 0000:06:06.0: bridge window [mem 0x00100000-0x000fffff] to [bus 6b] add_size 200000 add_align 100000
[    0.194331] pci 0000:00:1c.0: PCI bridge to [bus 01]
[    0.194342] pci 0000:00:1c.1: PCI bridge to [bus 02]
[    0.194346] pci 0000:00:1c.1:   bridge window [mem 0xb0800000-0xb09fffff]
[    0.194349] pci 0000:00:1c.1:   bridge window [mem 0x90000000-0x9fffffff 64bit pref]
[    0.194355] pci 0000:00:1c.2: PCI bridge to [bus 03]
[    0.194359] pci 0000:00:1c.2:   bridge window [mem 0xb0400000-0xb06fffff]
[    0.194371] pci 0000:06:00.0: bridge window [mem size 0x00200000 64bit pref]: can't assign; no space
[    0.194374] pci 0000:06:00.0: bridge window [mem size 0x00200000 64bit pref]: failed to assign
[    0.194376] pci 0000:06:04.0: bridge window [mem size 0x00200000]: can't assign; no space
[    0.194377] pci 0000:06:04.0: bridge window [mem size 0x00200000]: failed to assign
[    0.194380] pci 0000:06:04.0: bridge window [mem size 0x00200000 64bit pref]: can't assign; no space
[    0.194381] pci 0000:06:04.0: bridge window [mem size 0x00200000 64bit pref]: failed to assign
[    0.194383] pci 0000:06:06.0: bridge window [mem size 0x00200000]: can't assign; no space
[    0.194385] pci 0000:06:06.0: bridge window [mem size 0x00200000]: failed to assign
[    0.194387] pci 0000:06:06.0: bridge window [mem size 0x00200000 64bit pref]: can't assign; no space
[    0.194388] pci 0000:06:06.0: bridge window [mem size 0x00200000 64bit pref]: failed to assign
[    0.194390] pci 0000:06:00.0: bridge window [io  size 0x1000]: can't assign; no space
[    0.194392] pci 0000:06:00.0: bridge window [io  size 0x1000]: failed to assign
[    0.194393] pci 0000:06:04.0: bridge window [io  size 0x1000]: can't assign; no space
[    0.194395] pci 0000:06:04.0: bridge window [io  size 0x1000]: failed to assign
[    0.194396] pci 0000:06:06.0: bridge window [io  size 0x1000]: can't assign; no space
[    0.194398] pci 0000:06:06.0: bridge window [io  size 0x1000]: failed to assign
[    0.194401] pci 0000:06:06.0: bridge window [mem size 0x00200000]: can't assign; no space
[    0.194402] pci 0000:06:06.0: bridge window [mem size 0x00200000]: failed to assign
[    0.194404] pci 0000:06:06.0: bridge window [mem size 0x00200000 64bit pref]: can't assign; no space
[    0.194406] pci 0000:06:06.0: bridge window [mem size 0x00200000 64bit pref]: failed to assign
[    0.194407] pci 0000:06:06.0: bridge window [io  size 0x1000]: can't assign; no space
[    0.194409] pci 0000:06:06.0: bridge window [io  size 0x1000]: failed to assign
[    0.194410] pci 0000:06:04.0: bridge window [mem size 0x00200000]: can't assign; no space
[    0.194412] pci 0000:06:04.0: bridge window [mem size 0x00200000]: failed to assign
[    0.194414] pci 0000:06:04.0: bridge window [mem size 0x00200000 64bit pref]: can't assign; no space
[    0.194416] pci 0000:06:04.0: bridge window [mem size 0x00200000 64bit pref]: failed to assign
[    0.194417] pci 0000:06:04.0: bridge window [io  size 0x1000]: can't assign; no space
[    0.194419] pci 0000:06:04.0: bridge window [io  size 0x1000]: failed to assign
[    0.194421] pci 0000:06:00.0: bridge window [mem size 0x00200000 64bit pref]: can't assign; no space
[    0.194422] pci 0000:06:00.0: bridge window [mem size 0x00200000 64bit pref]: failed to assign
[    0.194424] pci 0000:06:00.0: bridge window [io  size 0x1000]: can't assign; no space
[    0.194426] pci 0000:06:00.0: bridge window [io  size 0x1000]: failed to assign
[    0.194428] pci 0000:06:00.0: PCI bridge to [bus 07]
[    0.194433] pci 0000:06:00.0:   bridge window [mem 0xb0b00000-0xb0bfffff]
[    0.194442] pci 0000:06:03.0: PCI bridge to [bus 08-38]
[    0.194446] pci 0000:06:03.0:   bridge window [io  0x3000-0x3fff]
[    0.194451] pci 0000:06:03.0:   bridge window [mem 0xb0c00000-0xb4bfffff]
[    0.194455] pci 0000:06:03.0:   bridge window [mem 0xbcc00000-0xc0bfffff 64bit pref]
[    0.194462] pci 0000:06:04.0: PCI bridge to [bus 39]
[    0.194475] pci 0000:06:05.0: PCI bridge to [bus 3a-6a]
[    0.194478] pci 0000:06:05.0:   bridge window [io  0x4000-0x4fff]
[    0.194483] pci 0000:06:05.0:   bridge window [mem 0xb4c00000-0xb8bfffff]
[    0.194487] pci 0000:06:05.0:   bridge window [mem 0xc0c00000-0xc4bfffff 64bit pref]
[    0.194494] pci 0000:06:06.0: PCI bridge to [bus 6b]
[    0.194507] pci 0000:05:00.0: PCI bridge to [bus 06-6b]
[    0.194509] pci 0000:05:00.0:   bridge window [io  0x3000-0x4fff]
[    0.194515] pci 0000:05:00.0:   bridge window [mem 0xb0b00000-0xb8bfffff]
[    0.194519] pci 0000:05:00.0:   bridge window [mem 0xbcc00000-0xc4bfffff 64bit pref]
[    0.194525] pci 0000:00:1c.4: PCI bridge to [bus 05-9b]
[    0.194527] pci 0000:00:1c.4:   bridge window [io  0x3000-0x5fff]
[    0.194531] pci 0000:00:1c.4:   bridge window [mem 0xb0b00000-0xbcbfffff]
[    0.194534] pci 0000:00:1c.4:   bridge window [mem 0xbcc00000-0xc8bfffff 64bit pref]
[    0.194540] pci 0000:04:00.0: ROM [mem 0xb0710000-0xb071ffff pref]: assigned
[    0.194542] pci 0000:00:1c.5: PCI bridge to [bus 04]
[    0.194546] pci 0000:00:1c.5:   bridge window [mem 0xb0700000-0xb07fffff]
[    0.194553] pci_bus 0000:00: resource 4 [io  0x0000-0x0cf7 window]
[    0.194555] pci_bus 0000:00: resource 5 [io  0x0d00-0xffff window]
[    0.194557] pci_bus 0000:00: resource 6 [mem 0x000a0000-0x000fffff window]
[    0.194559] pci_bus 0000:00: resource 7 [mem 0x8fa00000-0xfeafffff window]
[    0.194560] pci_bus 0000:00: resource 8 [mem 0xfed40000-0xfed44fff window]
[    0.194562] pci_bus 0000:02: resource 1 [mem 0xb0800000-0xb09fffff]
[    0.194564] pci_bus 0000:02: resource 2 [mem 0x90000000-0x9fffffff 64bit pref]
[    0.194566] pci_bus 0000:03: resource 1 [mem 0xb0400000-0xb06fffff]
[    0.194567] pci_bus 0000:05: resource 0 [io  0x3000-0x5fff]
[    0.194569] pci_bus 0000:05: resource 1 [mem 0xb0b00000-0xbcbfffff]
[    0.194570] pci_bus 0000:05: resource 2 [mem 0xbcc00000-0xc8bfffff 64bit pref]
[    0.194572] pci_bus 0000:06: resource 0 [io  0x3000-0x4fff]
[    0.194573] pci_bus 0000:06: resource 1 [mem 0xb0b00000-0xb8bfffff]
[    0.194575] pci_bus 0000:06: resource 2 [mem 0xbcc00000-0xc4bfffff 64bit pref]
[    0.194577] pci_bus 0000:07: resource 1 [mem 0xb0b00000-0xb0bfffff]
[    0.194578] pci_bus 0000:08: resource 0 [io  0x3000-0x3fff]
[    0.194580] pci_bus 0000:08: resource 1 [mem 0xb0c00000-0xb4bfffff]
[    0.194581] pci_bus 0000:08: resource 2 [mem 0xbcc00000-0xc0bfffff 64bit pref]
[    0.194583] pci_bus 0000:3a: resource 0 [io  0x4000-0x4fff]
[    0.194585] pci_bus 0000:3a: resource 1 [mem 0xb4c00000-0xb8bfffff]
[    0.194586] pci_bus 0000:3a: resource 2 [mem 0xc0c00000-0xc4bfffff 64bit pref]
[    0.194588] pci_bus 0000:04: resource 1 [mem 0xb0700000-0xb07fffff]
[    0.194987] PCI: CLS 256 bytes, default 64
[    0.195013] DMAR: No ATSR found
[    0.195014] DMAR: No SATC found
[    0.195015] DMAR: IOMMU feature pgsel_inv inconsistent
[    0.195017] DMAR: IOMMU feature sc_support inconsistent
[    0.195018] DMAR: IOMMU feature pass_through inconsistent
[    0.195020] DMAR: dmar0: Using Queued invalidation
[    0.195027] DMAR: dmar1: Using Queued invalidation
[    0.195069] Trying to unpack rootfs image as initramfs...
[    0.195197] pci 0000:00:02.0: Adding to iommu group 0
[    0.196033] pci 0000:00:00.0: Adding to iommu group 1
[    0.196046] pci 0000:00:03.0: Adding to iommu group 2
[    0.196055] pci 0000:00:14.0: Adding to iommu group 3
[    0.196069] pci 0000:00:16.0: Adding to iommu group 4
[    0.196082] pci 0000:00:1b.0: Adding to iommu group 5
[    0.196110] pci 0000:00:1c.0: Adding to iommu group 6
[    0.196119] pci 0000:00:1c.1: Adding to iommu group 6
[    0.196128] pci 0000:00:1c.2: Adding to iommu group 6
[    0.196138] pci 0000:00:1c.4: Adding to iommu group 6
[    0.196147] pci 0000:00:1c.5: Adding to iommu group 6
[    0.196166] pci 0000:00:1f.0: Adding to iommu group 7
[    0.196177] pci 0000:00:1f.3: Adding to iommu group 7
[    0.196183] pci 0000:02:00.0: Adding to iommu group 6
[    0.196188] pci 0000:03:00.0: Adding to iommu group 6
[    0.196192] pci 0000:05:00.0: Adding to iommu group 6
[    0.196197] pci 0000:06:00.0: Adding to iommu group 6
[    0.196202] pci 0000:06:03.0: Adding to iommu group 6
[    0.196207] pci 0000:06:04.0: Adding to iommu group 6
[    0.196212] pci 0000:06:05.0: Adding to iommu group 6
[    0.196217] pci 0000:06:06.0: Adding to iommu group 6
[    0.196221] pci 0000:07:00.0: Adding to iommu group 6
[    0.196226] pci 0000:04:00.0: Adding to iommu group 6
[    0.196823] DMAR: Intel(R) Virtualization Technology for Directed I/O
[    0.196825] PCI-DMA: Using software bounce buffering for IO (SWIOTLB)
[    0.196826] software IO TLB: mapped [mem 0x000000006d371000-0x0000000071371000] (64MB)
[    0.211936] Initialise system trusted keyrings
[    0.212023] workingset: timestamp_bits=40 max_order=21 bucket_order=0
[    0.235829] Key type asymmetric registered
[    0.235836] Asymmetric key parser 'x509' registered
[    0.235886] Block layer SCSI generic (bsg) driver version 0.4 loaded (major 251)
[    0.235970] io scheduler mq-deadline registered
[    0.235973] io scheduler kyber registered
[    0.236526] pcieport 0000:00:1c.0: Enabling MPC IRBNCE
[    0.236531] pcieport 0000:00:1c.0: Intel PCH root port ACS workaround enabled
[    0.236892] pcieport 0000:00:1c.1: Enabling MPC IRBNCE
[    0.236896] pcieport 0000:00:1c.1: Intel PCH root port ACS workaround enabled
[    0.237141] pcieport 0000:00:1c.2: Enabling MPC IRBNCE
[    0.237145] pcieport 0000:00:1c.2: Intel PCH root port ACS workaround enabled
[    0.237369] pcieport 0000:00:1c.4: Enabling MPC IRBNCE
[    0.237373] pcieport 0000:00:1c.4: Intel PCH root port ACS workaround enabled
[    0.237577] pcieport 0000:00:1c.5: Enabling MPC IRBNCE
[    0.237581] pcieport 0000:00:1c.5: Intel PCH root port ACS workaround enabled
[    0.238062] pcieport 0000:06:00.0: pciehp: Slot #0 AttnBtn- PwrCtrl- MRL- AttnInd- PwrInd- HotPlug+ Surprise+ Interlock- NoCompl+ IbPresDis- LLActRep+
[    0.238308] pcieport 0000:06:03.0: enabling device (0000 -> 0003)
[    0.238461] pcieport 0000:06:03.0: pciehp: Slot #3 AttnBtn- PwrCtrl- MRL- AttnInd- PwrInd- HotPlug+ Surprise+ Interlock- NoCompl+ IbPresDis- LLActRep+
[    0.238832] pcieport 0000:06:04.0: pciehp: Slot #4 AttnBtn- PwrCtrl- MRL- AttnInd- PwrInd- HotPlug+ Surprise+ Interlock- NoCompl+ IbPresDis- LLActRep+
[    0.239032] pcieport 0000:06:05.0: enabling device (0000 -> 0003)
[    0.239177] pcieport 0000:06:05.0: pciehp: Slot #5 AttnBtn- PwrCtrl- MRL- AttnInd- PwrInd- HotPlug+ Surprise+ Interlock- NoCompl+ IbPresDis- LLActRep+
[    0.239525] pcieport 0000:06:06.0: pciehp: Slot #6 AttnBtn- PwrCtrl- MRL- AttnInd- PwrInd- HotPlug+ Surprise+ Interlock- NoCompl+ IbPresDis- LLActRep+
[    0.242722] Serial: 8250/16550 driver, 4 ports, IRQ sharing enabled
[    0.243614] hpet_acpi_add: no address or irqs in _CRS
[    0.243662] Linux agpgart interface v0.103
[    0.243703] ACPI: bus type drm_connector registered
[    0.247443] usbcore: registered new interface driver usbserial_generic
[    0.247450] usbserial: USB Serial support registered for generic
[    0.247929] intel_pstate: Intel P-state driver initializing
[    0.248663] simple-framebuffer simple-framebuffer.0: [drm] Registered 1 planes with drm panic
[    0.248666] [drm] Initialized simpledrm 1.0.0 for simple-framebuffer.0 on minor 0
[    0.251909] fbcon: Deferring console take-over
[    0.251914] simple-framebuffer simple-framebuffer.0: [drm] fb0: simpledrmdrmfb frame buffer device
[    0.251986] drop_monitor: Initializing network drop monitor service
[    0.252107] NET: Registered PF_INET6 protocol family
[    0.284812] Freeing initrd memory: 26428K
[    0.285182] Segment Routing with IPv6
[    0.285200] In-situ OAM (IOAM) with IPv6
[    0.285463] ENERGY_PERF_BIAS: Set to 'normal', was 'performance'
[    0.285497] microcode: Current revision: 0x00000026
[    0.285561] IPI shorthand broadcast: enabled
[    0.287064] sched_clock: Marking stable (285001506, 1646628)->(324277865, -37629731)
[    0.287213] registered taskstats version 1
[    0.287338] Loading compiled-in X.509 certificates
[    0.290570] Demotion targets for Node 0: null
[    0.290632] Key type .fscrypt registered
[    0.290634] Key type fscrypt-provisioning registered
[    0.290734] PM:   Magic number: 6:264:473
[    0.291798] RAS: Correctable Errors collector initialized.
[    0.295685] clk: Disabling unused clocks
[    0.295689] PM: genpd: Disabling unused power domains
[    0.296626] Freeing unused decrypted memory: 2028K
[    0.297086] Freeing unused kernel image (initmem) memory: 3416K
[    0.297133] Write protecting the kernel read-only data: 30720k
[    0.297527] Freeing unused kernel image (rodata/data gap) memory: 1744K
[    0.339215] x86/mm: Checked W+X mappings: passed, no W+X pages found.
[    0.339217] x86/mm: Checking user space page tables
[    0.379313] x86/mm: Checked W+X mappings: passed, no W+X pages found.
[    0.379318] Run /init as init process
[    0.379319]   with arguments:
[    0.379321]     /init
[    0.379322]   with environment:
[    0.379323]     HOME=/
[    0.379323]     TERM=linux
[    0.381774] fbcon: Taking over console
[    0.384718] Console: switching to colour frame buffer device 160x50
[    0.423755] device-mapper: ioctl: 4.48.0-ioctl (2023-03-01) initialised: dm-devel@lists.linux.dev
[    0.605252] xhci_hcd 0000:00:14.0: xHCI Host Controller
[    0.605265] xhci_hcd 0000:00:14.0: new USB bus registered, assigned bus number 1
[    0.606380] xhci_hcd 0000:00:14.0: hcc params 0x200077c1 hci version 0x100 quirks 0x000000000004b810
[    0.606631] xhci_hcd 0000:00:14.0: xHCI Host Controller
[    0.606636] xhci_hcd 0000:00:14.0: new USB bus registered, assigned bus number 2
[    0.606641] xhci_hcd 0000:00:14.0: Host supports USB 3.0 SuperSpeed
[    0.606930] usb usb1: New USB device found, idVendor=1d6b, idProduct=0002, bcdDevice= 6.12
[    0.606935] usb usb1: New USB device strings: Mfr=3, Product=2, SerialNumber=1
[    0.606938] usb usb1: Product: xHCI Host Controller
[    0.606940] usb usb1: Manufacturer: Linux 6.12.80 xhci-hcd
[    0.606941] usb usb1: SerialNumber: 0000:00:14.0
[    0.607128] hub 1-0:1.0: USB hub found
[    0.607147] hub 1-0:1.0: 9 ports detected
[    0.607599] usb usb2: New USB device found, idVendor=1d6b, idProduct=0003, bcdDevice= 6.12
[    0.607604] usb usb2: New USB device strings: Mfr=3, Product=2, SerialNumber=1
[    0.607606] usb usb2: Product: xHCI Host Controller
[    0.607608] usb usb2: Manufacturer: Linux 6.12.80 xhci-hcd
[    0.607610] usb usb2: SerialNumber: 0000:00:14.0
[    0.607752] hub 2-0:1.0: USB hub found
[    0.607764] hub 2-0:1.0: 4 ports detected
[    0.618449] SCSI subsystem initialized
[    0.643132] libata version 3.00 loaded.
[    0.647681] ahci 0000:04:00.0: version 3.0
[    0.657973] ahci 0000:04:00.0: AHCI vers 0001.0300, 32 command slots, 6 Gbps, SATA mode
[    0.657979] ahci 0000:04:00.0: 1/1 ports implemented (port mask 0x1)
[    0.657981] ahci 0000:04:00.0: flags: 64bit ncq led clo only pio ccc 
[    0.658344] scsi host0: ahci
[    0.658464] ata1: SATA max UDMA/133 abar m8192@0xb0700000 port 0xb0700100 irq 16 lpm-pol 1
[    0.846729] usb 1-3: new full-speed USB device number 2 using xhci_hcd
[    0.965706] ata1: SATA link up 6.0 Gbps (SStatus 133 SControl 300)
[    0.965968] ata1.00: LPM support broken, forcing max_power
[    0.966360] ata1.00: unexpected _GTF length (8)
[    0.966446] ata1.00: ATA-8: APPLE SSD SM0512F, UXM2JA1Q, max UDMA/133
[    0.966510] ata1.00: 977105060 sectors, multi 16: LBA48 NCQ (depth 32), AA
[    0.966699] ata1.00: LPM support broken, forcing max_power
[    0.966981] ata1.00: unexpected _GTF length (8)
[    0.967088] ata1.00: configured for UDMA/133
[    0.967415] scsi 0:0:0:0: Direct-Access     ATA      APPLE SSD SM0512 JA1Q PQ: 0 ANSI: 5
[    0.970686] usb 1-3: New USB device found, idVendor=0a5c, idProduct=4500, bcdDevice= 1.00
[    0.970691] usb 1-3: New USB device strings: Mfr=1, Product=2, SerialNumber=0
[    0.970693] usb 1-3: Product: BRCM20702 Hub
[    0.970695] usb 1-3: Manufacturer: Apple Inc.
[    0.971250] hub 1-3:1.0: USB hub found
[    0.971367] hub 1-3:1.0: 3 ports detected
[    0.976163] sd 0:0:0:0: [sda] 977105060 512-byte logical blocks: (500 GB/466 GiB)
[    0.976171] sd 0:0:0:0: [sda] 4096-byte physical blocks
[    0.976192] sd 0:0:0:0: [sda] Write Protect is off
[    0.976196] sd 0:0:0:0: [sda] Mode Sense: 00 3a 00 00
[    0.976216] sd 0:0:0:0: [sda] Write cache: enabled, read cache: enabled, doesn't support DPO or FUA
[    0.976254] sd 0:0:0:0: [sda] Preferred minimum I/O size 4096 bytes
[    0.986467]  sda: sda1 sda2
[    0.986670] sd 0:0:0:0: [sda] Attached SCSI disk
[    1.082767] usb 2-2: new SuperSpeed USB device number 2 using xhci_hcd
[    1.095284] usb 2-2: New USB device found, idVendor=0846, idProduct=9053, bcdDevice= 1.00
[    1.095290] usb 2-2: New USB device strings: Mfr=1, Product=2, SerialNumber=3
[    1.095292] usb 2-2: Product: A6210
[    1.095293] usb 2-2: Manufacturer: NETGEAR
[    1.095295] usb 2-2: SerialNumber: 100
[    1.206681] usb 1-5: new full-speed USB device number 3 using xhci_hcd
[    1.222662] tsc: Refined TSC clocksource calibration: 2599.999 MHz
[    1.222671] clocksource: tsc: mask: 0xffffffffffffffff max_cycles: 0x257a3b2ad7e, max_idle_ns: 440795282337 ns
[    1.222689] clocksource: Switched to clocksource tsc
[    1.335721] usb 1-5: New USB device found, idVendor=05ac, idProduct=025a, bcdDevice= 2.24
[    1.335728] usb 1-5: New USB device strings: Mfr=1, Product=2, SerialNumber=0
[    1.335730] usb 1-5: Product: Apple Internal Keyboard / Trackpad
[    1.335732] usb 1-5: Manufacturer: Apple Inc.
[    1.358405] hid: raw HID events driver (C) Jiri Kosina
[    1.373871] usbcore: registered new interface driver usbhid
[    1.373884] usbhid: USB HID core driver
[    1.379514] input: Apple Inc. Apple Internal Keyboard / Trackpad as /devices/pci0000:00/0000:00:14.0/usb1/1-5/1-5:1.0/0003:05AC:025A.0001/input/input0
[    1.430037] apple 0003:05AC:025A.0001: input,hidraw0: USB HID v1.11 Keyboard [Apple Inc. Apple Internal Keyboard / Trackpad] on usb-0000:00:14.0-5/input0
[    1.430478] apple 0003:05AC:025A.0002: hidraw1: USB HID v1.11 Device [Apple Inc. Apple Internal Keyboard / Trackpad] on usb-0000:00:14.0-5/input1
[    1.443063] usb 2-3: new SuperSpeed USB device number 3 using xhci_hcd
[    1.457459] usb 2-3: New USB device found, idVendor=05ac, idProduct=8406, bcdDevice= 8.20
[    1.457476] usb 2-3: New USB device strings: Mfr=3, Product=4, SerialNumber=5
[    1.457483] usb 2-3: Product: Card Reader
[    1.457488] usb 2-3: Manufacturer: Apple
[    1.457492] usb 2-3: SerialNumber: 000000000820
[    1.475211] usb-storage 2-3:1.0: USB Mass Storage device detected
[    1.475662] scsi host1: usb-storage 2-3:1.0
[    1.475800] usbcore: registered new interface driver usb-storage
[    1.517731] usb 1-3.1: new full-speed USB device number 4 using xhci_hcd
[    1.593122] usb 1-3.1: New USB device found, idVendor=05ac, idProduct=820a, bcdDevice= 1.00
[    1.593140] usb 1-3.1: New USB device strings: Mfr=0, Product=0, SerialNumber=0
[    1.595818] input: HID 05ac:820a as /devices/pci0000:00/0000:00:14.0/usb1/1-3/1-3.1/1-3.1:1.0/0003:05AC:820A.0003/input/input1
[    1.647097] hid-generic 0003:05AC:820A.0003: input,hidraw2: USB HID v1.11 Keyboard [HID 05ac:820a] on usb-0000:00:14.0-3.1/input0
[    1.719757] usb 1-3.2: new full-speed USB device number 5 using xhci_hcd
[    1.795001] usb 1-3.2: New USB device found, idVendor=05ac, idProduct=820b, bcdDevice= 1.00
[    1.795018] usb 1-3.2: New USB device strings: Mfr=0, Product=0, SerialNumber=0
[    1.797542] input: HID 05ac:820b as /devices/pci0000:00/0000:00:14.0/usb1/1-3/1-3.2/1-3.2:1.0/0003:05AC:820B.0004/input/input2
[    1.797725] hid-generic 0003:05AC:820B.0004: input,hidraw3: USB HID v1.11 Mouse [HID 05ac:820b] on usb-0000:00:14.0-3.2/input0
[    1.870663] usb 1-3.3: new full-speed USB device number 6 using xhci_hcd
[    1.945731] usb 1-3.3: New USB device found, idVendor=05ac, idProduct=8289, bcdDevice= 1.50
[    1.945737] usb 1-3.3: New USB device strings: Mfr=1, Product=2, SerialNumber=0
[    1.945739] usb 1-3.3: Product: Bluetooth USB Host Controller
[    1.945741] usb 1-3.3: Manufacturer: Apple Inc.
[    2.245830] EXT4-fs (sda2): mounted filesystem 6d0ce22e-97a0-4e60-ab8f-6ef8ff706b60 r/w with ordered data mode. Quota mode: none.
[    2.398785] EXT4-fs (sda2): re-mounted 6d0ce22e-97a0-4e60-ab8f-6ef8ff706b60.
[    2.505016] scsi 1:0:0:0: Direct-Access     APPLE    SD Card Reader   3.00 PQ: 0 ANSI: 6
[    2.505800] sd 1:0:0:0: [sdb] Media removed, stopped polling
[    2.506281] sd 1:0:0:0: [sdb] Attached SCSI removable disk
[    4.717300] EXT4-fs (sda2): re-mounted 6d0ce22e-97a0-4e60-ab8f-6ef8ff706b60.
[    4.900967] loop: module loaded
[    5.552773] Adding 8388604k swap on /var/lib/swapfile.  Priority:-2 extents:67 across:64225280k SS
[    5.881150] input: Lid Switch as /devices/LNXSYSTM:00/LNXSYBUS:00/PNP0C0D:00/input/input3
[    5.888148] ACPI: button: Lid Switch [LID0]
[    5.888247] input: Power Button as /devices/LNXSYSTM:00/LNXSYBUS:00/PNP0C0C:00/input/input4
[    5.888292] ACPI: button: Power Button [PWRB]
[    5.888397] input: Sleep Button as /devices/LNXSYSTM:00/LNXSYBUS:00/PNP0C0E:00/input/input5
[    5.888434] ACPI: button: Sleep Button [SLPB]
[    5.888504] input: Power Button as /devices/LNXSYSTM:00/LNXPWRBN:00/input/input6
[    5.888562] ACPI: button: Power Button [PWRF]
[    5.897871] ACPI: AC: AC Adapter [ADP1] (on-line)
[    5.976392] rtc_cmos 00:02: RTC can wake from S4
[    6.024435] rtc_cmos 00:02: registered as rtc0
[    6.024480] rtc_cmos 00:02: setting system clock to 2026-04-20T08:29:14 UTC (1776673754)
[    6.024542] rtc_cmos 00:02: alarms up to one month, y3k, 242 bytes nvram
[    6.025022] smbus_hc ACPI0001:00: SBS HC: offset = 0x20, query_bit = 0x10
[    6.047956] ACPI: bus type thunderbolt registered
[    6.050826] thunderbolt 0000:07:00.0: device link creation from 0000:06:00.0 failed
[    6.118321] pstore: Using crash dump compression: deflate
[    6.124802] i801_smbus 0000:00:1f.3: SMBus using PCI interrupt
[    6.168310] snd_hda_codec_cirrus hdaudioC0D0: autoconfig for CS4208: line_outs=2 (0x12/0x13/0x0/0x0/0x0) type:speaker
[    6.168323] snd_hda_codec_cirrus hdaudioC0D0:    speaker_outs=0 (0x0/0x0/0x0/0x0/0x0)
[    6.168333] snd_hda_codec_cirrus hdaudioC0D0:    hp_outs=1 (0x10/0x0/0x0/0x0/0x0)
[    6.168342] snd_hda_codec_cirrus hdaudioC0D0:    mono: mono_out=0x0
[    6.168348] snd_hda_codec_cirrus hdaudioC0D0:    dig-out=0x21/0x0
[    6.168355] snd_hda_codec_cirrus hdaudioC0D0:    inputs:
[    6.168362] snd_hda_codec_cirrus hdaudioC0D0:      Mic=0x18
[    6.168369] snd_hda_codec_cirrus hdaudioC0D0:      Internal Mic=0x1c
[    6.198419] ACPI: Smart Battery System [SBS0]: Battery Slot [BAT0] (battery present)
[    6.200766] input: HDA Intel PCH Mic as /devices/pci0000:00/0000:00:1b.0/sound/card0/input7
[    6.200801] input: HDA Intel PCH Headphone as /devices/pci0000:00/0000:00:1b.0/sound/card0/input8
[    6.200827] input: HDA Intel PCH SPDIF as /devices/pci0000:00/0000:00:1b.0/sound/card0/input9
[    6.257585] RAPL PMU: API unit is 2^-32 Joules, 4 fixed counters, 655360 ms ovfl timer
[    6.257595] RAPL PMU: hw unit of domain pp0-core 2^-14 Joules
[    6.257601] RAPL PMU: hw unit of domain package 2^-14 Joules
[    6.257607] RAPL PMU: hw unit of domain dram 2^-14 Joules
[    6.257611] RAPL PMU: hw unit of domain pp1-gpu 2^-14 Joules
[    6.268244] cryptd: max_cpu_qlen set to 1000
[    6.493208] applesmc: key=571 fan=1 temp=32 index=31 acc=0 lux=2 kbd=1
[    6.494603] applesmc applesmc.768: hwmon_device_register() is deprecated. Please convert the driver to use hwmon_device_register_with_info().
[    6.827207] pstore: Registered efi_pstore as persistent store backend
[    7.061283] AES CTR mode by8 optimization enabled
[    7.080042] iTCO_wdt iTCO_wdt.1.auto: unable to reset NO_REBOOT flag, device disabled by hardware/BIOS
[    7.091204] i915 0000:00:02.0: [drm] Found HASWELL/ULT (device ID 0a2e) display version 7.00 stepping N/A
[    7.094372] i915 0000:00:02.0: [drm] VT-d active for gfx access
[    7.112035] Console: switching to colour dummy device 80x25
[    7.122327] i915 0000:00:02.0: vgaarb: deactivate vga console
[    7.122402] i915 0000:00:02.0: [drm] Using Transparent Hugepages
[    7.122407] i915 0000:00:02.0: [drm] DMAR active, disabling use of stolen memory
[    7.127557] i915 0000:00:02.0: vgaarb: VGA decodes changed: olddecodes=io+mem,decodes=io+mem:owns=io+mem
[    7.130678] intel_rapl_common: Found RAPL domain package
[    7.130684] intel_rapl_common: Found RAPL domain core
[    7.130686] intel_rapl_common: Found RAPL domain uncore
[    7.130687] intel_rapl_common: Found RAPL domain dram
[    7.138342] Creating 1 MTD partitions on "intel-spi":
[    7.138349] 0x000000000000-0x000000800000 : "BIOS"
[    7.214104] i915 0000:00:02.0: [drm] Skipping intel_backlight registration
[    7.216124] [drm] Initialized i915 1.6.0 for 0000:00:02.0 on minor 1
[    7.220077] ACPI: video: Video Device [IGPU] (multi-head: yes  rom: no  post: no)
[    7.220771] input: Video Bus as /devices/LNXSYSTM:00/LNXSYBUS:00/PNP0A08:00/LNXVIDEO:00/input/input10
[    7.224217] acpi device:02: registered as cooling_device5
[    7.248563] fbcon: i915drmfb (fb0) is primary device
[    7.279775] Console: switching to colour frame buffer device 160x50
[    7.301015] i915 0000:00:02.0: [drm] fb0: i915drmfb frame buffer device
[    7.329086] snd_hda_intel 0000:00:03.0: bound 0000:00:02.0 (ops i915_audio_component_bind_ops [i915])
[    7.350213] input: HDA Intel HDMI HDMI/DP,pcm=3 as /devices/pci0000:00/0000:00:03.0/sound/card1/input11
[    7.350293] input: HDA Intel HDMI HDMI/DP,pcm=7 as /devices/pci0000:00/0000:00:03.0/sound/card1/input12
[    7.350357] input: HDA Intel HDMI HDMI/DP,pcm=8 as /devices/pci0000:00/0000:00:03.0/sound/card1/input13
[    7.429657] usbcore: registered new device driver apple-mfi-fastcharge
[    7.438584] input: bcm5974 as /devices/pci0000:00/0000:00:14.0/usb1/1-5/1-5:1.2/input/input14
[    7.444908] usbcore: registered new interface driver bcm5974
[    7.447020] pcieport 0000:00:1c.0: Enabling MPC IRBNCE
[    7.447027] pcieport 0000:00:1c.0: Intel PCH root port ACS workaround enabled
[    7.488966] usbcore: registered new interface driver uas
[    7.579347] mousedev: PS/2 mouse device common for all mice
[    7.689592] cfg80211: Loading compiled-in X.509 certificates for regulatory database
[    7.693497] Loaded X.509 cert 'sforshee: 00b28ddf47aef9cea7'
[    7.693789] Loaded X.509 cert 'wens: 61c038651aabdcf94bd0ac7ff06c7248db18c600'
[    8.033234] usb 2-2: reset SuperSpeed USB device number 2 using xhci_hcd
[    8.059782] mt76x2u 2-2:1.0: ASIC revision: 76120044
[    8.089748] mt76x2u 2-2:1.0: ROM patch build: 20141115060606a
[    8.129680] Bluetooth: Core ver 2.22
[    8.129707] NET: Registered PF_BLUETOOTH protocol family
[    8.129709] Bluetooth: HCI device and connection manager initialized
[    8.129713] Bluetooth: HCI socket layer initialized
[    8.129715] Bluetooth: L2CAP socket layer initialized
[    8.129719] Bluetooth: SCO socket layer initialized
[    8.194992] usbcore: registered new interface driver btusb
[    8.253162] mt76x2u 2-2:1.0: Firmware Version: 0.0.00
[    8.253170] mt76x2u 2-2:1.0: Build: 1
[    8.253172] mt76x2u 2-2:1.0: Build Time: 201507311614____
[    8.255509] usb 1-3.1: USB disconnect, device number 4
[    8.304340] Bluetooth: hci0: BCM: chip id 73 build 1127
[    8.305323] Bluetooth: hci0: BCM: product 05ac:8289
[    8.306335] Bluetooth: hci0: BCM: features 0x07
[    8.322370] Bluetooth: hci0: BCM20702B0 Generic USB Class 1 @ 20 MHz
[    8.404823] usb 1-3.2: USB disconnect, device number 5
[    8.906092] ieee80211 phy0: Selected rate control algorithm 'minstrel_ht'
[    8.907330] usbcore: registered new interface driver mt76x2u
[    9.036183] mt76x2u 2-2:1.0 wlp0s20u2: renamed from wlan0
[   10.059551] NET: Registered PF_PACKET protocol family
[   18.163623] wlp0s20u2: authenticate with 60:83:e7:3f:8a:8b (local address=2c:30:33:a7:29:5a)
[   18.163629] wlp0s20u2: send auth to 60:83:e7:3f:8a:8b (try 1/3)
[   18.336839] wlp0s20u2: authenticated
[   18.337726] wlp0s20u2: associate with 60:83:e7:3f:8a:8b (try 1/3)
[   18.494433] wlp0s20u2: RX AssocResp from 60:83:e7:3f:8a:8b (capab=0x1511 status=0 aid=5)
[   18.496893] wlp0s20u2: associated
[   18.578751] wlp0s20u2: Limiting TX power to 20 (23 - 3) dBm as advertised by 60:83:e7:3f:8a:8b
[  517.032322] brcmfmac: loading out-of-tree module taints kernel.
[  517.039449] brcmfmac: BCM4360 test.158: module_init entry — no-ARM-halt; BusMaster/ASPM slice
[  517.039553] brcmfmac: BCM4360 test.156: before brcmf_core_init()
[  517.039581] brcmfmac: BCM4360 test.155: brcmf_core_init() entry
[  517.039605] brcmfmac: BCM4360 test.155: before brcmf_sdio_register()
[  517.039631] brcmfmac: BCM4360 test.155: after brcmf_sdio_register() err=0
[  517.091370] brcmfmac: BCM4360 test.155: post-SDIO sync (before PCI)
[  517.091405] brcmfmac: BCM4360 test.155: before brcmf_pcie_register()
[  517.091431] brcmfmac: BCM4360 test.158: brcmf_pcie_register() entry
[  517.393261] brcmfmac: BCM4360 test.158: before pci_register_driver
[  517.697340] brcmfmac: BCM4360 test.128: PROBE ENTRY (device=43a0 vendor=14e4 id=00000000b09cbb15)
[  518.001269] brcmfmac: BCM4360 test.158: probe entry flush done — proceeding
[  518.305288] brcmfmac: BCM4360 test.127: devinfo allocated, before pdev assign
[  518.305334] brcmfmac: BCM4360 test.127: devinfo->pdev assigned, before SBR
[  518.305521] brcmfmac 0000:03:00.0: BCM4360 test.53: SBR via bridge 0000:00:1c.2 (bridge_ctrl=0x0002) before chip_attach
[  518.817355] brcmfmac 0000:03:00.0: BCM4360 test.53: SBR complete — bridge_ctrl restored
[  518.817407] brcmfmac: BCM4360 test.158: before brcmf_chip_attach
[  519.121423] brcmfmac 0000:03:00.0: BCM4360 debug: BAR0=0xb0600000 BAR2=0xb0400000 BAR2_size=0x200000 tcm=ffffcab301400000
[  519.121466] brcmfmac 0000:03:00.0: BCM4360 test.53: BAR0 probe (CC@0x18000000 off=0) = 0x15034360 — alive
[  519.172276] brcmfmac 0000:03:00.0: BCM4360 test.131: BAR0 2nd probe = 0x15034360 — stable
[  519.173035] brcmfmac 0000:03:00.0: BCM4360 test.125: buscore_reset entry, ci assigned
[  519.173074] brcmfmac 0000:03:00.0: BCM4360 test.122: reset_device bypassed; probe-start SBR already completed
[  519.173121] brcmfmac 0000:03:00.0: BCM4360 test.125: after reset_device return
[  519.174958] brcmfmac 0000:03:00.0: BCM4360 test.145: halting ARM CR4 after second SBR (buscore_reset)
[  519.177031] brcmfmac 0000:03:00.0: BCM4360 test.145: ARM CR4 halt done — skipping PCIE2 mailbox clear; returning 0
[  519.182389] brcmfmac: brcmf_chip_recognition: BCM4360 test.121: post-reset passive skipped; using fixed RAM info next
[  519.185758] brcmfmac: brcmf_chip_recognition: BCM4360 test.125: after reset, before get_raminfo
[  519.187550] brcmfmac: brcmf_chip_get_raminfo: BCM4360 test.121: using fixed RAM info rambase=0x0 ramsize=0xa0000 srsize=0x0
[  519.189293] brcmfmac: brcmf_chip_get_raminfo: BCM4360 test.125: get_raminfo returning 0
[  519.191075] brcmfmac 0000:03:00.0: BCM4360 test.119: brcmf_chip_attach returned successfully
[  519.498188] brcmfmac 0000:03:00.0: BCM4360 test.158: ARM CR4 core->base=0x18002000 (no MMIO issued)
[  519.498243] brcmfmac: BCM4360 test.158: about to pci_clear_master (config-space write)
[  519.802311] brcmfmac 0000:03:00.0: BCM4360 test.158: BusMaster cleared after chip_attach
[  520.105180] brcmfmac: BCM4360 test.158: about to read LnkCtl before ASPM disable
[  520.409254] brcmfmac: BCM4360 test.158: LnkCtl read before=0x0143 — disabling ASPM
[  520.714245] brcmfmac: BCM4360 test.158: pci_disable_link_state returned — reading LnkCtl
[  521.018099] brcmfmac 0000:03:00.0: BCM4360 test.158: ASPM disabled; LnkCtl before=0x0143 after=0x0140 ASPM-bits-after=0x0
[  521.321059] brcmfmac: BCM4360 test.158: early return after BusMaster/ASPM — before reginfo
[  521.321113] brcmfmac: brcmf_pcie_probe: failed 14e4:43a0
[  521.321267] brcmfmac: BCM4360 test.158: pci_register_driver returned ret=0
[  521.321315] brcmfmac: BCM4360 test.155: after brcmf_pcie_register() err=0
[  521.371370] brcmfmac: BCM4360 test.155: post-PCI sync (skipping USB)
[  521.371403] brcmfmac: BCM4360 test.156: after brcmf_core_init() err=0
=== dmesg stream end: Mon 20 Apr 09:38:36 BST 2026 ===
