Apr 23 12:13:29.562700 nixos kernel: Linux version 6.12.80 (nixbld@localhost) (gcc (GCC) 14.3.0, GNU ld (GNU Binutils) 2.44) #1-NixOS SMP PREEMPT_DYNAMIC Thu Apr  2 11:09:54 UTC 2026
Apr 23 12:13:29.562818 nixos kernel: Command line: initrd=\EFI\nixos\v6bc83nw2h5x85106qkcr1v1qyi1ax7g-initrd-linux-6.12.80-initrd.efi init=/nix/store/dq7n31aipvb3vkkqnwg179v4s6c9dcp4-nixos-system-nixos-25.11.9067.54170c54449e/init pci=noaer intel_iommu=on iommu=strict loglevel=4 lsm=landlock,yama,bpf
Apr 23 12:13:29.562855 nixos kernel: BIOS-provided physical RAM map:
Apr 23 12:13:29.562880 nixos kernel: BIOS-e820: [mem 0x0000000000000000-0x0000000000057fff] usable
Apr 23 12:13:29.562897 nixos kernel: BIOS-e820: [mem 0x0000000000058000-0x0000000000058fff] reserved
Apr 23 12:13:29.562917 nixos kernel: BIOS-e820: [mem 0x0000000000059000-0x000000000008efff] usable
Apr 23 12:13:29.562940 nixos kernel: BIOS-e820: [mem 0x000000000008f000-0x000000000008ffff] reserved
Apr 23 12:13:29.562960 nixos kernel: BIOS-e820: [mem 0x0000000000090000-0x000000000009ffff] usable
Apr 23 12:13:29.563144 nixos kernel: BIOS-e820: [mem 0x00000000000a0000-0x00000000000bffff] reserved
Apr 23 12:13:29.563170 nixos kernel: BIOS-e820: [mem 0x0000000000100000-0x000000008ad0ffff] usable
Apr 23 12:13:29.563195 nixos kernel: BIOS-e820: [mem 0x000000008ad10000-0x000000008ad52fff] ACPI NVS
Apr 23 12:13:29.563224 nixos kernel: BIOS-e820: [mem 0x000000008ad53000-0x000000008ad5cfff] usable
Apr 23 12:13:29.563245 nixos kernel: BIOS-e820: [mem 0x000000008ad5d000-0x000000008ad8efff] ACPI data
Apr 23 12:13:29.563270 nixos kernel: BIOS-e820: [mem 0x000000008ad8f000-0x000000008ae38fff] usable
Apr 23 12:13:29.563296 nixos kernel: BIOS-e820: [mem 0x000000008ae39000-0x000000008ae8efff] reserved
Apr 23 12:13:29.563313 nixos kernel: BIOS-e820: [mem 0x000000008ae8f000-0x000000008aed1fff] usable
Apr 23 12:13:29.563337 nixos kernel: BIOS-e820: [mem 0x000000008aed2000-0x000000008aefefff] reserved
Apr 23 12:13:29.563356 nixos kernel: BIOS-e820: [mem 0x000000008aeff000-0x000000008af83fff] usable
Apr 23 12:13:29.563375 nixos kernel: BIOS-e820: [mem 0x000000008af84000-0x000000008afeffff] reserved
Apr 23 12:13:29.563394 nixos kernel: BIOS-e820: [mem 0x000000008aff0000-0x000000008affffff] usable
Apr 23 12:13:29.563417 nixos kernel: BIOS-e820: [mem 0x000000008b000000-0x000000008f9fffff] reserved
Apr 23 12:13:29.563439 nixos kernel: BIOS-e820: [mem 0x00000000e00f8000-0x00000000e00f8fff] reserved
Apr 23 12:13:29.563458 nixos kernel: BIOS-e820: [mem 0x00000000fed1c000-0x00000000fed1ffff] reserved
Apr 23 12:13:29.563480 nixos kernel: BIOS-e820: [mem 0x00000000ffe10000-0x00000000ffe3ffff] reserved
Apr 23 12:13:29.563501 nixos kernel: BIOS-e820: [mem 0x0000000100000000-0x000000026f5fffff] usable
Apr 23 12:13:29.563519 nixos kernel: NX (Execute Disable) protection: active
Apr 23 12:13:29.563539 nixos kernel: APIC: Static calls initialized
Apr 23 12:13:29.563560 nixos kernel: e820: update [mem 0x75f26190-0x75f361cf] usable ==> usable
Apr 23 12:13:29.563589 nixos kernel: e820: update [mem 0x75f25810-0x75f25cd2] usable ==> usable
Apr 23 12:13:29.563611 nixos kernel: extended physical RAM map:
Apr 23 12:13:29.563628 nixos kernel: reserve setup_data: [mem 0x0000000000000000-0x0000000000057fff] usable
Apr 23 12:13:29.563648 nixos kernel: reserve setup_data: [mem 0x0000000000058000-0x0000000000058fff] reserved
Apr 23 12:13:29.563669 nixos kernel: reserve setup_data: [mem 0x0000000000059000-0x000000000008efff] usable
Apr 23 12:13:29.563690 nixos kernel: reserve setup_data: [mem 0x000000000008f000-0x000000000008ffff] reserved
Apr 23 12:13:29.563712 nixos kernel: reserve setup_data: [mem 0x0000000000090000-0x000000000009ffff] usable
Apr 23 12:13:29.563732 nixos kernel: reserve setup_data: [mem 0x00000000000a0000-0x00000000000bffff] reserved
Apr 23 12:13:29.563749 nixos kernel: reserve setup_data: [mem 0x0000000000100000-0x0000000075f2580f] usable
Apr 23 12:13:29.563774 nixos kernel: reserve setup_data: [mem 0x0000000075f25810-0x0000000075f25cd2] usable
Apr 23 12:13:29.563789 nixos kernel: reserve setup_data: [mem 0x0000000075f25cd3-0x0000000075f2618f] usable
Apr 23 12:13:29.563810 nixos kernel: reserve setup_data: [mem 0x0000000075f26190-0x0000000075f361cf] usable
Apr 23 12:13:29.563832 nixos kernel: reserve setup_data: [mem 0x0000000075f361d0-0x000000008ad0ffff] usable
Apr 23 12:13:29.563855 nixos kernel: reserve setup_data: [mem 0x000000008ad10000-0x000000008ad52fff] ACPI NVS
Apr 23 12:13:29.563873 nixos kernel: reserve setup_data: [mem 0x000000008ad53000-0x000000008ad5cfff] usable
Apr 23 12:13:29.563893 nixos kernel: reserve setup_data: [mem 0x000000008ad5d000-0x000000008ad8efff] ACPI data
Apr 23 12:13:29.563914 nixos kernel: reserve setup_data: [mem 0x000000008ad8f000-0x000000008ae38fff] usable
Apr 23 12:13:29.563934 nixos kernel: reserve setup_data: [mem 0x000000008ae39000-0x000000008ae8efff] reserved
Apr 23 12:13:29.563950 nixos kernel: reserve setup_data: [mem 0x000000008ae8f000-0x000000008aed1fff] usable
Apr 23 12:13:29.563969 nixos kernel: reserve setup_data: [mem 0x000000008aed2000-0x000000008aefefff] reserved
Apr 23 12:13:29.564001 nixos kernel: reserve setup_data: [mem 0x000000008aeff000-0x000000008af83fff] usable
Apr 23 12:13:29.564023 nixos kernel: reserve setup_data: [mem 0x000000008af84000-0x000000008afeffff] reserved
Apr 23 12:13:29.564046 nixos kernel: reserve setup_data: [mem 0x000000008aff0000-0x000000008affffff] usable
Apr 23 12:13:29.564067 nixos kernel: reserve setup_data: [mem 0x000000008b000000-0x000000008f9fffff] reserved
Apr 23 12:13:29.564084 nixos kernel: reserve setup_data: [mem 0x00000000e00f8000-0x00000000e00f8fff] reserved
Apr 23 12:13:29.564103 nixos kernel: reserve setup_data: [mem 0x00000000fed1c000-0x00000000fed1ffff] reserved
Apr 23 12:13:29.564129 nixos kernel: reserve setup_data: [mem 0x00000000ffe10000-0x00000000ffe3ffff] reserved
Apr 23 12:13:29.564152 nixos kernel: reserve setup_data: [mem 0x0000000100000000-0x000000026f5fffff] usable
Apr 23 12:13:29.564169 nixos kernel: efi: EFI v1.1 by Apple
Apr 23 12:13:29.564190 nixos kernel: efi: ACPI=0x8ad8e000 ACPI 2.0=0x8ad8e014 SMBIOS=0x8ad11000 RNG=0x8ad61f90 INITRD=0x75f50790 
Apr 23 12:13:29.564208 nixos kernel: random: crng init done
Apr 23 12:13:29.564230 nixos kernel: efi: Not removing mem280: MMIO range=[0xe00f8000-0xe00f8fff] (4KB) from e820 map
Apr 23 12:13:29.564252 nixos kernel: efi: Not removing mem281: MMIO range=[0xfed1c000-0xfed1ffff] (16KB) from e820 map
Apr 23 12:13:29.564272 nixos kernel: efi: Not removing mem282: MMIO range=[0xffe10000-0xffe3ffff] (192KB) from e820 map
Apr 23 12:13:29.564293 nixos kernel: [Firmware Bug]: Corrupted DMI table, offset 2189 (only 40 entries processed)
Apr 23 12:13:29.564311 nixos kernel: SMBIOS 2.4 present.
Apr 23 12:13:29.564333 nixos kernel: DMI: Apple Inc. MacBookPro11,1/Mac-189A3D4F975D5FFC, BIOS 478.0.0.0.0 01/13/2023
Apr 23 12:13:29.564352 nixos kernel: DMI: Memory slots populated: 2/2
Apr 23 12:13:29.564375 nixos kernel: tsc: Fast TSC calibration using PIT
Apr 23 12:13:29.564399 nixos kernel: tsc: Detected 2599.839 MHz processor
Apr 23 12:13:29.564416 nixos kernel: e820: update [mem 0x00000000-0x00000fff] usable ==> reserved
Apr 23 12:13:29.564445 nixos kernel: e820: remove [mem 0x000a0000-0x000fffff] usable
Apr 23 12:13:29.564476 nixos kernel: last_pfn = 0x26f600 max_arch_pfn = 0x400000000
Apr 23 12:13:29.564500 nixos kernel: MTRR map: 5 entries (4 fixed + 1 variable; max 24), built from 10 variable MTRRs
Apr 23 12:13:29.564523 nixos kernel: x86/PAT: Configuration [0-7]: WB  WC  UC- UC  WB  WP  UC- WT  
Apr 23 12:13:29.564544 nixos kernel: last_pfn = 0x8b000 max_arch_pfn = 0x400000000
Apr 23 12:13:29.564570 nixos kernel: Using GB pages for direct mapping
Apr 23 12:13:29.564590 nixos kernel: Secure boot disabled
Apr 23 12:13:29.564615 nixos kernel: RAMDISK: [mem 0x7136e000-0x72d3cfff]
Apr 23 12:13:29.564631 nixos kernel: ACPI: Early table checksum verification disabled
Apr 23 12:13:29.564654 nixos kernel: ACPI: RSDP 0x000000008AD8E014 000024 (v02 APPLE )
Apr 23 12:13:29.564680 nixos kernel: ACPI: XSDT 0x000000008AD8E1C0 0000A4 (v01 APPLE  Apple00  00000000      01000013)
Apr 23 12:13:29.564704 nixos kernel: ACPI: FACP 0x000000008AD8C000 0000F4 (v05 APPLE  Apple00  00000000 Loki 0000005F)
Apr 23 12:13:29.564726 nixos kernel: ACPI: DSDT 0x000000008AD7F000 007681 (v03 APPLE  MacBookP 00110001 INTL 20100915)
Apr 23 12:13:29.564750 nixos kernel: ACPI: FACS 0x000000008AD18000 000040
Apr 23 12:13:29.564776 nixos kernel: ACPI: FACS 0x000000008AD18000 000040
Apr 23 12:13:29.564797 nixos kernel: ACPI: HPET 0x000000008AD8B000 000038 (v01 APPLE  Apple00  00000001 Loki 0000005F)
Apr 23 12:13:29.564823 nixos kernel: ACPI: APIC 0x000000008AD8A000 0000BC (v02 APPLE  Apple00  00000001 Loki 0000005F)
Apr 23 12:13:29.564839 nixos kernel: ACPI: SBST 0x000000008AD88000 000030 (v01 APPLE  Apple00  00000001 Loki 0000005F)
Apr 23 12:13:29.564867 nixos kernel: ACPI: ECDT 0x000000008AD87000 000053 (v01 APPLE  Apple00  00000001 Loki 0000005F)
Apr 23 12:13:29.564890 nixos kernel: ACPI: SSDT 0x000000008AD7E000 00010B (v01 APPLE  SataAhci 00001000 INTL 20100915)
Apr 23 12:13:29.564914 nixos kernel: ACPI: SSDT 0x000000008AD7D000 000024 (v01 APPLE  SmcDppt  00001000 INTL 20100915)
Apr 23 12:13:29.564943 nixos kernel: ACPI: SSDT 0x000000008AD7A000 000FE9 (v01 APPLE  SDUsbLpt 00001000 INTL 20100915)
Apr 23 12:13:29.564969 nixos kernel: ACPI: SSDT 0x000000008AD76000 000032 (v01 APPLE  SsdtS3   00001000 INTL 20100915)
Apr 23 12:13:29.565921 nixos kernel: ACPI: SSDT 0x000000008AD73000 0028B2 (v01 APPLE  PcieTbt  00001000 INTL 20100915)
Apr 23 12:13:29.565996 nixos kernel: ACPI: SSDT 0x000000008AD66000 0000B8 (v01 APPLE  Sdxc     00001000 INTL 20100915)
Apr 23 12:13:29.566024 nixos kernel: ACPI: SSDT 0x000000008AD65000 0003E0 (v01 APPLE  SaHdaCdc 00001000 INTL 20100915)
Apr 23 12:13:29.566049 nixos kernel: ACPI: SSDT 0x000000008AD64000 000594 (v01 PmRef  Cpu0Ist  00003000 INTL 20100915)
Apr 23 12:13:29.566073 nixos kernel: ACPI: SSDT 0x000000008AD63000 000B83 (v01 PmRef  CpuPm    00003000 INTL 20100915)
Apr 23 12:13:29.566087 nixos kernel: ACPI: DMAR 0x000000008AD62000 000088 (v01 APPLE  HSW      00000001 AAPL 00000001)
Apr 23 12:13:29.566101 nixos kernel: ACPI: MCFG 0x000000008AD89000 00003C (v01 APPLE  Apple00  00000001 Loki 0000005F)
Apr 23 12:13:29.566119 nixos kernel: ACPI: Reserving FACP table memory at [mem 0x8ad8c000-0x8ad8c0f3]
Apr 23 12:13:29.566136 nixos kernel: ACPI: Reserving DSDT table memory at [mem 0x8ad7f000-0x8ad86680]
Apr 23 12:13:29.566156 nixos kernel: ACPI: Reserving FACS table memory at [mem 0x8ad18000-0x8ad1803f]
Apr 23 12:13:29.566172 nixos kernel: ACPI: Reserving FACS table memory at [mem 0x8ad18000-0x8ad1803f]
Apr 23 12:13:29.566190 nixos kernel: ACPI: Reserving HPET table memory at [mem 0x8ad8b000-0x8ad8b037]
Apr 23 12:13:29.566210 nixos kernel: ACPI: Reserving APIC table memory at [mem 0x8ad8a000-0x8ad8a0bb]
Apr 23 12:13:29.566227 nixos kernel: ACPI: Reserving SBST table memory at [mem 0x8ad88000-0x8ad8802f]
Apr 23 12:13:29.566244 nixos kernel: ACPI: Reserving ECDT table memory at [mem 0x8ad87000-0x8ad87052]
Apr 23 12:13:29.566261 nixos kernel: ACPI: Reserving SSDT table memory at [mem 0x8ad7e000-0x8ad7e10a]
Apr 23 12:13:29.566278 nixos kernel: ACPI: Reserving SSDT table memory at [mem 0x8ad7d000-0x8ad7d023]
Apr 23 12:13:29.566296 nixos kernel: ACPI: Reserving SSDT table memory at [mem 0x8ad7a000-0x8ad7afe8]
Apr 23 12:13:29.566310 nixos kernel: ACPI: Reserving SSDT table memory at [mem 0x8ad76000-0x8ad76031]
Apr 23 12:13:29.566328 nixos kernel: ACPI: Reserving SSDT table memory at [mem 0x8ad73000-0x8ad758b1]
Apr 23 12:13:29.566342 nixos kernel: ACPI: Reserving SSDT table memory at [mem 0x8ad66000-0x8ad660b7]
Apr 23 12:13:29.566357 nixos kernel: ACPI: Reserving SSDT table memory at [mem 0x8ad65000-0x8ad653df]
Apr 23 12:13:29.566379 nixos kernel: ACPI: Reserving SSDT table memory at [mem 0x8ad64000-0x8ad64593]
Apr 23 12:13:29.566394 nixos kernel: ACPI: Reserving SSDT table memory at [mem 0x8ad63000-0x8ad63b82]
Apr 23 12:13:29.566408 nixos kernel: ACPI: Reserving DMAR table memory at [mem 0x8ad62000-0x8ad62087]
Apr 23 12:13:29.566423 nixos kernel: ACPI: Reserving MCFG table memory at [mem 0x8ad89000-0x8ad8903b]
Apr 23 12:13:29.566446 nixos kernel: ACPI: DMI detected to setup _OSI("Darwin"): Apple hardware
Apr 23 12:13:29.566461 nixos kernel: No NUMA configuration found
Apr 23 12:13:29.566475 nixos kernel: Faking a node at [mem 0x0000000000000000-0x000000026f5fffff]
Apr 23 12:13:29.566492 nixos kernel: NODE_DATA(0) allocated [mem 0x26f5fa8c0-0x26f5ffdff]
Apr 23 12:13:29.566507 nixos kernel: Zone ranges:
Apr 23 12:13:29.566526 nixos kernel:   DMA      [mem 0x0000000000001000-0x0000000000ffffff]
Apr 23 12:13:29.566541 nixos kernel:   DMA32    [mem 0x0000000001000000-0x00000000ffffffff]
Apr 23 12:13:29.566555 nixos kernel:   Normal   [mem 0x0000000100000000-0x000000026f5fffff]
Apr 23 12:13:29.566575 nixos kernel:   Device   empty
Apr 23 12:13:29.566590 nixos kernel: Movable zone start for each node
Apr 23 12:13:29.566607 nixos kernel: Early memory node ranges
Apr 23 12:13:29.566625 nixos kernel:   node   0: [mem 0x0000000000001000-0x0000000000057fff]
Apr 23 12:13:29.566642 nixos kernel:   node   0: [mem 0x0000000000059000-0x000000000008efff]
Apr 23 12:13:29.566665 nixos kernel:   node   0: [mem 0x0000000000090000-0x000000000009ffff]
Apr 23 12:13:29.566679 nixos kernel:   node   0: [mem 0x0000000000100000-0x000000008ad0ffff]
Apr 23 12:13:29.566695 nixos kernel:   node   0: [mem 0x000000008ad53000-0x000000008ad5cfff]
Apr 23 12:13:29.566716 nixos kernel:   node   0: [mem 0x000000008ad8f000-0x000000008ae38fff]
Apr 23 12:13:29.566732 nixos kernel:   node   0: [mem 0x000000008ae8f000-0x000000008aed1fff]
Apr 23 12:13:29.566753 nixos kernel:   node   0: [mem 0x000000008aeff000-0x000000008af83fff]
Apr 23 12:13:29.566767 nixos kernel:   node   0: [mem 0x000000008aff0000-0x000000008affffff]
Apr 23 12:13:29.566783 nixos kernel:   node   0: [mem 0x0000000100000000-0x000000026f5fffff]
Apr 23 12:13:29.566799 nixos kernel: Initmem setup node 0 [mem 0x0000000000001000-0x000000026f5fffff]
Apr 23 12:13:29.566818 nixos kernel: On node 0, zone DMA: 1 pages in unavailable ranges
Apr 23 12:13:29.566834 nixos kernel: On node 0, zone DMA: 1 pages in unavailable ranges
Apr 23 12:13:29.566857 nixos kernel: On node 0, zone DMA: 1 pages in unavailable ranges
Apr 23 12:13:29.566873 nixos kernel: On node 0, zone DMA: 96 pages in unavailable ranges
Apr 23 12:13:29.566889 nixos kernel: On node 0, zone DMA32: 67 pages in unavailable ranges
Apr 23 12:13:29.566905 nixos kernel: On node 0, zone DMA32: 50 pages in unavailable ranges
Apr 23 12:13:29.566926 nixos kernel: On node 0, zone DMA32: 86 pages in unavailable ranges
Apr 23 12:13:29.566941 nixos kernel: On node 0, zone DMA32: 45 pages in unavailable ranges
Apr 23 12:13:29.566955 nixos kernel: On node 0, zone DMA32: 108 pages in unavailable ranges
Apr 23 12:13:29.566974 nixos kernel: On node 0, zone Normal: 20480 pages in unavailable ranges
Apr 23 12:13:29.567098 nixos kernel: On node 0, zone Normal: 2560 pages in unavailable ranges
Apr 23 12:13:29.567115 nixos kernel: Reserving Intel graphics memory at [mem 0x8ba00000-0x8f9fffff]
Apr 23 12:13:29.567137 nixos kernel: ACPI: PM-Timer IO Port: 0x1808
Apr 23 12:13:29.567154 nixos kernel: ACPI: LAPIC_NMI (acpi_id[0x01] high edge lint[0x1])
Apr 23 12:13:29.567170 nixos kernel: ACPI: LAPIC_NMI (acpi_id[0x02] high edge lint[0x1])
Apr 23 12:13:29.567191 nixos kernel: ACPI: LAPIC_NMI (acpi_id[0x03] high edge lint[0x1])
Apr 23 12:13:29.567207 nixos kernel: ACPI: LAPIC_NMI (acpi_id[0x04] high edge lint[0x1])
Apr 23 12:13:29.567223 nixos kernel: ACPI: LAPIC_NMI (acpi_id[0x05] high edge lint[0x1])
Apr 23 12:13:29.567243 nixos kernel: ACPI: LAPIC_NMI (acpi_id[0x06] high edge lint[0x1])
Apr 23 12:13:29.567263 nixos kernel: ACPI: LAPIC_NMI (acpi_id[0x07] high edge lint[0x1])
Apr 23 12:13:29.567284 nixos kernel: ACPI: LAPIC_NMI (acpi_id[0x08] high edge lint[0x1])
Apr 23 12:13:29.567301 nixos kernel: IOAPIC[0]: apic_id 2, version 32, address 0xfec00000, GSI 0-39
Apr 23 12:13:29.567319 nixos kernel: ACPI: INT_SRC_OVR (bus 0 bus_irq 0 global_irq 2 dfl dfl)
Apr 23 12:13:29.567335 nixos kernel: ACPI: INT_SRC_OVR (bus 0 bus_irq 9 global_irq 9 high level)
Apr 23 12:13:29.567352 nixos kernel: ACPI: Using ACPI (MADT) for SMP configuration information
Apr 23 12:13:29.567370 nixos kernel: ACPI: HPET id: 0x8086a201 base: 0xfed00000
Apr 23 12:13:29.567388 nixos kernel: TSC deadline timer available
Apr 23 12:13:29.567408 nixos kernel: CPU topo: Max. logical packages:   1
Apr 23 12:13:29.567429 nixos kernel: CPU topo: Max. logical dies:       1
Apr 23 12:13:29.567449 nixos kernel: CPU topo: Max. dies per package:   1
Apr 23 12:13:29.567470 nixos kernel: CPU topo: Max. threads per core:   2
Apr 23 12:13:29.567487 nixos kernel: CPU topo: Num. cores per package:     2
Apr 23 12:13:29.567503 nixos kernel: CPU topo: Num. threads per package:   4
Apr 23 12:13:29.567519 nixos kernel: CPU topo: Allowing 4 present CPUs plus 0 hotplug CPUs
Apr 23 12:13:29.567540 nixos kernel: PM: hibernation: Registered nosave memory: [mem 0x00000000-0x00000fff]
Apr 23 12:13:29.567556 nixos kernel: PM: hibernation: Registered nosave memory: [mem 0x00058000-0x00058fff]
Apr 23 12:13:29.567579 nixos kernel: PM: hibernation: Registered nosave memory: [mem 0x0008f000-0x0008ffff]
Apr 23 12:13:29.567595 nixos kernel: PM: hibernation: Registered nosave memory: [mem 0x000a0000-0x000fffff]
Apr 23 12:13:29.567611 nixos kernel: PM: hibernation: Registered nosave memory: [mem 0x8ad10000-0x8ad52fff]
Apr 23 12:13:29.567626 nixos kernel: PM: hibernation: Registered nosave memory: [mem 0x8ad5d000-0x8ad8efff]
Apr 23 12:13:29.567643 nixos kernel: PM: hibernation: Registered nosave memory: [mem 0x8ae39000-0x8ae8efff]
Apr 23 12:13:29.567665 nixos kernel: PM: hibernation: Registered nosave memory: [mem 0x8aed2000-0x8aefefff]
Apr 23 12:13:29.567681 nixos kernel: PM: hibernation: Registered nosave memory: [mem 0x8af84000-0x8afeffff]
Apr 23 12:13:29.567696 nixos kernel: PM: hibernation: Registered nosave memory: [mem 0x8b000000-0xffffffff]
Apr 23 12:13:29.568739 nixos kernel: [mem 0x8fa00000-0xe00f7fff] available for PCI devices
Apr 23 12:13:29.568780 nixos kernel: Booting paravirtualized kernel on bare hardware
Apr 23 12:13:29.568802 nixos kernel: clocksource: refined-jiffies: mask: 0xffffffff max_cycles: 0xffffffff, max_idle_ns: 1910969940391419 ns
Apr 23 12:13:29.568828 nixos kernel: setup_percpu: NR_CPUS:384 nr_cpumask_bits:4 nr_cpu_ids:4 nr_node_ids:1
Apr 23 12:13:29.568847 nixos kernel: percpu: Embedded 116 pages/cpu s294912 r65536 d114688 u524288
Apr 23 12:13:29.568867 nixos kernel: pcpu-alloc: s294912 r65536 d114688 u524288 alloc=1*2097152
Apr 23 12:13:29.568892 nixos kernel: pcpu-alloc: [0] 0 1 2 3 
Apr 23 12:13:29.568916 nixos kernel: Kernel command line: initrd=\EFI\nixos\v6bc83nw2h5x85106qkcr1v1qyi1ax7g-initrd-linux-6.12.80-initrd.efi init=/nix/store/dq7n31aipvb3vkkqnwg179v4s6c9dcp4-nixos-system-nixos-25.11.9067.54170c54449e/init pci=noaer intel_iommu=on iommu=strict loglevel=4 lsm=landlock,yama,bpf
Apr 23 12:13:29.568934 nixos kernel: DMAR: IOMMU enabled
Apr 23 12:13:29.568956 nixos kernel: Dentry cache hash table entries: 1048576 (order: 11, 8388608 bytes, linear)
Apr 23 12:13:29.568974 nixos kernel: Inode-cache hash table entries: 524288 (order: 10, 4194304 bytes, linear)
Apr 23 12:13:29.569071 nixos kernel: Fallback order for Node 0: 0 
Apr 23 12:13:29.569090 nixos kernel: Built 1 zonelists, mobility grouping on.  Total pages: 2073657
Apr 23 12:13:29.569107 nixos kernel: Policy zone: Normal
Apr 23 12:13:29.569129 nixos kernel: mem auto-init: stack:all(zero), heap alloc:on, heap free:off
Apr 23 12:13:29.569149 nixos kernel: software IO TLB: area num 4.
Apr 23 12:13:29.569166 nixos kernel: SLUB: HWalign=64, Order=0-3, MinObjects=0, CPUs=4, Nodes=1
Apr 23 12:13:29.569182 nixos kernel: allocated 16777216 bytes of page_ext
Apr 23 12:13:29.569205 nixos kernel: Kernel/User page tables isolation: enabled
Apr 23 12:13:29.569222 nixos kernel: ftrace: allocating 46233 entries in 181 pages
Apr 23 12:13:29.569238 nixos kernel: ftrace: allocated 181 pages with 5 groups
Apr 23 12:13:29.569255 nixos kernel: Dynamic Preempt: voluntary
Apr 23 12:13:29.569275 nixos kernel: rcu: Preemptible hierarchical RCU implementation.
Apr 23 12:13:29.569300 nixos kernel: rcu:         RCU event tracing is enabled.
Apr 23 12:13:29.569316 nixos kernel: rcu:         RCU restricting CPUs from NR_CPUS=384 to nr_cpu_ids=4.
Apr 23 12:13:29.569332 nixos kernel:         Trampoline variant of Tasks RCU enabled.
Apr 23 12:13:29.569354 nixos kernel:         Rude variant of Tasks RCU enabled.
Apr 23 12:13:29.569375 nixos kernel:         Tracing variant of Tasks RCU enabled.
Apr 23 12:13:29.569393 nixos kernel: rcu: RCU calculated value of scheduler-enlistment delay is 100 jiffies.
Apr 23 12:13:29.569415 nixos kernel: rcu: Adjusting geometry for rcu_fanout_leaf=16, nr_cpu_ids=4
Apr 23 12:13:29.569438 nixos kernel: RCU Tasks: Setting shift to 2 and lim to 1 rcu_task_cb_adjust=1 rcu_task_cpu_ids=4.
Apr 23 12:13:29.569456 nixos kernel: RCU Tasks Rude: Setting shift to 2 and lim to 1 rcu_task_cb_adjust=1 rcu_task_cpu_ids=4.
Apr 23 12:13:29.569473 nixos kernel: RCU Tasks Trace: Setting shift to 2 and lim to 1 rcu_task_cb_adjust=1 rcu_task_cpu_ids=4.
Apr 23 12:13:29.569489 nixos kernel: NR_IRQS: 24832, nr_irqs: 728, preallocated irqs: 16
Apr 23 12:13:29.569510 nixos kernel: rcu: srcu_init: Setting srcu_struct sizes based on contention.
Apr 23 12:13:29.569532 nixos kernel: kfence: initialized - using 2097152 bytes for 255 objects at 0x(____ptrval____)-0x(____ptrval____)
Apr 23 12:13:29.569554 nixos kernel: Console: colour dummy device 80x25
Apr 23 12:13:29.569573 nixos kernel: printk: legacy console [tty0] enabled
Apr 23 12:13:29.569591 nixos kernel: ACPI: Core revision 20240827
Apr 23 12:13:29.569608 nixos kernel: hpet: HPET dysfunctional in PC10. Force disabled.
Apr 23 12:13:29.569626 nixos kernel: APIC: Switch to symmetric I/O mode setup
Apr 23 12:13:29.569642 nixos kernel: DMAR: Host address width 39
Apr 23 12:13:29.569658 nixos kernel: DMAR: DRHD base: 0x000000fed90000 flags: 0x0
Apr 23 12:13:29.569673 nixos kernel: DMAR: dmar0: reg_base_addr fed90000 ver 1:0 cap c0000020660462 ecap f0101a
Apr 23 12:13:29.569685 nixos kernel: DMAR: DRHD base: 0x000000fed91000 flags: 0x1
Apr 23 12:13:29.569694 nixos kernel: DMAR: dmar1: reg_base_addr fed91000 ver 1:0 cap d2008020660462 ecap f010da
Apr 23 12:13:29.569703 nixos kernel: DMAR: RMRR base: 0x0000008b800000 end: 0x0000008f9fffff
Apr 23 12:13:29.569712 nixos kernel: DMAR-IR: IOAPIC id 2 under DRHD base  0xfed91000 IOMMU 1
Apr 23 12:13:29.569726 nixos kernel: DMAR-IR: HPET id 0 under DRHD base 0xfed91000
Apr 23 12:13:29.569735 nixos kernel: DMAR-IR: Queued invalidation will be enabled to support x2apic and Intr-remapping.
Apr 23 12:13:29.569744 nixos kernel: DMAR-IR: Enabled IRQ remapping in x2apic mode
Apr 23 12:13:29.569753 nixos kernel: x2apic enabled
Apr 23 12:13:29.569764 nixos kernel: APIC: Switched APIC routing to: cluster x2apic
Apr 23 12:13:29.569775 nixos kernel: clocksource: tsc-early: mask: 0xffffffffffffffff max_cycles: 0x2579a3f407d, max_idle_ns: 440795236698 ns
Apr 23 12:13:29.569784 nixos kernel: Calibrating delay loop (skipped), value calculated using timer frequency.. 5199.67 BogoMIPS (lpj=2599839)
Apr 23 12:13:29.569793 nixos kernel: CPU0: Thermal monitoring enabled (TM1)
Apr 23 12:13:29.569802 nixos kernel: Last level iTLB entries: 4KB 1024, 2MB 1024, 4MB 1024
Apr 23 12:13:29.569811 nixos kernel: Last level dTLB entries: 4KB 1024, 2MB 1024, 4MB 1024, 1GB 4
Apr 23 12:13:29.569819 nixos kernel: process: using mwait in idle threads
Apr 23 12:13:29.569828 nixos kernel: Spectre V1 : Mitigation: usercopy/swapgs barriers and __user pointer sanitization
Apr 23 12:13:29.569837 nixos kernel: Spectre V2 : Mitigation: Retpolines
Apr 23 12:13:29.569846 nixos kernel: Spectre V2 : Spectre v2 / SpectreRSB: Filling RSB on context switch and VMEXIT
Apr 23 12:13:29.569857 nixos kernel: Spectre V2 : Enabling Restricted Speculation for firmware calls
Apr 23 12:13:29.569865 nixos kernel: Spectre V2 : mitigation: Enabling conditional Indirect Branch Prediction Barrier
Apr 23 12:13:29.569874 nixos kernel: Spectre V2 : User space: Mitigation: STIBP via prctl
Apr 23 12:13:29.569883 nixos kernel: Speculative Store Bypass: Mitigation: Speculative Store Bypass disabled via prctl
Apr 23 12:13:29.569892 nixos kernel: MDS: Mitigation: Clear CPU buffers
Apr 23 12:13:29.569901 nixos kernel: MMIO Stale Data: Unknown: No mitigations
Apr 23 12:13:29.569909 nixos kernel: SRBDS: Mitigation: Microcode
Apr 23 12:13:29.569918 nixos kernel: VMSCAPE: Mitigation: IBPB before exit to userspace
Apr 23 12:13:29.569928 nixos kernel: x86/fpu: Supporting XSAVE feature 0x001: 'x87 floating point registers'
Apr 23 12:13:29.569937 nixos kernel: x86/fpu: Supporting XSAVE feature 0x002: 'SSE registers'
Apr 23 12:13:29.569946 nixos kernel: x86/fpu: Supporting XSAVE feature 0x004: 'AVX registers'
Apr 23 12:13:29.569955 nixos kernel: x86/fpu: xstate_offset[2]:  576, xstate_sizes[2]:  256
Apr 23 12:13:29.569963 nixos kernel: x86/fpu: Enabled xstate features 0x7, context size is 832 bytes, using 'standard' format.
Apr 23 12:13:29.569972 nixos kernel: Freeing SMP alternatives memory: 40K
Apr 23 12:13:29.569991 nixos kernel: pid_max: default: 32768 minimum: 301
Apr 23 12:13:29.570000 nixos kernel: LSM: initializing lsm=capability,landlock,yama,bpf
Apr 23 12:13:29.570009 nixos kernel: landlock: Up and running.
Apr 23 12:13:29.570017 nixos kernel: Yama: becoming mindful.
Apr 23 12:13:29.570025 nixos kernel: LSM support for eBPF active
Apr 23 12:13:29.570036 nixos kernel: Mount-cache hash table entries: 16384 (order: 5, 131072 bytes, linear)
Apr 23 12:13:29.570044 nixos kernel: Mountpoint-cache hash table entries: 16384 (order: 5, 131072 bytes, linear)
Apr 23 12:13:29.570052 nixos kernel: smpboot: CPU0: Intel(R) Core(TM) i5-4288U CPU @ 2.60GHz (family: 0x6, model: 0x45, stepping: 0x1)
Apr 23 12:13:29.570061 nixos kernel: Performance Events: PEBS fmt2+, Haswell events, 16-deep LBR, full-width counters, Intel PMU driver.
Apr 23 12:13:29.570069 nixos kernel: ... version:                3
Apr 23 12:13:29.570077 nixos kernel: ... bit width:              48
Apr 23 12:13:29.570085 nixos kernel: ... generic registers:      4
Apr 23 12:13:29.570093 nixos kernel: ... value mask:             0000ffffffffffff
Apr 23 12:13:29.570102 nixos kernel: ... max period:             00007fffffffffff
Apr 23 12:13:29.570110 nixos kernel: ... fixed-purpose events:   3
Apr 23 12:13:29.570118 nixos kernel: ... event mask:             000000070000000f
Apr 23 12:13:29.570126 nixos kernel: signal: max sigframe size: 1776
Apr 23 12:13:29.570134 nixos kernel: Estimated ratio of average max frequency by base frequency (times 1024): 1220
Apr 23 12:13:29.570142 nixos kernel: rcu: Hierarchical SRCU implementation.
Apr 23 12:13:29.570151 nixos kernel: rcu:         Max phase no-delay instances is 400.
Apr 23 12:13:29.570161 nixos kernel: Timer migration: 1 hierarchy levels; 8 children per group; 1 crossnode level
Apr 23 12:13:29.570169 nixos kernel: NMI watchdog: Enabled. Permanently consumes one hw-PMU counter.
Apr 23 12:13:29.570178 nixos kernel: smp: Bringing up secondary CPUs ...
Apr 23 12:13:29.570186 nixos kernel: smpboot: x86: Booting SMP configuration:
Apr 23 12:13:29.570198 nixos kernel: .... node  #0, CPUs:      #1 #2 #3
Apr 23 12:13:29.570208 nixos kernel: MDS CPU bug present and SMT on, data leak possible. See https://www.kernel.org/doc/html/latest/admin-guide/hw-vuln/mds.html for more details.
Apr 23 12:13:29.570217 nixos kernel: VMSCAPE: SMT on, STIBP is required for full protection. See https://www.kernel.org/doc/html/latest/admin-guide/hw-vuln/vmscape.html for more details.
Apr 23 12:13:29.570226 nixos kernel: smp: Brought up 1 node, 4 CPUs
Apr 23 12:13:29.570234 nixos kernel: smpboot: Total of 4 processors activated (20798.71 BogoMIPS)
Apr 23 12:13:29.570242 nixos kernel: Memory: 7636120K/8294628K available (16384K kernel code, 2646K rwdata, 12592K rodata, 3416K init, 3348K bss, 627628K reserved, 0K cma-reserved)
Apr 23 12:13:29.570253 nixos kernel: devtmpfs: initialized
Apr 23 12:13:29.570261 nixos kernel: x86/mm: Memory block size: 128MB
Apr 23 12:13:29.570270 nixos kernel: ACPI: PM: Registering ACPI NVS region [mem 0x8ad10000-0x8ad52fff] (274432 bytes)
Apr 23 12:13:29.570279 nixos kernel: clocksource: jiffies: mask: 0xffffffff max_cycles: 0xffffffff, max_idle_ns: 1911260446275000 ns
Apr 23 12:13:29.570287 nixos kernel: futex hash table entries: 1024 (order: 4, 65536 bytes, linear)
Apr 23 12:13:29.570296 nixos kernel: pinctrl core: initialized pinctrl subsystem
Apr 23 12:13:29.570304 nixos kernel: PM: RTC time: 11:13:25, date: 2026-04-23
Apr 23 12:13:29.570312 nixos kernel: NET: Registered PF_NETLINK/PF_ROUTE protocol family
Apr 23 12:13:29.570321 nixos kernel: DMA: preallocated 1024 KiB GFP_KERNEL pool for atomic allocations
Apr 23 12:13:29.570330 nixos kernel: DMA: preallocated 1024 KiB GFP_KERNEL|GFP_DMA pool for atomic allocations
Apr 23 12:13:29.570338 nixos kernel: DMA: preallocated 1024 KiB GFP_KERNEL|GFP_DMA32 pool for atomic allocations
Apr 23 12:13:29.570349 nixos kernel: audit: initializing netlink subsys (disabled)
Apr 23 12:13:29.570358 nixos kernel: audit: type=2000 audit(1776942805.005:1): state=initialized audit_enabled=0 res=1
Apr 23 12:13:29.570367 nixos kernel: thermal_sys: Registered thermal governor 'bang_bang'
Apr 23 12:13:29.570375 nixos kernel: thermal_sys: Registered thermal governor 'step_wise'
Apr 23 12:13:29.570383 nixos kernel: thermal_sys: Registered thermal governor 'user_space'
Apr 23 12:13:29.570391 nixos kernel: cpuidle: using governor menu
Apr 23 12:13:29.570399 nixos kernel: efi: Freeing EFI boot services memory: 341424K
Apr 23 12:13:29.570408 nixos kernel: acpiphp: ACPI Hot Plug PCI Controller Driver version: 0.5
Apr 23 12:13:29.570417 nixos kernel: PCI: ECAM [mem 0xe0000000-0xe9bfffff] (base 0xe0000000) for domain 0000 [bus 00-9b]
Apr 23 12:13:29.570426 nixos kernel: PCI: Using configuration type 1 for base access
Apr 23 12:13:29.570436 nixos kernel: core: PMU erratum BJ122, BV98, HSD29 worked around, HT is on
Apr 23 12:13:29.570445 nixos kernel: kprobes: kprobe jump-optimization is enabled. All kprobes are optimized if possible.
Apr 23 12:13:29.570454 nixos kernel: HugeTLB: registered 1.00 GiB page size, pre-allocated 0 pages
Apr 23 12:13:29.570462 nixos kernel: HugeTLB: 16380 KiB vmemmap can be freed for a 1.00 GiB page
Apr 23 12:13:29.570471 nixos kernel: HugeTLB: registered 2.00 MiB page size, pre-allocated 0 pages
Apr 23 12:13:29.570479 nixos kernel: HugeTLB: 28 KiB vmemmap can be freed for a 2.00 MiB page
Apr 23 12:13:29.570487 nixos kernel: ACPI: Disabled all _OSI OS vendors
Apr 23 12:13:29.570496 nixos kernel: ACPI: Added _OSI(Module Device)
Apr 23 12:13:29.570504 nixos kernel: ACPI: Added _OSI(Processor Device)
Apr 23 12:13:29.570512 nixos kernel: ACPI: Added _OSI(Processor Aggregator Device)
Apr 23 12:13:29.570520 nixos kernel: ACPI: Added _OSI(Darwin)
Apr 23 12:13:29.570528 nixos kernel: ACPI: 10 ACPI AML tables successfully acquired and loaded
Apr 23 12:13:29.570539 nixos kernel: ACPI: EC: EC started
Apr 23 12:13:29.570548 nixos kernel: ACPI: EC: interrupt blocked
Apr 23 12:13:29.570557 nixos kernel: ACPI: EC: EC_CMD/EC_SC=0x66, EC_DATA=0x62
Apr 23 12:13:29.570565 nixos kernel: ACPI: EC: Boot ECDT EC used to handle transactions
Apr 23 12:13:29.570574 nixos kernel: ACPI: BIOS _OSI(Darwin) query honored via DMI
Apr 23 12:13:29.570583 nixos kernel: ACPI: [Firmware Bug]: BIOS _OSI(Linux) query ignored
Apr 23 12:13:29.570592 nixos kernel: ACPI: Dynamic OEM Table Load:
Apr 23 12:13:29.570601 nixos kernel: ACPI: SSDT 0xFFFF8DA741356800 0004F0 (v01 PmRef  Cpu0Cst  00003001 INTL 20100915)
Apr 23 12:13:29.570610 nixos kernel: ACPI: Dynamic OEM Table Load:
Apr 23 12:13:29.570620 nixos kernel: ACPI: SSDT 0xFFFF8DA741357000 00067C (v01 PmRef  ApIst    00003000 INTL 20100915)
Apr 23 12:13:29.570629 nixos kernel: ACPI: Dynamic OEM Table Load:
Apr 23 12:13:29.570638 nixos kernel: ACPI: SSDT 0xFFFF8DA741371600 000119 (v01 PmRef  ApCst    00003000 INTL 20100915)
Apr 23 12:13:29.570646 nixos kernel: ACPI: Interpreter enabled
Apr 23 12:13:29.570655 nixos kernel: ACPI: PM: (supports S0 S3 S4 S5)
Apr 23 12:13:29.570664 nixos kernel: ACPI: Using IOAPIC for interrupt routing
Apr 23 12:13:29.570672 nixos kernel: PCI: Using host bridge windows from ACPI; if necessary, use "pci=nocrs" and report a bug
Apr 23 12:13:29.570681 nixos kernel: PCI: Ignoring E820 reservations for host bridge windows
Apr 23 12:13:29.570690 nixos kernel: ACPI: Enabled 4 GPEs in block 00 to 7F
Apr 23 12:13:29.570700 nixos kernel: ACPI: PCI Root Bridge [PCI0] (domain 0000 [bus 00-ff])
Apr 23 12:13:29.570947 nixos kernel: acpi PNP0A08:00: _OSC: OS assumes control of [PCIeHotplug SHPCHotplug AER PCIeCapability LTR DPC]
Apr 23 12:13:29.571156 nixos kernel: acpi PNP0A08:00: [Firmware Info]: ECAM [mem 0xe0000000-0xe9bfffff] for domain 0000 [bus 00-9b] only partially covers this bridge
Apr 23 12:13:29.571171 nixos kernel: PCI host bridge to bus 0000:00
Apr 23 12:13:29.571350 nixos kernel: pci_bus 0000:00: root bus resource [io  0x0000-0x0cf7 window]
Apr 23 12:13:29.571522 nixos kernel: pci_bus 0000:00: root bus resource [io  0x0d00-0xffff window]
Apr 23 12:13:29.571694 nixos kernel: pci_bus 0000:00: root bus resource [mem 0x000a0000-0x000fffff window]
Apr 23 12:13:29.571860 nixos kernel: pci_bus 0000:00: root bus resource [mem 0x8fa00000-0xfeafffff window]
Apr 23 12:13:29.572084 nixos kernel: pci_bus 0000:00: root bus resource [mem 0xfed40000-0xfed44fff window]
Apr 23 12:13:29.572259 nixos kernel: pci_bus 0000:00: root bus resource [bus 00-ff]
Apr 23 12:13:29.572463 nixos kernel: pci 0000:00:00.0: [8086:0a04] type 00 class 0x060000 conventional PCI endpoint
Apr 23 12:13:29.572662 nixos kernel: pci 0000:00:02.0: [8086:0a2e] type 00 class 0x030000 conventional PCI endpoint
Apr 23 12:13:29.572848 nixos kernel: pci 0000:00:02.0: BAR 0 [mem 0xb0000000-0xb03fffff 64bit]
Apr 23 12:13:29.573036 nixos kernel: pci 0000:00:02.0: BAR 2 [mem 0xa0000000-0xafffffff 64bit pref]
Apr 23 12:13:29.573223 nixos kernel: pci 0000:00:02.0: BAR 4 [io  0x2000-0x203f]
Apr 23 12:13:29.573401 nixos kernel: pci 0000:00:02.0: Video device with shadowed ROM at [mem 0x000c0000-0x000dffff]
Apr 23 12:13:29.573588 nixos kernel: pci 0000:00:03.0: [8086:0a0c] type 00 class 0x040300 PCIe Root Complex Integrated Endpoint
Apr 23 12:13:29.573772 nixos kernel: pci 0000:00:03.0: BAR 0 [mem 0xb0a10000-0xb0a13fff 64bit]
Apr 23 12:13:29.573960 nixos kernel: pci 0000:00:14.0: [8086:9c31] type 00 class 0x0c0330 conventional PCI endpoint
Apr 23 12:13:29.574155 nixos kernel: pci 0000:00:14.0: BAR 0 [mem 0xb0a00000-0xb0a0ffff 64bit]
Apr 23 12:13:29.574335 nixos kernel: pci 0000:00:14.0: PME# supported from D3hot D3cold
Apr 23 12:13:29.574521 nixos kernel: pci 0000:00:16.0: [8086:9c3a] type 00 class 0x078000 conventional PCI endpoint
Apr 23 12:13:29.574701 nixos kernel: pci 0000:00:16.0: BAR 0 [mem 0xb0a2a100-0xb0a2a11f 64bit]
Apr 23 12:13:29.574883 nixos kernel: pci 0000:00:16.0: PME# supported from D0 D3hot D3cold
Apr 23 12:13:29.575084 nixos kernel: pci 0000:00:1b.0: [8086:9c20] type 00 class 0x040300 PCIe Root Complex Integrated Endpoint
Apr 23 12:13:29.575266 nixos kernel: pci 0000:00:1b.0: BAR 0 [mem 0xb0a14000-0xb0a17fff 64bit]
Apr 23 12:13:29.575443 nixos kernel: pci 0000:00:1b.0: PME# supported from D0 D3hot D3cold
Apr 23 12:13:29.575631 nixos kernel: pci 0000:00:1c.0: [8086:9c10] type 01 class 0x060400 PCIe Root Port
Apr 23 12:13:29.575815 nixos kernel: pci 0000:00:1c.0: PCI bridge to [bus 01]
Apr 23 12:13:29.576009 nixos kernel: pci 0000:00:1c.0: PME# supported from D0 D3hot D3cold
Apr 23 12:13:29.576206 nixos kernel: pci 0000:00:1c.1: [8086:9c12] type 01 class 0x060400 PCIe Root Port
Apr 23 12:13:29.576392 nixos kernel: pci 0000:00:1c.1: PCI bridge to [bus 02]
Apr 23 12:13:29.576575 nixos kernel: pci 0000:00:1c.1:   bridge window [mem 0xb0800000-0xb09fffff]
Apr 23 12:13:29.576756 nixos kernel: pci 0000:00:1c.1:   bridge window [mem 0x90000000-0x9fffffff 64bit pref]
Apr 23 12:13:29.576935 nixos kernel: pci 0000:00:1c.1: PME# supported from D0 D3hot D3cold
Apr 23 12:13:29.577127 nixos kernel: pci 0000:00:1c.2: [8086:9c14] type 01 class 0x060400 PCIe Root Port
Apr 23 12:13:29.577308 nixos kernel: pci 0000:00:1c.2: PCI bridge to [bus 03]
Apr 23 12:13:29.577485 nixos kernel: pci 0000:00:1c.2:   bridge window [mem 0xb0400000-0xb06fffff]
Apr 23 12:13:29.577663 nixos kernel: pci 0000:00:1c.2: PME# supported from D0 D3hot D3cold
Apr 23 12:13:29.577845 nixos kernel: pci 0000:00:1c.4: [8086:9c18] type 01 class 0x060400 PCIe Root Port
Apr 23 12:13:29.578127 nixos kernel: pci 0000:00:1c.4: PCI bridge to [bus 05-9b]
Apr 23 12:13:29.578410 nixos kernel: pci 0000:00:1c.4:   bridge window [io  0x3000-0x5fff]
Apr 23 12:13:29.578690 nixos kernel: pci 0000:00:1c.4:   bridge window [mem 0xb0b00000-0xbcbfffff]
Apr 23 12:13:29.579059 nixos kernel: pci 0000:00:1c.4:   bridge window [mem 0xbcc00000-0xc8bfffff 64bit pref]
Apr 23 12:13:29.579376 nixos kernel: pci 0000:00:1c.4: PME# supported from D0 D3hot D3cold
Apr 23 12:13:29.579666 nixos kernel: pci 0000:00:1c.5: [8086:9c1a] type 01 class 0x060400 PCIe Root Port
Apr 23 12:13:29.579946 nixos kernel: pci 0000:00:1c.5: PCI bridge to [bus 04]
Apr 23 12:13:29.580242 nixos kernel: pci 0000:00:1c.5:   bridge window [mem 0xb0700000-0xb07fffff]
Apr 23 12:13:29.580525 nixos kernel: pci 0000:00:1c.5: PME# supported from D0 D3hot D3cold
Apr 23 12:13:29.580840 nixos kernel: pci 0000:00:1f.0: [8086:9c43] type 00 class 0x060100 conventional PCI endpoint
Apr 23 12:13:29.581188 nixos kernel: pci 0000:00:1f.3: [8086:9c22] type 00 class 0x0c0500 conventional PCI endpoint
Apr 23 12:13:29.581578 nixos kernel: pci 0000:00:1f.3: BAR 0 [mem 0xb0a2a000-0xb0a2a0ff 64bit]
Apr 23 12:13:29.582131 nixos kernel: pci 0000:00:1f.3: BAR 4 [io  0xefa0-0xefbf]
Apr 23 12:13:29.582550 nixos kernel: pci 0000:00:1c.0: PCI bridge to [bus 01]
Apr 23 12:13:29.582986 nixos kernel: pci 0000:02:00.0: [14e4:1570] type 00 class 0x048000 PCIe Endpoint
Apr 23 12:13:29.583398 nixos kernel: pci 0000:02:00.0: BAR 0 [mem 0xb0900000-0xb090ffff 64bit]
Apr 23 12:13:29.583789 nixos kernel: pci 0000:02:00.0: BAR 2 [mem 0x90000000-0x9fffffff 64bit pref]
Apr 23 12:13:29.584192 nixos kernel: pci 0000:02:00.0: BAR 4 [mem 0xb0800000-0xb08fffff 64bit]
Apr 23 12:13:29.584486 nixos kernel: pci 0000:02:00.0: supports D1
Apr 23 12:13:29.584781 nixos kernel: pci 0000:02:00.0: PME# supported from D0 D3hot
Apr 23 12:13:29.585114 nixos kernel: pci 0000:00:1c.1: PCI bridge to [bus 02]
Apr 23 12:13:29.585427 nixos kernel: pci 0000:03:00.0: [14e4:43a0] type 00 class 0x028000 PCIe Endpoint
Apr 23 12:13:29.585748 nixos kernel: pci 0000:03:00.0: BAR 0 [mem 0xb0600000-0xb0607fff 64bit]
Apr 23 12:13:29.586066 nixos kernel: pci 0000:03:00.0: BAR 2 [mem 0xb0400000-0xb05fffff 64bit]
Apr 23 12:13:29.586364 nixos kernel: pci 0000:03:00.0: supports D1 D2
Apr 23 12:13:29.586667 nixos kernel: pci 0000:03:00.0: PME# supported from D0 D1 D2 D3hot D3cold
Apr 23 12:13:29.586963 nixos kernel: pci 0000:00:1c.2: PCI bridge to [bus 03]
Apr 23 12:13:29.587293 nixos kernel: pci 0000:05:00.0: [8086:156d] type 01 class 0x060400 PCIe Switch Upstream Port
Apr 23 12:13:29.587600 nixos kernel: pci 0000:05:00.0: PCI bridge to [bus 06-6b]
Apr 23 12:13:29.587922 nixos kernel: pci 0000:05:00.0:   bridge window [io  0x3000-0x4fff]
Apr 23 12:13:29.588255 nixos kernel: pci 0000:05:00.0:   bridge window [mem 0xb0b00000-0xb8bfffff]
Apr 23 12:13:29.588556 nixos kernel: pci 0000:05:00.0:   bridge window [mem 0xbcc00000-0xc4bfffff 64bit pref]
Apr 23 12:13:29.588862 nixos kernel: pci 0000:05:00.0: enabling Extended Tags
Apr 23 12:13:29.589179 nixos kernel: pci 0000:05:00.0: supports D1 D2
Apr 23 12:13:29.589479 nixos kernel: pci 0000:05:00.0: PME# supported from D0 D1 D2 D3hot D3cold
Apr 23 12:13:29.589787 nixos kernel: pci 0000:00:1c.4: PCI bridge to [bus 05-9b]
Apr 23 12:13:29.590112 nixos kernel: pci 0000:06:00.0: [8086:156d] type 01 class 0x060400 PCIe Switch Downstream Port
Apr 23 12:13:29.590434 nixos kernel: pci 0000:06:00.0: PCI bridge to [bus 07]
Apr 23 12:13:29.590742 nixos kernel: pci 0000:06:00.0:   bridge window [mem 0xb0b00000-0xb0bfffff]
Apr 23 12:13:29.591062 nixos kernel: pci 0000:06:00.0: enabling Extended Tags
Apr 23 12:13:29.591398 nixos kernel: pci 0000:06:00.0: supports D1 D2
Apr 23 12:13:29.591736 nixos kernel: pci 0000:06:00.0: PME# supported from D0 D1 D2 D3hot D3cold
Apr 23 12:13:29.595210 nixos kernel: pci 0000:06:03.0: [8086:156d] type 01 class 0x060400 PCIe Switch Downstream Port
Apr 23 12:13:29.595716 nixos kernel: pci 0000:06:03.0: PCI bridge to [bus 08-38]
Apr 23 12:13:29.596189 nixos kernel: pci 0000:06:03.0:   bridge window [io  0x3000-0x3fff]
Apr 23 12:13:29.596636 nixos kernel: pci 0000:06:03.0:   bridge window [mem 0xb0c00000-0xb4bfffff]
Apr 23 12:13:29.597102 nixos kernel: pci 0000:06:03.0:   bridge window [mem 0xbcc00000-0xc0bfffff 64bit pref]
Apr 23 12:13:29.597544 nixos kernel: pci 0000:06:03.0: enabling Extended Tags
Apr 23 12:13:29.597848 nixos kernel: pci 0000:06:03.0: supports D1 D2
Apr 23 12:13:29.599258 nixos kernel: pci 0000:06:03.0: PME# supported from D0 D1 D2 D3hot D3cold
Apr 23 12:13:29.599611 nixos kernel: pci 0000:06:04.0: [8086:156d] type 01 class 0x060400 PCIe Switch Downstream Port
Apr 23 12:13:29.599929 nixos kernel: pci 0000:06:04.0: PCI bridge to [bus 39]
Apr 23 12:13:29.602338 nixos kernel: pci 0000:06:04.0: enabling Extended Tags
Apr 23 12:13:29.602678 nixos kernel: pci 0000:06:04.0: supports D1 D2
Apr 23 12:13:29.602969 nixos kernel: pci 0000:06:04.0: PME# supported from D0 D1 D2 D3hot D3cold
Apr 23 12:13:29.603301 nixos kernel: pci 0000:06:05.0: [8086:156d] type 01 class 0x060400 PCIe Switch Downstream Port
Apr 23 12:13:29.603617 nixos kernel: pci 0000:06:05.0: PCI bridge to [bus 3a-6a]
Apr 23 12:13:29.603928 nixos kernel: pci 0000:06:05.0:   bridge window [io  0x4000-0x4fff]
Apr 23 12:13:29.604247 nixos kernel: pci 0000:06:05.0:   bridge window [mem 0xb4c00000-0xb8bfffff]
Apr 23 12:13:29.604557 nixos kernel: pci 0000:06:05.0:   bridge window [mem 0xc0c00000-0xc4bfffff 64bit pref]
Apr 23 12:13:29.604876 nixos kernel: pci 0000:06:05.0: enabling Extended Tags
Apr 23 12:13:29.605260 nixos kernel: pci 0000:06:05.0: supports D1 D2
Apr 23 12:13:29.605570 nixos kernel: pci 0000:06:05.0: PME# supported from D0 D1 D2 D3hot D3cold
Apr 23 12:13:29.605880 nixos kernel: pci 0000:06:06.0: [8086:156d] type 01 class 0x060400 PCIe Switch Downstream Port
Apr 23 12:13:29.606204 nixos kernel: pci 0000:06:06.0: PCI bridge to [bus 6b]
Apr 23 12:13:29.606520 nixos kernel: pci 0000:06:06.0: enabling Extended Tags
Apr 23 12:13:29.606836 nixos kernel: pci 0000:06:06.0: supports D1 D2
Apr 23 12:13:29.607153 nixos kernel: pci 0000:06:06.0: PME# supported from D0 D1 D2 D3hot D3cold
Apr 23 12:13:29.607456 nixos kernel: pci 0000:05:00.0: PCI bridge to [bus 06-6b]
Apr 23 12:13:29.607780 nixos kernel: pci 0000:07:00.0: [8086:156c] type 00 class 0x088000 PCIe Endpoint
Apr 23 12:13:29.608105 nixos kernel: pci 0000:07:00.0: BAR 0 [mem 0xb0b00000-0xb0b3ffff]
Apr 23 12:13:29.608419 nixos kernel: pci 0000:07:00.0: BAR 1 [mem 0xb0b40000-0xb0b40fff]
Apr 23 12:13:29.608734 nixos kernel: pci 0000:07:00.0: enabling Extended Tags
Apr 23 12:13:29.609060 nixos kernel: pci 0000:07:00.0: supports D1 D2
Apr 23 12:13:29.609370 nixos kernel: pci 0000:07:00.0: PME# supported from D0 D1 D2 D3hot D3cold
Apr 23 12:13:29.609676 nixos kernel: pci 0000:06:00.0: PCI bridge to [bus 07]
Apr 23 12:13:29.609997 nixos kernel: pci 0000:06:03.0: PCI bridge to [bus 08-38]
Apr 23 12:13:29.610301 nixos kernel: pci 0000:06:04.0: PCI bridge to [bus 39]
Apr 23 12:13:29.610604 nixos kernel: pci 0000:06:05.0: PCI bridge to [bus 3a-6a]
Apr 23 12:13:29.610904 nixos kernel: pci 0000:06:06.0: PCI bridge to [bus 6b]
Apr 23 12:13:29.611221 nixos kernel: pci 0000:04:00.0: [144d:1600] type 00 class 0x010601 PCIe Endpoint
Apr 23 12:13:29.611512 nixos kernel: pci 0000:04:00.0: BAR 5 [mem 0xb0700000-0xb0701fff]
Apr 23 12:13:29.611801 nixos kernel: pci 0000:04:00.0: ROM [mem 0xffff0000-0xffffffff pref]
Apr 23 12:13:29.612098 nixos kernel: pci 0000:04:00.0: PME# supported from D3hot D3cold
Apr 23 12:13:29.612403 nixos kernel: pci 0000:04:00.0: 8.000 Gb/s available PCIe bandwidth, limited by 5.0 GT/s PCIe x2 link at 0000:00:1c.5 (capable of 16.000 Gb/s with 5.0 GT/s PCIe x4 link)
Apr 23 12:13:29.612685 nixos kernel: pci 0000:00:1c.5: PCI bridge to [bus 04]
Apr 23 12:13:29.612710 nixos kernel: ACPI: PCI: Interrupt link LNKA configured for IRQ 0
Apr 23 12:13:29.612729 nixos kernel: ACPI: PCI: Interrupt link LNKA disabled
Apr 23 12:13:29.612746 nixos kernel: ACPI: PCI: Interrupt link LNKB configured for IRQ 0
Apr 23 12:13:29.612763 nixos kernel: ACPI: PCI: Interrupt link LNKB disabled
Apr 23 12:13:29.612779 nixos kernel: ACPI: PCI: Interrupt link LNKC configured for IRQ 0
Apr 23 12:13:29.612797 nixos kernel: ACPI: PCI: Interrupt link LNKC disabled
Apr 23 12:13:29.612814 nixos kernel: ACPI: PCI: Interrupt link LNKD configured for IRQ 0
Apr 23 12:13:29.612834 nixos kernel: ACPI: PCI: Interrupt link LNKD disabled
Apr 23 12:13:29.612850 nixos kernel: ACPI: PCI: Interrupt link LNKE configured for IRQ 0
Apr 23 12:13:29.612866 nixos kernel: ACPI: PCI: Interrupt link LNKE disabled
Apr 23 12:13:29.612884 nixos kernel: ACPI: PCI: Interrupt link LNKF configured for IRQ 0
Apr 23 12:13:29.612901 nixos kernel: ACPI: PCI: Interrupt link LNKF disabled
Apr 23 12:13:29.612917 nixos kernel: ACPI: PCI: Interrupt link LNKG configured for IRQ 0
Apr 23 12:13:29.612933 nixos kernel: ACPI: PCI: Interrupt link LNKG disabled
Apr 23 12:13:29.612954 nixos kernel: ACPI: PCI: Interrupt link LNKH configured for IRQ 0
Apr 23 12:13:29.612971 nixos kernel: ACPI: PCI: Interrupt link LNKH disabled
Apr 23 12:13:29.612999 nixos kernel: ACPI: EC: interrupt unblocked
Apr 23 12:13:29.613017 nixos kernel: ACPI: EC: event unblocked
Apr 23 12:13:29.613033 nixos kernel: ACPI: EC: EC_CMD/EC_SC=0x66, EC_DATA=0x62
Apr 23 12:13:29.613050 nixos kernel: ACPI: EC: GPE=0x4e
Apr 23 12:13:29.613068 nixos kernel: ACPI: \_SB_.PCI0.LPCB.EC__: Boot ECDT EC initialization complete
Apr 23 12:13:29.613085 nixos kernel: ACPI: \_SB_.PCI0.LPCB.EC__: EC: Used to handle transactions and events
Apr 23 12:13:29.613102 nixos kernel: iommu: Default domain type: Translated
Apr 23 12:13:29.613120 nixos kernel: iommu: DMA domain TLB invalidation policy: lazy mode
Apr 23 12:13:29.613136 nixos kernel: ACPI: bus type USB registered
Apr 23 12:13:29.613156 nixos kernel: usbcore: registered new interface driver usbfs
Apr 23 12:13:29.613172 nixos kernel: usbcore: registered new interface driver hub
Apr 23 12:13:29.613189 nixos kernel: usbcore: registered new device driver usb
Apr 23 12:13:29.613205 nixos kernel: efivars: Registered efivars operations
Apr 23 12:13:29.613221 nixos kernel: NetLabel: Initializing
Apr 23 12:13:29.613239 nixos kernel: NetLabel:  domain hash size = 128
Apr 23 12:13:29.613255 nixos kernel: NetLabel:  protocols = UNLABELED CIPSOv4 CALIPSO
Apr 23 12:13:29.613272 nixos kernel: NetLabel:  unlabeled traffic allowed by default
Apr 23 12:13:29.613288 nixos kernel: PCI: Using ACPI for IRQ routing
Apr 23 12:13:29.613307 nixos kernel: PCI: pci_cache_line_size set to 64 bytes
Apr 23 12:13:29.613325 nixos kernel: e820: reserve RAM buffer [mem 0x00058000-0x0005ffff]
Apr 23 12:13:29.613342 nixos kernel: e820: reserve RAM buffer [mem 0x0008f000-0x0008ffff]
Apr 23 12:13:29.613359 nixos kernel: e820: reserve RAM buffer [mem 0x75f25810-0x77ffffff]
Apr 23 12:13:29.613375 nixos kernel: e820: reserve RAM buffer [mem 0x75f26190-0x77ffffff]
Apr 23 12:13:29.613391 nixos kernel: e820: reserve RAM buffer [mem 0x8ad10000-0x8bffffff]
Apr 23 12:13:29.613408 nixos kernel: e820: reserve RAM buffer [mem 0x8ad5d000-0x8bffffff]
Apr 23 12:13:29.613424 nixos kernel: e820: reserve RAM buffer [mem 0x8ae39000-0x8bffffff]
Apr 23 12:13:29.613440 nixos kernel: e820: reserve RAM buffer [mem 0x8aed2000-0x8bffffff]
Apr 23 12:13:29.613460 nixos kernel: e820: reserve RAM buffer [mem 0x8af84000-0x8bffffff]
Apr 23 12:13:29.613478 nixos kernel: e820: reserve RAM buffer [mem 0x8b000000-0x8bffffff]
Apr 23 12:13:29.613494 nixos kernel: e820: reserve RAM buffer [mem 0x26f600000-0x26fffffff]
Apr 23 12:13:29.613814 nixos kernel: pci 0000:00:02.0: vgaarb: setting as boot VGA device
Apr 23 12:13:29.614380 nixos kernel: pci 0000:00:02.0: vgaarb: bridge control possible
Apr 23 12:13:29.614683 nixos kernel: pci 0000:00:02.0: vgaarb: VGA device added: decodes=io+mem,owns=io+mem,locks=none
Apr 23 12:13:29.614719 nixos kernel: vgaarb: loaded
Apr 23 12:13:29.614735 nixos kernel: clocksource: Switched to clocksource tsc-early
Apr 23 12:13:29.614754 nixos kernel: VFS: Disk quotas dquot_6.6.0
Apr 23 12:13:29.614773 nixos kernel: VFS: Dquot-cache hash table entries: 512 (order 0, 4096 bytes)
Apr 23 12:13:29.614790 nixos kernel: pnp: PnP ACPI init
Apr 23 12:13:29.615121 nixos kernel: system 00:00: [mem 0xfed00000-0xfed03fff] has been reserved
Apr 23 12:13:29.615434 nixos kernel: system 00:01: [io  0xffff] has been reserved
Apr 23 12:13:29.615684 nixos kernel: system 00:01: [io  0x1800-0x187f] has been reserved
Apr 23 12:13:29.616000 nixos kernel: system 00:01: [io  0x0800-0x087f] has been reserved
Apr 23 12:13:29.616256 nixos kernel: system 00:03: [mem 0xfed1c000-0xfed1ffff] has been reserved
Apr 23 12:13:29.616501 nixos kernel: system 00:03: [mem 0xfed10000-0xfed17fff] has been reserved
Apr 23 12:13:29.616741 nixos kernel: system 00:03: [mem 0xfed18000-0xfed18fff] has been reserved
Apr 23 12:13:29.616986 nixos kernel: system 00:03: [mem 0xfed19000-0xfed19fff] has been reserved
Apr 23 12:13:29.617272 nixos kernel: system 00:03: [mem 0xe0000000-0xefffffff] could not be reserved
Apr 23 12:13:29.617516 nixos kernel: system 00:03: [mem 0xfed20000-0xfed3ffff] has been reserved
Apr 23 12:13:29.617771 nixos kernel: system 00:03: [mem 0xfed90000-0xfed93fff] could not be reserved
Apr 23 12:13:29.618044 nixos kernel: system 00:03: [mem 0xfed45000-0xfed8ffff] has been reserved
Apr 23 12:13:29.618320 nixos kernel: system 00:03: [mem 0xff000000-0xffffffff] could not be reserved
Apr 23 12:13:29.618582 nixos kernel: system 00:03: [mem 0xfee00000-0xfeefffff] has been reserved
Apr 23 12:13:29.618856 nixos kernel: system 00:04: [mem 0x20000000-0x201fffff] could not be reserved
Apr 23 12:13:29.619146 nixos kernel: system 00:04: [mem 0x40000000-0x401fffff] could not be reserved
Apr 23 12:13:29.619170 nixos kernel: pnp: PnP ACPI: found 5 devices
Apr 23 12:13:29.619458 nixos kernel: pci 0000:00:02.0: assigning 3 device properties
Apr 23 12:13:29.619803 nixos kernel: pci 0000:07:00.0: assigning 8 device properties
Apr 23 12:13:29.620111 nixos kernel: pci 0000:00:1b.0: assigning 4 device properties
Apr 23 12:13:29.620143 nixos kernel: clocksource: acpi_pm: mask: 0xffffff max_cycles: 0xffffff, max_idle_ns: 2085701024 ns
Apr 23 12:13:29.620162 nixos kernel: NET: Registered PF_INET protocol family
Apr 23 12:13:29.620179 nixos kernel: IP idents hash table entries: 131072 (order: 8, 1048576 bytes, linear)
Apr 23 12:13:29.620194 nixos kernel: tcp_listen_portaddr_hash hash table entries: 4096 (order: 4, 65536 bytes, linear)
Apr 23 12:13:29.620210 nixos kernel: Table-perturb hash table entries: 65536 (order: 6, 262144 bytes, linear)
Apr 23 12:13:29.620226 nixos kernel: TCP established hash table entries: 65536 (order: 7, 524288 bytes, linear)
Apr 23 12:13:29.620251 nixos kernel: TCP bind hash table entries: 65536 (order: 9, 2097152 bytes, linear)
Apr 23 12:13:29.620268 nixos kernel: TCP: Hash tables configured (established 65536 bind 65536)
Apr 23 12:13:29.620285 nixos kernel: MPTCP token hash table entries: 8192 (order: 6, 196608 bytes, linear)
Apr 23 12:13:29.620303 nixos kernel: UDP hash table entries: 4096 (order: 5, 131072 bytes, linear)
Apr 23 12:13:29.620319 nixos kernel: UDP-Lite hash table entries: 4096 (order: 5, 131072 bytes, linear)
Apr 23 12:13:29.620337 nixos kernel: NET: Registered PF_UNIX/PF_LOCAL protocol family
Apr 23 12:13:29.620353 nixos kernel: NET: Registered PF_XDP protocol family
Apr 23 12:13:29.620679 nixos kernel: pci 0000:04:00.0: ROM [mem 0xffff0000-0xffffffff pref]: can't claim; no compatible bridge window
Apr 23 12:13:29.621019 nixos kernel: pci 0000:06:00.0: bridge window [io  0x1000-0x0fff] to [bus 07] add_size 1000
Apr 23 12:13:29.621312 nixos kernel: pci 0000:06:00.0: bridge window [mem 0x00100000-0x000fffff 64bit pref] to [bus 07] add_size 200000 add_align 100000
Apr 23 12:13:29.621587 nixos kernel: pci 0000:06:04.0: bridge window [io  0x1000-0x0fff] to [bus 39] add_size 1000
Apr 23 12:13:29.622256 nixos kernel: pci 0000:06:04.0: bridge window [mem 0x00100000-0x000fffff 64bit pref] to [bus 39] add_size 200000 add_align 100000
Apr 23 12:13:29.622542 nixos kernel: pci 0000:06:04.0: bridge window [mem 0x00100000-0x000fffff] to [bus 39] add_size 200000 add_align 100000
Apr 23 12:13:29.622818 nixos kernel: pci 0000:06:06.0: bridge window [io  0x1000-0x0fff] to [bus 6b] add_size 1000
Apr 23 12:13:29.623102 nixos kernel: pci 0000:06:06.0: bridge window [mem 0x00100000-0x000fffff 64bit pref] to [bus 6b] add_size 200000 add_align 100000
Apr 23 12:13:29.623375 nixos kernel: pci 0000:06:06.0: bridge window [mem 0x00100000-0x000fffff] to [bus 6b] add_size 200000 add_align 100000
Apr 23 12:13:29.623638 nixos kernel: pci 0000:00:1c.0: PCI bridge to [bus 01]
Apr 23 12:13:29.623894 nixos kernel: pci 0000:00:1c.1: PCI bridge to [bus 02]
Apr 23 12:13:29.626298 nixos kernel: pci 0000:00:1c.1:   bridge window [mem 0xb0800000-0xb09fffff]
Apr 23 12:13:29.626633 nixos kernel: pci 0000:00:1c.1:   bridge window [mem 0x90000000-0x9fffffff 64bit pref]
Apr 23 12:13:29.626921 nixos kernel: pci 0000:00:1c.2: PCI bridge to [bus 03]
Apr 23 12:13:29.627219 nixos kernel: pci 0000:00:1c.2:   bridge window [mem 0xb0400000-0xb06fffff]
Apr 23 12:13:29.627524 nixos kernel: pci 0000:06:00.0: bridge window [mem size 0x00200000 64bit pref]: can't assign; no space
Apr 23 12:13:29.627816 nixos kernel: pci 0000:06:00.0: bridge window [mem size 0x00200000 64bit pref]: failed to assign
Apr 23 12:13:29.628198 nixos kernel: pci 0000:06:04.0: bridge window [mem size 0x00200000]: can't assign; no space
Apr 23 12:13:29.628487 nixos kernel: pci 0000:06:04.0: bridge window [mem size 0x00200000]: failed to assign
Apr 23 12:13:29.628809 nixos kernel: pci 0000:06:04.0: bridge window [mem size 0x00200000 64bit pref]: can't assign; no space
Apr 23 12:13:29.629884 nixos kernel: pci 0000:06:04.0: bridge window [mem size 0x00200000 64bit pref]: failed to assign
Apr 23 12:13:29.630247 nixos kernel: pci 0000:06:06.0: bridge window [mem size 0x00200000]: can't assign; no space
Apr 23 12:13:29.630539 nixos kernel: pci 0000:06:06.0: bridge window [mem size 0x00200000]: failed to assign
Apr 23 12:13:29.630826 nixos kernel: pci 0000:06:06.0: bridge window [mem size 0x00200000 64bit pref]: can't assign; no space
Apr 23 12:13:29.631126 nixos kernel: pci 0000:06:06.0: bridge window [mem size 0x00200000 64bit pref]: failed to assign
Apr 23 12:13:29.631428 nixos kernel: pci 0000:06:00.0: bridge window [io  size 0x1000]: can't assign; no space
Apr 23 12:13:29.631732 nixos kernel: pci 0000:06:00.0: bridge window [io  size 0x1000]: failed to assign
Apr 23 12:13:29.633215 nixos kernel: pci 0000:06:04.0: bridge window [io  size 0x1000]: can't assign; no space
Apr 23 12:13:29.633545 nixos kernel: pci 0000:06:04.0: bridge window [io  size 0x1000]: failed to assign
Apr 23 12:13:29.633861 nixos kernel: pci 0000:06:06.0: bridge window [io  size 0x1000]: can't assign; no space
Apr 23 12:13:29.635303 nixos kernel: pci 0000:06:06.0: bridge window [io  size 0x1000]: failed to assign
Apr 23 12:13:29.635628 nixos kernel: pci 0000:06:06.0: bridge window [mem size 0x00200000]: can't assign; no space
Apr 23 12:13:29.635936 nixos kernel: pci 0000:06:06.0: bridge window [mem size 0x00200000]: failed to assign
Apr 23 12:13:29.636254 nixos kernel: pci 0000:06:06.0: bridge window [mem size 0x00200000 64bit pref]: can't assign; no space
Apr 23 12:13:29.636568 nixos kernel: pci 0000:06:06.0: bridge window [mem size 0x00200000 64bit pref]: failed to assign
Apr 23 12:13:29.636882 nixos kernel: pci 0000:06:06.0: bridge window [io  size 0x1000]: can't assign; no space
Apr 23 12:13:29.638217 nixos kernel: pci 0000:06:06.0: bridge window [io  size 0x1000]: failed to assign
Apr 23 12:13:29.638544 nixos kernel: pci 0000:06:04.0: bridge window [mem size 0x00200000]: can't assign; no space
Apr 23 12:13:29.638857 nixos kernel: pci 0000:06:04.0: bridge window [mem size 0x00200000]: failed to assign
Apr 23 12:13:29.641202 nixos kernel: pci 0000:06:04.0: bridge window [mem size 0x00200000 64bit pref]: can't assign; no space
Apr 23 12:13:29.641527 nixos kernel: pci 0000:06:04.0: bridge window [mem size 0x00200000 64bit pref]: failed to assign
Apr 23 12:13:29.641838 nixos kernel: pci 0000:06:04.0: bridge window [io  size 0x1000]: can't assign; no space
Apr 23 12:13:29.642156 nixos kernel: pci 0000:06:04.0: bridge window [io  size 0x1000]: failed to assign
Apr 23 12:13:29.642464 nixos kernel: pci 0000:06:00.0: bridge window [mem size 0x00200000 64bit pref]: can't assign; no space
Apr 23 12:13:29.642772 nixos kernel: pci 0000:06:00.0: bridge window [mem size 0x00200000 64bit pref]: failed to assign
Apr 23 12:13:29.643619 nixos kernel: pci 0000:06:00.0: bridge window [io  size 0x1000]: can't assign; no space
Apr 23 12:13:29.643941 nixos kernel: pci 0000:06:00.0: bridge window [io  size 0x1000]: failed to assign
Apr 23 12:13:29.644277 nixos kernel: pci 0000:06:00.0: PCI bridge to [bus 07]
Apr 23 12:13:29.644588 nixos kernel: pci 0000:06:00.0:   bridge window [mem 0xb0b00000-0xb0bfffff]
Apr 23 12:13:29.644897 nixos kernel: pci 0000:06:03.0: PCI bridge to [bus 08-38]
Apr 23 12:13:29.645233 nixos kernel: pci 0000:06:03.0:   bridge window [io  0x3000-0x3fff]
Apr 23 12:13:29.645541 nixos kernel: pci 0000:06:03.0:   bridge window [mem 0xb0c00000-0xb4bfffff]
Apr 23 12:13:29.645848 nixos kernel: pci 0000:06:03.0:   bridge window [mem 0xbcc00000-0xc0bfffff 64bit pref]
Apr 23 12:13:29.646162 nixos kernel: pci 0000:06:04.0: PCI bridge to [bus 39]
Apr 23 12:13:29.646467 nixos kernel: pci 0000:06:05.0: PCI bridge to [bus 3a-6a]
Apr 23 12:13:29.646770 nixos kernel: pci 0000:06:05.0:   bridge window [io  0x4000-0x4fff]
Apr 23 12:13:29.647093 nixos kernel: pci 0000:06:05.0:   bridge window [mem 0xb4c00000-0xb8bfffff]
Apr 23 12:13:29.647401 nixos kernel: pci 0000:06:05.0:   bridge window [mem 0xc0c00000-0xc4bfffff 64bit pref]
Apr 23 12:13:29.647706 nixos kernel: pci 0000:06:06.0: PCI bridge to [bus 6b]
Apr 23 12:13:29.648071 nixos kernel: pci 0000:05:00.0: PCI bridge to [bus 06-6b]
Apr 23 12:13:29.648363 nixos kernel: pci 0000:05:00.0:   bridge window [io  0x3000-0x4fff]
Apr 23 12:13:29.648648 nixos kernel: pci 0000:05:00.0:   bridge window [mem 0xb0b00000-0xb8bfffff]
Apr 23 12:13:29.648930 nixos kernel: pci 0000:05:00.0:   bridge window [mem 0xbcc00000-0xc4bfffff 64bit pref]
Apr 23 12:13:29.649210 nixos kernel: pci 0000:00:1c.4: PCI bridge to [bus 05-9b]
Apr 23 12:13:29.649480 nixos kernel: pci 0000:00:1c.4:   bridge window [io  0x3000-0x5fff]
Apr 23 12:13:29.649758 nixos kernel: pci 0000:00:1c.4:   bridge window [mem 0xb0b00000-0xbcbfffff]
Apr 23 12:13:29.650048 nixos kernel: pci 0000:00:1c.4:   bridge window [mem 0xbcc00000-0xc8bfffff 64bit pref]
Apr 23 12:13:29.650354 nixos kernel: pci 0000:04:00.0: ROM [mem 0xb0710000-0xb071ffff pref]: assigned
Apr 23 12:13:29.650640 nixos kernel: pci 0000:00:1c.5: PCI bridge to [bus 04]
Apr 23 12:13:29.650923 nixos kernel: pci 0000:00:1c.5:   bridge window [mem 0xb0700000-0xb07fffff]
Apr 23 12:13:29.651195 nixos kernel: pci_bus 0000:00: resource 4 [io  0x0000-0x0cf7 window]
Apr 23 12:13:29.651456 nixos kernel: pci_bus 0000:00: resource 5 [io  0x0d00-0xffff window]
Apr 23 12:13:29.651716 nixos kernel: pci_bus 0000:00: resource 6 [mem 0x000a0000-0x000fffff window]
Apr 23 12:13:29.651989 nixos kernel: pci_bus 0000:00: resource 7 [mem 0x8fa00000-0xfeafffff window]
Apr 23 12:13:29.652255 nixos kernel: pci_bus 0000:00: resource 8 [mem 0xfed40000-0xfed44fff window]
Apr 23 12:13:29.652543 nixos kernel: pci_bus 0000:02: resource 1 [mem 0xb0800000-0xb09fffff]
Apr 23 12:13:29.652821 nixos kernel: pci_bus 0000:02: resource 2 [mem 0x90000000-0x9fffffff 64bit pref]
Apr 23 12:13:29.653112 nixos kernel: pci_bus 0000:03: resource 1 [mem 0xb0400000-0xb06fffff]
Apr 23 12:13:29.653399 nixos kernel: pci_bus 0000:05: resource 0 [io  0x3000-0x5fff]
Apr 23 12:13:29.653672 nixos kernel: pci_bus 0000:05: resource 1 [mem 0xb0b00000-0xbcbfffff]
Apr 23 12:13:29.653943 nixos kernel: pci_bus 0000:05: resource 2 [mem 0xbcc00000-0xc8bfffff 64bit pref]
Apr 23 12:13:29.654238 nixos kernel: pci_bus 0000:06: resource 0 [io  0x3000-0x4fff]
Apr 23 12:13:29.654527 nixos kernel: pci_bus 0000:06: resource 1 [mem 0xb0b00000-0xb8bfffff]
Apr 23 12:13:29.654807 nixos kernel: pci_bus 0000:06: resource 2 [mem 0xbcc00000-0xc4bfffff 64bit pref]
Apr 23 12:13:29.655132 nixos kernel: pci_bus 0000:07: resource 1 [mem 0xb0b00000-0xb0bfffff]
Apr 23 12:13:29.655439 nixos kernel: pci_bus 0000:08: resource 0 [io  0x3000-0x3fff]
Apr 23 12:13:29.655739 nixos kernel: pci_bus 0000:08: resource 1 [mem 0xb0c00000-0xb4bfffff]
Apr 23 12:13:29.656054 nixos kernel: pci_bus 0000:08: resource 2 [mem 0xbcc00000-0xc0bfffff 64bit pref]
Apr 23 12:13:29.656374 nixos kernel: pci_bus 0000:3a: resource 0 [io  0x4000-0x4fff]
Apr 23 12:13:29.656674 nixos kernel: pci_bus 0000:3a: resource 1 [mem 0xb4c00000-0xb8bfffff]
Apr 23 12:13:29.656968 nixos kernel: pci_bus 0000:3a: resource 2 [mem 0xc0c00000-0xc4bfffff 64bit pref]
Apr 23 12:13:29.657261 nixos kernel: pci_bus 0000:04: resource 1 [mem 0xb0700000-0xb07fffff]
Apr 23 12:13:29.657286 nixos kernel: PCI: CLS 256 bytes, default 64
Apr 23 12:13:29.657305 nixos kernel: DMAR: No ATSR found
Apr 23 12:13:29.657323 nixos kernel: DMAR: No SATC found
Apr 23 12:13:29.657340 nixos kernel: DMAR: IOMMU feature pgsel_inv inconsistent
Apr 23 12:13:29.657357 nixos kernel: DMAR: IOMMU feature sc_support inconsistent
Apr 23 12:13:29.657379 nixos kernel: DMAR: IOMMU feature pass_through inconsistent
Apr 23 12:13:29.657396 nixos kernel: DMAR: dmar0: Using Queued invalidation
Apr 23 12:13:29.657414 nixos kernel: DMAR: dmar1: Using Queued invalidation
Apr 23 12:13:29.657431 nixos kernel: Trying to unpack rootfs image as initramfs...
Apr 23 12:13:29.657713 nixos kernel: pci 0000:00:02.0: Adding to iommu group 0
Apr 23 12:13:29.658004 nixos kernel: pci 0000:00:00.0: Adding to iommu group 1
Apr 23 12:13:29.658289 nixos kernel: pci 0000:00:03.0: Adding to iommu group 2
Apr 23 12:13:29.658573 nixos kernel: pci 0000:00:14.0: Adding to iommu group 3
Apr 23 12:13:29.658865 nixos kernel: pci 0000:00:16.0: Adding to iommu group 4
Apr 23 12:13:29.659151 nixos kernel: pci 0000:00:1b.0: Adding to iommu group 5
Apr 23 12:13:29.659425 nixos kernel: pci 0000:00:1c.0: Adding to iommu group 6
Apr 23 12:13:29.659707 nixos kernel: pci 0000:00:1c.1: Adding to iommu group 6
Apr 23 12:13:29.660007 nixos kernel: pci 0000:00:1c.2: Adding to iommu group 6
Apr 23 12:13:29.660294 nixos kernel: pci 0000:00:1c.4: Adding to iommu group 6
Apr 23 12:13:29.660578 nixos kernel: pci 0000:00:1c.5: Adding to iommu group 6
Apr 23 12:13:29.660862 nixos kernel: pci 0000:00:1f.0: Adding to iommu group 7
Apr 23 12:13:29.661154 nixos kernel: pci 0000:00:1f.3: Adding to iommu group 7
Apr 23 12:13:29.661453 nixos kernel: pci 0000:02:00.0: Adding to iommu group 6
Apr 23 12:13:29.661748 nixos kernel: pci 0000:03:00.0: Adding to iommu group 6
Apr 23 12:13:29.662051 nixos kernel: pci 0000:05:00.0: Adding to iommu group 6
Apr 23 12:13:29.662360 nixos kernel: pci 0000:06:00.0: Adding to iommu group 6
Apr 23 12:13:29.662665 nixos kernel: pci 0000:06:03.0: Adding to iommu group 6
Apr 23 12:13:29.662971 nixos kernel: pci 0000:06:04.0: Adding to iommu group 6
Apr 23 12:13:29.663286 nixos kernel: pci 0000:06:05.0: Adding to iommu group 6
Apr 23 12:13:29.663604 nixos kernel: pci 0000:06:06.0: Adding to iommu group 6
Apr 23 12:13:29.663924 nixos kernel: pci 0000:07:00.0: Adding to iommu group 6
Apr 23 12:13:29.664241 nixos kernel: pci 0000:04:00.0: Adding to iommu group 6
Apr 23 12:13:29.664266 nixos kernel: DMAR: Intel(R) Virtualization Technology for Directed I/O
Apr 23 12:13:29.664285 nixos kernel: PCI-DMA: Using software bounce buffering for IO (SWIOTLB)
Apr 23 12:13:29.664303 nixos kernel: software IO TLB: mapped [mem 0x000000006d36e000-0x000000007136e000] (64MB)
Apr 23 12:13:29.664320 nixos kernel: Initialise system trusted keyrings
Apr 23 12:13:29.664341 nixos kernel: workingset: timestamp_bits=40 max_order=21 bucket_order=0
Apr 23 12:13:29.664363 nixos kernel: Key type asymmetric registered
Apr 23 12:13:29.664381 nixos kernel: Asymmetric key parser 'x509' registered
Apr 23 12:13:29.664398 nixos kernel: Block layer SCSI generic (bsg) driver version 0.4 loaded (major 251)
Apr 23 12:13:29.664416 nixos kernel: io scheduler mq-deadline registered
Apr 23 12:13:29.664433 nixos kernel: io scheduler kyber registered
Apr 23 12:13:29.664714 nixos kernel: pcieport 0000:00:1c.0: Enabling MPC IRBNCE
Apr 23 12:13:29.665005 nixos kernel: pcieport 0000:00:1c.0: Intel PCH root port ACS workaround enabled
Apr 23 12:13:29.665295 nixos kernel: pcieport 0000:00:1c.1: Enabling MPC IRBNCE
Apr 23 12:13:29.665580 nixos kernel: pcieport 0000:00:1c.1: Intel PCH root port ACS workaround enabled
Apr 23 12:13:29.665868 nixos kernel: pcieport 0000:00:1c.2: Enabling MPC IRBNCE
Apr 23 12:13:29.666159 nixos kernel: pcieport 0000:00:1c.2: Intel PCH root port ACS workaround enabled
Apr 23 12:13:29.666443 nixos kernel: pcieport 0000:00:1c.4: Enabling MPC IRBNCE
Apr 23 12:13:29.666727 nixos kernel: pcieport 0000:00:1c.4: Intel PCH root port ACS workaround enabled
Apr 23 12:13:29.667017 nixos kernel: pcieport 0000:00:1c.5: Enabling MPC IRBNCE
Apr 23 12:13:29.667303 nixos kernel: pcieport 0000:00:1c.5: Intel PCH root port ACS workaround enabled
Apr 23 12:13:29.667608 nixos kernel: pcieport 0000:06:00.0: pciehp: Slot #0 AttnBtn- PwrCtrl- MRL- AttnInd- PwrInd- HotPlug+ Surprise+ Interlock- NoCompl+ IbPresDis- LLActRep+
Apr 23 12:13:29.667912 nixos kernel: pcieport 0000:06:03.0: enabling device (0000 -> 0003)
Apr 23 12:13:29.668242 nixos kernel: pcieport 0000:06:03.0: pciehp: Slot #3 AttnBtn- PwrCtrl- MRL- AttnInd- PwrInd- HotPlug+ Surprise+ Interlock- NoCompl+ IbPresDis- LLActRep+
Apr 23 12:13:29.668550 nixos kernel: pcieport 0000:06:04.0: pciehp: Slot #4 AttnBtn- PwrCtrl- MRL- AttnInd- PwrInd- HotPlug+ Surprise+ Interlock- NoCompl+ IbPresDis- LLActRep+
Apr 23 12:13:29.668900 nixos kernel: pcieport 0000:06:05.0: enabling device (0000 -> 0003)
Apr 23 12:13:29.669227 nixos kernel: pcieport 0000:06:05.0: pciehp: Slot #5 AttnBtn- PwrCtrl- MRL- AttnInd- PwrInd- HotPlug+ Surprise+ Interlock- NoCompl+ IbPresDis- LLActRep+
Apr 23 12:13:29.669537 nixos kernel: pcieport 0000:06:06.0: pciehp: Slot #6 AttnBtn- PwrCtrl- MRL- AttnInd- PwrInd- HotPlug+ Surprise+ Interlock- NoCompl+ IbPresDis- LLActRep+
Apr 23 12:13:29.669561 nixos kernel: Serial: 8250/16550 driver, 4 ports, IRQ sharing enabled
Apr 23 12:13:29.669580 nixos kernel: hpet_acpi_add: no address or irqs in _CRS
Apr 23 12:13:29.669601 nixos kernel: Linux agpgart interface v0.103
Apr 23 12:13:29.669623 nixos kernel: ACPI: bus type drm_connector registered
Apr 23 12:13:29.669641 nixos kernel: usbcore: registered new interface driver usbserial_generic
Apr 23 12:13:29.669658 nixos kernel: usbserial: USB Serial support registered for generic
Apr 23 12:13:29.669676 nixos kernel: intel_pstate: Intel P-state driver initializing
Apr 23 12:13:29.669964 nixos kernel: simple-framebuffer simple-framebuffer.0: [drm] Registered 1 planes with drm panic
Apr 23 12:13:29.670008 nixos kernel: [drm] Initialized simpledrm 1.0.0 for simple-framebuffer.0 on minor 0
Apr 23 12:13:29.670028 nixos kernel: fbcon: Deferring console take-over
Apr 23 12:13:29.670315 nixos kernel: simple-framebuffer simple-framebuffer.0: [drm] fb0: simpledrmdrmfb frame buffer device
Apr 23 12:13:29.670340 nixos kernel: drop_monitor: Initializing network drop monitor service
Apr 23 12:13:29.670359 nixos kernel: NET: Registered PF_INET6 protocol family
Apr 23 12:13:29.670377 nixos kernel: Freeing initrd memory: 26428K
Apr 23 12:13:29.670394 nixos kernel: Segment Routing with IPv6
Apr 23 12:13:29.670411 nixos kernel: In-situ OAM (IOAM) with IPv6
Apr 23 12:13:29.670428 nixos kernel: ENERGY_PERF_BIAS: Set to 'normal', was 'performance'
Apr 23 12:13:29.670446 nixos kernel: microcode: Current revision: 0x00000026
Apr 23 12:13:29.670463 nixos kernel: IPI shorthand broadcast: enabled
Apr 23 12:13:29.670484 nixos kernel: sched_clock: Marking stable (285002123, 1635672)->(321635568, -34997773)
Apr 23 12:13:29.670502 nixos kernel: registered taskstats version 1
Apr 23 12:13:29.670520 nixos kernel: Loading compiled-in X.509 certificates
Apr 23 12:13:29.670537 nixos kernel: Demotion targets for Node 0: null
Apr 23 12:13:29.670554 nixos kernel: Key type .fscrypt registered
Apr 23 12:13:29.670572 nixos kernel: Key type fscrypt-provisioning registered
Apr 23 12:13:29.670590 nixos kernel: PM:   Magic number: 6:51:227
Apr 23 12:13:29.670895 nixos kernel: acpi PNP0200:00: hash matches
Apr 23 12:13:29.670924 nixos kernel: RAS: Correctable Errors collector initialized.
Apr 23 12:13:29.670943 nixos kernel: clk: Disabling unused clocks
Apr 23 12:13:29.670960 nixos kernel: PM: genpd: Disabling unused power domains
Apr 23 12:13:29.670983 nixos kernel: Freeing unused decrypted memory: 2028K
Apr 23 12:13:29.671002 nixos kernel: Freeing unused kernel image (initmem) memory: 3416K
Apr 23 12:13:29.671020 nixos kernel: Write protecting the kernel read-only data: 30720k
Apr 23 12:13:29.671037 nixos kernel: Freeing unused kernel image (rodata/data gap) memory: 1744K
Apr 23 12:13:29.671055 nixos kernel: x86/mm: Checked W+X mappings: passed, no W+X pages found.
Apr 23 12:13:29.671072 nixos kernel: x86/mm: Checking user space page tables
Apr 23 12:13:29.671093 nixos kernel: x86/mm: Checked W+X mappings: passed, no W+X pages found.
Apr 23 12:13:29.671111 nixos kernel: Run /init as init process
Apr 23 12:13:29.671153 nixos kernel:   with arguments:
Apr 23 12:13:29.671173 nixos kernel:     /init
Apr 23 12:13:29.671191 nixos kernel:   with environment:
Apr 23 12:13:29.671208 nixos kernel:     HOME=/
Apr 23 12:13:29.671225 nixos kernel:     TERM=linux
Apr 23 12:13:29.671243 nixos kernel: fbcon: Taking over console
Apr 23 12:13:29.671260 nixos kernel: Console: switching to colour frame buffer device 160x50
Apr 23 12:13:29.671286 nixos stage-1-init: [Thu Apr 23 11:13:25 UTC 2026] loading module dm_mod...
Apr 23 12:13:29.671306 nixos kernel: device-mapper: ioctl: 4.48.0-ioctl (2023-03-01) initialised: dm-devel@lists.linux.dev
Apr 23 12:13:29.671325 nixos stage-1-init: [Thu Apr 23 11:13:25 UTC 2026] running udev...
Apr 23 12:13:29.671344 nixos stage-1-init: [Thu Apr 23 11:13:25 UTC 2026] Starting systemd-udevd version 258.5
Apr 23 12:13:29.671646 nixos kernel: xhci_hcd 0000:00:14.0: xHCI Host Controller
Apr 23 12:13:29.671929 nixos kernel: xhci_hcd 0000:00:14.0: new USB bus registered, assigned bus number 1
Apr 23 12:13:29.672215 nixos kernel: xhci_hcd 0000:00:14.0: hcc params 0x200077c1 hci version 0x100 quirks 0x000000000004b810
Apr 23 12:13:29.672490 nixos kernel: xhci_hcd 0000:00:14.0: xHCI Host Controller
Apr 23 12:13:29.672771 nixos kernel: xhci_hcd 0000:00:14.0: new USB bus registered, assigned bus number 2
Apr 23 12:13:29.674289 nixos kernel: xhci_hcd 0000:00:14.0: Host supports USB 3.0 SuperSpeed
Apr 23 12:13:29.674678 nixos kernel: usb usb1: New USB device found, idVendor=1d6b, idProduct=0002, bcdDevice= 6.12
Apr 23 12:13:29.674973 nixos kernel: usb usb1: New USB device strings: Mfr=3, Product=2, SerialNumber=1
Apr 23 12:13:29.676180 nixos kernel: usb usb1: Product: xHCI Host Controller
Apr 23 12:13:29.676427 nixos kernel: usb usb1: Manufacturer: Linux 6.12.80 xhci-hcd
Apr 23 12:13:29.676669 nixos kernel: usb usb1: SerialNumber: 0000:00:14.0
Apr 23 12:13:29.677010 nixos kernel: hub 1-0:1.0: USB hub found
Apr 23 12:13:29.677328 nixos kernel: hub 1-0:1.0: 9 ports detected
Apr 23 12:13:29.677575 nixos kernel: usb usb2: New USB device found, idVendor=1d6b, idProduct=0003, bcdDevice= 6.12
Apr 23 12:13:29.677818 nixos kernel: usb usb2: New USB device strings: Mfr=3, Product=2, SerialNumber=1
Apr 23 12:13:29.680105 nixos kernel: usb usb2: Product: xHCI Host Controller
Apr 23 12:13:29.680366 nixos kernel: usb usb2: Manufacturer: Linux 6.12.80 xhci-hcd
Apr 23 12:13:29.680606 nixos kernel: usb usb2: SerialNumber: 0000:00:14.0
Apr 23 12:13:29.680939 nixos kernel: hub 2-0:1.0: USB hub found
Apr 23 12:13:29.681281 nixos kernel: hub 2-0:1.0: 4 ports detected
Apr 23 12:13:29.681308 nixos kernel: SCSI subsystem initialized
Apr 23 12:13:29.681328 nixos kernel: libata version 3.00 loaded.
Apr 23 12:13:29.681627 nixos kernel: ahci 0000:04:00.0: version 3.0
Apr 23 12:13:29.681926 nixos kernel: ahci 0000:04:00.0: AHCI vers 0001.0300, 32 command slots, 6 Gbps, SATA mode
Apr 23 12:13:29.683328 nixos kernel: ahci 0000:04:00.0: 1/1 ports implemented (port mask 0x1)
Apr 23 12:13:29.683647 nixos kernel: ahci 0000:04:00.0: flags: 64bit ncq led clo only pio ccc 
Apr 23 12:13:29.683968 nixos kernel: scsi host0: ahci
Apr 23 12:13:29.684033 nixos kernel: ata1: SATA max UDMA/133 abar m8192@0xb0700000 port 0xb0700100 irq 16 lpm-pol 1
Apr 23 12:13:29.684431 nixos kernel: usb 1-3: new full-speed USB device number 2 using xhci_hcd
Apr 23 12:13:29.684723 nixos kernel: usb 1-3: New USB device found, idVendor=0a5c, idProduct=4500, bcdDevice= 1.00
Apr 23 12:13:29.685016 nixos kernel: usb 1-3: New USB device strings: Mfr=1, Product=2, SerialNumber=0
Apr 23 12:13:29.685301 nixos kernel: usb 1-3: Product: BRCM20702 Hub
Apr 23 12:13:29.685579 nixos kernel: usb 1-3: Manufacturer: Apple Inc.
Apr 23 12:13:29.685951 nixos kernel: hub 1-3:1.0: USB hub found
Apr 23 12:13:29.686321 nixos kernel: hub 1-3:1.0: 3 ports detected
Apr 23 12:13:29.686352 nixos kernel: ata1: SATA link up 6.0 Gbps (SStatus 133 SControl 300)
Apr 23 12:13:29.686373 nixos kernel: ata1.00: LPM support broken, forcing max_power
Apr 23 12:13:29.686393 nixos kernel: ata1.00: unexpected _GTF length (8)
Apr 23 12:13:29.686413 nixos kernel: ata1.00: ATA-8: APPLE SSD SM0512F, UXM2JA1Q, max UDMA/133
Apr 23 12:13:29.686434 nixos kernel: ata1.00: 977105060 sectors, multi 16: LBA48 NCQ (depth 32), AA
Apr 23 12:13:29.686454 nixos kernel: ata1.00: LPM support broken, forcing max_power
Apr 23 12:13:29.686479 nixos kernel: ata1.00: unexpected _GTF length (8)
Apr 23 12:13:29.686499 nixos kernel: ata1.00: configured for UDMA/133
Apr 23 12:13:29.686878 nixos kernel: scsi 0:0:0:0: Direct-Access     ATA      APPLE SSD SM0512 JA1Q PQ: 0 ANSI: 5
Apr 23 12:13:29.687256 nixos kernel: sd 0:0:0:0: [sda] 977105060 512-byte logical blocks: (500 GB/466 GiB)
Apr 23 12:13:29.687628 nixos kernel: sd 0:0:0:0: [sda] 4096-byte physical blocks
Apr 23 12:13:29.688010 nixos kernel: sd 0:0:0:0: [sda] Write Protect is off
Apr 23 12:13:29.688382 nixos kernel: sd 0:0:0:0: [sda] Mode Sense: 00 3a 00 00
Apr 23 12:13:29.688752 nixos kernel: sd 0:0:0:0: [sda] Write cache: enabled, read cache: enabled, doesn't support DPO or FUA
Apr 23 12:13:29.689135 nixos kernel: sd 0:0:0:0: [sda] Preferred minimum I/O size 4096 bytes
Apr 23 12:13:29.689162 nixos kernel:  sda: sda1 sda2
Apr 23 12:13:29.689532 nixos kernel: sd 0:0:0:0: [sda] Attached SCSI disk
Apr 23 12:13:29.689562 nixos stage-1-init: [Thu Apr 23 11:13:25 UTC 2026] starting device mapper and LVM...
Apr 23 12:13:29.689585 nixos stage-1-init: [Thu Apr 23 11:13:25 UTC 2026] checking /dev/disk/by-uuid/6d0ce22e-97a0-4e60-ab8f-6ef8ff706b60...
Apr 23 12:13:29.689606 nixos stage-1-init: [Thu Apr 23 11:13:25 UTC 2026] fsck (busybox 1.36.1)
Apr 23 12:13:29.689627 nixos stage-1-init: [Thu Apr 23 11:13:25 UTC 2026] [fsck.ext4 (1) -- /mnt-root/] fsck.ext4 -a /dev/disk/by-uuid/6d0ce22e-97a0-4e60-ab8f-6ef8ff706b60
Apr 23 12:13:29.689647 nixos stage-1-init: [Thu Apr 23 11:13:25 UTC 2026] /dev/disk/by-uuid/6d0ce22e-97a0-4e60-ab8f-6ef8ff706b60: recovering journal
Apr 23 12:13:29.690024 nixos kernel: usb 2-2: new SuperSpeed USB device number 2 using xhci_hcd
Apr 23 12:13:29.690315 nixos kernel: usb 2-2: New USB device found, idVendor=0846, idProduct=9053, bcdDevice= 1.00
Apr 23 12:13:29.690596 nixos kernel: usb 2-2: New USB device strings: Mfr=1, Product=2, SerialNumber=3
Apr 23 12:13:29.690876 nixos kernel: usb 2-2: Product: A6210
Apr 23 12:13:29.691161 nixos kernel: usb 2-2: Manufacturer: NETGEAR
Apr 23 12:13:29.691440 nixos kernel: usb 2-2: SerialNumber: 100
Apr 23 12:13:29.691810 nixos kernel: usb 1-5: new full-speed USB device number 3 using xhci_hcd
Apr 23 12:13:29.691847 nixos kernel: tsc: Refined TSC clocksource calibration: 2599.999 MHz
Apr 23 12:13:29.691870 nixos kernel: clocksource: tsc: mask: 0xffffffffffffffff max_cycles: 0x257a3b2ad7e, max_idle_ns: 440795282337 ns
Apr 23 12:13:29.691890 nixos kernel: clocksource: Switched to clocksource tsc
Apr 23 12:13:29.692174 nixos kernel: usb 1-5: New USB device found, idVendor=05ac, idProduct=025a, bcdDevice= 2.24
Apr 23 12:13:29.692457 nixos kernel: usb 1-5: New USB device strings: Mfr=1, Product=2, SerialNumber=0
Apr 23 12:13:29.692754 nixos kernel: usb 1-5: Product: Apple Internal Keyboard / Trackpad
Apr 23 12:13:29.693049 nixos kernel: usb 1-5: Manufacturer: Apple Inc.
Apr 23 12:13:29.693087 nixos kernel: hid: raw HID events driver (C) Jiri Kosina
Apr 23 12:13:29.693121 nixos kernel: usbcore: registered new interface driver usbhid
Apr 23 12:13:29.693143 nixos kernel: usbhid: USB HID core driver
Apr 23 12:13:29.693166 nixos kernel: input: Apple Inc. Apple Internal Keyboard / Trackpad as /devices/pci0000:00/0000:00:14.0/usb1/1-5/1-5:1.0/0003:05AC:025A.0001/input/input0
Apr 23 12:13:29.693615 nixos kernel: apple 0003:05AC:025A.0001: input,hidraw0: USB HID v1.11 Keyboard [Apple Inc. Apple Internal Keyboard / Trackpad] on usb-0000:00:14.0-5/input0
Apr 23 12:13:29.694161 nixos kernel: apple 0003:05AC:025A.0002: hidraw1: USB HID v1.11 Device [Apple Inc. Apple Internal Keyboard / Trackpad] on usb-0000:00:14.0-5/input1
Apr 23 12:13:29.694604 nixos kernel: usb 2-3: new SuperSpeed USB device number 3 using xhci_hcd
Apr 23 12:13:29.694917 nixos kernel: usb 2-3: New USB device found, idVendor=05ac, idProduct=8406, bcdDevice= 8.20
Apr 23 12:13:29.695207 nixos kernel: usb 2-3: New USB device strings: Mfr=3, Product=4, SerialNumber=5
Apr 23 12:13:29.695489 nixos kernel: usb 2-3: Product: Card Reader
Apr 23 12:13:29.695770 nixos kernel: usb 2-3: Manufacturer: Apple
Apr 23 12:13:29.696053 nixos kernel: usb 2-3: SerialNumber: 000000000820
Apr 23 12:13:29.696419 nixos kernel: usb-storage 2-3:1.0: USB Mass Storage device detected
Apr 23 12:13:29.696779 nixos kernel: scsi host1: usb-storage 2-3:1.0
Apr 23 12:13:29.696816 nixos kernel: usbcore: registered new interface driver usb-storage
Apr 23 12:13:29.697236 nixos kernel: usb 1-3.1: new full-speed USB device number 4 using xhci_hcd
Apr 23 12:13:29.697594 nixos kernel: usb 1-3.1: New USB device found, idVendor=05ac, idProduct=820a, bcdDevice= 1.00
Apr 23 12:13:29.697940 nixos kernel: usb 1-3.1: New USB device strings: Mfr=0, Product=0, SerialNumber=0
Apr 23 12:13:29.697990 nixos kernel: input: HID 05ac:820a as /devices/pci0000:00/0000:00:14.0/usb1/1-3/1-3.1/1-3.1:1.0/0003:05AC:820A.0003/input/input1
Apr 23 12:13:29.698437 nixos kernel: hid-generic 0003:05AC:820A.0003: input,hidraw2: USB HID v1.11 Keyboard [HID 05ac:820a] on usb-0000:00:14.0-3.1/input0
Apr 23 12:13:29.698908 nixos kernel: usb 1-3.2: new full-speed USB device number 5 using xhci_hcd
Apr 23 12:13:29.699283 nixos kernel: usb 1-3.2: New USB device found, idVendor=05ac, idProduct=820b, bcdDevice= 1.00
Apr 23 12:13:29.699644 nixos kernel: usb 1-3.2: New USB device strings: Mfr=0, Product=0, SerialNumber=0
Apr 23 12:13:29.699684 nixos kernel: input: HID 05ac:820b as /devices/pci0000:00/0000:00:14.0/usb1/1-3/1-3.2/1-3.2:1.0/0003:05AC:820B.0004/input/input2
Apr 23 12:13:29.700146 nixos kernel: hid-generic 0003:05AC:820B.0004: input,hidraw3: USB HID v1.11 Mouse [HID 05ac:820b] on usb-0000:00:14.0-3.2/input0
Apr 23 12:13:29.700531 nixos kernel: usb 1-3.3: new full-speed USB device number 6 using xhci_hcd
Apr 23 12:13:29.700893 nixos kernel: usb 1-3.3: New USB device found, idVendor=05ac, idProduct=8289, bcdDevice= 1.50
Apr 23 12:13:29.701522 nixos kernel: usb 1-3.3: New USB device strings: Mfr=1, Product=2, SerialNumber=0
Apr 23 12:13:29.702150 nixos kernel: usb 1-3.3: Product: Bluetooth USB Host Controller
Apr 23 12:13:29.702711 nixos kernel: usb 1-3.3: Manufacturer: Apple Inc.
Apr 23 12:13:29.702773 nixos stage-1-init: [Thu Apr 23 11:13:27 UTC 2026] /dev/disk/by-uuid/6d0ce22e-97a0-4e60-ab8f-6ef8ff706b60: Clearing orphaned inode 24552488 (uid=1000, gid=100, mode=0100644, size=317)
Apr 23 12:13:29.702831 nixos stage-1-init: [Thu Apr 23 11:13:27 UTC 2026] /dev/disk/by-uuid/6d0ce22e-97a0-4e60-ab8f-6ef8ff706b60: Clearing orphaned inode 24132395 (uid=1000, gid=100, mode=0100644, size=54)
Apr 23 12:13:29.702870 nixos stage-1-init: [Thu Apr 23 11:13:27 UTC 2026] /dev/disk/by-uuid/6d0ce22e-97a0-4e60-ab8f-6ef8ff706b60: clean, 2153483/30507008 files, 66098123/122004586 blocks
Apr 23 12:13:29.702935 nixos stage-1-init: [Thu Apr 23 11:13:27 UTC 2026] mounting /dev/disk/by-uuid/6d0ce22e-97a0-4e60-ab8f-6ef8ff706b60 on /...
Apr 23 12:13:29.702961 nixos kernel: EXT4-fs (sda2): mounted filesystem 6d0ce22e-97a0-4e60-ab8f-6ef8ff706b60 r/w with ordered data mode. Quota mode: none.
Apr 23 12:13:29.703726 nixos kernel: scsi 1:0:0:0: Direct-Access     APPLE    SD Card Reader   3.00 PQ: 0 ANSI: 6
Apr 23 12:13:29.704279 nixos kernel: sd 1:0:0:0: [sdb] Media removed, stopped polling
Apr 23 12:13:29.704668 nixos kernel: sd 1:0:0:0: [sdb] Attached SCSI removable disk
Apr 23 12:13:29.704697 nixos kernel: EXT4-fs (sda2): re-mounted 6d0ce22e-97a0-4e60-ab8f-6ef8ff706b60.
Apr 23 12:13:29.704719 nixos unknown: booting system configuration /nix/store/dq7n31aipvb3vkkqnwg179v4s6c9dcp4-nixos-system-nixos-25.11.9067.54170c54449e
Apr 23 12:13:29.704739 nixos stage-2-init: running activation script...
Apr 23 12:13:29.704766 nixos stage-2-init: setting up /etc...
Apr 23 12:13:29.704788 nixos systemd[1]: Inserted module 'autofs4'
Apr 23 12:13:29.704814 nixos systemd[1]: systemd 258.5 running in system mode (+PAM +AUDIT -SELINUX +APPARMOR +IMA +IPE +SMACK +SECCOMP +GCRYPT -GNUTLS +OPENSSL +ACL +BLKID +CURL +ELFUTILS +FIDO2 +IDN2 -IDN -IPTC +KMOD +LIBCRYPTSETUP +LIBCRYPTSETUP_PLUGINS +LIBFDISK +PCRE2 +PWQUALITY +P11KIT +QRENCODE +TPM2 +BZIP2 +LZ4 +XZ +ZLIB +ZSTD +BPF_FRAMEWORK -BTF -XKBCOMMON +UTMP -SYSVINIT +LIBARCHIVE)
Apr 23 12:13:29.704838 nixos systemd[1]: Detected architecture x86-64.
Apr 23 12:13:29.704858 nixos systemd[1]: Hostname set to <nixos>.
Apr 23 12:13:29.704879 nixos systemd[1]: bpf-restrict-fs: LSM BPF program attached
Apr 23 12:13:29.704909 nixos systemd[1]: /etc/systemd/system/cups.socket:5: ListenStream= references a path below legacy directory /var/run/, updating /var/run/cups/cups.sock → /run/cups/cups.sock; please update the unit file accordingly.
Apr 23 12:13:29.704932 nixos systemd[1]: Queued start job for default target Multi-User System.
Apr 23 12:13:29.704953 nixos systemd[1]: Created slice Slice /system/getty.
Apr 23 12:13:29.704972 nixos systemd[1]: Created slice Slice /system/modprobe.
Apr 23 12:13:29.705012 nixos systemd[1]: Created slice Slice /system/systemd-fsck.
Apr 23 12:13:29.705086 nixos systemd[1]: Created slice User and Session Slice.
Apr 23 12:13:29.705151 nixos systemd[1]: Started Dispatch Password Requests to Console Directory Watch.
Apr 23 12:13:29.705219 nixos systemd[1]: Started Forward Password Requests to Wall Directory Watch.
Apr 23 12:13:29.705299 nixos systemd[1]: Expecting device /dev/disk/by-uuid/B4F5-DAC1...
Apr 23 12:13:29.705369 nixos systemd[1]: Expecting device /dev/input/mice...
Apr 23 12:13:29.705441 nixos systemd[1]: Reached target Local Encrypted Volumes.
Apr 23 12:13:29.705507 nixos systemd[1]: Reached target Virtual Machines and Containers.
Apr 23 12:13:29.705572 nixos systemd[1]: Reached target Path Units.
Apr 23 12:13:29.705636 nixos systemd[1]: Reached target Remote File Systems.
Apr 23 12:13:29.705700 nixos systemd[1]: Reached target Slice Units.
Apr 23 12:13:29.705764 nixos systemd[1]: Listening on Process Core Dump Socket.
Apr 23 12:13:29.705832 nixos systemd[1]: Listening on Credential Encryption/Decryption.
Apr 23 12:13:29.705856 nixos systemd[1]: Listening on Journal Audit Socket.
Apr 23 12:13:29.705877 nixos systemd[1]: Listening on Journal Socket (/dev/log).
Apr 23 12:13:29.705899 nixos systemd[1]: Listening on Journal Sockets.
Apr 23 12:13:29.705920 nixos systemd[1]: Listening on Userspace Out-Of-Memory (OOM) Killer Socket.
Apr 23 12:13:29.705943 nixos systemd[1]: Make TPM PCR Policy skipped, unmet condition check ConditionSecurity=measured-uki
Apr 23 12:13:29.705962 nixos systemd[1]: Listening on udev Control Socket.
Apr 23 12:13:29.705990 nixos systemd[1]: Listening on udev Kernel Socket.
Apr 23 12:13:29.706010 nixos systemd[1]: Mounting Huge Pages File System...
Apr 23 12:13:29.706035 nixos systemd[1]: Mounting POSIX Message Queue File System...
Apr 23 12:13:29.706056 nixos systemd[1]: Mounting Kernel Debug File System...
Apr 23 12:13:29.706078 nixos systemd[1]: Mounting Kernel Trace File System...
Apr 23 12:13:29.706099 nixos systemd[1]: Starting Create List of Static Device Nodes...
Apr 23 12:13:29.706120 nixos systemd[1]: Starting Load Kernel Module configfs...
Apr 23 12:13:29.706142 nixos systemd[1]: Load Kernel Module drm skipped, unmet condition check ConditionKernelModuleLoaded=!drm
Apr 23 12:13:29.706162 nixos systemd[1]: Starting Load Kernel Module efi_pstore...
Apr 23 12:13:29.706183 nixos (modprobe)[377]: modprobe@configfs.service: modprobe@configfs.service: Unable to locate executable 'modprobe': No such file or directory
Apr 23 12:13:29.706209 nixos systemd[1]: Starting Load Kernel Module fuse...
Apr 23 12:13:29.706232 nixos systemd[1]: File System Check on Root Device skipped, unmet condition check ConditionPathIsReadWrite=!/
Apr 23 12:13:29.706255 nixos systemd[1]: Clear Stale Hibernate Storage Info skipped, unmet condition check ConditionPathExists=/sys/firmware/efi/efivars/HibernateLocation-8cf2644b-4b0b-428f-9387-6d876050dc67
Apr 23 12:13:29.706278 nixos (modprobe)[378]: modprobe@efi_pstore.service: modprobe@efi_pstore.service: Unable to locate executable 'modprobe': No such file or directory
Apr 23 12:13:29.706302 nixos (modprobe)[379]: modprobe@fuse.service: modprobe@fuse.service: Unable to locate executable 'modprobe': No such file or directory
Apr 23 12:13:29.706323 nixos systemd[1]: Starting Journal Service...
Apr 23 12:13:29.706346 nixos systemd[1]: Starting Load Kernel Modules...
Apr 23 12:13:29.706365 nixos systemd[1]: Starting Remount Root and Kernel File Systems...
Apr 23 12:13:29.706387 nixos systemd[1]: Early TPM SRK Setup skipped, unmet condition check ConditionSecurity=measured-uki
Apr 23 12:13:29.706407 nixos systemd[1]: Starting Coldplug All udev Devices...
Apr 23 12:13:29.706429 nixos systemd[1]: Mounted Huge Pages File System.
Apr 23 12:13:29.706449 nixos systemd[1]: Mounted POSIX Message Queue File System.
Apr 23 12:13:29.706469 nixos systemd[1]: Mounted Kernel Debug File System.
Apr 23 12:13:29.706492 nixos systemd[1]: Mounted Kernel Trace File System.
Apr 23 12:13:29.706513 nixos systemd[1]: Finished Create List of Static Device Nodes.
Apr 23 12:13:29.706538 nixos systemd[1]: modprobe@configfs.service: Deactivated successfully.
Apr 23 12:13:29.706558 nixos systemd[1]: Finished Load Kernel Module configfs.
Apr 23 12:13:29.706579 nixos systemd[1]: modprobe@efi_pstore.service: Deactivated successfully.
Apr 23 12:13:29.706601 nixos systemd[1]: Finished Load Kernel Module efi_pstore.
Apr 23 12:13:29.706669 nixos systemd-journald[380]: Collecting audit messages is enabled.
Apr 23 12:13:29.706720 nixos systemd[1]: modprobe@fuse.service: Deactivated successfully.
Apr 23 12:13:29.706742 nixos systemd[1]: Finished Load Kernel Module fuse.
Apr 23 12:13:29.706763 nixos systemd[1]: FUSE Control File System skipped, unmet condition check ConditionPathExists=/sys/fs/fuse/connections
Apr 23 12:13:29.706782 nixos systemd[1]: Kernel Configuration File System skipped, unmet condition check ConditionPathExists=/sys/kernel/config
Apr 23 12:13:29.706804 nixos systemd[1]: Starting Create Static Device Nodes in /dev gracefully...
Apr 23 12:13:29.706824 nixos kernel: EXT4-fs (sda2): re-mounted 6d0ce22e-97a0-4e60-ab8f-6ef8ff706b60.
Apr 23 12:13:29.706845 nixos systemd[1]: Finished Remount Root and Kernel File Systems.
Apr 23 12:13:29.706870 nixos systemd[1]: Platform Persistent Storage Archival skipped, unmet condition check ConditionDirectoryNotEmpty=/sys/fs/pstore
Apr 23 12:13:29.706893 nixos systemd[1]: Starting Load/Save OS Random Seed...
Apr 23 12:13:29.706914 nixos systemd[1]: Starting Network Time Synchronization...
Apr 23 12:13:29.706934 nixos systemd[1]: TPM SRK Setup skipped, unmet condition check ConditionSecurity=measured-uki
Apr 23 12:13:29.706955 nixos systemd[1]: Finished Create Static Device Nodes in /dev gracefully.
Apr 23 12:13:29.706988 nixos systemd[1]: Starting Create Static Device Nodes in /dev...
Apr 23 12:13:29.707014 nixos systemd[1]: Finished Load/Save OS Random Seed.
Apr 23 12:13:29.707035 nixos systemd[1]: First Boot Complete skipped, unmet condition check ConditionFirstBoot=yes
Apr 23 12:13:29.707057 nixos systemd[1]: Finished Create Static Device Nodes in /dev.
Apr 23 12:13:29.707083 nixos systemd[1]: Reached target Preparation for Local File Systems.
Apr 23 12:13:29.707106 nixos systemd[1]: Starting Rule-based Manager for Device Events and Files...
Apr 23 12:13:29.709220 nixos systemd[1]: Started Journal Service.
Apr 23 12:13:29.843530 nixos systemd-journald[380]: Received client request to flush runtime journal.
Apr 23 12:13:29.843833 nixos systemd-journald[380]: File /var/log/journal/8db5f21542484d84a1e7d83dddef1e30/system.journal corrupted or uncleanly shut down, renaming and replacing.
Apr 23 12:13:29.844296 nixos kernel: loop: module loaded
Apr 23 12:13:29.852129 nixos kernel: Adding 8388604k swap on /var/lib/swapfile.  Priority:-2 extents:67 across:64225280k SS
Apr 23 12:13:30.113998 nixos kernel: input: Lid Switch as /devices/LNXSYSTM:00/LNXSYBUS:00/PNP0C0D:00/input/input3
Apr 23 12:13:30.118069 nixos kernel: ACPI: button: Lid Switch [LID0]
Apr 23 12:13:30.118151 nixos kernel: input: Power Button as /devices/LNXSYSTM:00/LNXSYBUS:00/PNP0C0C:00/input/input4
Apr 23 12:13:30.118172 nixos kernel: ACPI: button: Power Button [PWRB]
Apr 23 12:13:30.118189 nixos kernel: input: Sleep Button as /devices/LNXSYSTM:00/LNXSYBUS:00/PNP0C0E:00/input/input5
Apr 23 12:13:30.118206 nixos kernel: ACPI: button: Sleep Button [SLPB]
Apr 23 12:13:30.118223 nixos kernel: input: Power Button as /devices/LNXSYSTM:00/LNXPWRBN:00/input/input6
Apr 23 12:13:30.119991 nixos kernel: ACPI: button: Power Button [PWRF]
Apr 23 12:13:30.122996 nixos kernel: ACPI: AC: AC Adapter [ADP1] (on-line)
Apr 23 12:13:30.171026 nixos kernel: rtc_cmos 00:02: RTC can wake from S4
Apr 23 12:13:30.500557 nixos kernel: rtc_cmos 00:02: registered as rtc0
Apr 23 12:13:30.502236 nixos kernel: rtc_cmos 00:02: setting system clock to 2026-04-23T11:13:30 UTC (1776942810)
Apr 23 12:13:30.502573 nixos kernel: rtc_cmos 00:02: alarms up to one month, y3k, 242 bytes nvram
Apr 23 12:13:30.531541 nixos kernel: smbus_hc ACPI0001:00: SBS HC: offset = 0x20, query_bit = 0x10
Apr 23 12:13:30.625755 nixos kernel: pstore: Using crash dump compression: deflate
Apr 23 12:13:30.658596 nixos kernel: ACPI: Smart Battery System [SBS0]: Battery Slot [BAT0] (battery present)
Apr 23 12:13:30.696548 nixos kernel: i801_smbus 0000:00:1f.3: SMBus using PCI interrupt
Apr 23 12:13:30.710778 nixos kernel: ACPI: bus type thunderbolt registered
Apr 23 12:13:30.714566 nixos kernel: thunderbolt 0000:07:00.0: device link creation from 0000:06:00.0 failed
Apr 23 12:13:30.716049 nixos kernel: snd_hda_codec_cirrus hdaudioC0D0: autoconfig for CS4208: line_outs=2 (0x12/0x13/0x0/0x0/0x0) type:speaker
Apr 23 12:13:30.716394 nixos kernel: snd_hda_codec_cirrus hdaudioC0D0:    speaker_outs=0 (0x0/0x0/0x0/0x0/0x0)
Apr 23 12:13:30.716731 nixos kernel: snd_hda_codec_cirrus hdaudioC0D0:    hp_outs=1 (0x10/0x0/0x0/0x0/0x0)
Apr 23 12:13:30.717032 nixos kernel: snd_hda_codec_cirrus hdaudioC0D0:    mono: mono_out=0x0
Apr 23 12:13:30.719683 nixos kernel: snd_hda_codec_cirrus hdaudioC0D0:    dig-out=0x21/0x0
Apr 23 12:13:30.720599 nixos kernel: snd_hda_codec_cirrus hdaudioC0D0:    inputs:
Apr 23 12:13:30.729855 nixos kernel: snd_hda_codec_cirrus hdaudioC0D0:      Mic=0x18
Apr 23 12:13:30.730211 nixos kernel: snd_hda_codec_cirrus hdaudioC0D0:      Internal Mic=0x1c
Apr 23 12:13:30.730515 nixos kernel: RAPL PMU: API unit is 2^-32 Joules, 4 fixed counters, 655360 ms ovfl timer
Apr 23 12:13:30.730564 nixos kernel: RAPL PMU: hw unit of domain pp0-core 2^-14 Joules
Apr 23 12:13:30.730595 nixos kernel: RAPL PMU: hw unit of domain package 2^-14 Joules
Apr 23 12:13:30.730622 nixos kernel: RAPL PMU: hw unit of domain dram 2^-14 Joules
Apr 23 12:13:30.730646 nixos kernel: RAPL PMU: hw unit of domain pp1-gpu 2^-14 Joules
Apr 23 12:13:30.731539 nixos kernel: cryptd: max_cpu_qlen set to 1000
Apr 23 12:13:30.736545 nixos kernel: input: HDA Intel PCH Mic as /devices/pci0000:00/0000:00:1b.0/sound/card0/input7
Apr 23 12:13:30.736646 nixos kernel: input: HDA Intel PCH Headphone as /devices/pci0000:00/0000:00:1b.0/sound/card0/input8
Apr 23 12:13:30.736684 nixos kernel: input: HDA Intel PCH SPDIF as /devices/pci0000:00/0000:00:1b.0/sound/card0/input9
Apr 23 12:13:30.757544 nixos kernel: AES CTR mode by8 optimization enabled
Apr 23 12:13:30.884541 nixos kernel: applesmc: key=571 fan=1 temp=32 index=31 acc=0 lux=2 kbd=1
Apr 23 12:13:30.901568 nixos kernel: applesmc applesmc.768: hwmon_device_register() is deprecated. Please convert the driver to use hwmon_device_register_with_info().
Apr 23 12:13:31.086619 nixos kernel: pstore: Registered efi_pstore as persistent store backend
Apr 23 12:13:31.414554 nixos kernel: i915 0000:00:02.0: [drm] Found HASWELL/ULT (device ID 0a2e) display version 7.00 stepping N/A
Apr 23 12:13:31.415320 nixos kernel: i915 0000:00:02.0: [drm] VT-d active for gfx access
Apr 23 12:13:31.420503 nixos kernel: iTCO_wdt iTCO_wdt.1.auto: unable to reset NO_REBOOT flag, device disabled by hardware/BIOS
Apr 23 12:13:31.427667 nixos kernel: intel_rapl_common: Found RAPL domain package
Apr 23 12:13:31.427712 nixos kernel: intel_rapl_common: Found RAPL domain core
Apr 23 12:13:31.427746 nixos kernel: intel_rapl_common: Found RAPL domain uncore
Apr 23 12:13:31.427780 nixos kernel: intel_rapl_common: Found RAPL domain dram
Apr 23 12:13:31.444549 nixos kernel: Console: switching to colour dummy device 80x25
Apr 23 12:13:31.452925 nixos kernel: i915 0000:00:02.0: vgaarb: deactivate vga console
Apr 23 12:13:31.453597 nixos kernel: i915 0000:00:02.0: [drm] Using Transparent Hugepages
Apr 23 12:13:31.453975 nixos kernel: i915 0000:00:02.0: [drm] DMAR active, disabling use of stolen memory
Apr 23 12:13:31.454365 nixos kernel: i915 0000:00:02.0: vgaarb: VGA decodes changed: olddecodes=io+mem,decodes=io+mem:owns=io+mem
Apr 23 12:13:31.462542 nixos kernel: Creating 1 MTD partitions on "intel-spi":
Apr 23 12:13:31.462633 nixos kernel: 0x000000000000-0x000000800000 : "BIOS"
Apr 23 12:13:31.517550 nixos kernel: i915 0000:00:02.0: [drm] Skipping intel_backlight registration
Apr 23 12:13:31.521598 nixos kernel: [drm] Initialized i915 1.6.0 for 0000:00:02.0 on minor 1
Apr 23 12:13:31.524545 nixos kernel: ACPI: video: Video Device [IGPU] (multi-head: yes  rom: no  post: no)
Apr 23 12:13:31.524667 nixos kernel: input: Video Bus as /devices/LNXSYSTM:00/LNXSYBUS:00/PNP0A08:00/LNXVIDEO:00/input/input10
Apr 23 12:13:31.525557 nixos kernel: acpi device:02: registered as cooling_device5
Apr 23 12:13:31.556557 nixos kernel: fbcon: i915drmfb (fb0) is primary device
Apr 23 12:13:31.583551 nixos kernel: Console: switching to colour frame buffer device 160x50
Apr 23 12:13:31.601687 nixos kernel: i915 0000:00:02.0: [drm] fb0: i915drmfb frame buffer device
Apr 23 12:13:31.631546 nixos kernel: snd_hda_intel 0000:00:03.0: bound 0000:00:02.0 (ops i915_audio_component_bind_ops [i915])
Apr 23 12:13:31.648547 nixos kernel: input: HDA Intel HDMI HDMI/DP,pcm=3 as /devices/pci0000:00/0000:00:03.0/sound/card1/input11
Apr 23 12:13:31.648616 nixos kernel: input: HDA Intel HDMI HDMI/DP,pcm=7 as /devices/pci0000:00/0000:00:03.0/sound/card1/input12
Apr 23 12:13:31.648651 nixos kernel: input: HDA Intel HDMI HDMI/DP,pcm=8 as /devices/pci0000:00/0000:00:03.0/sound/card1/input13
Apr 23 12:13:31.670617 nixos kernel: pcieport 0000:00:1c.0: Enabling MPC IRBNCE
Apr 23 12:13:31.671115 nixos kernel: pcieport 0000:00:1c.0: Intel PCH root port ACS workaround enabled
Apr 23 12:13:31.720117 nixos kernel: usbcore: registered new device driver apple-mfi-fastcharge
Apr 23 12:13:31.722546 nixos kernel: usbcore: registered new interface driver uas
Apr 23 12:13:31.727569 nixos kernel: input: bcm5974 as /devices/pci0000:00/0000:00:14.0/usb1/1-5/1-5:1.2/input/input14
Apr 23 12:13:31.730546 nixos kernel: usbcore: registered new interface driver bcm5974
Apr 23 12:13:31.755548 nixos kernel: mousedev: PS/2 mouse device common for all mice
Apr 23 12:13:32.037551 nixos kernel: cfg80211: Loading compiled-in X.509 certificates for regulatory database
Apr 23 12:13:32.042547 nixos kernel: Loaded X.509 cert 'sforshee: 00b28ddf47aef9cea7'
Apr 23 12:13:32.042648 nixos kernel: Loaded X.509 cert 'wens: 61c038651aabdcf94bd0ac7ff06c7248db18c600'
Apr 23 12:13:32.356553 nixos kernel: usb 2-2: reset SuperSpeed USB device number 2 using xhci_hcd
Apr 23 12:13:32.370539 nixos kernel: mt76x2u 2-2:1.0: ASIC revision: 76120044
Apr 23 12:13:32.393551 nixos kernel: mt76x2u 2-2:1.0: ROM patch build: 20141115060606a
Apr 23 12:13:32.582547 nixos kernel: mt76x2u 2-2:1.0: Firmware Version: 0.0.00
Apr 23 12:13:32.582998 nixos kernel: mt76x2u 2-2:1.0: Build: 1
Apr 23 12:13:32.583360 nixos kernel: mt76x2u 2-2:1.0: Build Time: 201507311614____
Apr 23 12:13:32.613675 nixos kernel: Bluetooth: Core ver 2.22
Apr 23 12:13:32.613754 nixos kernel: NET: Registered PF_BLUETOOTH protocol family
Apr 23 12:13:32.613774 nixos kernel: Bluetooth: HCI device and connection manager initialized
Apr 23 12:13:32.613789 nixos kernel: Bluetooth: HCI socket layer initialized
Apr 23 12:13:32.613804 nixos kernel: Bluetooth: L2CAP socket layer initialized
Apr 23 12:13:32.613818 nixos kernel: Bluetooth: SCO socket layer initialized
Apr 23 12:13:32.677550 nixos kernel: usbcore: registered new interface driver btusb
Apr 23 12:13:32.695552 nixos kernel: usb 1-3.1: USB disconnect, device number 4
Apr 23 12:13:32.785694 nixos kernel: Bluetooth: hci0: BCM: chip id 73 build 1127
Apr 23 12:13:32.786657 nixos kernel: Bluetooth: hci0: BCM: product 05ac:8289
Apr 23 12:13:32.787625 nixos kernel: Bluetooth: hci0: BCM: features 0x07
Apr 23 12:13:32.803615 nixos kernel: Bluetooth: hci0: BCM20702B0 Generic USB Class 1 @ 20 MHz
Apr 23 12:13:32.859570 nixos kernel: usb 1-3.2: USB disconnect, device number 5
Apr 23 12:13:33.600925 nixos kernel: ieee80211 phy0: Selected rate control algorithm 'minstrel_ht'
Apr 23 12:13:33.603562 nixos kernel: usbcore: registered new interface driver mt76x2u
Apr 23 12:13:33.604535 nixos kernel: mt76x2u 2-2:1.0 wlp0s20u2: renamed from wlan0
