[    3.790634] nixos kernel: Linux version 6.12.80 (nixbld@localhost) (gcc (GCC) 14.3.0, GNU ld (GNU Binutils) 2.44) #1-NixOS SMP PREEMPT_DYNAMIC Thu Apr  2 11:09:54 UTC 2026
[    3.790713] nixos kernel: Command line: initrd=\EFI\nixos\v6bc83nw2h5x85106qkcr1v1qyi1ax7g-initrd-linux-6.12.80-initrd.efi init=/nix/store/vkf1lapdlnhabmi02h61l7cspmbfwbfd-nixos-system-nixos-25.11.9067.54170c54449e/init pci=noaer intel_iommu=on iommu=strict loglevel=4 lsm=landlock,yama,bpf
[    3.790740] nixos kernel: BIOS-provided physical RAM map:
[    3.790756] nixos kernel: BIOS-e820: [mem 0x0000000000000000-0x0000000000057fff] usable
[    3.790771] nixos kernel: BIOS-e820: [mem 0x0000000000058000-0x0000000000058fff] reserved
[    3.790785] nixos kernel: BIOS-e820: [mem 0x0000000000059000-0x000000000008efff] usable
[    3.790806] nixos kernel: BIOS-e820: [mem 0x000000000008f000-0x000000000008ffff] reserved
[    3.790825] nixos kernel: BIOS-e820: [mem 0x0000000000090000-0x000000000009ffff] usable
[    3.790844] nixos kernel: BIOS-e820: [mem 0x00000000000a0000-0x00000000000bffff] reserved
[    3.790861] nixos kernel: BIOS-e820: [mem 0x0000000000100000-0x000000008ad0ffff] usable
[    3.790879] nixos kernel: BIOS-e820: [mem 0x000000008ad10000-0x000000008ad52fff] ACPI NVS
[    3.790899] nixos kernel: BIOS-e820: [mem 0x000000008ad53000-0x000000008ad5cfff] usable
[    3.790917] nixos kernel: BIOS-e820: [mem 0x000000008ad5d000-0x000000008ad8efff] ACPI data
[    3.790935] nixos kernel: BIOS-e820: [mem 0x000000008ad8f000-0x000000008ae38fff] usable
[    3.790956] nixos kernel: BIOS-e820: [mem 0x000000008ae39000-0x000000008ae8efff] reserved
[    3.790972] nixos kernel: BIOS-e820: [mem 0x000000008ae8f000-0x000000008aed1fff] usable
[    3.790987] nixos kernel: BIOS-e820: [mem 0x000000008aed2000-0x000000008aefefff] reserved
[    3.791016] nixos kernel: BIOS-e820: [mem 0x000000008aeff000-0x000000008af83fff] usable
[    3.791035] nixos kernel: BIOS-e820: [mem 0x000000008af84000-0x000000008afeffff] reserved
[    3.791052] nixos kernel: BIOS-e820: [mem 0x000000008aff0000-0x000000008affffff] usable
[    3.791071] nixos kernel: BIOS-e820: [mem 0x000000008b000000-0x000000008f9fffff] reserved
[    3.791090] nixos kernel: BIOS-e820: [mem 0x00000000e00f8000-0x00000000e00f8fff] reserved
[    3.791110] nixos kernel: BIOS-e820: [mem 0x00000000fed1c000-0x00000000fed1ffff] reserved
[    3.791128] nixos kernel: BIOS-e820: [mem 0x00000000ffe10000-0x00000000ffe3ffff] reserved
[    3.791144] nixos kernel: BIOS-e820: [mem 0x0000000100000000-0x000000026f5fffff] usable
[    3.791162] nixos kernel: NX (Execute Disable) protection: active
[    3.791180] nixos kernel: APIC: Static calls initialized
[    3.791197] nixos kernel: e820: update [mem 0x75f29190-0x75f391cf] usable ==> usable
[    3.791215] nixos kernel: e820: update [mem 0x75f27810-0x75f27cd2] usable ==> usable
[    3.791233] nixos kernel: extended physical RAM map:
[    3.791251] nixos kernel: reserve setup_data: [mem 0x0000000000000000-0x0000000000057fff] usable
[    3.791266] nixos kernel: reserve setup_data: [mem 0x0000000000058000-0x0000000000058fff] reserved
[    3.791285] nixos kernel: reserve setup_data: [mem 0x0000000000059000-0x000000000008efff] usable
[    3.791302] nixos kernel: reserve setup_data: [mem 0x000000000008f000-0x000000000008ffff] reserved
[    3.791317] nixos kernel: reserve setup_data: [mem 0x0000000000090000-0x000000000009ffff] usable
[    3.791335] nixos kernel: reserve setup_data: [mem 0x00000000000a0000-0x00000000000bffff] reserved
[    3.791353] nixos kernel: reserve setup_data: [mem 0x0000000000100000-0x0000000075f2780f] usable
[    3.791373] nixos kernel: reserve setup_data: [mem 0x0000000075f27810-0x0000000075f27cd2] usable
[    3.791391] nixos kernel: reserve setup_data: [mem 0x0000000075f27cd3-0x0000000075f2918f] usable
[    3.791410] nixos kernel: reserve setup_data: [mem 0x0000000075f29190-0x0000000075f391cf] usable
[    3.791432] nixos kernel: reserve setup_data: [mem 0x0000000075f391d0-0x000000008ad0ffff] usable
[    3.791451] nixos kernel: reserve setup_data: [mem 0x000000008ad10000-0x000000008ad52fff] ACPI NVS
[    3.791466] nixos kernel: reserve setup_data: [mem 0x000000008ad53000-0x000000008ad5cfff] usable
[    3.791485] nixos kernel: reserve setup_data: [mem 0x000000008ad5d000-0x000000008ad8efff] ACPI data
[    3.791500] nixos kernel: reserve setup_data: [mem 0x000000008ad8f000-0x000000008ae38fff] usable
[    3.791517] nixos kernel: reserve setup_data: [mem 0x000000008ae39000-0x000000008ae8efff] reserved
[    3.791532] nixos kernel: reserve setup_data: [mem 0x000000008ae8f000-0x000000008aed1fff] usable
[    3.791550] nixos kernel: reserve setup_data: [mem 0x000000008aed2000-0x000000008aefefff] reserved
[    3.791567] nixos kernel: reserve setup_data: [mem 0x000000008aeff000-0x000000008af83fff] usable
[    3.791585] nixos kernel: reserve setup_data: [mem 0x000000008af84000-0x000000008afeffff] reserved
[    3.791603] nixos kernel: reserve setup_data: [mem 0x000000008aff0000-0x000000008affffff] usable
[    3.791621] nixos kernel: reserve setup_data: [mem 0x000000008b000000-0x000000008f9fffff] reserved
[    3.791636] nixos kernel: reserve setup_data: [mem 0x00000000e00f8000-0x00000000e00f8fff] reserved
[    3.791653] nixos kernel: reserve setup_data: [mem 0x00000000fed1c000-0x00000000fed1ffff] reserved
[    3.791674] nixos kernel: reserve setup_data: [mem 0x00000000ffe10000-0x00000000ffe3ffff] reserved
[    3.791692] nixos kernel: reserve setup_data: [mem 0x0000000100000000-0x000000026f5fffff] usable
[    3.791707] nixos kernel: efi: EFI v1.1 by Apple
[    3.791725] nixos kernel: efi: ACPI=0x8ad8e000 ACPI 2.0=0x8ad8e014 SMBIOS=0x8ad11000 RNG=0x8ad61f90 INITRD=0x75f53f90 
[    3.791740] nixos kernel: random: crng init done
[    3.791755] nixos kernel: efi: Not removing mem284: MMIO range=[0xe00f8000-0xe00f8fff] (4KB) from e820 map
[    3.791770] nixos kernel: efi: Not removing mem285: MMIO range=[0xfed1c000-0xfed1ffff] (16KB) from e820 map
[    3.791788] nixos kernel: efi: Not removing mem286: MMIO range=[0xffe10000-0xffe3ffff] (192KB) from e820 map
[    3.791806] nixos kernel: [Firmware Bug]: Corrupted DMI table, offset 2189 (only 40 entries processed)
[    3.791827] nixos kernel: SMBIOS 2.4 present.
[    3.791845] nixos kernel: DMI: Apple Inc. MacBookPro11,1/Mac-189A3D4F975D5FFC, BIOS 478.0.0.0.0 01/13/2023
[    3.791863] nixos kernel: DMI: Memory slots populated: 2/2
[    3.791878] nixos kernel: tsc: Fast TSC calibration using PIT
[    3.791896] nixos kernel: tsc: Detected 2599.966 MHz processor
[    3.791914] nixos kernel: e820: update [mem 0x00000000-0x00000fff] usable ==> reserved
[    3.791939] nixos kernel: e820: remove [mem 0x000a0000-0x000fffff] usable
[    3.791959] nixos kernel: last_pfn = 0x26f600 max_arch_pfn = 0x400000000
[    3.791981] nixos kernel: MTRR map: 5 entries (4 fixed + 1 variable; max 24), built from 10 variable MTRRs
[    3.792014] nixos kernel: x86/PAT: Configuration [0-7]: WB  WC  UC- UC  WB  WP  UC- WT  
[    3.792034] nixos kernel: last_pfn = 0x8b000 max_arch_pfn = 0x400000000
[    3.792057] nixos kernel: Using GB pages for direct mapping
[    3.792080] nixos kernel: Secure boot disabled
[    3.792109] nixos kernel: RAMDISK: [mem 0x71371000-0x72d3ffff]
[    3.792128] nixos kernel: ACPI: Early table checksum verification disabled
[    3.792154] nixos kernel: ACPI: RSDP 0x000000008AD8E014 000024 (v02 APPLE )
[    3.792175] nixos kernel: ACPI: XSDT 0x000000008AD8E1C0 0000A4 (v01 APPLE  Apple00  00000000      01000013)
[    3.792195] nixos kernel: ACPI: FACP 0x000000008AD8C000 0000F4 (v05 APPLE  Apple00  00000000 Loki 0000005F)
[    3.792219] nixos kernel: ACPI: DSDT 0x000000008AD7F000 007681 (v03 APPLE  MacBookP 00110001 INTL 20100915)
[    3.792245] nixos kernel: ACPI: FACS 0x000000008AD18000 000040
[    3.792264] nixos kernel: ACPI: FACS 0x000000008AD18000 000040
[    3.792280] nixos kernel: ACPI: HPET 0x000000008AD8B000 000038 (v01 APPLE  Apple00  00000001 Loki 0000005F)
[    3.792303] nixos kernel: ACPI: APIC 0x000000008AD8A000 0000BC (v02 APPLE  Apple00  00000001 Loki 0000005F)
[    3.792328] nixos kernel: ACPI: SBST 0x000000008AD88000 000030 (v01 APPLE  Apple00  00000001 Loki 0000005F)
[    3.792348] nixos kernel: ACPI: ECDT 0x000000008AD87000 000053 (v01 APPLE  Apple00  00000001 Loki 0000005F)
[    3.792374] nixos kernel: ACPI: SSDT 0x000000008AD7E000 00010B (v01 APPLE  SataAhci 00001000 INTL 20100915)
[    3.792395] nixos kernel: ACPI: SSDT 0x000000008AD7D000 000024 (v01 APPLE  SmcDppt  00001000 INTL 20100915)
[    3.792415] nixos kernel: ACPI: SSDT 0x000000008AD7A000 000FE9 (v01 APPLE  SDUsbLpt 00001000 INTL 20100915)
[    3.792434] nixos kernel: ACPI: SSDT 0x000000008AD76000 000032 (v01 APPLE  SsdtS3   00001000 INTL 20100915)
[    3.792454] nixos kernel: ACPI: SSDT 0x000000008AD73000 0028B2 (v01 APPLE  PcieTbt  00001000 INTL 20100915)
[    3.792475] nixos kernel: ACPI: SSDT 0x000000008AD66000 0000B8 (v01 APPLE  Sdxc     00001000 INTL 20100915)
[    3.792496] nixos kernel: ACPI: SSDT 0x000000008AD65000 0003E0 (v01 APPLE  SaHdaCdc 00001000 INTL 20100915)
[    3.792523] nixos kernel: ACPI: SSDT 0x000000008AD64000 000594 (v01 PmRef  Cpu0Ist  00003000 INTL 20100915)
[    3.792550] nixos kernel: ACPI: SSDT 0x000000008AD63000 000B83 (v01 PmRef  CpuPm    00003000 INTL 20100915)
[    3.792574] nixos kernel: ACPI: DMAR 0x000000008AD62000 000088 (v01 APPLE  HSW      00000001 AAPL 00000001)
[    3.792600] nixos kernel: ACPI: MCFG 0x000000008AD89000 00003C (v01 APPLE  Apple00  00000001 Loki 0000005F)
[    3.792618] nixos kernel: ACPI: Reserving FACP table memory at [mem 0x8ad8c000-0x8ad8c0f3]
[    3.792635] nixos kernel: ACPI: Reserving DSDT table memory at [mem 0x8ad7f000-0x8ad86680]
[    3.792653] nixos kernel: ACPI: Reserving FACS table memory at [mem 0x8ad18000-0x8ad1803f]
[    3.792670] nixos kernel: ACPI: Reserving FACS table memory at [mem 0x8ad18000-0x8ad1803f]
[    3.792686] nixos kernel: ACPI: Reserving HPET table memory at [mem 0x8ad8b000-0x8ad8b037]
[    3.792705] nixos kernel: ACPI: Reserving APIC table memory at [mem 0x8ad8a000-0x8ad8a0bb]
[    3.792730] nixos kernel: ACPI: Reserving SBST table memory at [mem 0x8ad88000-0x8ad8802f]
[    3.792749] nixos kernel: ACPI: Reserving ECDT table memory at [mem 0x8ad87000-0x8ad87052]
[    3.792769] nixos kernel: ACPI: Reserving SSDT table memory at [mem 0x8ad7e000-0x8ad7e10a]
[    3.792791] nixos kernel: ACPI: Reserving SSDT table memory at [mem 0x8ad7d000-0x8ad7d023]
[    3.792810] nixos kernel: ACPI: Reserving SSDT table memory at [mem 0x8ad7a000-0x8ad7afe8]
[    3.792831] nixos kernel: ACPI: Reserving SSDT table memory at [mem 0x8ad76000-0x8ad76031]
[    3.792852] nixos kernel: ACPI: Reserving SSDT table memory at [mem 0x8ad73000-0x8ad758b1]
[    3.792872] nixos kernel: ACPI: Reserving SSDT table memory at [mem 0x8ad66000-0x8ad660b7]
[    3.792893] nixos kernel: ACPI: Reserving SSDT table memory at [mem 0x8ad65000-0x8ad653df]
[    3.792911] nixos kernel: ACPI: Reserving SSDT table memory at [mem 0x8ad64000-0x8ad64593]
[    3.792929] nixos kernel: ACPI: Reserving SSDT table memory at [mem 0x8ad63000-0x8ad63b82]
[    3.792946] nixos kernel: ACPI: Reserving DMAR table memory at [mem 0x8ad62000-0x8ad62087]
[    3.792962] nixos kernel: ACPI: Reserving MCFG table memory at [mem 0x8ad89000-0x8ad8903b]
[    3.792993] nixos kernel: ACPI: DMI detected to setup _OSI("Darwin"): Apple hardware
[    3.793025] nixos kernel: No NUMA configuration found
[    3.793041] nixos kernel: Faking a node at [mem 0x0000000000000000-0x000000026f5fffff]
[    3.793062] nixos kernel: NODE_DATA(0) allocated [mem 0x26f5fa8c0-0x26f5ffdff]
[    3.793085] nixos kernel: Zone ranges:
[    3.793103] nixos kernel:   DMA      [mem 0x0000000000001000-0x0000000000ffffff]
[    3.793120] nixos kernel:   DMA32    [mem 0x0000000001000000-0x00000000ffffffff]
[    3.793135] nixos kernel:   Normal   [mem 0x0000000100000000-0x000000026f5fffff]
[    3.793152] nixos kernel:   Device   empty
[    3.793175] nixos kernel: Movable zone start for each node
[    3.793198] nixos kernel: Early memory node ranges
[    3.793215] nixos kernel:   node   0: [mem 0x0000000000001000-0x0000000000057fff]
[    3.793238] nixos kernel:   node   0: [mem 0x0000000000059000-0x000000000008efff]
[    3.793253] nixos kernel:   node   0: [mem 0x0000000000090000-0x000000000009ffff]
[    3.793270] nixos kernel:   node   0: [mem 0x0000000000100000-0x000000008ad0ffff]
[    3.793286] nixos kernel:   node   0: [mem 0x000000008ad53000-0x000000008ad5cfff]
[    3.793308] nixos kernel:   node   0: [mem 0x000000008ad8f000-0x000000008ae38fff]
[    3.793325] nixos kernel:   node   0: [mem 0x000000008ae8f000-0x000000008aed1fff]
[    3.793345] nixos kernel:   node   0: [mem 0x000000008aeff000-0x000000008af83fff]
[    3.793369] nixos kernel:   node   0: [mem 0x000000008aff0000-0x000000008affffff]
[    3.793387] nixos kernel:   node   0: [mem 0x0000000100000000-0x000000026f5fffff]
[    3.793407] nixos kernel: Initmem setup node 0 [mem 0x0000000000001000-0x000000026f5fffff]
[    3.793426] nixos kernel: On node 0, zone DMA: 1 pages in unavailable ranges
[    3.793442] nixos kernel: On node 0, zone DMA: 1 pages in unavailable ranges
[    3.793465] nixos kernel: On node 0, zone DMA: 1 pages in unavailable ranges
[    3.793482] nixos kernel: On node 0, zone DMA: 96 pages in unavailable ranges
[    3.793508] nixos kernel: On node 0, zone DMA32: 67 pages in unavailable ranges
[    3.793526] nixos kernel: On node 0, zone DMA32: 50 pages in unavailable ranges
[    3.793547] nixos kernel: On node 0, zone DMA32: 86 pages in unavailable ranges
[    3.793563] nixos kernel: On node 0, zone DMA32: 45 pages in unavailable ranges
[    3.793592] nixos kernel: On node 0, zone DMA32: 108 pages in unavailable ranges
[    3.793607] nixos kernel: On node 0, zone Normal: 20480 pages in unavailable ranges
[    3.793623] nixos kernel: On node 0, zone Normal: 2560 pages in unavailable ranges
[    3.793644] nixos kernel: Reserving Intel graphics memory at [mem 0x8ba00000-0x8f9fffff]
[    3.793661] nixos kernel: ACPI: PM-Timer IO Port: 0x1808
[    3.793684] nixos kernel: ACPI: LAPIC_NMI (acpi_id[0x01] high edge lint[0x1])
[    3.793708] nixos kernel: ACPI: LAPIC_NMI (acpi_id[0x02] high edge lint[0x1])
[    3.793725] nixos kernel: ACPI: LAPIC_NMI (acpi_id[0x03] high edge lint[0x1])
[    3.793745] nixos kernel: ACPI: LAPIC_NMI (acpi_id[0x04] high edge lint[0x1])
[    3.793769] nixos kernel: ACPI: LAPIC_NMI (acpi_id[0x05] high edge lint[0x1])
[    3.793785] nixos kernel: ACPI: LAPIC_NMI (acpi_id[0x06] high edge lint[0x1])
[    3.793805] nixos kernel: ACPI: LAPIC_NMI (acpi_id[0x07] high edge lint[0x1])
[    3.793825] nixos kernel: ACPI: LAPIC_NMI (acpi_id[0x08] high edge lint[0x1])
[    3.793842] nixos kernel: IOAPIC[0]: apic_id 2, version 32, address 0xfec00000, GSI 0-39
[    3.793859] nixos kernel: ACPI: INT_SRC_OVR (bus 0 bus_irq 0 global_irq 2 dfl dfl)
[    3.793875] nixos kernel: ACPI: INT_SRC_OVR (bus 0 bus_irq 9 global_irq 9 high level)
[    3.793893] nixos kernel: ACPI: Using ACPI (MADT) for SMP configuration information
[    3.793909] nixos kernel: ACPI: HPET id: 0x8086a201 base: 0xfed00000
[    3.793928] nixos kernel: TSC deadline timer available
[    3.793949] nixos kernel: CPU topo: Max. logical packages:   1
[    3.793965] nixos kernel: CPU topo: Max. logical dies:       1
[    3.793982] nixos kernel: CPU topo: Max. dies per package:   1
[    3.794014] nixos kernel: CPU topo: Max. threads per core:   2
[    3.794035] nixos kernel: CPU topo: Num. cores per package:     2
[    3.794051] nixos kernel: CPU topo: Num. threads per package:   4
[    3.794067] nixos kernel: CPU topo: Allowing 4 present CPUs plus 0 hotplug CPUs
[    3.794083] nixos kernel: PM: hibernation: Registered nosave memory: [mem 0x00000000-0x00000fff]
[    3.794106] nixos kernel: PM: hibernation: Registered nosave memory: [mem 0x00058000-0x00058fff]
[    3.794124] nixos kernel: PM: hibernation: Registered nosave memory: [mem 0x0008f000-0x0008ffff]
[    3.794141] nixos kernel: PM: hibernation: Registered nosave memory: [mem 0x000a0000-0x000fffff]
[    3.794164] nixos kernel: PM: hibernation: Registered nosave memory: [mem 0x8ad10000-0x8ad52fff]
[    3.794182] nixos kernel: PM: hibernation: Registered nosave memory: [mem 0x8ad5d000-0x8ad8efff]
[    3.794201] nixos kernel: PM: hibernation: Registered nosave memory: [mem 0x8ae39000-0x8ae8efff]
[    3.794219] nixos kernel: PM: hibernation: Registered nosave memory: [mem 0x8aed2000-0x8aefefff]
[    3.794239] nixos kernel: PM: hibernation: Registered nosave memory: [mem 0x8af84000-0x8afeffff]
[    3.794255] nixos kernel: PM: hibernation: Registered nosave memory: [mem 0x8b000000-0xffffffff]
[    3.794276] nixos kernel: [mem 0x8fa00000-0xe00f7fff] available for PCI devices
[    3.794292] nixos kernel: Booting paravirtualized kernel on bare hardware
[    3.794310] nixos kernel: clocksource: refined-jiffies: mask: 0xffffffff max_cycles: 0xffffffff, max_idle_ns: 1910969940391419 ns
[    3.794327] nixos kernel: setup_percpu: NR_CPUS:384 nr_cpumask_bits:4 nr_cpu_ids:4 nr_node_ids:1
[    3.794345] nixos kernel: percpu: Embedded 116 pages/cpu s294912 r65536 d114688 u524288
[    3.794361] nixos kernel: pcpu-alloc: s294912 r65536 d114688 u524288 alloc=1*2097152
[    3.794378] nixos kernel: pcpu-alloc: [0] 0 1 2 3 
[    3.794397] nixos kernel: Kernel command line: initrd=\EFI\nixos\v6bc83nw2h5x85106qkcr1v1qyi1ax7g-initrd-linux-6.12.80-initrd.efi init=/nix/store/vkf1lapdlnhabmi02h61l7cspmbfwbfd-nixos-system-nixos-25.11.9067.54170c54449e/init pci=noaer intel_iommu=on iommu=strict loglevel=4 lsm=landlock,yama,bpf
[    3.794419] nixos kernel: DMAR: IOMMU enabled
[    3.794436] nixos kernel: Dentry cache hash table entries: 1048576 (order: 11, 8388608 bytes, linear)
[    3.794452] nixos kernel: Inode-cache hash table entries: 524288 (order: 10, 4194304 bytes, linear)
[    3.794467] nixos kernel: Fallback order for Node 0: 0 
[    3.794484] nixos kernel: Built 1 zonelists, mobility grouping on.  Total pages: 2073657
[    3.794501] nixos kernel: Policy zone: Normal
[    3.794523] nixos kernel: mem auto-init: stack:all(zero), heap alloc:on, heap free:off
[    3.794540] nixos kernel: software IO TLB: area num 4.
[    3.794556] nixos kernel: SLUB: HWalign=64, Order=0-3, MinObjects=0, CPUs=4, Nodes=1
[    3.794576] nixos kernel: allocated 16777216 bytes of page_ext
[    3.794594] nixos kernel: Kernel/User page tables isolation: enabled
[    3.794612] nixos kernel: ftrace: allocating 46233 entries in 181 pages
[    3.794629] nixos kernel: ftrace: allocated 181 pages with 5 groups
[    3.794644] nixos kernel: Dynamic Preempt: voluntary
[    3.794660] nixos kernel: rcu: Preemptible hierarchical RCU implementation.
[    3.794678] nixos kernel: rcu:         RCU event tracing is enabled.
[    3.794694] nixos kernel: rcu:         RCU restricting CPUs from NR_CPUS=384 to nr_cpu_ids=4.
[    3.794717] nixos kernel:         Trampoline variant of Tasks RCU enabled.
[    3.794743] nixos kernel:         Rude variant of Tasks RCU enabled.
[    3.794760] nixos kernel:         Tracing variant of Tasks RCU enabled.
[    3.794776] nixos kernel: rcu: RCU calculated value of scheduler-enlistment delay is 100 jiffies.
[    3.794792] nixos kernel: rcu: Adjusting geometry for rcu_fanout_leaf=16, nr_cpu_ids=4
[    3.794808] nixos kernel: RCU Tasks: Setting shift to 2 and lim to 1 rcu_task_cb_adjust=1 rcu_task_cpu_ids=4.
[    3.794824] nixos kernel: RCU Tasks Rude: Setting shift to 2 and lim to 1 rcu_task_cb_adjust=1 rcu_task_cpu_ids=4.
[    3.794840] nixos kernel: RCU Tasks Trace: Setting shift to 2 and lim to 1 rcu_task_cb_adjust=1 rcu_task_cpu_ids=4.
[    3.794857] nixos kernel: NR_IRQS: 24832, nr_irqs: 728, preallocated irqs: 16
[    3.794877] nixos kernel: rcu: srcu_init: Setting srcu_struct sizes based on contention.
[    3.794895] nixos kernel: kfence: initialized - using 2097152 bytes for 255 objects at 0x(____ptrval____)-0x(____ptrval____)
[    3.794912] nixos kernel: Console: colour dummy device 80x25
[    3.794929] nixos kernel: printk: legacy console [tty0] enabled
[    3.794945] nixos kernel: ACPI: Core revision 20240827
[    3.794963] nixos kernel: hpet: HPET dysfunctional in PC10. Force disabled.
[    3.794981] nixos kernel: APIC: Switch to symmetric I/O mode setup
[    3.794999] nixos kernel: DMAR: Host address width 39
[    3.795027] nixos kernel: DMAR: DRHD base: 0x000000fed90000 flags: 0x0
[    3.795054] nixos kernel: DMAR: dmar0: reg_base_addr fed90000 ver 1:0 cap c0000020660462 ecap f0101a
[    3.795071] nixos kernel: DMAR: DRHD base: 0x000000fed91000 flags: 0x1
[    3.795087] nixos kernel: DMAR: dmar1: reg_base_addr fed91000 ver 1:0 cap d2008020660462 ecap f010da
[    3.795103] nixos kernel: DMAR: RMRR base: 0x0000008b800000 end: 0x0000008f9fffff
[    3.795121] nixos kernel: DMAR-IR: IOAPIC id 2 under DRHD base  0xfed91000 IOMMU 1
[    3.795140] nixos kernel: DMAR-IR: HPET id 0 under DRHD base 0xfed91000
[    3.795157] nixos kernel: DMAR-IR: Queued invalidation will be enabled to support x2apic and Intr-remapping.
[    3.795174] nixos kernel: DMAR-IR: Enabled IRQ remapping in x2apic mode
[    3.795192] nixos kernel: x2apic enabled
[    3.795208] nixos kernel: APIC: Switched APIC routing to: cluster x2apic
[    3.795224] nixos kernel: clocksource: tsc-early: mask: 0xffffffffffffffff max_cycles: 0x257a1bf681e, max_idle_ns: 440795285102 ns
[    3.795243] nixos kernel: Calibrating delay loop (skipped), value calculated using timer frequency.. 5199.93 BogoMIPS (lpj=2599966)
[    3.795261] nixos kernel: CPU0: Thermal monitoring enabled (TM1)
[    3.795277] nixos kernel: Last level iTLB entries: 4KB 1024, 2MB 1024, 4MB 1024
[    3.795293] nixos kernel: Last level dTLB entries: 4KB 1024, 2MB 1024, 4MB 1024, 1GB 4
[    3.795309] nixos kernel: process: using mwait in idle threads
[    3.795325] nixos kernel: Spectre V1 : Mitigation: usercopy/swapgs barriers and __user pointer sanitization
[    3.795343] nixos kernel: Spectre V2 : Mitigation: Retpolines
[    3.795359] nixos kernel: Spectre V2 : Spectre v2 / SpectreRSB: Filling RSB on context switch and VMEXIT
[    3.795375] nixos kernel: Spectre V2 : Enabling Restricted Speculation for firmware calls
[    3.795391] nixos kernel: Spectre V2 : mitigation: Enabling conditional Indirect Branch Prediction Barrier
[    3.795411] nixos kernel: Spectre V2 : User space: Mitigation: STIBP via prctl
[    3.795431] nixos kernel: Speculative Store Bypass: Mitigation: Speculative Store Bypass disabled via prctl
[    3.795447] nixos kernel: MDS: Mitigation: Clear CPU buffers
[    3.795462] nixos kernel: MMIO Stale Data: Unknown: No mitigations
[    3.795482] nixos kernel: SRBDS: Mitigation: Microcode
[    3.795503] nixos kernel: VMSCAPE: Mitigation: IBPB before exit to userspace
[    3.795519] nixos kernel: x86/fpu: Supporting XSAVE feature 0x001: 'x87 floating point registers'
[    3.795535] nixos kernel: x86/fpu: Supporting XSAVE feature 0x002: 'SSE registers'
[    3.795551] nixos kernel: x86/fpu: Supporting XSAVE feature 0x004: 'AVX registers'
[    3.795566] nixos kernel: x86/fpu: xstate_offset[2]:  576, xstate_sizes[2]:  256
[    3.795582] nixos kernel: x86/fpu: Enabled xstate features 0x7, context size is 832 bytes, using 'standard' format.
[    3.795598] nixos kernel: Freeing SMP alternatives memory: 40K
[    3.795618] nixos kernel: pid_max: default: 32768 minimum: 301
[    3.795633] nixos kernel: LSM: initializing lsm=capability,landlock,yama,bpf
[    3.795650] nixos kernel: landlock: Up and running.
[    3.795665] nixos kernel: Yama: becoming mindful.
[    3.795680] nixos kernel: LSM support for eBPF active
[    3.795696] nixos kernel: Mount-cache hash table entries: 16384 (order: 5, 131072 bytes, linear)
[    3.795712] nixos kernel: Mountpoint-cache hash table entries: 16384 (order: 5, 131072 bytes, linear)
[    3.795727] nixos kernel: smpboot: CPU0: Intel(R) Core(TM) i5-4288U CPU @ 2.60GHz (family: 0x6, model: 0x45, stepping: 0x1)
[    3.795742] nixos kernel: Performance Events: PEBS fmt2+, Haswell events, 16-deep LBR, full-width counters, Intel PMU driver.
[    3.795757] nixos kernel: ... version:                3
[    3.795776] nixos kernel: ... bit width:              48
[    3.795791] nixos kernel: ... generic registers:      4
[    3.795806] nixos kernel: ... value mask:             0000ffffffffffff
[    3.795822] nixos kernel: ... max period:             00007fffffffffff
[    3.795838] nixos kernel: ... fixed-purpose events:   3
[    3.795853] nixos kernel: ... event mask:             000000070000000f
[    3.795867] nixos kernel: signal: max sigframe size: 1776
[    3.795885] nixos kernel: Estimated ratio of average max frequency by base frequency (times 1024): 1220
[    3.795900] nixos kernel: rcu: Hierarchical SRCU implementation.
[    3.795915] nixos kernel: rcu:         Max phase no-delay instances is 400.
[    3.795930] nixos kernel: Timer migration: 1 hierarchy levels; 8 children per group; 1 crossnode level
[    3.795945] nixos kernel: NMI watchdog: Enabled. Permanently consumes one hw-PMU counter.
[    3.795965] nixos kernel: smp: Bringing up secondary CPUs ...
[    3.795981] nixos kernel: smpboot: x86: Booting SMP configuration:
[    3.795997] nixos kernel: .... node  #0, CPUs:      #1 #2 #3
[    3.796074] nixos kernel: MDS CPU bug present and SMT on, data leak possible. See https://www.kernel.org/doc/html/latest/admin-guide/hw-vuln/mds.html for more details.
[    3.796094] nixos kernel: VMSCAPE: SMT on, STIBP is required for full protection. See https://www.kernel.org/doc/html/latest/admin-guide/hw-vuln/vmscape.html for more details.
[    3.796110] nixos kernel: smp: Brought up 1 node, 4 CPUs
[    3.796128] nixos kernel: smpboot: Total of 4 processors activated (20799.72 BogoMIPS)
[    3.796144] nixos kernel: Memory: 7636200K/8294628K available (16384K kernel code, 2646K rwdata, 12592K rodata, 3416K init, 3348K bss, 627632K reserved, 0K cma-reserved)
[    3.796159] nixos kernel: devtmpfs: initialized
[    3.796175] nixos kernel: x86/mm: Memory block size: 128MB
[    3.796191] nixos kernel: ACPI: PM: Registering ACPI NVS region [mem 0x8ad10000-0x8ad52fff] (274432 bytes)
[    3.796208] nixos kernel: clocksource: jiffies: mask: 0xffffffff max_cycles: 0xffffffff, max_idle_ns: 1911260446275000 ns
[    3.796225] nixos kernel: futex hash table entries: 1024 (order: 4, 65536 bytes, linear)
[    3.796240] nixos kernel: pinctrl core: initialized pinctrl subsystem
[    3.796255] nixos kernel: PM: RTC time: 13:57:32, date: 2026-04-20
[    3.796274] nixos kernel: NET: Registered PF_NETLINK/PF_ROUTE protocol family
[    3.796291] nixos kernel: DMA: preallocated 1024 KiB GFP_KERNEL pool for atomic allocations
[    3.796310] nixos kernel: DMA: preallocated 1024 KiB GFP_KERNEL|GFP_DMA pool for atomic allocations
[    3.796327] nixos kernel: DMA: preallocated 1024 KiB GFP_KERNEL|GFP_DMA32 pool for atomic allocations
[    3.796343] nixos kernel: audit: initializing netlink subsys (disabled)
[    3.796359] nixos kernel: audit: type=2000 audit(1776693451.005:1): state=initialized audit_enabled=0 res=1
[    3.796374] nixos kernel: thermal_sys: Registered thermal governor 'bang_bang'
[    3.796389] nixos kernel: thermal_sys: Registered thermal governor 'step_wise'
[    3.796403] nixos kernel: thermal_sys: Registered thermal governor 'user_space'
[    3.796417] nixos kernel: cpuidle: using governor menu
[    3.796432] nixos kernel: efi: Freeing EFI boot services memory: 341428K
[    3.796449] nixos kernel: acpiphp: ACPI Hot Plug PCI Controller Driver version: 0.5
[    3.796465] nixos kernel: PCI: ECAM [mem 0xe0000000-0xe9bfffff] (base 0xe0000000) for domain 0000 [bus 00-9b]
[    3.796484] nixos kernel: PCI: Using configuration type 1 for base access
[    3.796500] nixos kernel: core: PMU erratum BJ122, BV98, HSD29 worked around, HT is on
[    3.796517] nixos kernel: kprobes: kprobe jump-optimization is enabled. All kprobes are optimized if possible.
[    3.796534] nixos kernel: HugeTLB: registered 1.00 GiB page size, pre-allocated 0 pages
[    3.796548] nixos kernel: HugeTLB: 16380 KiB vmemmap can be freed for a 1.00 GiB page
[    3.796563] nixos kernel: HugeTLB: registered 2.00 MiB page size, pre-allocated 0 pages
[    3.796577] nixos kernel: HugeTLB: 28 KiB vmemmap can be freed for a 2.00 MiB page
[    3.796593] nixos kernel: ACPI: Disabled all _OSI OS vendors
[    3.796609] nixos kernel: ACPI: Added _OSI(Module Device)
[    3.796623] nixos kernel: ACPI: Added _OSI(Processor Device)
[    3.796639] nixos kernel: ACPI: Added _OSI(Processor Aggregator Device)
[    3.796657] nixos kernel: ACPI: Added _OSI(Darwin)
[    3.796673] nixos kernel: ACPI: 10 ACPI AML tables successfully acquired and loaded
[    3.796689] nixos kernel: ACPI: EC: EC started
[    3.796705] nixos kernel: ACPI: EC: interrupt blocked
[    3.796722] nixos kernel: ACPI: EC: EC_CMD/EC_SC=0x66, EC_DATA=0x62
[    3.796738] nixos kernel: ACPI: EC: Boot ECDT EC used to handle transactions
[    3.796754] nixos kernel: ACPI: BIOS _OSI(Darwin) query honored via DMI
[    3.796770] nixos kernel: ACPI: [Firmware Bug]: BIOS _OSI(Linux) query ignored
[    3.796791] nixos kernel: ACPI: Dynamic OEM Table Load:
[    3.796809] nixos kernel: ACPI: SSDT 0xFFFF88E9423D5000 0004F0 (v01 PmRef  Cpu0Cst  00003001 INTL 20100915)
[    3.796826] nixos kernel: ACPI: Dynamic OEM Table Load:
[    3.796841] nixos kernel: ACPI: SSDT 0xFFFF88E9423D0800 00067C (v01 PmRef  ApIst    00003000 INTL 20100915)
[    3.796858] nixos kernel: ACPI: Dynamic OEM Table Load:
[    3.796874] nixos kernel: ACPI: SSDT 0xFFFF88E9411D3400 000119 (v01 PmRef  ApCst    00003000 INTL 20100915)
[    3.796891] nixos kernel: ACPI: Interpreter enabled
[    3.796907] nixos kernel: ACPI: PM: (supports S0 S3 S4 S5)
[    3.796924] nixos kernel: ACPI: Using IOAPIC for interrupt routing
[    3.796940] nixos kernel: PCI: Using host bridge windows from ACPI; if necessary, use "pci=nocrs" and report a bug
[    3.796959] nixos kernel: PCI: Ignoring E820 reservations for host bridge windows
[    3.796975] nixos kernel: ACPI: Enabled 4 GPEs in block 00 to 7F
[    3.796991] nixos kernel: ACPI: PCI Root Bridge [PCI0] (domain 0000 [bus 00-ff])
[    3.797367] nixos kernel: acpi PNP0A08:00: _OSC: OS assumes control of [PCIeHotplug SHPCHotplug AER PCIeCapability LTR DPC]
[    3.797684] nixos kernel: acpi PNP0A08:00: [Firmware Info]: ECAM [mem 0xe0000000-0xe9bfffff] for domain 0000 [bus 00-9b] only partially covers this bridge
[    3.797713] nixos kernel: PCI host bridge to bus 0000:00
[    3.798034] nixos kernel: pci_bus 0000:00: root bus resource [io  0x0000-0x0cf7 window]
[    3.798329] nixos kernel: pci_bus 0000:00: root bus resource [io  0x0d00-0xffff window]
[    3.798609] nixos kernel: pci_bus 0000:00: root bus resource [mem 0x000a0000-0x000fffff window]
[    3.798876] nixos kernel: pci_bus 0000:00: root bus resource [mem 0x8fa00000-0xfeafffff window]
[    3.799174] nixos kernel: pci_bus 0000:00: root bus resource [mem 0xfed40000-0xfed44fff window]
[    3.799434] nixos kernel: pci_bus 0000:00: root bus resource [bus 00-ff]
[    3.799731] nixos kernel: pci 0000:00:00.0: [8086:0a04] type 00 class 0x060000 conventional PCI endpoint
[    3.800034] nixos kernel: pci 0000:00:02.0: [8086:0a2e] type 00 class 0x030000 conventional PCI endpoint
[    3.800317] nixos kernel: pci 0000:00:02.0: BAR 0 [mem 0xb0000000-0xb03fffff 64bit]
[    3.800594] nixos kernel: pci 0000:00:02.0: BAR 2 [mem 0xa0000000-0xafffffff 64bit pref]
[    3.800873] nixos kernel: pci 0000:00:02.0: BAR 4 [io  0x2000-0x203f]
[    3.801300] nixos kernel: pci 0000:00:02.0: Video device with shadowed ROM at [mem 0x000c0000-0x000dffff]
[    3.801624] nixos kernel: pci 0000:00:03.0: [8086:0a0c] type 00 class 0x040300 PCIe Root Complex Integrated Endpoint
[    3.801929] nixos kernel: pci 0000:00:03.0: BAR 0 [mem 0xb0a10000-0xb0a13fff 64bit]
[    3.802255] nixos kernel: pci 0000:00:14.0: [8086:9c31] type 00 class 0x0c0330 conventional PCI endpoint
[    3.802548] nixos kernel: pci 0000:00:14.0: BAR 0 [mem 0xb0a00000-0xb0a0ffff 64bit]
[    3.802824] nixos kernel: pci 0000:00:14.0: PME# supported from D3hot D3cold
[    3.803111] nixos kernel: pci 0000:00:16.0: [8086:9c3a] type 00 class 0x078000 conventional PCI endpoint
[    3.803412] nixos kernel: pci 0000:00:16.0: BAR 0 [mem 0xb0a2a100-0xb0a2a11f 64bit]
[    3.803673] nixos kernel: pci 0000:00:16.0: PME# supported from D0 D3hot D3cold
[    3.803941] nixos kernel: pci 0000:00:1b.0: [8086:9c20] type 00 class 0x040300 PCIe Root Complex Integrated Endpoint
[    3.804218] nixos kernel: pci 0000:00:1b.0: BAR 0 [mem 0xb0a14000-0xb0a17fff 64bit]
[    3.804492] nixos kernel: pci 0000:00:1b.0: PME# supported from D0 D3hot D3cold
[    3.804768] nixos kernel: pci 0000:00:1c.0: [8086:9c10] type 01 class 0x060400 PCIe Root Port
[    3.805117] nixos kernel: pci 0000:00:1c.0: PCI bridge to [bus 01]
[    3.805395] nixos kernel: pci 0000:00:1c.0: PME# supported from D0 D3hot D3cold
[    3.805673] nixos kernel: pci 0000:00:1c.1: [8086:9c12] type 01 class 0x060400 PCIe Root Port
[    3.805956] nixos kernel: pci 0000:00:1c.1: PCI bridge to [bus 02]
[    3.806242] nixos kernel: pci 0000:00:1c.1:   bridge window [mem 0xb0800000-0xb09fffff]
[    3.806532] nixos kernel: pci 0000:00:1c.1:   bridge window [mem 0x90000000-0x9fffffff 64bit pref]
[    3.806826] nixos kernel: pci 0000:00:1c.1: PME# supported from D0 D3hot D3cold
[    3.807152] nixos kernel: pci 0000:00:1c.2: [8086:9c14] type 01 class 0x060400 PCIe Root Port
[    3.807444] nixos kernel: pci 0000:00:1c.2: PCI bridge to [bus 03]
[    3.807761] nixos kernel: pci 0000:00:1c.2:   bridge window [mem 0xb0400000-0xb06fffff]
[    3.808102] nixos kernel: pci 0000:00:1c.2: PME# supported from D0 D3hot D3cold
[    3.808423] nixos kernel: pci 0000:00:1c.4: [8086:9c18] type 01 class 0x060400 PCIe Root Port
[    3.808732] nixos kernel: pci 0000:00:1c.4: PCI bridge to [bus 05-9b]
[    3.809040] nixos kernel: pci 0000:00:1c.4:   bridge window [io  0x3000-0x5fff]
[    3.809317] nixos kernel: pci 0000:00:1c.4:   bridge window [mem 0xb0b00000-0xbcbfffff]
[    3.809590] nixos kernel: pci 0000:00:1c.4:   bridge window [mem 0xbcc00000-0xc8bfffff 64bit pref]
[    3.809862] nixos kernel: pci 0000:00:1c.4: PME# supported from D0 D3hot D3cold
[    3.810152] nixos kernel: pci 0000:00:1c.5: [8086:9c1a] type 01 class 0x060400 PCIe Root Port
[    3.810432] nixos kernel: pci 0000:00:1c.5: PCI bridge to [bus 04]
[    3.810704] nixos kernel: pci 0000:00:1c.5:   bridge window [mem 0xb0700000-0xb07fffff]
[    3.810977] nixos kernel: pci 0000:00:1c.5: PME# supported from D0 D3hot D3cold
[    3.811268] nixos kernel: pci 0000:00:1f.0: [8086:9c43] type 00 class 0x060100 conventional PCI endpoint
[    3.811552] nixos kernel: pci 0000:00:1f.3: [8086:9c22] type 00 class 0x0c0500 conventional PCI endpoint
[    3.811830] nixos kernel: pci 0000:00:1f.3: BAR 0 [mem 0xb0a2a000-0xb0a2a0ff 64bit]
[    3.812145] nixos kernel: pci 0000:00:1f.3: BAR 4 [io  0xefa0-0xefbf]
[    3.812441] nixos kernel: pci 0000:00:1c.0: PCI bridge to [bus 01]
[    3.812744] nixos kernel: pci 0000:02:00.0: [14e4:1570] type 00 class 0x048000 PCIe Endpoint
[    3.813056] nixos kernel: pci 0000:02:00.0: BAR 0 [mem 0xb0900000-0xb090ffff 64bit]
[    3.813351] nixos kernel: pci 0000:02:00.0: BAR 2 [mem 0x90000000-0x9fffffff 64bit pref]
[    3.813641] nixos kernel: pci 0000:02:00.0: BAR 4 [mem 0xb0800000-0xb08fffff 64bit]
[    3.813930] nixos kernel: pci 0000:02:00.0: supports D1
[    3.814231] nixos kernel: pci 0000:02:00.0: PME# supported from D0 D3hot
[    3.814514] nixos kernel: pci 0000:00:1c.1: PCI bridge to [bus 02]
[    3.814803] nixos kernel: pci 0000:03:00.0: [14e4:43a0] type 00 class 0x028000 PCIe Endpoint
[    3.815092] nixos kernel: pci 0000:03:00.0: BAR 0 [mem 0xb0600000-0xb0607fff 64bit]
[    3.815377] nixos kernel: pci 0000:03:00.0: BAR 2 [mem 0xb0400000-0xb05fffff 64bit]
[    3.815658] nixos kernel: pci 0000:03:00.0: supports D1 D2
[    3.815945] nixos kernel: pci 0000:03:00.0: PME# supported from D0 D1 D2 D3hot D3cold
[    3.816268] nixos kernel: pci 0000:00:1c.2: PCI bridge to [bus 03]
[    3.816559] nixos kernel: pci 0000:05:00.0: [8086:156d] type 01 class 0x060400 PCIe Switch Upstream Port
[    3.816852] nixos kernel: pci 0000:05:00.0: PCI bridge to [bus 06-6b]
[    3.817154] nixos kernel: pci 0000:05:00.0:   bridge window [io  0x3000-0x4fff]
[    3.817452] nixos kernel: pci 0000:05:00.0:   bridge window [mem 0xb0b00000-0xb8bfffff]
[    3.817747] nixos kernel: pci 0000:05:00.0:   bridge window [mem 0xbcc00000-0xc4bfffff 64bit pref]
[    3.818046] nixos kernel: pci 0000:05:00.0: enabling Extended Tags
[    3.818338] nixos kernel: pci 0000:05:00.0: supports D1 D2
[    3.818635] nixos kernel: pci 0000:05:00.0: PME# supported from D0 D1 D2 D3hot D3cold
[    3.818925] nixos kernel: pci 0000:00:1c.4: PCI bridge to [bus 05-9b]
[    3.819268] nixos kernel: pci 0000:06:00.0: [8086:156d] type 01 class 0x060400 PCIe Switch Downstream Port
[    3.819506] nixos kernel: pci 0000:06:00.0: PCI bridge to [bus 07]
[    3.819706] nixos kernel: pci 0000:06:00.0:   bridge window [mem 0xb0b00000-0xb0bfffff]
[    3.819903] nixos kernel: pci 0000:06:00.0: enabling Extended Tags
[    3.820122] nixos kernel: pci 0000:06:00.0: supports D1 D2
[    3.820318] nixos kernel: pci 0000:06:00.0: PME# supported from D0 D1 D2 D3hot D3cold
[    3.820514] nixos kernel: pci 0000:06:03.0: [8086:156d] type 01 class 0x060400 PCIe Switch Downstream Port
[    3.820714] nixos kernel: pci 0000:06:03.0: PCI bridge to [bus 08-38]
[    3.820908] nixos kernel: pci 0000:06:03.0:   bridge window [io  0x3000-0x3fff]
[    3.821112] nixos kernel: pci 0000:06:03.0:   bridge window [mem 0xb0c00000-0xb4bfffff]
[    3.821308] nixos kernel: pci 0000:06:03.0:   bridge window [mem 0xbcc00000-0xc0bfffff 64bit pref]
[    3.821502] nixos kernel: pci 0000:06:03.0: enabling Extended Tags
[    3.821695] nixos kernel: pci 0000:06:03.0: supports D1 D2
[    3.821888] nixos kernel: pci 0000:06:03.0: PME# supported from D0 D1 D2 D3hot D3cold
[    3.822095] nixos kernel: pci 0000:06:04.0: [8086:156d] type 01 class 0x060400 PCIe Switch Downstream Port
[    3.822295] nixos kernel: pci 0000:06:04.0: PCI bridge to [bus 39]
[    3.822487] nixos kernel: pci 0000:06:04.0: enabling Extended Tags
[    3.822680] nixos kernel: pci 0000:06:04.0: supports D1 D2
[    3.822870] nixos kernel: pci 0000:06:04.0: PME# supported from D0 D1 D2 D3hot D3cold
[    3.823077] nixos kernel: pci 0000:06:05.0: [8086:156d] type 01 class 0x060400 PCIe Switch Downstream Port
[    3.823273] nixos kernel: pci 0000:06:05.0: PCI bridge to [bus 3a-6a]
[    3.823465] nixos kernel: pci 0000:06:05.0:   bridge window [io  0x4000-0x4fff]
[    3.823742] nixos kernel: pci 0000:06:05.0:   bridge window [mem 0xb4c00000-0xb8bfffff]
[    3.824062] nixos kernel: pci 0000:06:05.0:   bridge window [mem 0xc0c00000-0xc4bfffff 64bit pref]
[    3.824363] nixos kernel: pci 0000:06:05.0: enabling Extended Tags
[    3.824668] nixos kernel: pci 0000:06:05.0: supports D1 D2
[    3.824979] nixos kernel: pci 0000:06:05.0: PME# supported from D0 D1 D2 D3hot D3cold
[    3.825361] nixos kernel: pci 0000:06:06.0: [8086:156d] type 01 class 0x060400 PCIe Switch Downstream Port
[    3.825665] nixos kernel: pci 0000:06:06.0: PCI bridge to [bus 6b]
[    3.825966] nixos kernel: pci 0000:06:06.0: enabling Extended Tags
[    3.826267] nixos kernel: pci 0000:06:06.0: supports D1 D2
[    3.826588] nixos kernel: pci 0000:06:06.0: PME# supported from D0 D1 D2 D3hot D3cold
[    3.826891] nixos kernel: pci 0000:05:00.0: PCI bridge to [bus 06-6b]
[    3.827247] nixos kernel: pci 0000:07:00.0: [8086:156c] type 00 class 0x088000 PCIe Endpoint
[    3.827591] nixos kernel: pci 0000:07:00.0: BAR 0 [mem 0xb0b00000-0xb0b3ffff]
[    3.827930] nixos kernel: pci 0000:07:00.0: BAR 1 [mem 0xb0b40000-0xb0b40fff]
[    3.828273] nixos kernel: pci 0000:07:00.0: enabling Extended Tags
[    3.828614] nixos kernel: pci 0000:07:00.0: supports D1 D2
[    3.828928] nixos kernel: pci 0000:07:00.0: PME# supported from D0 D1 D2 D3hot D3cold
[    3.829261] nixos kernel: pci 0000:06:00.0: PCI bridge to [bus 07]
[    3.829582] nixos kernel: pci 0000:06:03.0: PCI bridge to [bus 08-38]
[    3.829890] nixos kernel: pci 0000:06:04.0: PCI bridge to [bus 39]
[    3.830243] nixos kernel: pci 0000:06:05.0: PCI bridge to [bus 3a-6a]
[    3.830555] nixos kernel: pci 0000:06:06.0: PCI bridge to [bus 6b]
[    3.830852] nixos kernel: pci 0000:04:00.0: [144d:1600] type 00 class 0x010601 PCIe Endpoint
[    3.831172] nixos kernel: pci 0000:04:00.0: BAR 5 [mem 0xb0700000-0xb0701fff]
[    3.831488] nixos kernel: pci 0000:04:00.0: ROM [mem 0xffff0000-0xffffffff pref]
[    3.831795] nixos kernel: pci 0000:04:00.0: PME# supported from D3hot D3cold
[    3.832105] nixos kernel: pci 0000:04:00.0: 8.000 Gb/s available PCIe bandwidth, limited by 5.0 GT/s PCIe x2 link at 0000:00:1c.5 (capable of 16.000 Gb/s with 5.0 GT/s PCIe x4 link)
[    3.832401] nixos kernel: pci 0000:00:1c.5: PCI bridge to [bus 04]
[    3.832428] nixos kernel: ACPI: PCI: Interrupt link LNKA configured for IRQ 0
[    3.832447] nixos kernel: ACPI: PCI: Interrupt link LNKA disabled
[    3.832464] nixos kernel: ACPI: PCI: Interrupt link LNKB configured for IRQ 0
[    3.832481] nixos kernel: ACPI: PCI: Interrupt link LNKB disabled
[    3.832497] nixos kernel: ACPI: PCI: Interrupt link LNKC configured for IRQ 0
[    3.832515] nixos kernel: ACPI: PCI: Interrupt link LNKC disabled
[    3.832536] nixos kernel: ACPI: PCI: Interrupt link LNKD configured for IRQ 0
[    3.832556] nixos kernel: ACPI: PCI: Interrupt link LNKD disabled
[    3.832574] nixos kernel: ACPI: PCI: Interrupt link LNKE configured for IRQ 0
[    3.832590] nixos kernel: ACPI: PCI: Interrupt link LNKE disabled
[    3.832607] nixos kernel: ACPI: PCI: Interrupt link LNKF configured for IRQ 0
[    3.832625] nixos kernel: ACPI: PCI: Interrupt link LNKF disabled
[    3.832642] nixos kernel: ACPI: PCI: Interrupt link LNKG configured for IRQ 0
[    3.832658] nixos kernel: ACPI: PCI: Interrupt link LNKG disabled
[    3.832675] nixos kernel: ACPI: PCI: Interrupt link LNKH configured for IRQ 0
[    3.832696] nixos kernel: ACPI: PCI: Interrupt link LNKH disabled
[    3.832713] nixos kernel: ACPI: EC: interrupt unblocked
[    3.832730] nixos kernel: ACPI: EC: event unblocked
[    3.832747] nixos kernel: ACPI: EC: EC_CMD/EC_SC=0x66, EC_DATA=0x62
[    3.832764] nixos kernel: ACPI: EC: GPE=0x4e
[    3.832782] nixos kernel: ACPI: \_SB_.PCI0.LPCB.EC__: Boot ECDT EC initialization complete
[    3.832800] nixos kernel: ACPI: \_SB_.PCI0.LPCB.EC__: EC: Used to handle transactions and events
[    3.832819] nixos kernel: iommu: Default domain type: Translated
[    3.832838] nixos kernel: iommu: DMA domain TLB invalidation policy: lazy mode
[    3.832859] nixos kernel: ACPI: bus type USB registered
[    3.832876] nixos kernel: usbcore: registered new interface driver usbfs
[    3.832894] nixos kernel: usbcore: registered new interface driver hub
[    3.832911] nixos kernel: usbcore: registered new device driver usb
[    3.832928] nixos kernel: efivars: Registered efivars operations
[    3.832944] nixos kernel: NetLabel: Initializing
[    3.832961] nixos kernel: NetLabel:  domain hash size = 128
[    3.832979] nixos kernel: NetLabel:  protocols = UNLABELED CIPSOv4 CALIPSO
[    3.832996] nixos kernel: NetLabel:  unlabeled traffic allowed by default
[    3.833024] nixos kernel: PCI: Using ACPI for IRQ routing
[    3.833043] nixos kernel: PCI: pci_cache_line_size set to 64 bytes
[    3.833060] nixos kernel: e820: reserve RAM buffer [mem 0x00058000-0x0005ffff]
[    3.833079] nixos kernel: e820: reserve RAM buffer [mem 0x0008f000-0x0008ffff]
[    3.833096] nixos kernel: e820: reserve RAM buffer [mem 0x75f27810-0x77ffffff]
[    3.833112] nixos kernel: e820: reserve RAM buffer [mem 0x75f29190-0x77ffffff]
[    3.833129] nixos kernel: e820: reserve RAM buffer [mem 0x8ad10000-0x8bffffff]
[    3.833146] nixos kernel: e820: reserve RAM buffer [mem 0x8ad5d000-0x8bffffff]
[    3.833167] nixos kernel: e820: reserve RAM buffer [mem 0x8ae39000-0x8bffffff]
[    3.833184] nixos kernel: e820: reserve RAM buffer [mem 0x8aed2000-0x8bffffff]
[    3.833201] nixos kernel: e820: reserve RAM buffer [mem 0x8af84000-0x8bffffff]
[    3.833218] nixos kernel: e820: reserve RAM buffer [mem 0x8b000000-0x8bffffff]
[    3.833236] nixos kernel: e820: reserve RAM buffer [mem 0x26f600000-0x26fffffff]
[    3.833536] nixos kernel: pci 0000:00:02.0: vgaarb: setting as boot VGA device
[    3.833836] nixos kernel: pci 0000:00:02.0: vgaarb: bridge control possible
[    3.834146] nixos kernel: pci 0000:00:02.0: vgaarb: VGA device added: decodes=io+mem,owns=io+mem,locks=none
[    3.834172] nixos kernel: vgaarb: loaded
[    3.834190] nixos kernel: clocksource: Switched to clocksource tsc-early
[    3.834208] nixos kernel: VFS: Disk quotas dquot_6.6.0
[    3.834226] nixos kernel: VFS: Dquot-cache hash table entries: 512 (order 0, 4096 bytes)
[    3.834243] nixos kernel: pnp: PnP ACPI init
[    3.834516] nixos kernel: system 00:00: [mem 0xfed00000-0xfed03fff] has been reserved
[    3.834772] nixos kernel: system 00:01: [io  0xffff] has been reserved
[    3.835042] nixos kernel: system 00:01: [io  0x1800-0x187f] has been reserved
[    3.835303] nixos kernel: system 00:01: [io  0x0800-0x087f] has been reserved
[    3.835577] nixos kernel: system 00:03: [mem 0xfed1c000-0xfed1ffff] has been reserved
[    3.835866] nixos kernel: system 00:03: [mem 0xfed10000-0xfed17fff] has been reserved
[    3.836162] nixos kernel: system 00:03: [mem 0xfed18000-0xfed18fff] has been reserved
[    3.836422] nixos kernel: system 00:03: [mem 0xfed19000-0xfed19fff] has been reserved
[    3.836680] nixos kernel: system 00:03: [mem 0xe0000000-0xefffffff] could not be reserved
[    3.836949] nixos kernel: system 00:03: [mem 0xfed20000-0xfed3ffff] has been reserved
[    3.837232] nixos kernel: system 00:03: [mem 0xfed90000-0xfed93fff] could not be reserved
[    3.837514] nixos kernel: system 00:03: [mem 0xfed45000-0xfed8ffff] has been reserved
[    3.837799] nixos kernel: system 00:03: [mem 0xff000000-0xffffffff] could not be reserved
[    3.838087] nixos kernel: system 00:03: [mem 0xfee00000-0xfeefffff] has been reserved
[    3.838365] nixos kernel: system 00:04: [mem 0x20000000-0x201fffff] could not be reserved
[    3.838642] nixos kernel: system 00:04: [mem 0x40000000-0x401fffff] could not be reserved
[    3.838668] nixos kernel: pnp: PnP ACPI: found 5 devices
[    3.838990] nixos kernel: pci 0000:00:02.0: assigning 3 device properties
[    3.839359] nixos kernel: pci 0000:07:00.0: assigning 8 device properties
[    3.839649] nixos kernel: pci 0000:00:1b.0: assigning 4 device properties
[    3.839674] nixos kernel: clocksource: acpi_pm: mask: 0xffffff max_cycles: 0xffffff, max_idle_ns: 2085701024 ns
[    3.839692] nixos kernel: NET: Registered PF_INET protocol family
[    3.839710] nixos kernel: IP idents hash table entries: 131072 (order: 8, 1048576 bytes, linear)
[    3.839729] nixos kernel: tcp_listen_portaddr_hash hash table entries: 4096 (order: 4, 65536 bytes, linear)
[    3.839748] nixos kernel: Table-perturb hash table entries: 65536 (order: 6, 262144 bytes, linear)
[    3.839767] nixos kernel: TCP established hash table entries: 65536 (order: 7, 524288 bytes, linear)
[    3.839792] nixos kernel: TCP bind hash table entries: 65536 (order: 9, 2097152 bytes, linear)
[    3.839812] nixos kernel: TCP: Hash tables configured (established 65536 bind 65536)
[    3.839830] nixos kernel: MPTCP token hash table entries: 8192 (order: 6, 196608 bytes, linear)
[    3.839848] nixos kernel: UDP hash table entries: 4096 (order: 5, 131072 bytes, linear)
[    3.839865] nixos kernel: UDP-Lite hash table entries: 4096 (order: 5, 131072 bytes, linear)
[    3.839883] nixos kernel: NET: Registered PF_UNIX/PF_LOCAL protocol family
[    3.839900] nixos kernel: NET: Registered PF_XDP protocol family
[    3.840209] nixos kernel: pci 0000:04:00.0: ROM [mem 0xffff0000-0xffffffff pref]: can't claim; no compatible bridge window
[    3.840537] nixos kernel: pci 0000:06:00.0: bridge window [io  0x1000-0x0fff] to [bus 07] add_size 1000
[    3.840852] nixos kernel: pci 0000:06:00.0: bridge window [mem 0x00100000-0x000fffff 64bit pref] to [bus 07] add_size 200000 add_align 100000
[    3.841220] nixos kernel: pci 0000:06:04.0: bridge window [io  0x1000-0x0fff] to [bus 39] add_size 1000
[    3.841542] nixos kernel: pci 0000:06:04.0: bridge window [mem 0x00100000-0x000fffff 64bit pref] to [bus 39] add_size 200000 add_align 100000
[    3.841888] nixos kernel: pci 0000:06:04.0: bridge window [mem 0x00100000-0x000fffff] to [bus 39] add_size 200000 add_align 100000
[    3.842254] nixos kernel: pci 0000:06:06.0: bridge window [io  0x1000-0x0fff] to [bus 6b] add_size 1000
[    3.842579] nixos kernel: pci 0000:06:06.0: bridge window [mem 0x00100000-0x000fffff 64bit pref] to [bus 6b] add_size 200000 add_align 100000
[    3.842904] nixos kernel: pci 0000:06:06.0: bridge window [mem 0x00100000-0x000fffff] to [bus 6b] add_size 200000 add_align 100000
[    3.843207] nixos kernel: pci 0000:00:1c.0: PCI bridge to [bus 01]
[    3.843480] nixos kernel: pci 0000:00:1c.1: PCI bridge to [bus 02]
[    3.843747] nixos kernel: pci 0000:00:1c.1:   bridge window [mem 0xb0800000-0xb09fffff]
[    3.844036] nixos kernel: pci 0000:00:1c.1:   bridge window [mem 0x90000000-0x9fffffff 64bit pref]
[    3.844330] nixos kernel: pci 0000:00:1c.2: PCI bridge to [bus 03]
[    3.844607] nixos kernel: pci 0000:00:1c.2:   bridge window [mem 0xb0400000-0xb06fffff]
[    3.844911] nixos kernel: pci 0000:06:00.0: bridge window [mem size 0x00200000 64bit pref]: can't assign; no space
[    3.845243] nixos kernel: pci 0000:06:00.0: bridge window [mem size 0x00200000 64bit pref]: failed to assign
[    3.845562] nixos kernel: pci 0000:06:04.0: bridge window [mem size 0x00200000]: can't assign; no space
[    3.845886] nixos kernel: pci 0000:06:04.0: bridge window [mem size 0x00200000]: failed to assign
[    3.846216] nixos kernel: pci 0000:06:04.0: bridge window [mem size 0x00200000 64bit pref]: can't assign; no space
[    3.846529] nixos kernel: pci 0000:06:04.0: bridge window [mem size 0x00200000 64bit pref]: failed to assign
[    3.846840] nixos kernel: pci 0000:06:06.0: bridge window [mem size 0x00200000]: can't assign; no space
[    3.847170] nixos kernel: pci 0000:06:06.0: bridge window [mem size 0x00200000]: failed to assign
[    3.847484] nixos kernel: pci 0000:06:06.0: bridge window [mem size 0x00200000 64bit pref]: can't assign; no space
[    3.847793] nixos kernel: pci 0000:06:06.0: bridge window [mem size 0x00200000 64bit pref]: failed to assign
[    3.848117] nixos kernel: pci 0000:06:00.0: bridge window [io  size 0x1000]: can't assign; no space
[    3.848435] nixos kernel: pci 0000:06:00.0: bridge window [io  size 0x1000]: failed to assign
[    3.848747] nixos kernel: pci 0000:06:04.0: bridge window [io  size 0x1000]: can't assign; no space
[    3.849069] nixos kernel: pci 0000:06:04.0: bridge window [io  size 0x1000]: failed to assign
[    3.849383] nixos kernel: pci 0000:06:06.0: bridge window [io  size 0x1000]: can't assign; no space
[    3.849694] nixos kernel: pci 0000:06:06.0: bridge window [io  size 0x1000]: failed to assign
[    3.850012] nixos kernel: pci 0000:06:06.0: bridge window [mem size 0x00200000]: can't assign; no space
[    3.850328] nixos kernel: pci 0000:06:06.0: bridge window [mem size 0x00200000]: failed to assign
[    3.850640] nixos kernel: pci 0000:06:06.0: bridge window [mem size 0x00200000 64bit pref]: can't assign; no space
[    3.850959] nixos kernel: pci 0000:06:06.0: bridge window [mem size 0x00200000 64bit pref]: failed to assign
[    3.851276] nixos kernel: pci 0000:06:06.0: bridge window [io  size 0x1000]: can't assign; no space
[    3.851590] nixos kernel: pci 0000:06:06.0: bridge window [io  size 0x1000]: failed to assign
[    3.851904] nixos kernel: pci 0000:06:04.0: bridge window [mem size 0x00200000]: can't assign; no space
[    3.852224] nixos kernel: pci 0000:06:04.0: bridge window [mem size 0x00200000]: failed to assign
[    3.852536] nixos kernel: pci 0000:06:04.0: bridge window [mem size 0x00200000 64bit pref]: can't assign; no space
[    3.852845] nixos kernel: pci 0000:06:04.0: bridge window [mem size 0x00200000 64bit pref]: failed to assign
[    3.853165] nixos kernel: pci 0000:06:04.0: bridge window [io  size 0x1000]: can't assign; no space
[    3.853478] nixos kernel: pci 0000:06:04.0: bridge window [io  size 0x1000]: failed to assign
[    3.853792] nixos kernel: pci 0000:06:00.0: bridge window [mem size 0x00200000 64bit pref]: can't assign; no space
[    3.854125] nixos kernel: pci 0000:06:00.0: bridge window [mem size 0x00200000 64bit pref]: failed to assign
[    3.854436] nixos kernel: pci 0000:06:00.0: bridge window [io  size 0x1000]: can't assign; no space
[    3.854743] nixos kernel: pci 0000:06:00.0: bridge window [io  size 0x1000]: failed to assign
[    3.855065] nixos kernel: pci 0000:06:00.0: PCI bridge to [bus 07]
[    3.855374] nixos kernel: pci 0000:06:00.0:   bridge window [mem 0xb0b00000-0xb0bfffff]
[    3.855688] nixos kernel: pci 0000:06:03.0: PCI bridge to [bus 08-38]
[    3.856013] nixos kernel: pci 0000:06:03.0:   bridge window [io  0x3000-0x3fff]
[    3.856327] nixos kernel: pci 0000:06:03.0:   bridge window [mem 0xb0c00000-0xb4bfffff]
[    3.856637] nixos kernel: pci 0000:06:03.0:   bridge window [mem 0xbcc00000-0xc0bfffff 64bit pref]
[    3.856946] nixos kernel: pci 0000:06:04.0: PCI bridge to [bus 39]
[    3.857261] nixos kernel: pci 0000:06:05.0: PCI bridge to [bus 3a-6a]
[    3.857578] nixos kernel: pci 0000:06:05.0:   bridge window [io  0x4000-0x4fff]
[    3.857885] nixos kernel: pci 0000:06:05.0:   bridge window [mem 0xb4c00000-0xb8bfffff]
[    3.858211] nixos kernel: pci 0000:06:05.0:   bridge window [mem 0xc0c00000-0xc4bfffff 64bit pref]
[    3.858524] nixos kernel: pci 0000:06:06.0: PCI bridge to [bus 6b]
[    3.858827] nixos kernel: pci 0000:05:00.0: PCI bridge to [bus 06-6b]
[    3.859141] nixos kernel: pci 0000:05:00.0:   bridge window [io  0x3000-0x4fff]
[    3.859441] nixos kernel: pci 0000:05:00.0:   bridge window [mem 0xb0b00000-0xb8bfffff]
[    3.859741] nixos kernel: pci 0000:05:00.0:   bridge window [mem 0xbcc00000-0xc4bfffff 64bit pref]
[    3.860047] nixos kernel: pci 0000:00:1c.4: PCI bridge to [bus 05-9b]
[    3.860328] nixos kernel: pci 0000:00:1c.4:   bridge window [io  0x3000-0x5fff]
[    3.860613] nixos kernel: pci 0000:00:1c.4:   bridge window [mem 0xb0b00000-0xbcbfffff]
[    3.860896] nixos kernel: pci 0000:00:1c.4:   bridge window [mem 0xbcc00000-0xc8bfffff 64bit pref]
[    3.861221] nixos kernel: pci 0000:04:00.0: ROM [mem 0xb0710000-0xb071ffff pref]: assigned
[    3.861511] nixos kernel: pci 0000:00:1c.5: PCI bridge to [bus 04]
[    3.861800] nixos kernel: pci 0000:00:1c.5:   bridge window [mem 0xb0700000-0xb07fffff]
[    3.862193] nixos kernel: pci_bus 0000:00: resource 4 [io  0x0000-0x0cf7 window]
[    3.862463] nixos kernel: pci_bus 0000:00: resource 5 [io  0x0d00-0xffff window]
[    3.862728] nixos kernel: pci_bus 0000:00: resource 6 [mem 0x000a0000-0x000fffff window]
[    3.862994] nixos kernel: pci_bus 0000:00: resource 7 [mem 0x8fa00000-0xfeafffff window]
[    3.863269] nixos kernel: pci_bus 0000:00: resource 8 [mem 0xfed40000-0xfed44fff window]
[    3.863759] nixos kernel: pci_bus 0000:02: resource 1 [mem 0xb0800000-0xb09fffff]
[    3.864059] nixos kernel: pci_bus 0000:02: resource 2 [mem 0x90000000-0x9fffffff 64bit pref]
[    3.864356] nixos kernel: pci_bus 0000:03: resource 1 [mem 0xb0400000-0xb06fffff]
[    3.864650] nixos kernel: pci_bus 0000:05: resource 0 [io  0x3000-0x5fff]
[    3.864953] nixos kernel: pci_bus 0000:05: resource 1 [mem 0xb0b00000-0xbcbfffff]
[    3.865212] nixos kernel: pci_bus 0000:05: resource 2 [mem 0xbcc00000-0xc8bfffff 64bit pref]
[    3.865474] nixos kernel: pci_bus 0000:06: resource 0 [io  0x3000-0x4fff]
[    3.865735] nixos kernel: pci_bus 0000:06: resource 1 [mem 0xb0b00000-0xb8bfffff]
[    3.865984] nixos kernel: pci_bus 0000:06: resource 2 [mem 0xbcc00000-0xc4bfffff 64bit pref]
[    3.866275] nixos kernel: pci_bus 0000:07: resource 1 [mem 0xb0b00000-0xb0bfffff]
[    3.866543] nixos kernel: pci_bus 0000:08: resource 0 [io  0x3000-0x3fff]
[    3.866800] nixos kernel: pci_bus 0000:08: resource 1 [mem 0xb0c00000-0xb4bfffff]
[    3.867084] nixos kernel: pci_bus 0000:08: resource 2 [mem 0xbcc00000-0xc0bfffff 64bit pref]
[    3.867336] nixos kernel: pci_bus 0000:3a: resource 0 [io  0x4000-0x4fff]
[    3.867596] nixos kernel: pci_bus 0000:3a: resource 1 [mem 0xb4c00000-0xb8bfffff]
[    3.867886] nixos kernel: pci_bus 0000:3a: resource 2 [mem 0xc0c00000-0xc4bfffff 64bit pref]
[    3.868190] nixos kernel: pci_bus 0000:04: resource 1 [mem 0xb0700000-0xb07fffff]
[    3.868226] nixos kernel: PCI: CLS 256 bytes, default 64
[    3.868246] nixos kernel: DMAR: No ATSR found
[    3.868262] nixos kernel: DMAR: No SATC found
[    3.868278] nixos kernel: DMAR: IOMMU feature pgsel_inv inconsistent
[    3.868295] nixos kernel: DMAR: IOMMU feature sc_support inconsistent
[    3.868318] nixos kernel: DMAR: IOMMU feature pass_through inconsistent
[    3.868333] nixos kernel: DMAR: dmar0: Using Queued invalidation
[    3.868348] nixos kernel: DMAR: dmar1: Using Queued invalidation
[    3.868363] nixos kernel: Trying to unpack rootfs image as initramfs...
[    3.868658] nixos kernel: pci 0000:00:02.0: Adding to iommu group 0
[    3.868958] nixos kernel: pci 0000:00:00.0: Adding to iommu group 1
[    3.869262] nixos kernel: pci 0000:00:03.0: Adding to iommu group 2
[    3.869560] nixos kernel: pci 0000:00:14.0: Adding to iommu group 3
[    3.869850] nixos kernel: pci 0000:00:16.0: Adding to iommu group 4
[    3.870156] nixos kernel: pci 0000:00:1b.0: Adding to iommu group 5
[    3.870440] nixos kernel: pci 0000:00:1c.0: Adding to iommu group 6
[    3.870764] nixos kernel: pci 0000:00:1c.1: Adding to iommu group 6
[    3.871159] nixos kernel: pci 0000:00:1c.2: Adding to iommu group 6
[    3.871549] nixos kernel: pci 0000:00:1c.4: Adding to iommu group 6
[    3.871939] nixos kernel: pci 0000:00:1c.5: Adding to iommu group 6
[    3.872339] nixos kernel: pci 0000:00:1f.0: Adding to iommu group 7
[    3.872716] nixos kernel: pci 0000:00:1f.3: Adding to iommu group 7
[    3.873145] nixos kernel: pci 0000:02:00.0: Adding to iommu group 6
[    3.873526] nixos kernel: pci 0000:03:00.0: Adding to iommu group 6
[    3.873792] nixos kernel: pci 0000:05:00.0: Adding to iommu group 6
[    3.874080] nixos kernel: pci 0000:06:00.0: Adding to iommu group 6
[    3.874351] nixos kernel: pci 0000:06:03.0: Adding to iommu group 6
[    3.874675] nixos kernel: pci 0000:06:04.0: Adding to iommu group 6
[    3.874994] nixos kernel: pci 0000:06:05.0: Adding to iommu group 6
[    3.875258] nixos kernel: pci 0000:06:06.0: Adding to iommu group 6
[    3.875526] nixos kernel: pci 0000:07:00.0: Adding to iommu group 6
[    3.875834] nixos kernel: pci 0000:04:00.0: Adding to iommu group 6
[    3.875860] nixos kernel: DMAR: Intel(R) Virtualization Technology for Directed I/O
[    3.875882] nixos kernel: PCI-DMA: Using software bounce buffering for IO (SWIOTLB)
[    3.875903] nixos kernel: software IO TLB: mapped [mem 0x000000006d371000-0x0000000071371000] (64MB)
[    3.875922] nixos kernel: Initialise system trusted keyrings
[    3.875943] nixos kernel: workingset: timestamp_bits=40 max_order=21 bucket_order=0
[    3.875968] nixos kernel: Key type asymmetric registered
[    3.875989] nixos kernel: Asymmetric key parser 'x509' registered
[    3.876016] nixos kernel: Block layer SCSI generic (bsg) driver version 0.4 loaded (major 251)
[    3.876037] nixos kernel: io scheduler mq-deadline registered
[    3.876057] nixos kernel: io scheduler kyber registered
[    3.876388] nixos kernel: pcieport 0000:00:1c.0: Enabling MPC IRBNCE
[    3.876718] nixos kernel: pcieport 0000:00:1c.0: Intel PCH root port ACS workaround enabled
[    3.877055] nixos kernel: pcieport 0000:00:1c.1: Enabling MPC IRBNCE
[    3.877385] nixos kernel: pcieport 0000:00:1c.1: Intel PCH root port ACS workaround enabled
[    3.877718] nixos kernel: pcieport 0000:00:1c.2: Enabling MPC IRBNCE
[    3.877984] nixos kernel: pcieport 0000:00:1c.2: Intel PCH root port ACS workaround enabled
[    3.878259] nixos kernel: pcieport 0000:00:1c.4: Enabling MPC IRBNCE
[    3.878534] nixos kernel: pcieport 0000:00:1c.4: Intel PCH root port ACS workaround enabled
[    3.878828] nixos kernel: pcieport 0000:00:1c.5: Enabling MPC IRBNCE
[    3.879138] nixos kernel: pcieport 0000:00:1c.5: Intel PCH root port ACS workaround enabled
[    3.879457] nixos kernel: pcieport 0000:06:00.0: pciehp: Slot #0 AttnBtn- PwrCtrl- MRL- AttnInd- PwrInd- HotPlug+ Surprise+ Interlock- NoCompl+ IbPresDis- LLActRep+
[    3.879772] nixos kernel: pcieport 0000:06:03.0: enabling device (0000 -> 0003)
[    3.880112] nixos kernel: pcieport 0000:06:03.0: pciehp: Slot #3 AttnBtn- PwrCtrl- MRL- AttnInd- PwrInd- HotPlug+ Surprise+ Interlock- NoCompl+ IbPresDis- LLActRep+
[    3.880420] nixos kernel: pcieport 0000:06:04.0: pciehp: Slot #4 AttnBtn- PwrCtrl- MRL- AttnInd- PwrInd- HotPlug+ Surprise+ Interlock- NoCompl+ IbPresDis- LLActRep+
[    3.880718] nixos kernel: pcieport 0000:06:05.0: enabling device (0000 -> 0003)
[    3.881075] nixos kernel: pcieport 0000:06:05.0: pciehp: Slot #5 AttnBtn- PwrCtrl- MRL- AttnInd- PwrInd- HotPlug+ Surprise+ Interlock- NoCompl+ IbPresDis- LLActRep+
[    3.881488] nixos kernel: pcieport 0000:06:06.0: pciehp: Slot #6 AttnBtn- PwrCtrl- MRL- AttnInd- PwrInd- HotPlug+ Surprise+ Interlock- NoCompl+ IbPresDis- LLActRep+
[    3.881527] nixos kernel: Serial: 8250/16550 driver, 4 ports, IRQ sharing enabled
[    3.881552] nixos kernel: hpet_acpi_add: no address or irqs in _CRS
[    3.881589] nixos kernel: Linux agpgart interface v0.103
[    3.881616] nixos kernel: ACPI: bus type drm_connector registered
[    3.881638] nixos kernel: usbcore: registered new interface driver usbserial_generic
[    3.881659] nixos kernel: usbserial: USB Serial support registered for generic
[    3.881682] nixos kernel: intel_pstate: Intel P-state driver initializing
[    3.882096] nixos kernel: simple-framebuffer simple-framebuffer.0: [drm] Registered 1 planes with drm panic
[    3.882136] nixos kernel: [drm] Initialized simpledrm 1.0.0 for simple-framebuffer.0 on minor 0
[    3.882161] nixos kernel: fbcon: Deferring console take-over
[    3.882562] nixos kernel: simple-framebuffer simple-framebuffer.0: [drm] fb0: simpledrmdrmfb frame buffer device
[    3.882596] nixos kernel: drop_monitor: Initializing network drop monitor service
[    3.882622] nixos kernel: NET: Registered PF_INET6 protocol family
[    3.882647] nixos kernel: Freeing initrd memory: 26428K
[    3.882670] nixos kernel: Segment Routing with IPv6
[    3.882693] nixos kernel: In-situ OAM (IOAM) with IPv6
[    3.882717] nixos kernel: ENERGY_PERF_BIAS: Set to 'normal', was 'performance'
[    3.882741] nixos kernel: microcode: Current revision: 0x00000026
[    3.882762] nixos kernel: IPI shorthand broadcast: enabled
[    3.882798] nixos kernel: sched_clock: Marking stable (299001921, 1661951)->(329919625, -29255753)
[    3.882820] nixos kernel: registered taskstats version 1
[    3.882843] nixos kernel: Loading compiled-in X.509 certificates
[    3.882866] nixos kernel: Demotion targets for Node 0: null
[    3.882887] nixos kernel: Key type .fscrypt registered
[    3.882911] nixos kernel: Key type fscrypt-provisioning registered
[    3.882931] nixos kernel: PM:   Magic number: 6:312:989
[    3.883348] nixos kernel: machinecheck machinecheck2: hash matches
[    3.883786] nixos kernel: memory memory32: hash matches
[    3.883827] nixos kernel: RAS: Correctable Errors collector initialized.
[    3.883845] nixos kernel: clk: Disabling unused clocks
[    3.883859] nixos kernel: PM: genpd: Disabling unused power domains
[    3.883874] nixos kernel: Freeing unused decrypted memory: 2028K
[    3.883890] nixos kernel: Freeing unused kernel image (initmem) memory: 3416K
[    3.883906] nixos kernel: Write protecting the kernel read-only data: 30720k
[    3.883922] nixos kernel: Freeing unused kernel image (rodata/data gap) memory: 1744K
[    3.883944] nixos kernel: x86/mm: Checked W+X mappings: passed, no W+X pages found.
[    3.883960] nixos kernel: x86/mm: Checking user space page tables
[    3.883976] nixos kernel: x86/mm: Checked W+X mappings: passed, no W+X pages found.
[    3.883991] nixos kernel: Run /init as init process
[    3.884016] nixos kernel:   with arguments:
[    3.884034] nixos kernel:     /init
[    3.884053] nixos kernel:   with environment:
[    3.884070] nixos kernel:     HOME=/
[    3.884086] nixos kernel:     TERM=linux
[    3.884107] nixos kernel: fbcon: Taking over console
[    3.884124] nixos kernel: Console: switching to colour frame buffer device 160x50
[    3.884142] nixos stage-1-init: [Mon Apr 20 13:57:31 UTC 2026] loading module dm_mod...
[    3.884161] nixos kernel: device-mapper: ioctl: 4.48.0-ioctl (2023-03-01) initialised: dm-devel@lists.linux.dev
[    3.884178] nixos stage-1-init: [Mon Apr 20 13:57:31 UTC 2026] running udev...
[    3.884195] nixos stage-1-init: [Mon Apr 20 13:57:31 UTC 2026] Starting systemd-udevd version 258.5
[    3.884480] nixos kernel: xhci_hcd 0000:00:14.0: xHCI Host Controller
[    3.884761] nixos kernel: xhci_hcd 0000:00:14.0: new USB bus registered, assigned bus number 1
[    3.885076] nixos kernel: xhci_hcd 0000:00:14.0: hcc params 0x200077c1 hci version 0x100 quirks 0x000000000004b810
[    3.885359] nixos kernel: xhci_hcd 0000:00:14.0: xHCI Host Controller
[    3.885615] nixos kernel: xhci_hcd 0000:00:14.0: new USB bus registered, assigned bus number 2
[    3.885864] nixos kernel: xhci_hcd 0000:00:14.0: Host supports USB 3.0 SuperSpeed
[    3.886087] nixos kernel: usb usb1: New USB device found, idVendor=1d6b, idProduct=0002, bcdDevice= 6.12
[    3.886247] nixos kernel: usb usb1: New USB device strings: Mfr=3, Product=2, SerialNumber=1
[    3.886400] nixos kernel: usb usb1: Product: xHCI Host Controller
[    3.886555] nixos kernel: usb usb1: Manufacturer: Linux 6.12.80 xhci-hcd
[    3.886705] nixos kernel: usb usb1: SerialNumber: 0000:00:14.0
[    3.886911] nixos kernel: hub 1-0:1.0: USB hub found
[    3.887123] nixos kernel: hub 1-0:1.0: 9 ports detected
[    3.887281] nixos kernel: usb usb2: New USB device found, idVendor=1d6b, idProduct=0003, bcdDevice= 6.12
[    3.887434] nixos kernel: usb usb2: New USB device strings: Mfr=3, Product=2, SerialNumber=1
[    3.887584] nixos kernel: usb usb2: Product: xHCI Host Controller
[    3.887738] nixos kernel: usb usb2: Manufacturer: Linux 6.12.80 xhci-hcd
[    3.887887] nixos kernel: usb usb2: SerialNumber: 0000:00:14.0
[    3.888099] nixos kernel: hub 2-0:1.0: USB hub found
[    3.888299] nixos kernel: hub 2-0:1.0: 4 ports detected
[    3.888314] nixos kernel: SCSI subsystem initialized
[    3.888324] nixos kernel: libata version 3.00 loaded.
[    3.888511] nixos kernel: ahci 0000:04:00.0: version 3.0
[    3.888697] nixos kernel: ahci 0000:04:00.0: AHCI vers 0001.0300, 32 command slots, 6 Gbps, SATA mode
[    3.888888] nixos kernel: ahci 0000:04:00.0: 1/1 ports implemented (port mask 0x1)
[    3.889084] nixos kernel: ahci 0000:04:00.0: flags: 64bit ncq led clo only pio ccc 
[    3.889285] nixos kernel: scsi host0: ahci
[    3.889299] nixos kernel: ata1: SATA max UDMA/133 abar m8192@0xb0700000 port 0xb0700100 irq 16 lpm-pol 1
[    3.889505] nixos kernel: usb 1-3: new full-speed USB device number 2 using xhci_hcd
[    3.889669] nixos kernel: usb 1-3: New USB device found, idVendor=0a5c, idProduct=4500, bcdDevice= 1.00
[    3.889826] nixos kernel: usb 1-3: New USB device strings: Mfr=1, Product=2, SerialNumber=0
[    3.889990] nixos kernel: usb 1-3: Product: BRCM20702 Hub
[    3.890156] nixos kernel: usb 1-3: Manufacturer: Apple Inc.
[    3.890367] nixos kernel: hub 1-3:1.0: USB hub found
[    3.890570] nixos kernel: hub 1-3:1.0: 3 ports detected
[    3.890585] nixos kernel: ata1: SATA link up 6.0 Gbps (SStatus 133 SControl 300)
[    3.890594] nixos kernel: ata1.00: LPM support broken, forcing max_power
[    3.890604] nixos kernel: ata1.00: unexpected _GTF length (8)
[    3.890613] nixos kernel: ata1.00: ATA-8: APPLE SSD SM0512F, UXM2JA1Q, max UDMA/133
[    3.890625] nixos kernel: ata1.00: 977105060 sectors, multi 16: LBA48 NCQ (depth 32), AA
[    3.890635] nixos kernel: ata1.00: LPM support broken, forcing max_power
[    3.890643] nixos kernel: ata1.00: unexpected _GTF length (8)
[    3.890652] nixos kernel: ata1.00: configured for UDMA/133
[    3.890866] nixos kernel: scsi 0:0:0:0: Direct-Access     ATA      APPLE SSD SM0512 JA1Q PQ: 0 ANSI: 5
[    3.891099] nixos kernel: sd 0:0:0:0: [sda] 977105060 512-byte logical blocks: (500 GB/466 GiB)
[    3.891314] nixos kernel: sd 0:0:0:0: [sda] 4096-byte physical blocks
[    3.891525] nixos kernel: sd 0:0:0:0: [sda] Write Protect is off
[    3.891741] nixos kernel: sd 0:0:0:0: [sda] Mode Sense: 00 3a 00 00
[    3.891950] nixos kernel: sd 0:0:0:0: [sda] Write cache: enabled, read cache: enabled, doesn't support DPO or FUA
[    3.892171] nixos kernel: sd 0:0:0:0: [sda] Preferred minimum I/O size 4096 bytes
[    3.892184] nixos kernel:  sda: sda1 sda2
[    3.892391] nixos kernel: sd 0:0:0:0: [sda] Attached SCSI disk
[    3.892405] nixos stage-1-init: [Mon Apr 20 13:57:31 UTC 2026] starting device mapper and LVM...
[    3.892416] nixos stage-1-init: [Mon Apr 20 13:57:31 UTC 2026] checking /dev/disk/by-uuid/6d0ce22e-97a0-4e60-ab8f-6ef8ff706b60...
[    3.892425] nixos stage-1-init: [Mon Apr 20 13:57:31 UTC 2026] fsck (busybox 1.36.1)
[    3.892438] nixos stage-1-init: [Mon Apr 20 13:57:31 UTC 2026] [fsck.ext4 (1) -- /mnt-root/] fsck.ext4 -a /dev/disk/by-uuid/6d0ce22e-97a0-4e60-ab8f-6ef8ff706b60
[    3.892448] nixos stage-1-init: [Mon Apr 20 13:57:31 UTC 2026] /dev/disk/by-uuid/6d0ce22e-97a0-4e60-ab8f-6ef8ff706b60: recovering journal
[    3.892659] nixos kernel: usb 2-2: new SuperSpeed USB device number 2 using xhci_hcd
[    3.892823] nixos kernel: usb 2-2: New USB device found, idVendor=0846, idProduct=9053, bcdDevice= 1.00
[    3.892982] nixos kernel: usb 2-2: New USB device strings: Mfr=1, Product=2, SerialNumber=3
[    3.893150] nixos kernel: usb 2-2: Product: A6210
[    3.893307] nixos kernel: usb 2-2: Manufacturer: NETGEAR
[    3.893465] nixos kernel: usb 2-2: SerialNumber: 100
[    3.893678] nixos kernel: usb 1-5: new full-speed USB device number 3 using xhci_hcd
[    3.893694] nixos kernel: tsc: Refined TSC clocksource calibration: 2599.999 MHz
[    3.893704] nixos kernel: clocksource: tsc: mask: 0xffffffffffffffff max_cycles: 0x257a3b2ad7e, max_idle_ns: 440795282337 ns
[    3.893713] nixos kernel: clocksource: Switched to clocksource tsc
[    3.893869] nixos kernel: usb 1-5: New USB device found, idVendor=05ac, idProduct=025a, bcdDevice= 2.24
[    3.894035] nixos kernel: usb 1-5: New USB device strings: Mfr=1, Product=2, SerialNumber=0
[    3.894194] nixos kernel: usb 1-5: Product: Apple Internal Keyboard / Trackpad
[    3.894353] nixos kernel: usb 1-5: Manufacturer: Apple Inc.
[    3.894367] nixos kernel: hid: raw HID events driver (C) Jiri Kosina
[    3.894377] nixos kernel: usbcore: registered new interface driver usbhid
[    3.894386] nixos kernel: usbhid: USB HID core driver
[    3.894396] nixos kernel: input: Apple Inc. Apple Internal Keyboard / Trackpad as /devices/pci0000:00/0000:00:14.0/usb1/1-5/1-5:1.0/0003:05AC:025A.0001/input/input0
[    3.894601] nixos kernel: usb 2-3: new SuperSpeed USB device number 3 using xhci_hcd
[    3.894823] nixos kernel: apple 0003:05AC:025A.0001: input,hidraw0: USB HID v1.11 Keyboard [Apple Inc. Apple Internal Keyboard / Trackpad] on usb-0000:00:14.0-5/input0
[    3.895054] nixos kernel: apple 0003:05AC:025A.0002: hidraw1: USB HID v1.11 Device [Apple Inc. Apple Internal Keyboard / Trackpad] on usb-0000:00:14.0-5/input1
[    3.895221] nixos kernel: usb 2-3: New USB device found, idVendor=05ac, idProduct=8406, bcdDevice= 8.20
[    3.895380] nixos kernel: usb 2-3: New USB device strings: Mfr=3, Product=4, SerialNumber=5
[    3.895542] nixos kernel: usb 2-3: Product: Card Reader
[    3.895699] nixos kernel: usb 2-3: Manufacturer: Apple
[    3.895859] nixos kernel: usb 2-3: SerialNumber: 000000000820
[    3.896078] nixos kernel: usb-storage 2-3:1.0: USB Mass Storage device detected
[    3.896289] nixos kernel: scsi host1: usb-storage 2-3:1.0
[    3.896303] nixos kernel: usbcore: registered new interface driver usb-storage
[    3.896516] nixos kernel: usb 1-3.1: new full-speed USB device number 4 using xhci_hcd
[    3.896687] nixos kernel: usb 1-3.1: New USB device found, idVendor=05ac, idProduct=820a, bcdDevice= 1.00
[    3.896851] nixos kernel: usb 1-3.1: New USB device strings: Mfr=0, Product=0, SerialNumber=0
[    3.896866] nixos kernel: input: HID 05ac:820a as /devices/pci0000:00/0000:00:14.0/usb1/1-3/1-3.1/1-3.1:1.0/0003:05AC:820A.0003/input/input1
[    3.897102] nixos kernel: hid-generic 0003:05AC:820A.0003: input,hidraw2: USB HID v1.11 Keyboard [HID 05ac:820a] on usb-0000:00:14.0-3.1/input0
[    3.897319] nixos kernel: usb 1-3.2: new full-speed USB device number 5 using xhci_hcd
[    3.897490] nixos kernel: usb 1-3.2: New USB device found, idVendor=05ac, idProduct=820b, bcdDevice= 1.00
[    3.897658] nixos kernel: usb 1-3.2: New USB device strings: Mfr=0, Product=0, SerialNumber=0
[    3.897673] nixos kernel: input: HID 05ac:820b as /devices/pci0000:00/0000:00:14.0/usb1/1-3/1-3.2/1-3.2:1.0/0003:05AC:820B.0004/input/input2
[    3.897892] nixos kernel: hid-generic 0003:05AC:820B.0004: input,hidraw3: USB HID v1.11 Mouse [HID 05ac:820b] on usb-0000:00:14.0-3.2/input0
[    3.898124] nixos kernel: usb 1-3.3: new full-speed USB device number 6 using xhci_hcd
[    3.898141] nixos stage-1-init: [Mon Apr 20 13:57:32 UTC 2026] /dev/disk/by-uuid/6d0ce22e-97a0-4e60-ab8f-6ef8ff706b60: Clearing orphaned inode 24131101 (uid=1000, gid=100, mode=0100644, size=54)
[    3.898152] nixos stage-1-init: [Mon Apr 20 13:57:32 UTC 2026] /dev/disk/by-uuid/6d0ce22e-97a0-4e60-ab8f-6ef8ff706b60: clean, 1886731/30507008 files, 65151412/122004586 blocks
[    3.898315] nixos kernel: usb 1-3.3: New USB device found, idVendor=05ac, idProduct=8289, bcdDevice= 1.50
[    3.898480] nixos kernel: usb 1-3.3: New USB device strings: Mfr=1, Product=2, SerialNumber=0
[    3.898642] nixos kernel: usb 1-3.3: Product: Bluetooth USB Host Controller
[    3.898809] nixos kernel: usb 1-3.3: Manufacturer: Apple Inc.
[    3.898824] nixos stage-1-init: [Mon Apr 20 13:57:32 UTC 2026] mounting /dev/disk/by-uuid/6d0ce22e-97a0-4e60-ab8f-6ef8ff706b60 on /...
[    3.898834] nixos kernel: EXT4-fs (sda2): mounted filesystem 6d0ce22e-97a0-4e60-ab8f-6ef8ff706b60 r/w with ordered data mode. Quota mode: none.
[    3.898844] nixos kernel: EXT4-fs (sda2): re-mounted 6d0ce22e-97a0-4e60-ab8f-6ef8ff706b60.
[    3.898854] nixos unknown: booting system configuration /nix/store/vkf1lapdlnhabmi02h61l7cspmbfwbfd-nixos-system-nixos-25.11.9067.54170c54449e
[    3.898863] nixos stage-2-init: running activation script...
[    3.899149] nixos kernel: scsi 1:0:0:0: Direct-Access     APPLE    SD Card Reader   3.00 PQ: 0 ANSI: 6
[    3.899532] nixos kernel: sd 1:0:0:0: [sdb] Media removed, stopped polling
[    3.899925] nixos kernel: sd 1:0:0:0: [sdb] Attached SCSI removable disk
[    3.899952] nixos stage-2-init: setting up /etc...
[    3.899977] nixos systemd[1]: Inserted module 'autofs4'
[    3.900010] nixos systemd[1]: systemd 258.5 running in system mode (+PAM +AUDIT -SELINUX +APPARMOR +IMA +IPE +SMACK +SECCOMP +GCRYPT -GNUTLS +OPENSSL +ACL +BLKID +CURL +ELFUTILS +FIDO2 +IDN2 -IDN -IPTC +KMOD +LIBCRYPTSETUP +LIBCRYPTSETUP_PLUGINS +LIBFDISK +PCRE2 +PWQUALITY +P11KIT +QRENCODE +TPM2 +BZIP2 +LZ4 +XZ +ZLIB +ZSTD +BPF_FRAMEWORK -BTF -XKBCOMMON +UTMP -SYSVINIT +LIBARCHIVE)
[    3.900035] nixos systemd[1]: Detected architecture x86-64.
[    3.900056] nixos systemd[1]: Hostname set to <nixos>.
[    3.900078] nixos systemd[1]: bpf-restrict-fs: LSM BPF program attached
[    3.900107] nixos systemd[1]: /etc/systemd/system/cups.socket:5: ListenStream= references a path below legacy directory /var/run/, updating /var/run/cups/cups.sock → /run/cups/cups.sock; please update the unit file accordingly.
[    3.900131] nixos systemd[1]: Queued start job for default target Multi-User System.
[    3.900151] nixos systemd[1]: Created slice Slice /system/getty.
[    3.900173] nixos systemd[1]: Created slice Slice /system/modprobe.
[    3.900194] nixos systemd[1]: Created slice Slice /system/systemd-fsck.
[    3.900216] nixos systemd[1]: Created slice User and Session Slice.
[    3.900237] nixos systemd[1]: Started Dispatch Password Requests to Console Directory Watch.
[    3.900257] nixos systemd[1]: Started Forward Password Requests to Wall Directory Watch.
[    3.900282] nixos systemd[1]: Expecting device /dev/disk/by-uuid/B4F5-DAC1...
[    3.900306] nixos systemd[1]: Expecting device /dev/input/mice...
[    3.900327] nixos systemd[1]: Reached target Local Encrypted Volumes.
[    3.900349] nixos systemd[1]: Reached target Virtual Machines and Containers.
[    3.900370] nixos systemd[1]: Reached target Path Units.
[    3.900394] nixos systemd[1]: Reached target Remote File Systems.
[    3.900415] nixos systemd[1]: Reached target Slice Units.
[    3.900436] nixos systemd[1]: Listening on Process Core Dump Socket.
[    3.900461] nixos systemd[1]: Listening on Credential Encryption/Decryption.
[    3.900483] nixos systemd[1]: Listening on Journal Audit Socket.
[    3.900504] nixos systemd[1]: Listening on Journal Socket (/dev/log).
[    3.900525] nixos systemd[1]: Listening on Journal Sockets.
[    3.900547] nixos systemd[1]: Listening on Userspace Out-Of-Memory (OOM) Killer Socket.
[    3.900567] nixos systemd[1]: Make TPM PCR Policy skipped, unmet condition check ConditionSecurity=measured-uki
[    3.900587] nixos systemd[1]: Listening on udev Control Socket.
[    3.900608] nixos systemd[1]: Listening on udev Kernel Socket.
[    3.900629] nixos systemd[1]: Mounting Huge Pages File System...
[    3.900656] nixos systemd[1]: Mounting POSIX Message Queue File System...
[    3.900675] nixos systemd[1]: Mounting Kernel Debug File System...
[    3.900697] nixos systemd[1]: Mounting Kernel Trace File System...
[    3.900718] nixos systemd[1]: Starting Create List of Static Device Nodes...
[    3.900739] nixos systemd[1]: Starting Load Kernel Module configfs...
[    3.900760] nixos systemd[1]: Load Kernel Module drm skipped, unmet condition check ConditionKernelModuleLoaded=!drm
[    3.900781] nixos systemd[1]: Starting Load Kernel Module efi_pstore...
[    3.900803] nixos (modprobe)[383]: modprobe@configfs.service: modprobe@configfs.service: Unable to locate executable 'modprobe': No such file or directory
[    3.900830] nixos systemd[1]: Starting Load Kernel Module fuse...
[    3.900858] nixos systemd[1]: File System Check on Root Device skipped, unmet condition check ConditionPathIsReadWrite=!/
[    3.900879] nixos systemd[1]: Clear Stale Hibernate Storage Info skipped, unmet condition check ConditionPathExists=/sys/firmware/efi/efivars/HibernateLocation-8cf2644b-4b0b-428f-9387-6d876050dc67
[    3.900901] nixos (modprobe)[384]: modprobe@efi_pstore.service: modprobe@efi_pstore.service: Unable to locate executable 'modprobe': No such file or directory
[    3.900925] nixos systemd[1]: Starting Journal Service...
[    3.900946] nixos (modprobe)[385]: modprobe@fuse.service: modprobe@fuse.service: Unable to locate executable 'modprobe': No such file or directory
[    3.900972] nixos systemd[1]: Starting Load Kernel Modules...
[    3.900993] nixos systemd[1]: Starting Remount Root and Kernel File Systems...
[    3.901021] nixos systemd[1]: Early TPM SRK Setup skipped, unmet condition check ConditionSecurity=measured-uki
[    3.901043] nixos systemd[1]: Starting Coldplug All udev Devices...
[    3.901064] nixos systemd[1]: Mounted Huge Pages File System.
[    3.901085] nixos systemd[1]: Mounted POSIX Message Queue File System.
[    3.901106] nixos systemd[1]: Mounted Kernel Debug File System.
[    3.901127] nixos systemd[1]: Mounted Kernel Trace File System.
[    3.901153] nixos systemd[1]: Finished Create List of Static Device Nodes.
[    3.901175] nixos systemd[1]: modprobe@configfs.service: Deactivated successfully.
[    3.901195] nixos systemd[1]: Finished Load Kernel Module configfs.
[    3.901215] nixos systemd[1]: modprobe@efi_pstore.service: Deactivated successfully.
[    3.901237] nixos systemd[1]: Finished Load Kernel Module efi_pstore.
[    3.901258] nixos kernel: EXT4-fs (sda2): re-mounted 6d0ce22e-97a0-4e60-ab8f-6ef8ff706b60.
[    3.901279] nixos systemd[1]: modprobe@fuse.service: Deactivated successfully.
[    3.901299] nixos systemd[1]: Finished Load Kernel Module fuse.
[    3.901323] nixos systemd[1]: Finished Remount Root and Kernel File Systems.
[    3.901349] nixos systemd[1]: FUSE Control File System skipped, unmet condition check ConditionPathExists=/sys/fs/fuse/connections
[    3.901371] nixos systemd[1]: Kernel Configuration File System skipped, unmet condition check ConditionPathExists=/sys/kernel/config
[    3.901392] nixos systemd[1]: Platform Persistent Storage Archival skipped, unmet condition check ConditionDirectoryNotEmpty=/sys/fs/pstore
[    3.901456] nixos systemd-journald[386]: Collecting audit messages is enabled.
[    3.901507] nixos systemd[1]: Starting Load/Save OS Random Seed...
[    3.901529] nixos systemd[1]: Starting Network Time Synchronization...
[    3.901551] nixos systemd[1]: Starting Create Static Device Nodes in /dev gracefully...
[    3.901573] nixos systemd[1]: TPM SRK Setup skipped, unmet condition check ConditionSecurity=measured-uki
[    3.901595] nixos systemd[1]: Finished Load/Save OS Random Seed.
[    3.901615] nixos systemd[1]: First Boot Complete skipped, unmet condition check ConditionFirstBoot=yes
[    3.901636] nixos systemd[1]: Finished Create Static Device Nodes in /dev gracefully.
[    3.901661] nixos systemd-journald[386]: Journal started
[    3.901709] nixos systemd-journald[386]: Runtime Journal (/run/log/journal/8db5f21542484d84a1e7d83dddef1e30) is 8M, max 196.3M, 188.3M free.
[    3.762865] nixos systemd-modules-load[387]: Inserted module 'atkbd'
[    3.763513] nixos systemd-modules-load[387]: Module 'ctr' is built in
[    3.921031] nixos systemd[1]: Starting Create Static Device Nodes in /dev...
[    3.923033] nixos systemd[1]: Started Journal Service.
[    3.947198] nixos systemd-timesyncd[395]: Disabling NSCD because DNSSEC validation is turned off
[    3.951843] nixos systemd[1]: Starting Flush Journal to Persistent Storage...
[    3.958203] nixos systemd-modules-load[387]: Inserted module 'kvm_intel'
[    3.959353] nixos systemd[1]: Started Network Time Synchronization.
[    3.964608] nixos systemd-modules-load[387]: Inserted module 'loop'
[    3.965014] nixos kernel: loop: module loaded
[    3.966162] nixos systemd-modules-load[387]: Inserted module 'msr'
[    3.967664] nixos systemd[1]: Finished Create Static Device Nodes in /dev.
[    3.971479] nixos systemd[1]: Finished Load Kernel Modules.
[    3.975235] nixos systemd-journald[386]: Time spent on flushing to /var/log/journal/8db5f21542484d84a1e7d83dddef1e30 is 16.353ms for 954 entries.
[    3.975235] nixos systemd-journald[386]: System Journal (/var/log/journal/8db5f21542484d84a1e7d83dddef1e30) is 754.5M, max 4G, 3.2G free.
[    3.975808] nixos systemd[1]: Reached target Preparation for Local File Systems.
[    4.810893] nixos systemd-journald[386]: Received client request to flush runtime journal.
[    3.980371] nixos systemd[1]: Starting Firewall...
[    4.811260] nixos systemd-journald[386]: File /var/log/journal/8db5f21542484d84a1e7d83dddef1e30/system.journal corrupted or uncleanly shut down, renaming and replacing.
[    3.994232] nixos systemd[1]: Starting Initialisation of swap device /var/lib/swapfile...
[    4.811464] nixos kernel: Adding 8388604k swap on /var/lib/swapfile.  Priority:-2 extents:67 across:64225280k SS
[    3.999950] nixos systemd[1]: Starting Apply Kernel Variables...
[    4.003714] nixos systemd[1]: Starting Rule-based Manager for Device Events and Files...
[    4.048996] nixos systemd[1]: Finished Coldplug All udev Devices.
[    4.525386] nixos systemd-udevd[420]: Using default interface naming scheme 'v258'.
[    4.532903] nixos systemd[1]: mkswap-var-lib-swapfile.service: Deactivated successfully.
[    4.533274] nixos systemd[1]: Finished Initialisation of swap device /var/lib/swapfile.
[    4.537751] nixos systemd[1]: Finished Apply Kernel Variables.
[    4.543509] nixos systemd[1]: Activating swap /var/lib/swapfile...
[    4.621972] nixos systemd[1]: Activated swap /var/lib/swapfile.
[    4.624146] nixos systemd[1]: Reached target Swaps.
[    4.630487] nixos systemd[1]: Starting Userspace Out-Of-Memory (OOM) Killer...
[    4.648217] nixos systemd-timesyncd[395]: Network configuration changed, trying to establish connection.
[    4.650083] nixos systemd-timesyncd[395]: Network configuration changed, trying to establish connection.
[    4.681961] nixos systemd[1]: Started Userspace Out-Of-Memory (OOM) Killer.
[    4.726802] nixos systemd[1]: Started Rule-based Manager for Device Events and Files.
[    4.754974] nixos systemd[1]: Mounting /run/wrappers...
[    4.770608] nixos systemd[1]: Mounted /run/wrappers.
[    4.775430] nixos systemd[1]: Starting Create SUID/SGID Wrappers...
[    4.812079] nixos systemd[1]: Finished Flush Journal to Persistent Storage.
[    4.916281] nixos systemd[1]: Finished Firewall.
[    4.935087] nixos kernel: input: Lid Switch as /devices/LNXSYSTM:00/LNXSYBUS:00/PNP0C0D:00/input/input3
[    4.940020] nixos kernel: ACPI: button: Lid Switch [LID0]
[    4.940123] nixos kernel: input: Power Button as /devices/LNXSYSTM:00/LNXSYBUS:00/PNP0C0C:00/input/input4
[    4.940161] nixos kernel: ACPI: button: Power Button [PWRB]
[    4.940195] nixos kernel: input: Sleep Button as /devices/LNXSYSTM:00/LNXSYBUS:00/PNP0C0E:00/input/input5
[    4.940228] nixos kernel: ACPI: button: Sleep Button [SLPB]
[    4.942184] nixos kernel: input: Power Button as /devices/LNXSYSTM:00/LNXPWRBN:00/input/input6
[    4.943021] nixos kernel: ACPI: button: Power Button [PWRF]
[    4.948042] nixos kernel: ACPI: AC: AC Adapter [ADP1] (on-line)
[    4.998027] nixos kernel: smbus_hc ACPI0001:00: SBS HC: offset = 0x20, query_bit = 0x10
[    5.000198] nixos kernel: rtc_cmos 00:02: RTC can wake from S4
[    5.010170] nixos kernel: rtc_cmos 00:02: registered as rtc0
[    5.010503] nixos kernel: rtc_cmos 00:02: setting system clock to 2026-04-20T13:57:36 UTC (1776693456)
[    5.010806] nixos kernel: rtc_cmos 00:02: alarms up to one month, y3k, 242 bytes nvram
[    5.135165] nixos systemd[1]: suid-sgid-wrappers.service: Deactivated successfully.
[    5.135616] nixos systemd[1]: Finished Create SUID/SGID Wrappers.
[    5.141438] nixos systemd[1]: suid-sgid-wrappers.service: Consumed 171ms CPU time, 5.1M memory peak, 2.4M read from disk.
[    5.172043] nixos kernel: pstore: Using crash dump compression: deflate
[    5.181046] nixos kernel: ACPI: Smart Battery System [SBS0]: Battery Slot [BAT0] (battery present)
[    5.184791] nixos kernel: i801_smbus 0000:00:1f.3: SMBus using PCI interrupt
[    5.208162] nixos kernel: ACPI: bus type thunderbolt registered
[    5.211040] nixos kernel: thunderbolt 0000:07:00.0: device link creation from 0000:06:00.0 failed
[    5.260570] nixos kernel: snd_hda_codec_cirrus hdaudioC0D0: autoconfig for CS4208: line_outs=2 (0x12/0x13/0x0/0x0/0x0) type:speaker
[    5.260999] nixos kernel: snd_hda_codec_cirrus hdaudioC0D0:    speaker_outs=0 (0x0/0x0/0x0/0x0/0x0)
[    5.261333] nixos kernel: snd_hda_codec_cirrus hdaudioC0D0:    hp_outs=1 (0x10/0x0/0x0/0x0/0x0)
[    5.261652] nixos kernel: snd_hda_codec_cirrus hdaudioC0D0:    mono: mono_out=0x0
[    5.261967] nixos kernel: snd_hda_codec_cirrus hdaudioC0D0:    dig-out=0x21/0x0
[    5.262306] nixos kernel: snd_hda_codec_cirrus hdaudioC0D0:    inputs:
[    5.262649] nixos kernel: snd_hda_codec_cirrus hdaudioC0D0:      Mic=0x18
[    5.262984] nixos kernel: snd_hda_codec_cirrus hdaudioC0D0:      Internal Mic=0x1c
[    5.269022] nixos kernel: input: HDA Intel PCH Mic as /devices/pci0000:00/0000:00:1b.0/sound/card0/input7
[    5.269102] nixos kernel: input: HDA Intel PCH Headphone as /devices/pci0000:00/0000:00:1b.0/sound/card0/input8
[    5.269139] nixos kernel: input: HDA Intel PCH SPDIF as /devices/pci0000:00/0000:00:1b.0/sound/card0/input9
[    5.272033] nixos kernel: RAPL PMU: API unit is 2^-32 Joules, 4 fixed counters, 655360 ms ovfl timer
[    5.272105] nixos kernel: RAPL PMU: hw unit of domain pp0-core 2^-14 Joules
[    5.272133] nixos kernel: RAPL PMU: hw unit of domain package 2^-14 Joules
[    5.272304] nixos kernel: RAPL PMU: hw unit of domain dram 2^-14 Joules
[    5.272332] nixos kernel: RAPL PMU: hw unit of domain pp1-gpu 2^-14 Joules
[    5.284018] nixos kernel: cryptd: max_cpu_qlen set to 1000
[    5.304436] nixos kernel: AES CTR mode by8 optimization enabled
[    5.304631] nixos systemd[1]: Found device APPLE_SSD_SM0512F EFI.
[    5.314462] nixos systemd[1]: Starting File System Check on /dev/disk/by-uuid/B4F5-DAC1...
[    5.471055] nixos kernel: pstore: Registered efi_pstore as persistent store backend
[    5.759477] nixos systemd-fsck[706]: fsck.fat 4.2 (2021-01-31)
[    5.759477] nixos systemd-fsck[706]: There are differences between boot sector and its backup.
[    5.759477] nixos systemd-fsck[706]: This is mostly harmless. Differences: (offset:original/backup)
[    5.759477] nixos systemd-fsck[706]:   65:01/00
[    5.759477] nixos systemd-fsck[706]:   Not automatically fixing this.
[    5.759477] nixos systemd-fsck[706]: Dirty bit is set. Fs was not properly unmounted and some data may be corrupt.
[    5.759477] nixos systemd-fsck[706]:  Automatically removing dirty bit.
[    5.759477] nixos systemd-fsck[706]: *** Filesystem was changed ***
[    5.759477] nixos systemd-fsck[706]: Writing changes.
[    5.759477] nixos systemd-fsck[706]: /dev/sda1: 62 files, 52011/130811 clusters
[    5.760422] nixos systemd-timesyncd[395]: Network configuration changed, trying to establish connection.
[    5.870907] nixos systemd[1]: Starting Virtual Console Setup...
[    5.877640] nixos systemd[1]: Finished File System Check on /dev/disk/by-uuid/B4F5-DAC1.
[    5.881305] nixos kernel: i915 0000:00:02.0: [drm] Found HASWELL/ULT (device ID 0a2e) display version 7.00 stepping N/A
[    5.881878] nixos kernel: i915 0000:00:02.0: [drm] VT-d active for gfx access
[    5.885299] nixos kernel: iTCO_wdt iTCO_wdt.1.auto: unable to reset NO_REBOOT flag, device disabled by hardware/BIOS
[    5.901030] nixos kernel: Console: switching to colour dummy device 80x25
[    5.921342] nixos systemd[1]: Reached target Sound Card.
[    5.933135] nixos kernel: i915 0000:00:02.0: vgaarb: deactivate vga console
[    5.934574] nixos kernel: i915 0000:00:02.0: [drm] Using Transparent Hugepages
[    5.934994] nixos kernel: i915 0000:00:02.0: [drm] DMAR active, disabling use of stolen memory
[    5.935804] nixos systemd[1]: Mounting /boot...
[    5.937137] nixos kernel: i915 0000:00:02.0: vgaarb: VGA decodes changed: olddecodes=io+mem,decodes=io+mem:owns=io+mem
[    5.938480] nixos systemd[1]: systemd-vconsole-setup.service: Deactivated successfully.
[    5.939252] nixos systemd[1]: Stopped Virtual Console Setup.
[    5.939419] nixos systemd[1]: systemd-vconsole-setup.service: Consumed 29ms CPU time, 3.3M memory peak, 1.1M read from disk.
[    5.956952] nixos systemd[1]: Starting Virtual Console Setup...
[    5.967017] nixos kernel: intel_rapl_common: Found RAPL domain package
[    5.967117] nixos kernel: intel_rapl_common: Found RAPL domain core
[    5.967160] nixos kernel: intel_rapl_common: Found RAPL domain uncore
[    5.967190] nixos kernel: intel_rapl_common: Found RAPL domain dram
[    5.971026] nixos kernel: applesmc: key=571 fan=1 temp=32 index=31 acc=0 lux=2 kbd=1
[    5.972894] nixos kernel: applesmc applesmc.768: hwmon_device_register() is deprecated. Please convert the driver to use hwmon_device_register_with_info().
[    5.993240] nixos systemd[1]: Mounted /boot.
[    6.000731] nixos systemd[1]: Created slice Slice /system/systemd-backlight.
[    6.001031] nixos systemd[1]: Reached target Local File Systems.
[    6.002807] nixos systemd[1]: Listening on Boot Entries Service Socket.
[    6.003070] nixos systemd-timesyncd[395]: Network configuration changed, trying to establish connection.
[    6.004416] nixos systemd[1]: Starting Load/Save Screen Backlight Brightness of leds:smc::kbd_backlight...
[    6.007517] nixos systemd[1]: Starting Update Boot Loader Random Seed...
[    6.007690] nixos systemd[1]: Save Transient machine-id to Disk skipped, unmet condition check ConditionPathIsMountPoint=/etc/machine-id
[    6.010049] nixos systemd[1]: Starting Create System Files and Directories...
[    6.017659] nixos systemd[1]: Finished Virtual Console Setup.
[    6.035123] nixos kernel: i915 0000:00:02.0: [drm] Skipping intel_backlight registration
[    6.039045] nixos kernel: [drm] Initialized i915 1.6.0 for 0000:00:02.0 on minor 1
[    6.040049] nixos kernel: ACPI: video: Video Device [IGPU] (multi-head: yes  rom: no  post: no)
[    6.040115] nixos kernel: input: Video Bus as /devices/LNXSYSTM:00/LNXSYBUS:00/PNP0A08:00/LNXVIDEO:00/input/input10
[    6.044718] nixos kernel: Creating 1 MTD partitions on "intel-spi":
[    6.043885] nixos systemd[1]: Finished Load/Save Screen Backlight Brightness of leds:smc::kbd_backlight.
[    6.044967] nixos kernel: 0x000000000000-0x000000800000 : "BIOS"
[    6.047020] nixos kernel: acpi device:02: registered as cooling_device5
[    6.054233] nixos bootctl[837]:  Mount point '/boot' which backs the random seed file is world accessible, which is a security hole! 
[    6.054930] nixos bootctl[837]: Random seed file '/boot/loader/random-seed' is world accessible, which is a security hole!
[    6.065421] nixos bootctl[837]: Random seed file /boot/loader/random-seed successfully refreshed (32 bytes).
[    6.066804] nixos systemd[1]: Finished Update Boot Loader Random Seed.
[    6.073659] nixos systemd-timesyncd[395]: Network configuration changed, trying to establish connection.
[    6.073737] nixos systemd-timesyncd[395]: Network configuration changed, trying to establish connection.
[    6.073815] nixos systemd-timesyncd[395]: Network configuration changed, trying to establish connection.
[    6.073889] nixos systemd-timesyncd[395]: Network configuration changed, trying to establish connection.
[    6.073952] nixos systemd-timesyncd[395]: Network configuration changed, trying to establish connection.
[    6.079018] nixos kernel: fbcon: i915drmfb (fb0) is primary device
[    6.082638] nixos systemd[1]: Finished Create System Files and Directories.
[    6.102092] nixos kernel: Console: switching to colour frame buffer device 160x50
[    6.119746] nixos systemd[1]: Rebuild Journal Catalog skipped, unmet condition check ConditionNeedsUpdate=/var
[    6.119826] nixos systemd[1]: Update is Completed skipped, no trigger condition checks were met.
[    6.120012] nixos kernel: i915 0000:00:02.0: [drm] fb0: i915drmfb frame buffer device
[    6.120916] nixos systemd[1]: Starting Record System Boot/Shutdown in UTMP...
[    6.152364] nixos systemd[1]: Starting Load/Save Screen Backlight Brightness of backlight:acpi_video0...
[    6.154885] nixos systemd[1]: Finished Record System Boot/Shutdown in UTMP.
[    6.167037] nixos kernel: snd_hda_intel 0000:00:03.0: bound 0000:00:02.0 (ops i915_audio_component_bind_ops [i915])
[    6.176432] nixos systemd[1]: Finished Load/Save Screen Backlight Brightness of backlight:acpi_video0.
[    6.177284] nixos systemd[1]: Reached target System Initialization.
[    6.178561] nixos systemd[1]: Started Discard unused filesystem blocks once a week.
[    6.178849] nixos systemd[1]: Started logrotate.timer.
[    6.179148] nixos systemd[1]: Started nix-gc.timer.
[    6.179289] nixos systemd[1]: Started Daily Cleanup of Temporary Directories.
[    6.179475] nixos systemd[1]: Started Update timer for locate database.
[    6.179613] nixos systemd[1]: Reached target Timer Units.
[    6.181019] nixos kernel: input: HDA Intel HDMI HDMI/DP,pcm=3 as /devices/pci0000:00/0000:00:03.0/sound/card1/input11
[    6.181096] nixos kernel: input: HDA Intel HDMI HDMI/DP,pcm=7 as /devices/pci0000:00/0000:00:03.0/sound/card1/input12
[    6.181127] nixos kernel: input: HDA Intel HDMI HDMI/DP,pcm=8 as /devices/pci0000:00/0000:00:03.0/sound/card1/input13
[    6.189646] nixos systemd[1]: Listening on CUPS Scheduler.
[    6.189943] nixos systemd[1]: Listening on D-Bus System Message Bus Socket.
[    6.190529] nixos systemd[1]: Listening on Nix Daemon Socket.
[    6.190708] nixos systemd[1]: Listening on Hostname Service Socket.
[    6.190732] nixos systemd-timesyncd[395]: Network configuration changed, trying to establish connection.
[    6.190836] nixos systemd[1]: Reached target Socket Units.
[    6.190935] nixos systemd[1]: Reached target Basic System.
[    6.192032] nixos kernel: pcieport 0000:00:1c.0: Enabling MPC IRBNCE
[    6.192494] nixos kernel: pcieport 0000:00:1c.0: Intel PCH root port ACS workaround enabled
[    6.192559] nixos systemd[1]: Starting Network Manager Script Dispatcher Service...
[    6.194392] nixos systemd[1]: Starting D-Bus System Message Bus...
[    6.194980] nixos systemd[1]: Import lastlog data into lastlog2 database skipped, unmet condition check ConditionPathExists=!/var/lib/lastlog/lastlog2.db
[    6.197350] nixos systemd[1]: Starting Logrotate configuration check...
[    6.206867] nixos systemd[1]: Starting Name Service Cache Daemon (nsncd)...
[    6.209221] nixos systemd[1]: Started Reset console on configuration changes.
[    6.211797] nixos systemd[1]: Starting resolvconf update...
[    6.214485] nixos systemd[1]: Started Thermal Daemon Service.
[    6.221518] nixos logrotate[897]: warning: logrotate in debug mode does nothing except printing debug messages!  Consider using verbose mode (-v) instead if this is not what you want.
[    6.222721] nixos logrotate[897]: reading config file /nix/store/329hia9zwb9jrzgf3hla6nzjr834yn36-logrotate.conf
[    6.222951] nixos logrotate[897]: note: 'monthly' overrides previously specified 'weekly'
[    6.223268] nixos logrotate[897]: Reading state from file: /var/lib/logrotate.status
[    6.223268] nixos logrotate[897]: Allocating hash table for state file, size 64 entries
[    6.223785] nixos logrotate[897]: Creating new state
[    6.223888] nixos logrotate[897]: Creating new state
[    6.223955] nixos logrotate[897]: Handling 2 logs
[    6.224193] nixos logrotate[897]: rotating pattern: "/var/log/btmp" monthly empty log files are not rotated, only log files >= 1048576 bytes are rotated, (1 rotations), old logs are removed
[    6.224368] nixos logrotate[897]: considering log /var/log/btmp
[    6.225091] nixos logrotate[897]:   Now: 2026-04-20 14:57
[    6.225091] nixos logrotate[897]:   Last rotated at 2025-03-29 21:00
[    6.225230] nixos logrotate[897]:   log does not need rotating ('minsize' directive is used and the log size is smaller than the minsize value)
[    6.225230] nixos logrotate[897]: rotating pattern: "/var/log/wtmp" monthly empty log files are not rotated, only log files >= 1048576 bytes are rotated, (1 rotations), old logs are removed
[    6.225230] nixos logrotate[897]: considering log /var/log/wtmp
[    6.225230] nixos logrotate[897]:   Now: 2026-04-20 14:57
[    6.225230] nixos logrotate[897]:   Last rotated at 2026-04-19 08:00
[    6.225230] nixos logrotate[897]:   log does not need rotating (log has been rotated at 2026-04-19 08:00, which is less than a month ago)
