=== dmesg stream start: Mon Apr 20 17:47:03 BST 2026 ===
[    0.000000] Linux version 6.12.80 (nixbld@localhost) (gcc (GCC) 14.3.0, GNU ld (GNU Binutils) 2.44) #1-NixOS SMP PREEMPT_DYNAMIC Thu Apr  2 11:09:54 UTC 2026
[    0.000000] Command line: initrd=\EFI\nixos\v6bc83nw2h5x85106qkcr1v1qyi1ax7g-initrd-linux-6.12.80-initrd.efi init=/nix/store/vkf1lapdlnhabmi02h61l7cspmbfwbfd-nixos-system-nixos-25.11.9067.54170c54449e/init pci=noaer intel_iommu=on iommu=strict loglevel=4 lsm=landlock,yama,bpf
[    0.000000] BIOS-provided physical RAM map:
[    0.000000] BIOS-e820: [mem 0x0000000000000000-0x0000000000057fff] usable
[    0.000000] BIOS-e820: [mem 0x0000000000058000-0x0000000000058fff] reserved
[    0.000000] BIOS-e820: [mem 0x0000000000059000-0x000000000008efff] usable
[    0.000000] BIOS-e820: [mem 0x000000000008f000-0x000000000008ffff] reserved
[    0.000000] BIOS-e820: [mem 0x0000000000090000-0x000000000009ffff] usable
[    0.000000] BIOS-e820: [mem 0x00000000000a0000-0x00000000000bffff] reserved
[    0.000000] BIOS-e820: [mem 0x0000000000100000-0x000000008ad0ffff] usable
[    0.000000] BIOS-e820: [mem 0x000000008ad10000-0x000000008ad52fff] ACPI NVS
[    0.000000] BIOS-e820: [mem 0x000000008ad53000-0x000000008ad5cfff] usable
[    0.000000] BIOS-e820: [mem 0x000000008ad5d000-0x000000008ad8efff] ACPI data
[    0.000000] BIOS-e820: [mem 0x000000008ad8f000-0x000000008ae38fff] usable
[    0.000000] BIOS-e820: [mem 0x000000008ae39000-0x000000008ae8efff] reserved
[    0.000000] BIOS-e820: [mem 0x000000008ae8f000-0x000000008aed1fff] usable
[    0.000000] BIOS-e820: [mem 0x000000008aed2000-0x000000008aefefff] reserved
[    0.000000] BIOS-e820: [mem 0x000000008aeff000-0x000000008af83fff] usable
[    0.000000] BIOS-e820: [mem 0x000000008af84000-0x000000008afeffff] reserved
[    0.000000] BIOS-e820: [mem 0x000000008aff0000-0x000000008affffff] usable
[    0.000000] BIOS-e820: [mem 0x000000008b000000-0x000000008f9fffff] reserved
[    0.000000] BIOS-e820: [mem 0x00000000e00f8000-0x00000000e00f8fff] reserved
[    0.000000] BIOS-e820: [mem 0x00000000fed1c000-0x00000000fed1ffff] reserved
[    0.000000] BIOS-e820: [mem 0x00000000ffe10000-0x00000000ffe3ffff] reserved
[    0.000000] BIOS-e820: [mem 0x0000000100000000-0x000000026f5fffff] usable
[    0.000000] NX (Execute Disable) protection: active
[    0.000000] APIC: Static calls initialized
[    0.000000] e820: update [mem 0x75f29190-0x75f391cf] usable ==> usable
[    0.000000] e820: update [mem 0x75f27810-0x75f27cd2] usable ==> usable
[    0.000000] extended physical RAM map:
[    0.000000] reserve setup_data: [mem 0x0000000000000000-0x0000000000057fff] usable
[    0.000000] reserve setup_data: [mem 0x0000000000058000-0x0000000000058fff] reserved
[    0.000000] reserve setup_data: [mem 0x0000000000059000-0x000000000008efff] usable
[    0.000000] reserve setup_data: [mem 0x000000000008f000-0x000000000008ffff] reserved
[    0.000000] reserve setup_data: [mem 0x0000000000090000-0x000000000009ffff] usable
[    0.000000] reserve setup_data: [mem 0x00000000000a0000-0x00000000000bffff] reserved
[    0.000000] reserve setup_data: [mem 0x0000000000100000-0x0000000075f2780f] usable
[    0.000000] reserve setup_data: [mem 0x0000000075f27810-0x0000000075f27cd2] usable
[    0.000000] reserve setup_data: [mem 0x0000000075f27cd3-0x0000000075f2918f] usable
[    0.000000] reserve setup_data: [mem 0x0000000075f29190-0x0000000075f391cf] usable
[    0.000000] reserve setup_data: [mem 0x0000000075f391d0-0x000000008ad0ffff] usable
[    0.000000] reserve setup_data: [mem 0x000000008ad10000-0x000000008ad52fff] ACPI NVS
[    0.000000] reserve setup_data: [mem 0x000000008ad53000-0x000000008ad5cfff] usable
[    0.000000] reserve setup_data: [mem 0x000000008ad5d000-0x000000008ad8efff] ACPI data
[    0.000000] reserve setup_data: [mem 0x000000008ad8f000-0x000000008ae38fff] usable
[    0.000000] reserve setup_data: [mem 0x000000008ae39000-0x000000008ae8efff] reserved
[    0.000000] reserve setup_data: [mem 0x000000008ae8f000-0x000000008aed1fff] usable
[    0.000000] reserve setup_data: [mem 0x000000008aed2000-0x000000008aefefff] reserved
[    0.000000] reserve setup_data: [mem 0x000000008aeff000-0x000000008af83fff] usable
[    0.000000] reserve setup_data: [mem 0x000000008af84000-0x000000008afeffff] reserved
[    0.000000] reserve setup_data: [mem 0x000000008aff0000-0x000000008affffff] usable
[    0.000000] reserve setup_data: [mem 0x000000008b000000-0x000000008f9fffff] reserved
[    0.000000] reserve setup_data: [mem 0x00000000e00f8000-0x00000000e00f8fff] reserved
[    0.000000] reserve setup_data: [mem 0x00000000fed1c000-0x00000000fed1ffff] reserved
[    0.000000] reserve setup_data: [mem 0x00000000ffe10000-0x00000000ffe3ffff] reserved
[    0.000000] reserve setup_data: [mem 0x0000000100000000-0x000000026f5fffff] usable
[    0.000000] efi: EFI v1.1 by Apple
[    0.000000] efi: ACPI=0x8ad8e000 ACPI 2.0=0x8ad8e014 SMBIOS=0x8ad11000 RNG=0x8ad61f90 INITRD=0x75f53f90 
[    0.000000] random: crng init done
[    0.000000] efi: Not removing mem284: MMIO range=[0xe00f8000-0xe00f8fff] (4KB) from e820 map
[    0.000000] efi: Not removing mem285: MMIO range=[0xfed1c000-0xfed1ffff] (16KB) from e820 map
[    0.000000] efi: Not removing mem286: MMIO range=[0xffe10000-0xffe3ffff] (192KB) from e820 map
[    0.000000] [Firmware Bug]: Corrupted DMI table, offset 2189 (only 40 entries processed)
[    0.000000] SMBIOS 2.4 present.
[    0.000000] DMI: Apple Inc. MacBookPro11,1/Mac-189A3D4F975D5FFC, BIOS 478.0.0.0.0 01/13/2023
[    0.000000] DMI: Memory slots populated: 2/2
[    0.000000] tsc: Fast TSC calibration using PIT
[    0.000000] tsc: Detected 2599.966 MHz processor
[    0.000086] e820: update [mem 0x00000000-0x00000fff] usable ==> reserved
[    0.000089] e820: remove [mem 0x000a0000-0x000fffff] usable
[    0.000101] last_pfn = 0x26f600 max_arch_pfn = 0x400000000
[    0.000107] MTRR map: 5 entries (4 fixed + 1 variable; max 24), built from 10 variable MTRRs
[    0.000109] x86/PAT: Configuration [0-7]: WB  WC  UC- UC  WB  WP  UC- WT  
[    0.000397] last_pfn = 0x8b000 max_arch_pfn = 0x400000000
[    0.016629] Using GB pages for direct mapping
[    0.018102] Secure boot disabled
[    0.018103] RAMDISK: [mem 0x71371000-0x72d3ffff]
[    0.018108] ACPI: Early table checksum verification disabled
[    0.018111] ACPI: RSDP 0x000000008AD8E014 000024 (v02 APPLE )
[    0.018115] ACPI: XSDT 0x000000008AD8E1C0 0000A4 (v01 APPLE  Apple00  00000000      01000013)
[    0.018121] ACPI: FACP 0x000000008AD8C000 0000F4 (v05 APPLE  Apple00  00000000 Loki 0000005F)
[    0.018128] ACPI: DSDT 0x000000008AD7F000 007681 (v03 APPLE  MacBookP 00110001 INTL 20100915)
[    0.018132] ACPI: FACS 0x000000008AD18000 000040
[    0.018135] ACPI: FACS 0x000000008AD18000 000040
[    0.018138] ACPI: HPET 0x000000008AD8B000 000038 (v01 APPLE  Apple00  00000001 Loki 0000005F)
[    0.018141] ACPI: APIC 0x000000008AD8A000 0000BC (v02 APPLE  Apple00  00000001 Loki 0000005F)
[    0.018145] ACPI: SBST 0x000000008AD88000 000030 (v01 APPLE  Apple00  00000001 Loki 0000005F)
[    0.018148] ACPI: ECDT 0x000000008AD87000 000053 (v01 APPLE  Apple00  00000001 Loki 0000005F)
[    0.018151] ACPI: SSDT 0x000000008AD7E000 00010B (v01 APPLE  SataAhci 00001000 INTL 20100915)
[    0.018155] ACPI: SSDT 0x000000008AD7D000 000024 (v01 APPLE  SmcDppt  00001000 INTL 20100915)
[    0.018159] ACPI: SSDT 0x000000008AD7A000 000FE9 (v01 APPLE  SDUsbLpt 00001000 INTL 20100915)
[    0.018162] ACPI: SSDT 0x000000008AD76000 000032 (v01 APPLE  SsdtS3   00001000 INTL 20100915)
[    0.018166] ACPI: SSDT 0x000000008AD73000 0028B2 (v01 APPLE  PcieTbt  00001000 INTL 20100915)
[    0.018169] ACPI: SSDT 0x000000008AD66000 0000B8 (v01 APPLE  Sdxc     00001000 INTL 20100915)
[    0.018172] ACPI: SSDT 0x000000008AD65000 0003E0 (v01 APPLE  SaHdaCdc 00001000 INTL 20100915)
[    0.018176] ACPI: SSDT 0x000000008AD64000 000594 (v01 PmRef  Cpu0Ist  00003000 INTL 20100915)
[    0.018179] ACPI: SSDT 0x000000008AD63000 000B83 (v01 PmRef  CpuPm    00003000 INTL 20100915)
[    0.018183] ACPI: DMAR 0x000000008AD62000 000088 (v01 APPLE  HSW      00000001 AAPL 00000001)
[    0.018186] ACPI: MCFG 0x000000008AD89000 00003C (v01 APPLE  Apple00  00000001 Loki 0000005F)
[    0.018189] ACPI: Reserving FACP table memory at [mem 0x8ad8c000-0x8ad8c0f3]
[    0.018190] ACPI: Reserving DSDT table memory at [mem 0x8ad7f000-0x8ad86680]
[    0.018192] ACPI: Reserving FACS table memory at [mem 0x8ad18000-0x8ad1803f]
[    0.018192] ACPI: Reserving FACS table memory at [mem 0x8ad18000-0x8ad1803f]
[    0.018193] ACPI: Reserving HPET table memory at [mem 0x8ad8b000-0x8ad8b037]
[    0.018194] ACPI: Reserving APIC table memory at [mem 0x8ad8a000-0x8ad8a0bb]
[    0.018195] ACPI: Reserving SBST table memory at [mem 0x8ad88000-0x8ad8802f]
[    0.018196] ACPI: Reserving ECDT table memory at [mem 0x8ad87000-0x8ad87052]
[    0.018197] ACPI: Reserving SSDT table memory at [mem 0x8ad7e000-0x8ad7e10a]
[    0.018198] ACPI: Reserving SSDT table memory at [mem 0x8ad7d000-0x8ad7d023]
[    0.018198] ACPI: Reserving SSDT table memory at [mem 0x8ad7a000-0x8ad7afe8]
[    0.018199] ACPI: Reserving SSDT table memory at [mem 0x8ad76000-0x8ad76031]
[    0.018200] ACPI: Reserving SSDT table memory at [mem 0x8ad73000-0x8ad758b1]
[    0.018201] ACPI: Reserving SSDT table memory at [mem 0x8ad66000-0x8ad660b7]
[    0.018202] ACPI: Reserving SSDT table memory at [mem 0x8ad65000-0x8ad653df]
[    0.018203] ACPI: Reserving SSDT table memory at [mem 0x8ad64000-0x8ad64593]
[    0.018204] ACPI: Reserving SSDT table memory at [mem 0x8ad63000-0x8ad63b82]
[    0.018205] ACPI: Reserving DMAR table memory at [mem 0x8ad62000-0x8ad62087]
[    0.018206] ACPI: Reserving MCFG table memory at [mem 0x8ad89000-0x8ad8903b]
[    0.018214] ACPI: DMI detected to setup _OSI("Darwin"): Apple hardware
[    0.018260] No NUMA configuration found
[    0.018261] Faking a node at [mem 0x0000000000000000-0x000000026f5fffff]
[    0.018265] NODE_DATA(0) allocated [mem 0x26f5fa8c0-0x26f5ffdff]
[    0.018297] Zone ranges:
[    0.018298]   DMA      [mem 0x0000000000001000-0x0000000000ffffff]
[    0.018300]   DMA32    [mem 0x0000000001000000-0x00000000ffffffff]
[    0.018302]   Normal   [mem 0x0000000100000000-0x000000026f5fffff]
[    0.018303]   Device   empty
[    0.018304] Movable zone start for each node
[    0.018305] Early memory node ranges
[    0.018305]   node   0: [mem 0x0000000000001000-0x0000000000057fff]
[    0.018307]   node   0: [mem 0x0000000000059000-0x000000000008efff]
[    0.018308]   node   0: [mem 0x0000000000090000-0x000000000009ffff]
[    0.018309]   node   0: [mem 0x0000000000100000-0x000000008ad0ffff]
[    0.018310]   node   0: [mem 0x000000008ad53000-0x000000008ad5cfff]
[    0.018311]   node   0: [mem 0x000000008ad8f000-0x000000008ae38fff]
[    0.018312]   node   0: [mem 0x000000008ae8f000-0x000000008aed1fff]
[    0.018313]   node   0: [mem 0x000000008aeff000-0x000000008af83fff]
[    0.018314]   node   0: [mem 0x000000008aff0000-0x000000008affffff]
[    0.018315]   node   0: [mem 0x0000000100000000-0x000000026f5fffff]
[    0.018317] Initmem setup node 0 [mem 0x0000000000001000-0x000000026f5fffff]
[    0.018322] On node 0, zone DMA: 1 pages in unavailable ranges
[    0.018324] On node 0, zone DMA: 1 pages in unavailable ranges
[    0.018325] On node 0, zone DMA: 1 pages in unavailable ranges
[    0.018349] On node 0, zone DMA: 96 pages in unavailable ranges
[    0.022606] On node 0, zone DMA32: 67 pages in unavailable ranges
[    0.022612] On node 0, zone DMA32: 50 pages in unavailable ranges
[    0.022614] On node 0, zone DMA32: 86 pages in unavailable ranges
[    0.022617] On node 0, zone DMA32: 45 pages in unavailable ranges
[    0.022620] On node 0, zone DMA32: 108 pages in unavailable ranges
[    0.034323] On node 0, zone Normal: 20480 pages in unavailable ranges
[    0.034355] On node 0, zone Normal: 2560 pages in unavailable ranges
[    0.034362] Reserving Intel graphics memory at [mem 0x8ba00000-0x8f9fffff]
[    0.034525] ACPI: PM-Timer IO Port: 0x1808
[    0.034536] ACPI: LAPIC_NMI (acpi_id[0x01] high edge lint[0x1])
[    0.034537] ACPI: LAPIC_NMI (acpi_id[0x02] high edge lint[0x1])
[    0.034538] ACPI: LAPIC_NMI (acpi_id[0x03] high edge lint[0x1])
[    0.034539] ACPI: LAPIC_NMI (acpi_id[0x04] high edge lint[0x1])
[    0.034540] ACPI: LAPIC_NMI (acpi_id[0x05] high edge lint[0x1])
[    0.034541] ACPI: LAPIC_NMI (acpi_id[0x06] high edge lint[0x1])
[    0.034542] ACPI: LAPIC_NMI (acpi_id[0x07] high edge lint[0x1])
[    0.034542] ACPI: LAPIC_NMI (acpi_id[0x08] high edge lint[0x1])
[    0.034553] IOAPIC[0]: apic_id 2, version 32, address 0xfec00000, GSI 0-39
[    0.034556] ACPI: INT_SRC_OVR (bus 0 bus_irq 0 global_irq 2 dfl dfl)
[    0.034559] ACPI: INT_SRC_OVR (bus 0 bus_irq 9 global_irq 9 high level)
[    0.034564] ACPI: Using ACPI (MADT) for SMP configuration information
[    0.034565] ACPI: HPET id: 0x8086a201 base: 0xfed00000
[    0.034570] TSC deadline timer available
[    0.034575] CPU topo: Max. logical packages:   1
[    0.034576] CPU topo: Max. logical dies:       1
[    0.034577] CPU topo: Max. dies per package:   1
[    0.034583] CPU topo: Max. threads per core:   2
[    0.034584] CPU topo: Num. cores per package:     2
[    0.034585] CPU topo: Num. threads per package:   4
[    0.034585] CPU topo: Allowing 4 present CPUs plus 0 hotplug CPUs
[    0.034609] PM: hibernation: Registered nosave memory: [mem 0x00000000-0x00000fff]
[    0.034611] PM: hibernation: Registered nosave memory: [mem 0x00058000-0x00058fff]
[    0.034613] PM: hibernation: Registered nosave memory: [mem 0x0008f000-0x0008ffff]
[    0.034615] PM: hibernation: Registered nosave memory: [mem 0x000a0000-0x000fffff]
[    0.034617] PM: hibernation: Registered nosave memory: [mem 0x8ad10000-0x8ad52fff]
[    0.034619] PM: hibernation: Registered nosave memory: [mem 0x8ad5d000-0x8ad8efff]
[    0.034621] PM: hibernation: Registered nosave memory: [mem 0x8ae39000-0x8ae8efff]
[    0.034623] PM: hibernation: Registered nosave memory: [mem 0x8aed2000-0x8aefefff]
[    0.034625] PM: hibernation: Registered nosave memory: [mem 0x8af84000-0x8afeffff]
[    0.034627] PM: hibernation: Registered nosave memory: [mem 0x8b000000-0xffffffff]
[    0.034628] [mem 0x8fa00000-0xe00f7fff] available for PCI devices
[    0.034631] Booting paravirtualized kernel on bare hardware
[    0.034635] clocksource: refined-jiffies: mask: 0xffffffff max_cycles: 0xffffffff, max_idle_ns: 1910969940391419 ns
[    0.040889] setup_percpu: NR_CPUS:384 nr_cpumask_bits:4 nr_cpu_ids:4 nr_node_ids:1
[    0.041257] percpu: Embedded 116 pages/cpu s294912 r65536 d114688 u524288
[    0.041265] pcpu-alloc: s294912 r65536 d114688 u524288 alloc=1*2097152
[    0.041268] pcpu-alloc: [0] 0 1 2 3 
[    0.041289] Kernel command line: initrd=\EFI\nixos\v6bc83nw2h5x85106qkcr1v1qyi1ax7g-initrd-linux-6.12.80-initrd.efi init=/nix/store/vkf1lapdlnhabmi02h61l7cspmbfwbfd-nixos-system-nixos-25.11.9067.54170c54449e/init pci=noaer intel_iommu=on iommu=strict loglevel=4 lsm=landlock,yama,bpf
[    0.041351] DMAR: IOMMU enabled
[    0.042382] Dentry cache hash table entries: 1048576 (order: 11, 8388608 bytes, linear)
[    0.042888] Inode-cache hash table entries: 524288 (order: 10, 4194304 bytes, linear)
[    0.042975] Fallback order for Node 0: 0 
[    0.042978] Built 1 zonelists, mobility grouping on.  Total pages: 2073657
[    0.042980] Policy zone: Normal
[    0.043277] mem auto-init: stack:all(zero), heap alloc:on, heap free:off
[    0.043286] software IO TLB: area num 4.
[    0.083069] SLUB: HWalign=64, Order=0-3, MinObjects=0, CPUs=4, Nodes=1
[    0.085270] allocated 16777216 bytes of page_ext
[    0.085280] Kernel/User page tables isolation: enabled
[    0.085326] ftrace: allocating 46233 entries in 181 pages
[    0.094311] ftrace: allocated 181 pages with 5 groups
[    0.095173] Dynamic Preempt: voluntary
[    0.095264] rcu: Preemptible hierarchical RCU implementation.
[    0.095264] rcu: 	RCU event tracing is enabled.
[    0.095265] rcu: 	RCU restricting CPUs from NR_CPUS=384 to nr_cpu_ids=4.
[    0.095267] 	Trampoline variant of Tasks RCU enabled.
[    0.095267] 	Rude variant of Tasks RCU enabled.
[    0.095268] 	Tracing variant of Tasks RCU enabled.
[    0.095268] rcu: RCU calculated value of scheduler-enlistment delay is 100 jiffies.
[    0.095269] rcu: Adjusting geometry for rcu_fanout_leaf=16, nr_cpu_ids=4
[    0.095277] RCU Tasks: Setting shift to 2 and lim to 1 rcu_task_cb_adjust=1 rcu_task_cpu_ids=4.
[    0.095279] RCU Tasks Rude: Setting shift to 2 and lim to 1 rcu_task_cb_adjust=1 rcu_task_cpu_ids=4.
[    0.095280] RCU Tasks Trace: Setting shift to 2 and lim to 1 rcu_task_cb_adjust=1 rcu_task_cpu_ids=4.
[    0.101057] NR_IRQS: 24832, nr_irqs: 728, preallocated irqs: 16
[    0.101276] rcu: srcu_init: Setting srcu_struct sizes based on contention.
[    0.101450] kfence: initialized - using 2097152 bytes for 255 objects at 0x(____ptrval____)-0x(____ptrval____)
[    0.101503] Console: colour dummy device 80x25
[    0.101506] printk: legacy console [tty0] enabled
[    0.101566] ACPI: Core revision 20240827
[    0.101696] hpet: HPET dysfunctional in PC10. Force disabled.
[    0.101713] APIC: Switch to symmetric I/O mode setup
[    0.101715] DMAR: Host address width 39
[    0.101717] DMAR: DRHD base: 0x000000fed90000 flags: 0x0
[    0.101729] DMAR: dmar0: reg_base_addr fed90000 ver 1:0 cap c0000020660462 ecap f0101a
[    0.101732] DMAR: DRHD base: 0x000000fed91000 flags: 0x1
[    0.101736] DMAR: dmar1: reg_base_addr fed91000 ver 1:0 cap d2008020660462 ecap f010da
[    0.101738] DMAR: RMRR base: 0x0000008b800000 end: 0x0000008f9fffff
[    0.101743] DMAR-IR: IOAPIC id 2 under DRHD base  0xfed91000 IOMMU 1
[    0.101745] DMAR-IR: HPET id 0 under DRHD base 0xfed91000
[    0.101747] DMAR-IR: Queued invalidation will be enabled to support x2apic and Intr-remapping.
[    0.102389] DMAR-IR: Enabled IRQ remapping in x2apic mode
[    0.102392] x2apic enabled
[    0.102458] APIC: Switched APIC routing to: cluster x2apic
[    0.102956] clocksource: tsc-early: mask: 0xffffffffffffffff max_cycles: 0x257a1bf681e, max_idle_ns: 440795285102 ns
[    0.102963] Calibrating delay loop (skipped), value calculated using timer frequency.. 5199.93 BogoMIPS (lpj=2599966)
[    0.102992] CPU0: Thermal monitoring enabled (TM1)
[    0.103036] Last level iTLB entries: 4KB 1024, 2MB 1024, 4MB 1024
[    0.103038] Last level dTLB entries: 4KB 1024, 2MB 1024, 4MB 1024, 1GB 4
[    0.103041] process: using mwait in idle threads
[    0.103044] Spectre V1 : Mitigation: usercopy/swapgs barriers and __user pointer sanitization
[    0.103047] Spectre V2 : Mitigation: Retpolines
[    0.103048] Spectre V2 : Spectre v2 / SpectreRSB: Filling RSB on context switch and VMEXIT
[    0.103049] Spectre V2 : Enabling Restricted Speculation for firmware calls
[    0.103051] Spectre V2 : mitigation: Enabling conditional Indirect Branch Prediction Barrier
[    0.103053] Spectre V2 : User space: Mitigation: STIBP via prctl
[    0.103055] Speculative Store Bypass: Mitigation: Speculative Store Bypass disabled via prctl
[    0.103057] MDS: Mitigation: Clear CPU buffers
[    0.103058] MMIO Stale Data: Unknown: No mitigations
[    0.103060] SRBDS: Mitigation: Microcode
[    0.103062] VMSCAPE: Mitigation: IBPB before exit to userspace
[    0.103067] x86/fpu: Supporting XSAVE feature 0x001: 'x87 floating point registers'
[    0.103069] x86/fpu: Supporting XSAVE feature 0x002: 'SSE registers'
[    0.103070] x86/fpu: Supporting XSAVE feature 0x004: 'AVX registers'
[    0.103072] x86/fpu: xstate_offset[2]:  576, xstate_sizes[2]:  256
[    0.103074] x86/fpu: Enabled xstate features 0x7, context size is 832 bytes, using 'standard' format.
[    0.103960] Freeing SMP alternatives memory: 40K
[    0.103960] pid_max: default: 32768 minimum: 301
[    0.103960] LSM: initializing lsm=capability,landlock,yama,bpf
[    0.103960] landlock: Up and running.
[    0.103960] Yama: becoming mindful.
[    0.103960] LSM support for eBPF active
[    0.103960] Mount-cache hash table entries: 16384 (order: 5, 131072 bytes, linear)
[    0.103960] Mountpoint-cache hash table entries: 16384 (order: 5, 131072 bytes, linear)
[    0.103960] smpboot: CPU0: Intel(R) Core(TM) i5-4288U CPU @ 2.60GHz (family: 0x6, model: 0x45, stepping: 0x1)
[    0.103960] Performance Events: PEBS fmt2+, Haswell events, 16-deep LBR, full-width counters, Intel PMU driver.
[    0.103960] ... version:                3
[    0.103960] ... bit width:              48
[    0.103960] ... generic registers:      4
[    0.103960] ... value mask:             0000ffffffffffff
[    0.103960] ... max period:             00007fffffffffff
[    0.103960] ... fixed-purpose events:   3
[    0.103960] ... event mask:             000000070000000f
[    0.103960] signal: max sigframe size: 1776
[    0.103960] Estimated ratio of average max frequency by base frequency (times 1024): 1220
[    0.103960] rcu: Hierarchical SRCU implementation.
[    0.103960] rcu: 	Max phase no-delay instances is 400.
[    0.103960] Timer migration: 1 hierarchy levels; 8 children per group; 1 crossnode level
[    0.104078] NMI watchdog: Enabled. Permanently consumes one hw-PMU counter.
[    0.104140] smp: Bringing up secondary CPUs ...
[    0.104259] smpboot: x86: Booting SMP configuration:
[    0.104261] .... node  #0, CPUs:      #1 #2 #3
[    0.105214] MDS CPU bug present and SMT on, data leak possible. See https://www.kernel.org/doc/html/latest/admin-guide/hw-vuln/mds.html for more details.
[    0.105214] VMSCAPE: SMT on, STIBP is required for full protection. See https://www.kernel.org/doc/html/latest/admin-guide/hw-vuln/vmscape.html for more details.
[    0.105214] smp: Brought up 1 node, 4 CPUs
[    0.105214] smpboot: Total of 4 processors activated (20799.72 BogoMIPS)
[    0.106078] Memory: 7636120K/8294628K available (16384K kernel code, 2646K rwdata, 12592K rodata, 3416K init, 3348K bss, 627628K reserved, 0K cma-reserved)
[    0.106335] devtmpfs: initialized
[    0.106335] x86/mm: Memory block size: 128MB
[    0.107451] ACPI: PM: Registering ACPI NVS region [mem 0x8ad10000-0x8ad52fff] (274432 bytes)
[    0.107451] clocksource: jiffies: mask: 0xffffffff max_cycles: 0xffffffff, max_idle_ns: 1911260446275000 ns
[    0.107451] futex hash table entries: 1024 (order: 4, 65536 bytes, linear)
[    0.107451] pinctrl core: initialized pinctrl subsystem
[    0.107451] PM: RTC time: 16:39:29, date: 2026-04-20
[    0.108411] NET: Registered PF_NETLINK/PF_ROUTE protocol family
[    0.108608] DMA: preallocated 1024 KiB GFP_KERNEL pool for atomic allocations
[    0.108682] DMA: preallocated 1024 KiB GFP_KERNEL|GFP_DMA pool for atomic allocations
[    0.108753] DMA: preallocated 1024 KiB GFP_KERNEL|GFP_DMA32 pool for atomic allocations
[    0.108766] audit: initializing netlink subsys (disabled)
[    0.108787] audit: type=2000 audit(1776703168.005:1): state=initialized audit_enabled=0 res=1
[    0.108787] thermal_sys: Registered thermal governor 'bang_bang'
[    0.108787] thermal_sys: Registered thermal governor 'step_wise'
[    0.108787] thermal_sys: Registered thermal governor 'user_space'
[    0.108787] cpuidle: using governor menu
[    0.121190] efi: Freeing EFI boot services memory: 341428K
[    0.121198] acpiphp: ACPI Hot Plug PCI Controller Driver version: 0.5
[    0.121349] PCI: ECAM [mem 0xe0000000-0xe9bfffff] (base 0xe0000000) for domain 0000 [bus 00-9b]
[    0.121367] PCI: Using configuration type 1 for base access
[    0.121427] core: PMU erratum BJ122, BV98, HSD29 worked around, HT is on
[    0.121479] kprobes: kprobe jump-optimization is enabled. All kprobes are optimized if possible.
[    0.121479] HugeTLB: registered 1.00 GiB page size, pre-allocated 0 pages
[    0.121479] HugeTLB: 16380 KiB vmemmap can be freed for a 1.00 GiB page
[    0.121479] HugeTLB: registered 2.00 MiB page size, pre-allocated 0 pages
[    0.121479] HugeTLB: 28 KiB vmemmap can be freed for a 2.00 MiB page
[    0.122175] ACPI: Disabled all _OSI OS vendors
[    0.122175] ACPI: Added _OSI(Module Device)
[    0.122175] ACPI: Added _OSI(Processor Device)
[    0.122175] ACPI: Added _OSI(Processor Aggregator Device)
[    0.122175] ACPI: Added _OSI(Darwin)
[    0.137728] ACPI: 10 ACPI AML tables successfully acquired and loaded
[    0.138791] ACPI: EC: EC started
[    0.138793] ACPI: EC: interrupt blocked
[    0.139415] ACPI: EC: EC_CMD/EC_SC=0x66, EC_DATA=0x62
[    0.139418] ACPI: EC: Boot ECDT EC used to handle transactions
[    0.140117] ACPI: BIOS _OSI(Darwin) query honored via DMI
[    0.140625] ACPI: [Firmware Bug]: BIOS _OSI(Linux) query ignored
[    0.141359] ACPI: Dynamic OEM Table Load:
[    0.141371] ACPI: SSDT 0xFFFF8B01C29FD800 0004F0 (v01 PmRef  Cpu0Cst  00003001 INTL 20100915)
[    0.142908] ACPI: Dynamic OEM Table Load:
[    0.142918] ACPI: SSDT 0xFFFF8B01C29FD000 00067C (v01 PmRef  ApIst    00003000 INTL 20100915)
[    0.144617] ACPI: Dynamic OEM Table Load:
[    0.144626] ACPI: SSDT 0xFFFF8B01C2090A00 000119 (v01 PmRef  ApCst    00003000 INTL 20100915)
[    0.146626] ACPI: Interpreter enabled
[    0.146659] ACPI: PM: (supports S0 S3 S4 S5)
[    0.146662] ACPI: Using IOAPIC for interrupt routing
[    0.146706] PCI: Using host bridge windows from ACPI; if necessary, use "pci=nocrs" and report a bug
[    0.146708] PCI: Ignoring E820 reservations for host bridge windows
[    0.147070] ACPI: Enabled 4 GPEs in block 00 to 7F
[    0.160690] ACPI: PCI Root Bridge [PCI0] (domain 0000 [bus 00-ff])
[    0.160698] acpi PNP0A08:00: _OSC: OS assumes control of [PCIeHotplug SHPCHotplug AER PCIeCapability LTR DPC]
[    0.160716] acpi PNP0A08:00: [Firmware Info]: ECAM [mem 0xe0000000-0xe9bfffff] for domain 0000 [bus 00-9b] only partially covers this bridge
[    0.161045] PCI host bridge to bus 0000:00
[    0.161049] pci_bus 0000:00: root bus resource [io  0x0000-0x0cf7 window]
[    0.161052] pci_bus 0000:00: root bus resource [io  0x0d00-0xffff window]
[    0.161055] pci_bus 0000:00: root bus resource [mem 0x000a0000-0x000fffff window]
[    0.161057] pci_bus 0000:00: root bus resource [mem 0x8fa00000-0xfeafffff window]
[    0.161058] pci_bus 0000:00: root bus resource [mem 0xfed40000-0xfed44fff window]
[    0.161060] pci_bus 0000:00: root bus resource [bus 00-ff]
[    0.161074] pci 0000:00:00.0: [8086:0a04] type 00 class 0x060000 conventional PCI endpoint
[    0.161171] pci 0000:00:02.0: [8086:0a2e] type 00 class 0x030000 conventional PCI endpoint
[    0.161180] pci 0000:00:02.0: BAR 0 [mem 0xb0000000-0xb03fffff 64bit]
[    0.161187] pci 0000:00:02.0: BAR 2 [mem 0xa0000000-0xafffffff 64bit pref]
[    0.161191] pci 0000:00:02.0: BAR 4 [io  0x2000-0x203f]
[    0.161205] pci 0000:00:02.0: Video device with shadowed ROM at [mem 0x000c0000-0x000dffff]
[    0.161343] pci 0000:00:03.0: [8086:0a0c] type 00 class 0x040300 PCIe Root Complex Integrated Endpoint
[    0.161352] pci 0000:00:03.0: BAR 0 [mem 0xb0a10000-0xb0a13fff 64bit]
[    0.161508] pci 0000:00:14.0: [8086:9c31] type 00 class 0x0c0330 conventional PCI endpoint
[    0.161524] pci 0000:00:14.0: BAR 0 [mem 0xb0a00000-0xb0a0ffff 64bit]
[    0.161576] pci 0000:00:14.0: PME# supported from D3hot D3cold
[    0.161860] pci 0000:00:16.0: [8086:9c3a] type 00 class 0x078000 conventional PCI endpoint
[    0.161879] pci 0000:00:16.0: BAR 0 [mem 0xb0a2a100-0xb0a2a11f 64bit]
[    0.161941] pci 0000:00:16.0: PME# supported from D0 D3hot D3cold
[    0.162003] pci 0000:00:1b.0: [8086:9c20] type 00 class 0x040300 PCIe Root Complex Integrated Endpoint
[    0.162018] pci 0000:00:1b.0: BAR 0 [mem 0xb0a14000-0xb0a17fff 64bit]
[    0.162081] pci 0000:00:1b.0: PME# supported from D0 D3hot D3cold
[    0.162166] pci 0000:00:1c.0: [8086:9c10] type 01 class 0x060400 PCIe Root Port
[    0.162186] pci 0000:00:1c.0: PCI bridge to [bus 01]
[    0.162247] pci 0000:00:1c.0: PME# supported from D0 D3hot D3cold
[    0.162394] pci 0000:00:1c.1: [8086:9c12] type 01 class 0x060400 PCIe Root Port
[    0.162420] pci 0000:00:1c.1: PCI bridge to [bus 02]
[    0.162426] pci 0000:00:1c.1:   bridge window [mem 0xb0800000-0xb09fffff]
[    0.162435] pci 0000:00:1c.1:   bridge window [mem 0x90000000-0x9fffffff 64bit pref]
[    0.162488] pci 0000:00:1c.1: PME# supported from D0 D3hot D3cold
[    0.162640] pci 0000:00:1c.2: [8086:9c14] type 01 class 0x060400 PCIe Root Port
[    0.162665] pci 0000:00:1c.2: PCI bridge to [bus 03]
[    0.162670] pci 0000:00:1c.2:   bridge window [mem 0xb0400000-0xb06fffff]
[    0.162730] pci 0000:00:1c.2: PME# supported from D0 D3hot D3cold
[    0.162881] pci 0000:00:1c.4: [8086:9c18] type 01 class 0x060400 PCIe Root Port
[    0.162903] pci 0000:00:1c.4: PCI bridge to [bus 05-9b]
[    0.162907] pci 0000:00:1c.4:   bridge window [io  0x3000-0x5fff]
[    0.162910] pci 0000:00:1c.4:   bridge window [mem 0xb0b00000-0xbcbfffff]
[    0.162918] pci 0000:00:1c.4:   bridge window [mem 0xbcc00000-0xc8bfffff 64bit pref]
[    0.162966] pci 0000:00:1c.4: PME# supported from D0 D3hot D3cold
[    0.163166] pci 0000:00:1c.5: [8086:9c1a] type 01 class 0x060400 PCIe Root Port
[    0.163192] pci 0000:00:1c.5: PCI bridge to [bus 04]
[    0.163197] pci 0000:00:1c.5:   bridge window [mem 0xb0700000-0xb07fffff]
[    0.163257] pci 0000:00:1c.5: PME# supported from D0 D3hot D3cold
[    0.163412] pci 0000:00:1f.0: [8086:9c43] type 00 class 0x060100 conventional PCI endpoint
[    0.163591] pci 0000:00:1f.3: [8086:9c22] type 00 class 0x0c0500 conventional PCI endpoint
[    0.163606] pci 0000:00:1f.3: BAR 0 [mem 0xb0a2a000-0xb0a2a0ff 64bit]
[    0.163624] pci 0000:00:1f.3: BAR 4 [io  0xefa0-0xefbf]
[    0.163726] pci 0000:00:1c.0: PCI bridge to [bus 01]
[    0.163796] pci 0000:02:00.0: [14e4:1570] type 00 class 0x048000 PCIe Endpoint
[    0.163819] pci 0000:02:00.0: BAR 0 [mem 0xb0900000-0xb090ffff 64bit]
[    0.163834] pci 0000:02:00.0: BAR 2 [mem 0x90000000-0x9fffffff 64bit pref]
[    0.163849] pci 0000:02:00.0: BAR 4 [mem 0xb0800000-0xb08fffff 64bit]
[    0.163956] pci 0000:02:00.0: supports D1
[    0.163957] pci 0000:02:00.0: PME# supported from D0 D3hot
[    0.164144] pci 0000:00:1c.1: PCI bridge to [bus 02]
[    0.164273] pci 0000:03:00.0: [14e4:43a0] type 00 class 0x028000 PCIe Endpoint
[    0.164314] pci 0000:03:00.0: BAR 0 [mem 0xb0600000-0xb0607fff 64bit]
[    0.164340] pci 0000:03:00.0: BAR 2 [mem 0xb0400000-0xb05fffff 64bit]
[    0.164578] pci 0000:03:00.0: supports D1 D2
[    0.164580] pci 0000:03:00.0: PME# supported from D0 D1 D2 D3hot D3cold
[    0.164966] pci 0000:00:1c.2: PCI bridge to [bus 03]
[    0.165046] pci 0000:05:00.0: [8086:156d] type 01 class 0x060400 PCIe Switch Upstream Port
[    0.165082] pci 0000:05:00.0: PCI bridge to [bus 06-6b]
[    0.165090] pci 0000:05:00.0:   bridge window [io  0x3000-0x4fff]
[    0.165094] pci 0000:05:00.0:   bridge window [mem 0xb0b00000-0xb8bfffff]
[    0.165106] pci 0000:05:00.0:   bridge window [mem 0xbcc00000-0xc4bfffff 64bit pref]
[    0.165120] pci 0000:05:00.0: enabling Extended Tags
[    0.165211] pci 0000:05:00.0: supports D1 D2
[    0.165213] pci 0000:05:00.0: PME# supported from D0 D1 D2 D3hot D3cold
[    0.167977] pci 0000:00:1c.4: PCI bridge to [bus 05-9b]
[    0.168110] pci 0000:06:00.0: [8086:156d] type 01 class 0x060400 PCIe Switch Downstream Port
[    0.168148] pci 0000:06:00.0: PCI bridge to [bus 07]
[    0.168158] pci 0000:06:00.0:   bridge window [mem 0xb0b00000-0xb0bfffff]
[    0.168185] pci 0000:06:00.0: enabling Extended Tags
[    0.168280] pci 0000:06:00.0: supports D1 D2
[    0.168281] pci 0000:06:00.0: PME# supported from D0 D1 D2 D3hot D3cold
[    0.168460] pci 0000:06:03.0: [8086:156d] type 01 class 0x060400 PCIe Switch Downstream Port
[    0.168490] pci 0000:06:03.0: PCI bridge to [bus 08-38]
[    0.168497] pci 0000:06:03.0:   bridge window [io  0x3000-0x3fff]
[    0.168502] pci 0000:06:03.0:   bridge window [mem 0xb0c00000-0xb4bfffff]
[    0.168514] pci 0000:06:03.0:   bridge window [mem 0xbcc00000-0xc0bfffff 64bit pref]
[    0.168531] pci 0000:06:03.0: enabling Extended Tags
[    0.168627] pci 0000:06:03.0: supports D1 D2
[    0.168628] pci 0000:06:03.0: PME# supported from D0 D1 D2 D3hot D3cold
[    0.168813] pci 0000:06:04.0: [8086:156d] type 01 class 0x060400 PCIe Switch Downstream Port
[    0.168843] pci 0000:06:04.0: PCI bridge to [bus 39]
[    0.168878] pci 0000:06:04.0: enabling Extended Tags
[    0.168976] pci 0000:06:04.0: supports D1 D2
[    0.168977] pci 0000:06:04.0: PME# supported from D0 D1 D2 D3hot D3cold
[    0.169165] pci 0000:06:05.0: [8086:156d] type 01 class 0x060400 PCIe Switch Downstream Port
[    0.169194] pci 0000:06:05.0: PCI bridge to [bus 3a-6a]
[    0.169202] pci 0000:06:05.0:   bridge window [io  0x4000-0x4fff]
[    0.169206] pci 0000:06:05.0:   bridge window [mem 0xb4c00000-0xb8bfffff]
[    0.169219] pci 0000:06:05.0:   bridge window [mem 0xc0c00000-0xc4bfffff 64bit pref]
[    0.169235] pci 0000:06:05.0: enabling Extended Tags
[    0.169331] pci 0000:06:05.0: supports D1 D2
[    0.169332] pci 0000:06:05.0: PME# supported from D0 D1 D2 D3hot D3cold
[    0.169519] pci 0000:06:06.0: [8086:156d] type 01 class 0x060400 PCIe Switch Downstream Port
[    0.169548] pci 0000:06:06.0: PCI bridge to [bus 6b]
[    0.169584] pci 0000:06:06.0: enabling Extended Tags
[    0.169680] pci 0000:06:06.0: supports D1 D2
[    0.169681] pci 0000:06:06.0: PME# supported from D0 D1 D2 D3hot D3cold
[    0.169854] pci 0000:05:00.0: PCI bridge to [bus 06-6b]
[    0.169948] pci 0000:07:00.0: [8086:156c] type 00 class 0x088000 PCIe Endpoint
[    0.169971] pci 0000:07:00.0: BAR 0 [mem 0xb0b00000-0xb0b3ffff]
[    0.169984] pci 0000:07:00.0: BAR 1 [mem 0xb0b40000-0xb0b40fff]
[    0.170050] pci 0000:07:00.0: enabling Extended Tags
[    0.170175] pci 0000:07:00.0: supports D1 D2
[    0.170176] pci 0000:07:00.0: PME# supported from D0 D1 D2 D3hot D3cold
[    0.172985] pci 0000:06:00.0: PCI bridge to [bus 07]
[    0.173078] pci 0000:06:03.0: PCI bridge to [bus 08-38]
[    0.173164] pci 0000:06:04.0: PCI bridge to [bus 39]
[    0.173247] pci 0000:06:05.0: PCI bridge to [bus 3a-6a]
[    0.173305] pci 0000:06:06.0: PCI bridge to [bus 6b]
[    0.173475] pci 0000:04:00.0: [144d:1600] type 00 class 0x010601 PCIe Endpoint
[    0.173536] pci 0000:04:00.0: BAR 5 [mem 0xb0700000-0xb0701fff]
[    0.173546] pci 0000:04:00.0: ROM [mem 0xffff0000-0xffffffff pref]
[    0.173628] pci 0000:04:00.0: PME# supported from D3hot D3cold
[    0.173667] pci 0000:04:00.0: 8.000 Gb/s available PCIe bandwidth, limited by 5.0 GT/s PCIe x2 link at 0000:00:1c.5 (capable of 16.000 Gb/s with 5.0 GT/s PCIe x4 link)
[    0.173965] pci 0000:00:1c.5: PCI bridge to [bus 04]
[    0.177093] ACPI: PCI: Interrupt link LNKA configured for IRQ 0
[    0.177096] ACPI: PCI: Interrupt link LNKA disabled
[    0.177151] ACPI: PCI: Interrupt link LNKB configured for IRQ 0
[    0.177152] ACPI: PCI: Interrupt link LNKB disabled
[    0.177205] ACPI: PCI: Interrupt link LNKC configured for IRQ 0
[    0.177206] ACPI: PCI: Interrupt link LNKC disabled
[    0.177258] ACPI: PCI: Interrupt link LNKD configured for IRQ 0
[    0.177260] ACPI: PCI: Interrupt link LNKD disabled
[    0.177311] ACPI: PCI: Interrupt link LNKE configured for IRQ 0
[    0.177313] ACPI: PCI: Interrupt link LNKE disabled
[    0.177364] ACPI: PCI: Interrupt link LNKF configured for IRQ 0
[    0.177365] ACPI: PCI: Interrupt link LNKF disabled
[    0.177417] ACPI: PCI: Interrupt link LNKG configured for IRQ 0
[    0.177418] ACPI: PCI: Interrupt link LNKG disabled
[    0.177470] ACPI: PCI: Interrupt link LNKH configured for IRQ 0
[    0.177471] ACPI: PCI: Interrupt link LNKH disabled
[    0.177745] ACPI: EC: interrupt unblocked
[    0.177747] ACPI: EC: event unblocked
[    0.177750] ACPI: EC: EC_CMD/EC_SC=0x66, EC_DATA=0x62
[    0.177752] ACPI: EC: GPE=0x4e
[    0.177753] ACPI: \_SB_.PCI0.LPCB.EC__: Boot ECDT EC initialization complete
[    0.177756] ACPI: \_SB_.PCI0.LPCB.EC__: EC: Used to handle transactions and events
[    0.177847] iommu: Default domain type: Translated
[    0.177849] iommu: DMA domain TLB invalidation policy: lazy mode
[    0.177884] ACPI: bus type USB registered
[    0.177902] usbcore: registered new interface driver usbfs
[    0.177910] usbcore: registered new interface driver hub
[    0.177918] usbcore: registered new device driver usb
[    0.179980] efivars: Registered efivars operations
[    0.180205] NetLabel: Initializing
[    0.180207] NetLabel:  domain hash size = 128
[    0.180208] NetLabel:  protocols = UNLABELED CIPSOv4 CALIPSO
[    0.180235] NetLabel:  unlabeled traffic allowed by default
[    0.180236] PCI: Using ACPI for IRQ routing
[    0.184847] PCI: pci_cache_line_size set to 64 bytes
[    0.184981] e820: reserve RAM buffer [mem 0x00058000-0x0005ffff]
[    0.184986] e820: reserve RAM buffer [mem 0x0008f000-0x0008ffff]
[    0.184988] e820: reserve RAM buffer [mem 0x75f27810-0x77ffffff]
[    0.184989] e820: reserve RAM buffer [mem 0x75f29190-0x77ffffff]
[    0.184991] e820: reserve RAM buffer [mem 0x8ad10000-0x8bffffff]
[    0.184992] e820: reserve RAM buffer [mem 0x8ad5d000-0x8bffffff]
[    0.184994] e820: reserve RAM buffer [mem 0x8ae39000-0x8bffffff]
[    0.184996] e820: reserve RAM buffer [mem 0x8aed2000-0x8bffffff]
[    0.184997] e820: reserve RAM buffer [mem 0x8af84000-0x8bffffff]
[    0.184998] e820: reserve RAM buffer [mem 0x8b000000-0x8bffffff]
[    0.185000] e820: reserve RAM buffer [mem 0x26f600000-0x26fffffff]
[    0.185057] pci 0000:00:02.0: vgaarb: setting as boot VGA device
[    0.185057] pci 0000:00:02.0: vgaarb: bridge control possible
[    0.185057] pci 0000:00:02.0: vgaarb: VGA device added: decodes=io+mem,owns=io+mem,locks=none
[    0.185057] vgaarb: loaded
[    0.185962] clocksource: Switched to clocksource tsc-early
[    0.185969] VFS: Disk quotas dquot_6.6.0
[    0.185969] VFS: Dquot-cache hash table entries: 512 (order 0, 4096 bytes)
[    0.186308] pnp: PnP ACPI init
[    0.186482] system 00:00: [mem 0xfed00000-0xfed03fff] has been reserved
[    0.186537] system 00:01: [io  0xffff] has been reserved
[    0.186540] system 00:01: [io  0x1800-0x187f] has been reserved
[    0.186542] system 00:01: [io  0x0800-0x087f] has been reserved
[    0.187414] system 00:03: [mem 0xfed1c000-0xfed1ffff] has been reserved
[    0.187418] system 00:03: [mem 0xfed10000-0xfed17fff] has been reserved
[    0.187420] system 00:03: [mem 0xfed18000-0xfed18fff] has been reserved
[    0.187422] system 00:03: [mem 0xfed19000-0xfed19fff] has been reserved
[    0.187424] system 00:03: [mem 0xe0000000-0xefffffff] could not be reserved
[    0.187426] system 00:03: [mem 0xfed20000-0xfed3ffff] has been reserved
[    0.187428] system 00:03: [mem 0xfed90000-0xfed93fff] could not be reserved
[    0.187430] system 00:03: [mem 0xfed45000-0xfed8ffff] has been reserved
[    0.187432] system 00:03: [mem 0xff000000-0xffffffff] could not be reserved
[    0.187434] system 00:03: [mem 0xfee00000-0xfeefffff] has been reserved
[    0.187497] system 00:04: [mem 0x20000000-0x201fffff] could not be reserved
[    0.187500] system 00:04: [mem 0x40000000-0x401fffff] could not be reserved
[    0.187634] pnp: PnP ACPI: found 5 devices
[    0.188959] pci 0000:00:02.0: assigning 3 device properties
[    0.188975] pci 0000:07:00.0: assigning 8 device properties
[    0.188989] pci 0000:00:1b.0: assigning 4 device properties
[    0.193507] clocksource: acpi_pm: mask: 0xffffff max_cycles: 0xffffff, max_idle_ns: 2085701024 ns
[    0.193577] NET: Registered PF_INET protocol family
[    0.193675] IP idents hash table entries: 131072 (order: 8, 1048576 bytes, linear)
[    0.207597] tcp_listen_portaddr_hash hash table entries: 4096 (order: 4, 65536 bytes, linear)
[    0.207630] Table-perturb hash table entries: 65536 (order: 6, 262144 bytes, linear)
[    0.207704] TCP established hash table entries: 65536 (order: 7, 524288 bytes, linear)
[    0.207919] TCP bind hash table entries: 65536 (order: 9, 2097152 bytes, linear)
[    0.208220] TCP: Hash tables configured (established 65536 bind 65536)
[    0.208292] MPTCP token hash table entries: 8192 (order: 6, 196608 bytes, linear)
[    0.208343] UDP hash table entries: 4096 (order: 5, 131072 bytes, linear)
[    0.208367] UDP-Lite hash table entries: 4096 (order: 5, 131072 bytes, linear)
[    0.208436] NET: Registered PF_UNIX/PF_LOCAL protocol family
[    0.208449] NET: Registered PF_XDP protocol family
[    0.208455] pci 0000:04:00.0: ROM [mem 0xffff0000-0xffffffff pref]: can't claim; no compatible bridge window
[    0.208465] pci 0000:06:00.0: bridge window [io  0x1000-0x0fff] to [bus 07] add_size 1000
[    0.208468] pci 0000:06:00.0: bridge window [mem 0x00100000-0x000fffff 64bit pref] to [bus 07] add_size 200000 add_align 100000
[    0.208472] pci 0000:06:04.0: bridge window [io  0x1000-0x0fff] to [bus 39] add_size 1000
[    0.208474] pci 0000:06:04.0: bridge window [mem 0x00100000-0x000fffff 64bit pref] to [bus 39] add_size 200000 add_align 100000
[    0.208476] pci 0000:06:04.0: bridge window [mem 0x00100000-0x000fffff] to [bus 39] add_size 200000 add_align 100000
[    0.208479] pci 0000:06:06.0: bridge window [io  0x1000-0x0fff] to [bus 6b] add_size 1000
[    0.208481] pci 0000:06:06.0: bridge window [mem 0x00100000-0x000fffff 64bit pref] to [bus 6b] add_size 200000 add_align 100000
[    0.208483] pci 0000:06:06.0: bridge window [mem 0x00100000-0x000fffff] to [bus 6b] add_size 200000 add_align 100000
[    0.208492] pci 0000:00:1c.0: PCI bridge to [bus 01]
[    0.208503] pci 0000:00:1c.1: PCI bridge to [bus 02]
[    0.208507] pci 0000:00:1c.1:   bridge window [mem 0xb0800000-0xb09fffff]
[    0.208511] pci 0000:00:1c.1:   bridge window [mem 0x90000000-0x9fffffff 64bit pref]
[    0.208516] pci 0000:00:1c.2: PCI bridge to [bus 03]
[    0.208520] pci 0000:00:1c.2:   bridge window [mem 0xb0400000-0xb06fffff]
[    0.208532] pci 0000:06:00.0: bridge window [mem size 0x00200000 64bit pref]: can't assign; no space
[    0.208534] pci 0000:06:00.0: bridge window [mem size 0x00200000 64bit pref]: failed to assign
[    0.208537] pci 0000:06:04.0: bridge window [mem size 0x00200000]: can't assign; no space
[    0.208538] pci 0000:06:04.0: bridge window [mem size 0x00200000]: failed to assign
[    0.208540] pci 0000:06:04.0: bridge window [mem size 0x00200000 64bit pref]: can't assign; no space
[    0.208542] pci 0000:06:04.0: bridge window [mem size 0x00200000 64bit pref]: failed to assign
[    0.208543] pci 0000:06:06.0: bridge window [mem size 0x00200000]: can't assign; no space
[    0.208545] pci 0000:06:06.0: bridge window [mem size 0x00200000]: failed to assign
[    0.208547] pci 0000:06:06.0: bridge window [mem size 0x00200000 64bit pref]: can't assign; no space
[    0.208549] pci 0000:06:06.0: bridge window [mem size 0x00200000 64bit pref]: failed to assign
[    0.208551] pci 0000:06:00.0: bridge window [io  size 0x1000]: can't assign; no space
[    0.208552] pci 0000:06:00.0: bridge window [io  size 0x1000]: failed to assign
[    0.208554] pci 0000:06:04.0: bridge window [io  size 0x1000]: can't assign; no space
[    0.208555] pci 0000:06:04.0: bridge window [io  size 0x1000]: failed to assign
[    0.208557] pci 0000:06:06.0: bridge window [io  size 0x1000]: can't assign; no space
[    0.208558] pci 0000:06:06.0: bridge window [io  size 0x1000]: failed to assign
[    0.208561] pci 0000:06:06.0: bridge window [mem size 0x00200000]: can't assign; no space
[    0.208562] pci 0000:06:06.0: bridge window [mem size 0x00200000]: failed to assign
[    0.208565] pci 0000:06:06.0: bridge window [mem size 0x00200000 64bit pref]: can't assign; no space
[    0.208566] pci 0000:06:06.0: bridge window [mem size 0x00200000 64bit pref]: failed to assign
[    0.208568] pci 0000:06:06.0: bridge window [io  size 0x1000]: can't assign; no space
[    0.208569] pci 0000:06:06.0: bridge window [io  size 0x1000]: failed to assign
[    0.208571] pci 0000:06:04.0: bridge window [mem size 0x00200000]: can't assign; no space
[    0.208573] pci 0000:06:04.0: bridge window [mem size 0x00200000]: failed to assign
[    0.208575] pci 0000:06:04.0: bridge window [mem size 0x00200000 64bit pref]: can't assign; no space
[    0.208576] pci 0000:06:04.0: bridge window [mem size 0x00200000 64bit pref]: failed to assign
[    0.208578] pci 0000:06:04.0: bridge window [io  size 0x1000]: can't assign; no space
[    0.208579] pci 0000:06:04.0: bridge window [io  size 0x1000]: failed to assign
[    0.208581] pci 0000:06:00.0: bridge window [mem size 0x00200000 64bit pref]: can't assign; no space
[    0.208583] pci 0000:06:00.0: bridge window [mem size 0x00200000 64bit pref]: failed to assign
[    0.208585] pci 0000:06:00.0: bridge window [io  size 0x1000]: can't assign; no space
[    0.208586] pci 0000:06:00.0: bridge window [io  size 0x1000]: failed to assign
[    0.208588] pci 0000:06:00.0: PCI bridge to [bus 07]
[    0.208593] pci 0000:06:00.0:   bridge window [mem 0xb0b00000-0xb0bfffff]
[    0.208603] pci 0000:06:03.0: PCI bridge to [bus 08-38]
[    0.208606] pci 0000:06:03.0:   bridge window [io  0x3000-0x3fff]
[    0.208612] pci 0000:06:03.0:   bridge window [mem 0xb0c00000-0xb4bfffff]
[    0.208616] pci 0000:06:03.0:   bridge window [mem 0xbcc00000-0xc0bfffff 64bit pref]
[    0.208623] pci 0000:06:04.0: PCI bridge to [bus 39]
[    0.208636] pci 0000:06:05.0: PCI bridge to [bus 3a-6a]
[    0.208638] pci 0000:06:05.0:   bridge window [io  0x4000-0x4fff]
[    0.208644] pci 0000:06:05.0:   bridge window [mem 0xb4c00000-0xb8bfffff]
[    0.208648] pci 0000:06:05.0:   bridge window [mem 0xc0c00000-0xc4bfffff 64bit pref]
[    0.208665] pci 0000:06:06.0: PCI bridge to [bus 6b]
[    0.208678] pci 0000:05:00.0: PCI bridge to [bus 06-6b]
[    0.208681] pci 0000:05:00.0:   bridge window [io  0x3000-0x4fff]
[    0.208686] pci 0000:05:00.0:   bridge window [mem 0xb0b00000-0xb8bfffff]
[    0.208690] pci 0000:05:00.0:   bridge window [mem 0xbcc00000-0xc4bfffff 64bit pref]
[    0.208696] pci 0000:00:1c.4: PCI bridge to [bus 05-9b]
[    0.208698] pci 0000:00:1c.4:   bridge window [io  0x3000-0x5fff]
[    0.208702] pci 0000:00:1c.4:   bridge window [mem 0xb0b00000-0xbcbfffff]
[    0.208705] pci 0000:00:1c.4:   bridge window [mem 0xbcc00000-0xc8bfffff 64bit pref]
[    0.208711] pci 0000:04:00.0: ROM [mem 0xb0710000-0xb071ffff pref]: assigned
[    0.208713] pci 0000:00:1c.5: PCI bridge to [bus 04]
[    0.208717] pci 0000:00:1c.5:   bridge window [mem 0xb0700000-0xb07fffff]
[    0.208725] pci_bus 0000:00: resource 4 [io  0x0000-0x0cf7 window]
[    0.208727] pci_bus 0000:00: resource 5 [io  0x0d00-0xffff window]
[    0.208728] pci_bus 0000:00: resource 6 [mem 0x000a0000-0x000fffff window]
[    0.208730] pci_bus 0000:00: resource 7 [mem 0x8fa00000-0xfeafffff window]
[    0.208732] pci_bus 0000:00: resource 8 [mem 0xfed40000-0xfed44fff window]
[    0.208734] pci_bus 0000:02: resource 1 [mem 0xb0800000-0xb09fffff]
[    0.208735] pci_bus 0000:02: resource 2 [mem 0x90000000-0x9fffffff 64bit pref]
[    0.208737] pci_bus 0000:03: resource 1 [mem 0xb0400000-0xb06fffff]
[    0.208739] pci_bus 0000:05: resource 0 [io  0x3000-0x5fff]
[    0.208741] pci_bus 0000:05: resource 1 [mem 0xb0b00000-0xbcbfffff]
[    0.208742] pci_bus 0000:05: resource 2 [mem 0xbcc00000-0xc8bfffff 64bit pref]
[    0.208744] pci_bus 0000:06: resource 0 [io  0x3000-0x4fff]
[    0.208745] pci_bus 0000:06: resource 1 [mem 0xb0b00000-0xb8bfffff]
[    0.208747] pci_bus 0000:06: resource 2 [mem 0xbcc00000-0xc4bfffff 64bit pref]
[    0.208748] pci_bus 0000:07: resource 1 [mem 0xb0b00000-0xb0bfffff]
[    0.208750] pci_bus 0000:08: resource 0 [io  0x3000-0x3fff]
[    0.208751] pci_bus 0000:08: resource 1 [mem 0xb0c00000-0xb4bfffff]
[    0.208753] pci_bus 0000:08: resource 2 [mem 0xbcc00000-0xc0bfffff 64bit pref]
[    0.208755] pci_bus 0000:3a: resource 0 [io  0x4000-0x4fff]
[    0.208756] pci_bus 0000:3a: resource 1 [mem 0xb4c00000-0xb8bfffff]
[    0.208758] pci_bus 0000:3a: resource 2 [mem 0xc0c00000-0xc4bfffff 64bit pref]
[    0.208759] pci_bus 0000:04: resource 1 [mem 0xb0700000-0xb07fffff]
[    0.209148] PCI: CLS 256 bytes, default 64
[    0.209176] DMAR: No ATSR found
[    0.209177] DMAR: No SATC found
[    0.209178] DMAR: IOMMU feature pgsel_inv inconsistent
[    0.209179] DMAR: IOMMU feature sc_support inconsistent
[    0.209181] DMAR: IOMMU feature pass_through inconsistent
[    0.209182] DMAR: dmar0: Using Queued invalidation
[    0.209189] DMAR: dmar1: Using Queued invalidation
[    0.209232] Trying to unpack rootfs image as initramfs...
[    0.209352] pci 0000:00:02.0: Adding to iommu group 0
[    0.210183] pci 0000:00:00.0: Adding to iommu group 1
[    0.210196] pci 0000:00:03.0: Adding to iommu group 2
[    0.210205] pci 0000:00:14.0: Adding to iommu group 3
[    0.210219] pci 0000:00:16.0: Adding to iommu group 4
[    0.210230] pci 0000:00:1b.0: Adding to iommu group 5
[    0.210258] pci 0000:00:1c.0: Adding to iommu group 6
[    0.210267] pci 0000:00:1c.1: Adding to iommu group 6
[    0.210276] pci 0000:00:1c.2: Adding to iommu group 6
[    0.210286] pci 0000:00:1c.4: Adding to iommu group 6
[    0.210295] pci 0000:00:1c.5: Adding to iommu group 6
[    0.210313] pci 0000:00:1f.0: Adding to iommu group 7
[    0.210324] pci 0000:00:1f.3: Adding to iommu group 7
[    0.210330] pci 0000:02:00.0: Adding to iommu group 6
[    0.210334] pci 0000:03:00.0: Adding to iommu group 6
[    0.210339] pci 0000:05:00.0: Adding to iommu group 6
[    0.210344] pci 0000:06:00.0: Adding to iommu group 6
[    0.210349] pci 0000:06:03.0: Adding to iommu group 6
[    0.210357] pci 0000:06:04.0: Adding to iommu group 6
[    0.210362] pci 0000:06:05.0: Adding to iommu group 6
[    0.210367] pci 0000:06:06.0: Adding to iommu group 6
[    0.210371] pci 0000:07:00.0: Adding to iommu group 6
[    0.210376] pci 0000:04:00.0: Adding to iommu group 6
[    0.211057] DMAR: Intel(R) Virtualization Technology for Directed I/O
[    0.211060] PCI-DMA: Using software bounce buffering for IO (SWIOTLB)
[    0.211062] software IO TLB: mapped [mem 0x000000006d371000-0x0000000071371000] (64MB)
[    0.230606] Initialise system trusted keyrings
[    0.230686] workingset: timestamp_bits=40 max_order=21 bucket_order=0
[    0.254138] Key type asymmetric registered
[    0.254147] Asymmetric key parser 'x509' registered
[    0.254195] Block layer SCSI generic (bsg) driver version 0.4 loaded (major 251)
[    0.254284] io scheduler mq-deadline registered
[    0.254287] io scheduler kyber registered
[    0.254624] pcieport 0000:00:1c.0: Enabling MPC IRBNCE
[    0.254629] pcieport 0000:00:1c.0: Intel PCH root port ACS workaround enabled
[    0.254963] pcieport 0000:00:1c.1: Enabling MPC IRBNCE
[    0.254968] pcieport 0000:00:1c.1: Intel PCH root port ACS workaround enabled
[    0.255212] pcieport 0000:00:1c.2: Enabling MPC IRBNCE
[    0.255217] pcieport 0000:00:1c.2: Intel PCH root port ACS workaround enabled
[    0.255443] pcieport 0000:00:1c.4: Enabling MPC IRBNCE
[    0.255448] pcieport 0000:00:1c.4: Intel PCH root port ACS workaround enabled
[    0.255652] pcieport 0000:00:1c.5: Enabling MPC IRBNCE
[    0.255662] pcieport 0000:00:1c.5: Intel PCH root port ACS workaround enabled
[    0.256121] pcieport 0000:06:00.0: pciehp: Slot #0 AttnBtn- PwrCtrl- MRL- AttnInd- PwrInd- HotPlug+ Surprise+ Interlock- NoCompl+ IbPresDis- LLActRep+
[    0.256318] pcieport 0000:06:03.0: enabling device (0000 -> 0003)
[    0.256477] pcieport 0000:06:03.0: pciehp: Slot #3 AttnBtn- PwrCtrl- MRL- AttnInd- PwrInd- HotPlug+ Surprise+ Interlock- NoCompl+ IbPresDis- LLActRep+
[    0.256828] pcieport 0000:06:04.0: pciehp: Slot #4 AttnBtn- PwrCtrl- MRL- AttnInd- PwrInd- HotPlug+ Surprise+ Interlock- NoCompl+ IbPresDis- LLActRep+
[    0.257037] pcieport 0000:06:05.0: enabling device (0000 -> 0003)
[    0.257179] pcieport 0000:06:05.0: pciehp: Slot #5 AttnBtn- PwrCtrl- MRL- AttnInd- PwrInd- HotPlug+ Surprise+ Interlock- NoCompl+ IbPresDis- LLActRep+
[    0.257502] pcieport 0000:06:06.0: pciehp: Slot #6 AttnBtn- PwrCtrl- MRL- AttnInd- PwrInd- HotPlug+ Surprise+ Interlock- NoCompl+ IbPresDis- LLActRep+
[    0.260573] Serial: 8250/16550 driver, 4 ports, IRQ sharing enabled
[    0.261490] hpet_acpi_add: no address or irqs in _CRS
[    0.261532] Linux agpgart interface v0.103
[    0.261584] ACPI: bus type drm_connector registered
[    0.263032] usbcore: registered new interface driver usbserial_generic
[    0.263041] usbserial: USB Serial support registered for generic
[    0.263417] intel_pstate: Intel P-state driver initializing
[    0.264006] simple-framebuffer simple-framebuffer.0: [drm] Registered 1 planes with drm panic
[    0.264010] [drm] Initialized simpledrm 1.0.0 for simple-framebuffer.0 on minor 0
[    0.268576] fbcon: Deferring console take-over
[    0.268581] simple-framebuffer simple-framebuffer.0: [drm] fb0: simpledrmdrmfb frame buffer device
[    0.268688] drop_monitor: Initializing network drop monitor service
[    0.268833] NET: Registered PF_INET6 protocol family
[    0.305371] Freeing initrd memory: 26428K
[    0.305669] Segment Routing with IPv6
[    0.305686] In-situ OAM (IOAM) with IPv6
[    0.305935] ENERGY_PERF_BIAS: Set to 'normal', was 'performance'
[    0.305967] microcode: Current revision: 0x00000026
[    0.306057] IPI shorthand broadcast: enabled
[    0.307543] sched_clock: Marking stable (305002799, 1652225)->(335641013, -28985989)
[    0.307675] registered taskstats version 1
[    0.307810] Loading compiled-in X.509 certificates
[    0.311035] Demotion targets for Node 0: null
[    0.311121] Key type .fscrypt registered
[    0.311124] Key type fscrypt-provisioning registered
[    0.311232] PM:   Magic number: 6:321:692
[    0.312300] RAS: Correctable Errors collector initialized.
[    0.316197] clk: Disabling unused clocks
[    0.316201] PM: genpd: Disabling unused power domains
[    0.317181] Freeing unused decrypted memory: 2028K
[    0.317532] Freeing unused kernel image (initmem) memory: 3416K
[    0.317574] Write protecting the kernel read-only data: 30720k
[    0.317958] Freeing unused kernel image (rodata/data gap) memory: 1744K
[    0.359740] x86/mm: Checked W+X mappings: passed, no W+X pages found.
[    0.359742] x86/mm: Checking user space page tables
[    0.399939] x86/mm: Checked W+X mappings: passed, no W+X pages found.
[    0.399945] Run /init as init process
[    0.399947]   with arguments:
[    0.399948]     /init
[    0.399949]   with environment:
[    0.399950]     HOME=/
[    0.399951]     TERM=linux
[    0.402486] fbcon: Taking over console
[    0.405410] Console: switching to colour frame buffer device 160x50
[    0.444120] device-mapper: ioctl: 4.48.0-ioctl (2023-03-01) initialised: dm-devel@lists.linux.dev
[    0.615601] xhci_hcd 0000:00:14.0: xHCI Host Controller
[    0.615615] xhci_hcd 0000:00:14.0: new USB bus registered, assigned bus number 1
[    0.616776] xhci_hcd 0000:00:14.0: hcc params 0x200077c1 hci version 0x100 quirks 0x000000000004b810
[    0.617041] xhci_hcd 0000:00:14.0: xHCI Host Controller
[    0.617049] xhci_hcd 0000:00:14.0: new USB bus registered, assigned bus number 2
[    0.617055] xhci_hcd 0000:00:14.0: Host supports USB 3.0 SuperSpeed
[    0.617125] usb usb1: New USB device found, idVendor=1d6b, idProduct=0002, bcdDevice= 6.12
[    0.617129] usb usb1: New USB device strings: Mfr=3, Product=2, SerialNumber=1
[    0.617133] usb usb1: Product: xHCI Host Controller
[    0.617136] usb usb1: Manufacturer: Linux 6.12.80 xhci-hcd
[    0.617138] usb usb1: SerialNumber: 0000:00:14.0
[    0.617320] hub 1-0:1.0: USB hub found
[    0.617342] hub 1-0:1.0: 9 ports detected
[    0.617781] usb usb2: New USB device found, idVendor=1d6b, idProduct=0003, bcdDevice= 6.12
[    0.617787] usb usb2: New USB device strings: Mfr=3, Product=2, SerialNumber=1
[    0.617790] usb usb2: Product: xHCI Host Controller
[    0.617793] usb usb2: Manufacturer: Linux 6.12.80 xhci-hcd
[    0.617795] usb usb2: SerialNumber: 0000:00:14.0
[    0.619983] hub 2-0:1.0: USB hub found
[    0.619996] hub 2-0:1.0: 4 ports detected
[    0.635191] SCSI subsystem initialized
[    0.655349] libata version 3.00 loaded.
[    0.659923] ahci 0000:04:00.0: version 3.0
[    0.670224] ahci 0000:04:00.0: AHCI vers 0001.0300, 32 command slots, 6 Gbps, SATA mode
[    0.670230] ahci 0000:04:00.0: 1/1 ports implemented (port mask 0x1)
[    0.670233] ahci 0000:04:00.0: flags: 64bit ncq led clo only pio ccc 
[    0.670593] scsi host0: ahci
[    0.670719] ata1: SATA max UDMA/133 abar m8192@0xb0700000 port 0xb0700100 irq 16 lpm-pol 1
[    0.854763] usb 1-3: new full-speed USB device number 2 using xhci_hcd
[    0.979675] usb 1-3: New USB device found, idVendor=0a5c, idProduct=4500, bcdDevice= 1.00
[    0.979691] usb 1-3: New USB device strings: Mfr=1, Product=2, SerialNumber=0
[    0.979698] usb 1-3: Product: BRCM20702 Hub
[    0.979703] usb 1-3: Manufacturer: Apple Inc.
[    0.980526] hub 1-3:1.0: USB hub found
[    0.980614] hub 1-3:1.0: 3 ports detected
[    0.981419] ata1: SATA link up 6.0 Gbps (SStatus 133 SControl 300)
[    0.981569] ata1.00: LPM support broken, forcing max_power
[    0.981783] ata1.00: unexpected _GTF length (8)
[    0.981824] ata1.00: ATA-8: APPLE SSD SM0512F, UXM2JA1Q, max UDMA/133
[    0.981849] ata1.00: 977105060 sectors, multi 16: LBA48 NCQ (depth 32), AA
