=== dmesg stream start: Mon 20 Apr 11:25:13 BST 2026 ===
[    0.000000] Linux version 6.12.80 (nixbld@localhost) (gcc (GCC) 14.3.0, GNU ld (GNU Binutils) 2.44) #1-NixOS SMP PREEMPT_DYNAMIC Thu Apr  2 11:09:54 UTC 2026
[    0.000000] Command line: initrd=\EFI\nixos\v6bc83nw2h5x85106qkcr1v1qyi1ax7g-initrd-linux-6.12.80-initrd.efi init=/nix/store/vkf1lapdlnhabmi02h61l7cspmbfwbfd-nixos-system-nixos-25.11.9067.54170c54449e/init pci=noaer intel_iommu=on iommu=strict loglevel=4 lsm=landlock,yama,bpf
[    0.000000] BIOS-provided physical RAM map:
[    0.000000] BIOS-e820: [mem 0x0000000000000000-0x0000000000057fff] usable
[    0.000000] BIOS-e820: [mem 0x0000000000058000-0x0000000000058fff] reserved
[    0.000000] BIOS-e820: [mem 0x0000000000059000-0x000000000008efff] usable
[    0.000000] BIOS-e820: [mem 0x000000000008f000-0x000000000008ffff] reserved
[    0.000000] BIOS-e820: [mem 0x0000000000090000-0x000000000009ffff] usable
[    0.000000] BIOS-e820: [mem 0x00000000000a0000-0x00000000000bffff] reserved
[    0.000000] BIOS-e820: [mem 0x0000000000100000-0x000000008ad0ffff] usable
[    0.000000] BIOS-e820: [mem 0x000000008ad10000-0x000000008ad52fff] ACPI NVS
[    0.000000] BIOS-e820: [mem 0x000000008ad53000-0x000000008ad5cfff] usable
[    0.000000] BIOS-e820: [mem 0x000000008ad5d000-0x000000008ad8efff] ACPI data
[    0.000000] BIOS-e820: [mem 0x000000008ad8f000-0x000000008ae38fff] usable
[    0.000000] BIOS-e820: [mem 0x000000008ae39000-0x000000008ae8efff] reserved
[    0.000000] BIOS-e820: [mem 0x000000008ae8f000-0x000000008aed1fff] usable
[    0.000000] BIOS-e820: [mem 0x000000008aed2000-0x000000008aefefff] reserved
[    0.000000] BIOS-e820: [mem 0x000000008aeff000-0x000000008af83fff] usable
[    0.000000] BIOS-e820: [mem 0x000000008af84000-0x000000008afeffff] reserved
[    0.000000] BIOS-e820: [mem 0x000000008aff0000-0x000000008affffff] usable
[    0.000000] BIOS-e820: [mem 0x000000008b000000-0x000000008f9fffff] reserved
[    0.000000] BIOS-e820: [mem 0x00000000e00f8000-0x00000000e00f8fff] reserved
[    0.000000] BIOS-e820: [mem 0x00000000fed1c000-0x00000000fed1ffff] reserved
[    0.000000] BIOS-e820: [mem 0x00000000ffe10000-0x00000000ffe3ffff] reserved
[    0.000000] BIOS-e820: [mem 0x0000000100000000-0x000000026f5fffff] usable
[    0.000000] NX (Execute Disable) protection: active
[    0.000000] APIC: Static calls initialized
[    0.000000] e820: update [mem 0x75f29190-0x75f391cf] usable ==> usable
[    0.000000] e820: update [mem 0x75f27810-0x75f27cd2] usable ==> usable
[    0.000000] extended physical RAM map:
[    0.000000] reserve setup_data: [mem 0x0000000000000000-0x0000000000057fff] usable
[    0.000000] reserve setup_data: [mem 0x0000000000058000-0x0000000000058fff] reserved
[    0.000000] reserve setup_data: [mem 0x0000000000059000-0x000000000008efff] usable
[    0.000000] reserve setup_data: [mem 0x000000000008f000-0x000000000008ffff] reserved
[    0.000000] reserve setup_data: [mem 0x0000000000090000-0x000000000009ffff] usable
[    0.000000] reserve setup_data: [mem 0x00000000000a0000-0x00000000000bffff] reserved
[    0.000000] reserve setup_data: [mem 0x0000000000100000-0x0000000075f2780f] usable
[    0.000000] reserve setup_data: [mem 0x0000000075f27810-0x0000000075f27cd2] usable
[    0.000000] reserve setup_data: [mem 0x0000000075f27cd3-0x0000000075f2918f] usable
[    0.000000] reserve setup_data: [mem 0x0000000075f29190-0x0000000075f391cf] usable
[    0.000000] reserve setup_data: [mem 0x0000000075f391d0-0x000000008ad0ffff] usable
[    0.000000] reserve setup_data: [mem 0x000000008ad10000-0x000000008ad52fff] ACPI NVS
[    0.000000] reserve setup_data: [mem 0x000000008ad53000-0x000000008ad5cfff] usable
[    0.000000] reserve setup_data: [mem 0x000000008ad5d000-0x000000008ad8efff] ACPI data
[    0.000000] reserve setup_data: [mem 0x000000008ad8f000-0x000000008ae38fff] usable
[    0.000000] reserve setup_data: [mem 0x000000008ae39000-0x000000008ae8efff] reserved
[    0.000000] reserve setup_data: [mem 0x000000008ae8f000-0x000000008aed1fff] usable
[    0.000000] reserve setup_data: [mem 0x000000008aed2000-0x000000008aefefff] reserved
[    0.000000] reserve setup_data: [mem 0x000000008aeff000-0x000000008af83fff] usable
[    0.000000] reserve setup_data: [mem 0x000000008af84000-0x000000008afeffff] reserved
[    0.000000] reserve setup_data: [mem 0x000000008aff0000-0x000000008affffff] usable
[    0.000000] reserve setup_data: [mem 0x000000008b000000-0x000000008f9fffff] reserved
[    0.000000] reserve setup_data: [mem 0x00000000e00f8000-0x00000000e00f8fff] reserved
[    0.000000] reserve setup_data: [mem 0x00000000fed1c000-0x00000000fed1ffff] reserved
[    0.000000] reserve setup_data: [mem 0x00000000ffe10000-0x00000000ffe3ffff] reserved
[    0.000000] reserve setup_data: [mem 0x0000000100000000-0x000000026f5fffff] usable
[    0.000000] efi: EFI v1.1 by Apple
[    0.000000] efi: ACPI=0x8ad8e000 ACPI 2.0=0x8ad8e014 SMBIOS=0x8ad11000 RNG=0x8ad61f90 INITRD=0x75f53f90 
[    0.000000] random: crng init done
[    0.000000] efi: Not removing mem284: MMIO range=[0xe00f8000-0xe00f8fff] (4KB) from e820 map
[    0.000000] efi: Not removing mem285: MMIO range=[0xfed1c000-0xfed1ffff] (16KB) from e820 map
[    0.000000] efi: Not removing mem286: MMIO range=[0xffe10000-0xffe3ffff] (192KB) from e820 map
[    0.000000] [Firmware Bug]: Corrupted DMI table, offset 2189 (only 40 entries processed)
[    0.000000] SMBIOS 2.4 present.
[    0.000000] DMI: Apple Inc. MacBookPro11,1/Mac-189A3D4F975D5FFC, BIOS 478.0.0.0.0 01/13/2023
[    0.000000] DMI: Memory slots populated: 2/2
[    0.000000] tsc: Fast TSC calibration using PIT
[    0.000000] tsc: Detected 2599.932 MHz processor
[    0.000085] e820: update [mem 0x00000000-0x00000fff] usable ==> reserved
[    0.000088] e820: remove [mem 0x000a0000-0x000fffff] usable
[    0.000101] last_pfn = 0x26f600 max_arch_pfn = 0x400000000
[    0.000106] MTRR map: 5 entries (4 fixed + 1 variable; max 24), built from 10 variable MTRRs
[    0.000108] x86/PAT: Configuration [0-7]: WB  WC  UC- UC  WB  WP  UC- WT  
[    0.000398] last_pfn = 0x8b000 max_arch_pfn = 0x400000000
[    0.016632] Using GB pages for direct mapping
[    0.017348] Secure boot disabled
[    0.017348] RAMDISK: [mem 0x71371000-0x72d3ffff]
[    0.017353] ACPI: Early table checksum verification disabled
[    0.017356] ACPI: RSDP 0x000000008AD8E014 000024 (v02 APPLE )
[    0.017361] ACPI: XSDT 0x000000008AD8E1C0 0000A4 (v01 APPLE  Apple00  00000000      01000013)
[    0.017367] ACPI: FACP 0x000000008AD8C000 0000F4 (v05 APPLE  Apple00  00000000 Loki 0000005F)
[    0.017374] ACPI: DSDT 0x000000008AD7F000 007681 (v03 APPLE  MacBookP 00110001 INTL 20100915)
[    0.017377] ACPI: FACS 0x000000008AD18000 000040
[    0.017381] ACPI: FACS 0x000000008AD18000 000040
[    0.017384] ACPI: HPET 0x000000008AD8B000 000038 (v01 APPLE  Apple00  00000001 Loki 0000005F)
[    0.017387] ACPI: APIC 0x000000008AD8A000 0000BC (v02 APPLE  Apple00  00000001 Loki 0000005F)
[    0.017391] ACPI: SBST 0x000000008AD88000 000030 (v01 APPLE  Apple00  00000001 Loki 0000005F)
[    0.017394] ACPI: ECDT 0x000000008AD87000 000053 (v01 APPLE  Apple00  00000001 Loki 0000005F)
[    0.017398] ACPI: SSDT 0x000000008AD7E000 00010B (v01 APPLE  SataAhci 00001000 INTL 20100915)
[    0.017401] ACPI: SSDT 0x000000008AD7D000 000024 (v01 APPLE  SmcDppt  00001000 INTL 20100915)
[    0.017405] ACPI: SSDT 0x000000008AD7A000 000FE9 (v01 APPLE  SDUsbLpt 00001000 INTL 20100915)
[    0.017409] ACPI: SSDT 0x000000008AD76000 000032 (v01 APPLE  SsdtS3   00001000 INTL 20100915)
[    0.017412] ACPI: SSDT 0x000000008AD73000 0028B2 (v01 APPLE  PcieTbt  00001000 INTL 20100915)
[    0.017416] ACPI: SSDT 0x000000008AD66000 0000B8 (v01 APPLE  Sdxc     00001000 INTL 20100915)
[    0.017419] ACPI: SSDT 0x000000008AD65000 0003E0 (v01 APPLE  SaHdaCdc 00001000 INTL 20100915)
[    0.017423] ACPI: SSDT 0x000000008AD64000 000594 (v01 PmRef  Cpu0Ist  00003000 INTL 20100915)
[    0.017426] ACPI: SSDT 0x000000008AD63000 000B83 (v01 PmRef  CpuPm    00003000 INTL 20100915)
[    0.017430] ACPI: DMAR 0x000000008AD62000 000088 (v01 APPLE  HSW      00000001 AAPL 00000001)
[    0.017433] ACPI: MCFG 0x000000008AD89000 00003C (v01 APPLE  Apple00  00000001 Loki 0000005F)
[    0.017437] ACPI: Reserving FACP table memory at [mem 0x8ad8c000-0x8ad8c0f3]
[    0.017438] ACPI: Reserving DSDT table memory at [mem 0x8ad7f000-0x8ad86680]
[    0.017439] ACPI: Reserving FACS table memory at [mem 0x8ad18000-0x8ad1803f]
[    0.017440] ACPI: Reserving FACS table memory at [mem 0x8ad18000-0x8ad1803f]
[    0.017441] ACPI: Reserving HPET table memory at [mem 0x8ad8b000-0x8ad8b037]
[    0.017442] ACPI: Reserving APIC table memory at [mem 0x8ad8a000-0x8ad8a0bb]
[    0.017443] ACPI: Reserving SBST table memory at [mem 0x8ad88000-0x8ad8802f]
[    0.017444] ACPI: Reserving ECDT table memory at [mem 0x8ad87000-0x8ad87052]
[    0.017444] ACPI: Reserving SSDT table memory at [mem 0x8ad7e000-0x8ad7e10a]
[    0.017445] ACPI: Reserving SSDT table memory at [mem 0x8ad7d000-0x8ad7d023]
[    0.017446] ACPI: Reserving SSDT table memory at [mem 0x8ad7a000-0x8ad7afe8]
[    0.017447] ACPI: Reserving SSDT table memory at [mem 0x8ad76000-0x8ad76031]
[    0.017448] ACPI: Reserving SSDT table memory at [mem 0x8ad73000-0x8ad758b1]
[    0.017449] ACPI: Reserving SSDT table memory at [mem 0x8ad66000-0x8ad660b7]
[    0.017450] ACPI: Reserving SSDT table memory at [mem 0x8ad65000-0x8ad653df]
[    0.017451] ACPI: Reserving SSDT table memory at [mem 0x8ad64000-0x8ad64593]
[    0.017452] ACPI: Reserving SSDT table memory at [mem 0x8ad63000-0x8ad63b82]
[    0.017452] ACPI: Reserving DMAR table memory at [mem 0x8ad62000-0x8ad62087]
[    0.017453] ACPI: Reserving MCFG table memory at [mem 0x8ad89000-0x8ad8903b]
[    0.017462] ACPI: DMI detected to setup _OSI("Darwin"): Apple hardware
[    0.017508] No NUMA configuration found
[    0.017509] Faking a node at [mem 0x0000000000000000-0x000000026f5fffff]
[    0.017514] NODE_DATA(0) allocated [mem 0x26f5fa8c0-0x26f5ffdff]
[    0.017546] Zone ranges:
[    0.017547]   DMA      [mem 0x0000000000001000-0x0000000000ffffff]
[    0.017549]   DMA32    [mem 0x0000000001000000-0x00000000ffffffff]
[    0.017550]   Normal   [mem 0x0000000100000000-0x000000026f5fffff]
[    0.017552]   Device   empty
[    0.017553] Movable zone start for each node
[    0.017554] Early memory node ranges
[    0.017554]   node   0: [mem 0x0000000000001000-0x0000000000057fff]
[    0.017556]   node   0: [mem 0x0000000000059000-0x000000000008efff]
[    0.017557]   node   0: [mem 0x0000000000090000-0x000000000009ffff]
[    0.017558]   node   0: [mem 0x0000000000100000-0x000000008ad0ffff]
[    0.017559]   node   0: [mem 0x000000008ad53000-0x000000008ad5cfff]
[    0.017560]   node   0: [mem 0x000000008ad8f000-0x000000008ae38fff]
[    0.017561]   node   0: [mem 0x000000008ae8f000-0x000000008aed1fff]
[    0.017562]   node   0: [mem 0x000000008aeff000-0x000000008af83fff]
[    0.017563]   node   0: [mem 0x000000008aff0000-0x000000008affffff]
[    0.017564]   node   0: [mem 0x0000000100000000-0x000000026f5fffff]
[    0.017566] Initmem setup node 0 [mem 0x0000000000001000-0x000000026f5fffff]
[    0.017571] On node 0, zone DMA: 1 pages in unavailable ranges
[    0.017573] On node 0, zone DMA: 1 pages in unavailable ranges
[    0.017574] On node 0, zone DMA: 1 pages in unavailable ranges
[    0.017598] On node 0, zone DMA: 96 pages in unavailable ranges
[    0.021858] On node 0, zone DMA32: 67 pages in unavailable ranges
[    0.021863] On node 0, zone DMA32: 50 pages in unavailable ranges
[    0.021866] On node 0, zone DMA32: 86 pages in unavailable ranges
[    0.021868] On node 0, zone DMA32: 45 pages in unavailable ranges
[    0.021870] On node 0, zone DMA32: 108 pages in unavailable ranges
[    0.033558] On node 0, zone Normal: 20480 pages in unavailable ranges
[    0.033591] On node 0, zone Normal: 2560 pages in unavailable ranges
[    0.033598] Reserving Intel graphics memory at [mem 0x8ba00000-0x8f9fffff]
[    0.033761] ACPI: PM-Timer IO Port: 0x1808
[    0.033772] ACPI: LAPIC_NMI (acpi_id[0x01] high edge lint[0x1])
[    0.033774] ACPI: LAPIC_NMI (acpi_id[0x02] high edge lint[0x1])
[    0.033775] ACPI: LAPIC_NMI (acpi_id[0x03] high edge lint[0x1])
[    0.033776] ACPI: LAPIC_NMI (acpi_id[0x04] high edge lint[0x1])
[    0.033776] ACPI: LAPIC_NMI (acpi_id[0x05] high edge lint[0x1])
[    0.033777] ACPI: LAPIC_NMI (acpi_id[0x06] high edge lint[0x1])
[    0.033778] ACPI: LAPIC_NMI (acpi_id[0x07] high edge lint[0x1])
[    0.033779] ACPI: LAPIC_NMI (acpi_id[0x08] high edge lint[0x1])
[    0.033789] IOAPIC[0]: apic_id 2, version 32, address 0xfec00000, GSI 0-39
[    0.033793] ACPI: INT_SRC_OVR (bus 0 bus_irq 0 global_irq 2 dfl dfl)
[    0.033795] ACPI: INT_SRC_OVR (bus 0 bus_irq 9 global_irq 9 high level)
[    0.033800] ACPI: Using ACPI (MADT) for SMP configuration information
[    0.033801] ACPI: HPET id: 0x8086a201 base: 0xfed00000
[    0.033806] TSC deadline timer available
[    0.033812] CPU topo: Max. logical packages:   1
[    0.033813] CPU topo: Max. logical dies:       1
[    0.033813] CPU topo: Max. dies per package:   1
[    0.033819] CPU topo: Max. threads per core:   2
[    0.033820] CPU topo: Num. cores per package:     2
[    0.033821] CPU topo: Num. threads per package:   4
[    0.033822] CPU topo: Allowing 4 present CPUs plus 0 hotplug CPUs
[    0.033844] PM: hibernation: Registered nosave memory: [mem 0x00000000-0x00000fff]
[    0.033847] PM: hibernation: Registered nosave memory: [mem 0x00058000-0x00058fff]
[    0.033849] PM: hibernation: Registered nosave memory: [mem 0x0008f000-0x0008ffff]
[    0.033851] PM: hibernation: Registered nosave memory: [mem 0x000a0000-0x000fffff]
[    0.033853] PM: hibernation: Registered nosave memory: [mem 0x8ad10000-0x8ad52fff]
[    0.033855] PM: hibernation: Registered nosave memory: [mem 0x8ad5d000-0x8ad8efff]
[    0.033857] PM: hibernation: Registered nosave memory: [mem 0x8ae39000-0x8ae8efff]
[    0.033859] PM: hibernation: Registered nosave memory: [mem 0x8aed2000-0x8aefefff]
[    0.033861] PM: hibernation: Registered nosave memory: [mem 0x8af84000-0x8afeffff]
[    0.033862] PM: hibernation: Registered nosave memory: [mem 0x8b000000-0xffffffff]
[    0.033864] [mem 0x8fa00000-0xe00f7fff] available for PCI devices
[    0.033868] Booting paravirtualized kernel on bare hardware
[    0.033871] clocksource: refined-jiffies: mask: 0xffffffff max_cycles: 0xffffffff, max_idle_ns: 1910969940391419 ns
[    0.040109] setup_percpu: NR_CPUS:384 nr_cpumask_bits:4 nr_cpu_ids:4 nr_node_ids:1
[    0.040476] percpu: Embedded 116 pages/cpu s294912 r65536 d114688 u524288
[    0.040485] pcpu-alloc: s294912 r65536 d114688 u524288 alloc=1*2097152
[    0.040487] pcpu-alloc: [0] 0 1 2 3 
[    0.040508] Kernel command line: initrd=\EFI\nixos\v6bc83nw2h5x85106qkcr1v1qyi1ax7g-initrd-linux-6.12.80-initrd.efi init=/nix/store/vkf1lapdlnhabmi02h61l7cspmbfwbfd-nixos-system-nixos-25.11.9067.54170c54449e/init pci=noaer intel_iommu=on iommu=strict loglevel=4 lsm=landlock,yama,bpf
[    0.040571] DMAR: IOMMU enabled
[    0.041601] Dentry cache hash table entries: 1048576 (order: 11, 8388608 bytes, linear)
[    0.042108] Inode-cache hash table entries: 524288 (order: 10, 4194304 bytes, linear)
[    0.042195] Fallback order for Node 0: 0 
[    0.042199] Built 1 zonelists, mobility grouping on.  Total pages: 2073657
[    0.042201] Policy zone: Normal
[    0.042497] mem auto-init: stack:all(zero), heap alloc:on, heap free:off
[    0.042507] software IO TLB: area num 4.
[    0.082260] SLUB: HWalign=64, Order=0-3, MinObjects=0, CPUs=4, Nodes=1
[    0.084459] allocated 16777216 bytes of page_ext
[    0.084469] Kernel/User page tables isolation: enabled
[    0.084514] ftrace: allocating 46233 entries in 181 pages
[    0.093501] ftrace: allocated 181 pages with 5 groups
[    0.094364] Dynamic Preempt: voluntary
[    0.094459] rcu: Preemptible hierarchical RCU implementation.
[    0.094460] rcu: 	RCU event tracing is enabled.
[    0.094461] rcu: 	RCU restricting CPUs from NR_CPUS=384 to nr_cpu_ids=4.
[    0.094462] 	Trampoline variant of Tasks RCU enabled.
[    0.094463] 	Rude variant of Tasks RCU enabled.
[    0.094463] 	Tracing variant of Tasks RCU enabled.
[    0.094464] rcu: RCU calculated value of scheduler-enlistment delay is 100 jiffies.
[    0.094465] rcu: Adjusting geometry for rcu_fanout_leaf=16, nr_cpu_ids=4
[    0.094475] RCU Tasks: Setting shift to 2 and lim to 1 rcu_task_cb_adjust=1 rcu_task_cpu_ids=4.
[    0.094477] RCU Tasks Rude: Setting shift to 2 and lim to 1 rcu_task_cb_adjust=1 rcu_task_cpu_ids=4.
[    0.094478] RCU Tasks Trace: Setting shift to 2 and lim to 1 rcu_task_cb_adjust=1 rcu_task_cpu_ids=4.
[    0.100236] NR_IRQS: 24832, nr_irqs: 728, preallocated irqs: 16
[    0.100450] rcu: srcu_init: Setting srcu_struct sizes based on contention.
[    0.100623] kfence: initialized - using 2097152 bytes for 255 objects at 0x(____ptrval____)-0x(____ptrval____)
[    0.100676] Console: colour dummy device 80x25
[    0.100679] printk: legacy console [tty0] enabled
[    0.100744] ACPI: Core revision 20240827
[    0.100873] hpet: HPET dysfunctional in PC10. Force disabled.
[    0.100889] APIC: Switch to symmetric I/O mode setup
[    0.100892] DMAR: Host address width 39
[    0.100893] DMAR: DRHD base: 0x000000fed90000 flags: 0x0
[    0.100906] DMAR: dmar0: reg_base_addr fed90000 ver 1:0 cap c0000020660462 ecap f0101a
[    0.100909] DMAR: DRHD base: 0x000000fed91000 flags: 0x1
[    0.100913] DMAR: dmar1: reg_base_addr fed91000 ver 1:0 cap d2008020660462 ecap f010da
[    0.100915] DMAR: RMRR base: 0x0000008b800000 end: 0x0000008f9fffff
[    0.100920] DMAR-IR: IOAPIC id 2 under DRHD base  0xfed91000 IOMMU 1
[    0.100923] DMAR-IR: HPET id 0 under DRHD base 0xfed91000
[    0.100924] DMAR-IR: Queued invalidation will be enabled to support x2apic and Intr-remapping.
[    0.101560] DMAR-IR: Enabled IRQ remapping in x2apic mode
[    0.101563] x2apic enabled
[    0.101630] APIC: Switched APIC routing to: cluster x2apic
[    0.102130] clocksource: tsc-early: mask: 0xffffffffffffffff max_cycles: 0x2579fc12d04, max_idle_ns: 440795318291 ns
[    0.102138] Calibrating delay loop (skipped), value calculated using timer frequency.. 5199.86 BogoMIPS (lpj=2599932)
[    0.102168] CPU0: Thermal monitoring enabled (TM1)
[    0.102206] Last level iTLB entries: 4KB 1024, 2MB 1024, 4MB 1024
[    0.102208] Last level dTLB entries: 4KB 1024, 2MB 1024, 4MB 1024, 1GB 4
[    0.102211] process: using mwait in idle threads
[    0.102213] Spectre V1 : Mitigation: usercopy/swapgs barriers and __user pointer sanitization
[    0.102216] Spectre V2 : Mitigation: Retpolines
[    0.102217] Spectre V2 : Spectre v2 / SpectreRSB: Filling RSB on context switch and VMEXIT
[    0.102218] Spectre V2 : Enabling Restricted Speculation for firmware calls
[    0.102220] Spectre V2 : mitigation: Enabling conditional Indirect Branch Prediction Barrier
[    0.102222] Spectre V2 : User space: Mitigation: STIBP via prctl
[    0.102224] Speculative Store Bypass: Mitigation: Speculative Store Bypass disabled via prctl
[    0.102226] MDS: Mitigation: Clear CPU buffers
[    0.102227] MMIO Stale Data: Unknown: No mitigations
[    0.102229] SRBDS: Mitigation: Microcode
[    0.102231] VMSCAPE: Mitigation: IBPB before exit to userspace
[    0.102236] x86/fpu: Supporting XSAVE feature 0x001: 'x87 floating point registers'
[    0.102238] x86/fpu: Supporting XSAVE feature 0x002: 'SSE registers'
[    0.102239] x86/fpu: Supporting XSAVE feature 0x004: 'AVX registers'
[    0.102241] x86/fpu: xstate_offset[2]:  576, xstate_sizes[2]:  256
[    0.102243] x86/fpu: Enabled xstate features 0x7, context size is 832 bytes, using 'standard' format.
[    0.103134] Freeing SMP alternatives memory: 40K
[    0.103134] pid_max: default: 32768 minimum: 301
[    0.103134] LSM: initializing lsm=capability,landlock,yama,bpf
[    0.103134] landlock: Up and running.
[    0.103134] Yama: becoming mindful.
[    0.103134] LSM support for eBPF active
[    0.103134] Mount-cache hash table entries: 16384 (order: 5, 131072 bytes, linear)
[    0.103134] Mountpoint-cache hash table entries: 16384 (order: 5, 131072 bytes, linear)
[    0.103134] smpboot: CPU0: Intel(R) Core(TM) i5-4288U CPU @ 2.60GHz (family: 0x6, model: 0x45, stepping: 0x1)
[    0.103134] Performance Events: PEBS fmt2+, Haswell events, 16-deep LBR, full-width counters, Intel PMU driver.
[    0.103134] ... version:                3
[    0.103134] ... bit width:              48
[    0.103134] ... generic registers:      4
[    0.103134] ... value mask:             0000ffffffffffff
[    0.103134] ... max period:             00007fffffffffff
[    0.103134] ... fixed-purpose events:   3
[    0.103134] ... event mask:             000000070000000f
[    0.103134] signal: max sigframe size: 1776
[    0.103134] Estimated ratio of average max frequency by base frequency (times 1024): 1220
[    0.103134] rcu: Hierarchical SRCU implementation.
[    0.103134] rcu: 	Max phase no-delay instances is 400.
[    0.103134] Timer migration: 1 hierarchy levels; 8 children per group; 1 crossnode level
[    0.103251] NMI watchdog: Enabled. Permanently consumes one hw-PMU counter.
[    0.103308] smp: Bringing up secondary CPUs ...
[    0.103432] smpboot: x86: Booting SMP configuration:
[    0.103434] .... node  #0, CPUs:      #1 #2 #3
[    0.104381] MDS CPU bug present and SMT on, data leak possible. See https://www.kernel.org/doc/html/latest/admin-guide/hw-vuln/mds.html for more details.
[    0.104381] VMSCAPE: SMT on, STIBP is required for full protection. See https://www.kernel.org/doc/html/latest/admin-guide/hw-vuln/vmscape.html for more details.
[    0.104381] smp: Brought up 1 node, 4 CPUs
[    0.104381] smpboot: Total of 4 processors activated (20799.45 BogoMIPS)
[    0.105240] Memory: 7636104K/8294628K available (16384K kernel code, 2646K rwdata, 12592K rodata, 3416K init, 3348K bss, 627632K reserved, 0K cma-reserved)
[    0.105495] devtmpfs: initialized
[    0.105495] x86/mm: Memory block size: 128MB
[    0.106607] ACPI: PM: Registering ACPI NVS region [mem 0x8ad10000-0x8ad52fff] (274432 bytes)
[    0.106607] clocksource: jiffies: mask: 0xffffffff max_cycles: 0xffffffff, max_idle_ns: 1911260446275000 ns
[    0.106607] futex hash table entries: 1024 (order: 4, 65536 bytes, linear)
[    0.106607] pinctrl core: initialized pinctrl subsystem
[    0.106607] PM: RTC time: 10:17:28, date: 2026-04-20
[    0.107541] NET: Registered PF_NETLINK/PF_ROUTE protocol family
[    0.107738] DMA: preallocated 1024 KiB GFP_KERNEL pool for atomic allocations
[    0.107811] DMA: preallocated 1024 KiB GFP_KERNEL|GFP_DMA pool for atomic allocations
[    0.107882] DMA: preallocated 1024 KiB GFP_KERNEL|GFP_DMA32 pool for atomic allocations
[    0.107896] audit: initializing netlink subsys (disabled)
[    0.107910] audit: type=2000 audit(1776680248.005:1): state=initialized audit_enabled=0 res=1
[    0.107910] thermal_sys: Registered thermal governor 'bang_bang'
[    0.107910] thermal_sys: Registered thermal governor 'step_wise'
[    0.107910] thermal_sys: Registered thermal governor 'user_space'
[    0.107910] cpuidle: using governor menu
[    0.120364] efi: Freeing EFI boot services memory: 341428K
[    0.120371] acpiphp: ACPI Hot Plug PCI Controller Driver version: 0.5
[    0.120523] PCI: ECAM [mem 0xe0000000-0xe9bfffff] (base 0xe0000000) for domain 0000 [bus 00-9b]
[    0.120541] PCI: Using configuration type 1 for base access
[    0.120600] core: PMU erratum BJ122, BV98, HSD29 worked around, HT is on
[    0.120651] kprobes: kprobe jump-optimization is enabled. All kprobes are optimized if possible.
[    0.120651] HugeTLB: registered 1.00 GiB page size, pre-allocated 0 pages
[    0.120651] HugeTLB: 16380 KiB vmemmap can be freed for a 1.00 GiB page
[    0.120651] HugeTLB: registered 2.00 MiB page size, pre-allocated 0 pages
[    0.120651] HugeTLB: 28 KiB vmemmap can be freed for a 2.00 MiB page
[    0.121321] ACPI: Disabled all _OSI OS vendors
[    0.121321] ACPI: Added _OSI(Module Device)
[    0.121321] ACPI: Added _OSI(Processor Device)
[    0.121321] ACPI: Added _OSI(Processor Aggregator Device)
[    0.121321] ACPI: Added _OSI(Darwin)
[    0.137627] ACPI: 10 ACPI AML tables successfully acquired and loaded
[    0.138744] ACPI: EC: EC started
[    0.138746] ACPI: EC: interrupt blocked
[    0.139455] ACPI: EC: EC_CMD/EC_SC=0x66, EC_DATA=0x62
[    0.139458] ACPI: EC: Boot ECDT EC used to handle transactions
[    0.139676] ACPI: BIOS _OSI(Darwin) query honored via DMI
[    0.139973] ACPI: [Firmware Bug]: BIOS _OSI(Linux) query ignored
[    0.141495] ACPI: Dynamic OEM Table Load:
[    0.141504] ACPI: SSDT 0xFFFF8DEDC2978000 0004F0 (v01 PmRef  Cpu0Cst  00003001 INTL 20100915)
[    0.142521] ACPI: Dynamic OEM Table Load:
[    0.142528] ACPI: SSDT 0xFFFF8DEDC297D000 00067C (v01 PmRef  ApIst    00003000 INTL 20100915)
[    0.143521] ACPI: Dynamic OEM Table Load:
[    0.143527] ACPI: SSDT 0xFFFF8DEDC12CD600 000119 (v01 PmRef  ApCst    00003000 INTL 20100915)
[    0.144712] ACPI: Interpreter enabled
[    0.144738] ACPI: PM: (supports S0 S3 S4 S5)
[    0.144739] ACPI: Using IOAPIC for interrupt routing
[    0.144770] PCI: Using host bridge windows from ACPI; if necessary, use "pci=nocrs" and report a bug
[    0.144771] PCI: Ignoring E820 reservations for host bridge windows
[    0.144991] ACPI: Enabled 4 GPEs in block 00 to 7F
[    0.154773] ACPI: PCI Root Bridge [PCI0] (domain 0000 [bus 00-ff])
[    0.154780] acpi PNP0A08:00: _OSC: OS assumes control of [PCIeHotplug SHPCHotplug AER PCIeCapability LTR DPC]
[    0.154797] acpi PNP0A08:00: [Firmware Info]: ECAM [mem 0xe0000000-0xe9bfffff] for domain 0000 [bus 00-9b] only partially covers this bridge
[    0.155120] PCI host bridge to bus 0000:00
[    0.155125] pci_bus 0000:00: root bus resource [io  0x0000-0x0cf7 window]
[    0.155127] pci_bus 0000:00: root bus resource [io  0x0d00-0xffff window]
[    0.155131] pci_bus 0000:00: root bus resource [mem 0x000a0000-0x000fffff window]
[    0.155132] pci_bus 0000:00: root bus resource [mem 0x8fa00000-0xfeafffff window]
[    0.155134] pci_bus 0000:00: root bus resource [mem 0xfed40000-0xfed44fff window]
[    0.155136] pci_bus 0000:00: root bus resource [bus 00-ff]
[    0.155154] pci 0000:00:00.0: [8086:0a04] type 00 class 0x060000 conventional PCI endpoint
[    0.155254] pci 0000:00:02.0: [8086:0a2e] type 00 class 0x030000 conventional PCI endpoint
[    0.155264] pci 0000:00:02.0: BAR 0 [mem 0xb0000000-0xb03fffff 64bit]
[    0.155270] pci 0000:00:02.0: BAR 2 [mem 0xa0000000-0xafffffff 64bit pref]
[    0.155274] pci 0000:00:02.0: BAR 4 [io  0x2000-0x203f]
[    0.155288] pci 0000:00:02.0: Video device with shadowed ROM at [mem 0x000c0000-0x000dffff]
[    0.155424] pci 0000:00:03.0: [8086:0a0c] type 00 class 0x040300 PCIe Root Complex Integrated Endpoint
[    0.155433] pci 0000:00:03.0: BAR 0 [mem 0xb0a10000-0xb0a13fff 64bit]
[    0.155587] pci 0000:00:14.0: [8086:9c31] type 00 class 0x0c0330 conventional PCI endpoint
[    0.155602] pci 0000:00:14.0: BAR 0 [mem 0xb0a00000-0xb0a0ffff 64bit]
[    0.155653] pci 0000:00:14.0: PME# supported from D3hot D3cold
[    0.155936] pci 0000:00:16.0: [8086:9c3a] type 00 class 0x078000 conventional PCI endpoint
[    0.155954] pci 0000:00:16.0: BAR 0 [mem 0xb0a2a100-0xb0a2a11f 64bit]
[    0.156017] pci 0000:00:16.0: PME# supported from D0 D3hot D3cold
[    0.156077] pci 0000:00:1b.0: [8086:9c20] type 00 class 0x040300 PCIe Root Complex Integrated Endpoint
[    0.156092] pci 0000:00:1b.0: BAR 0 [mem 0xb0a14000-0xb0a17fff 64bit]
[    0.156154] pci 0000:00:1b.0: PME# supported from D0 D3hot D3cold
[    0.156236] pci 0000:00:1c.0: [8086:9c10] type 01 class 0x060400 PCIe Root Port
[    0.156256] pci 0000:00:1c.0: PCI bridge to [bus 01]
[    0.156317] pci 0000:00:1c.0: PME# supported from D0 D3hot D3cold
[    0.156470] pci 0000:00:1c.1: [8086:9c12] type 01 class 0x060400 PCIe Root Port
[    0.156496] pci 0000:00:1c.1: PCI bridge to [bus 02]
[    0.156501] pci 0000:00:1c.1:   bridge window [mem 0xb0800000-0xb09fffff]
[    0.156510] pci 0000:00:1c.1:   bridge window [mem 0x90000000-0x9fffffff 64bit pref]
[    0.156563] pci 0000:00:1c.1: PME# supported from D0 D3hot D3cold
[    0.156716] pci 0000:00:1c.2: [8086:9c14] type 01 class 0x060400 PCIe Root Port
[    0.156741] pci 0000:00:1c.2: PCI bridge to [bus 03]
[    0.156747] pci 0000:00:1c.2:   bridge window [mem 0xb0400000-0xb06fffff]
[    0.156806] pci 0000:00:1c.2: PME# supported from D0 D3hot D3cold
[    0.156959] pci 0000:00:1c.4: [8086:9c18] type 01 class 0x060400 PCIe Root Port
[    0.156981] pci 0000:00:1c.4: PCI bridge to [bus 05-9b]
[    0.156985] pci 0000:00:1c.4:   bridge window [io  0x3000-0x5fff]
[    0.156988] pci 0000:00:1c.4:   bridge window [mem 0xb0b00000-0xbcbfffff]
[    0.156996] pci 0000:00:1c.4:   bridge window [mem 0xbcc00000-0xc8bfffff 64bit pref]
[    0.157045] pci 0000:00:1c.4: PME# supported from D0 D3hot D3cold
[    0.157242] pci 0000:00:1c.5: [8086:9c1a] type 01 class 0x060400 PCIe Root Port
[    0.157267] pci 0000:00:1c.5: PCI bridge to [bus 04]
[    0.157273] pci 0000:00:1c.5:   bridge window [mem 0xb0700000-0xb07fffff]
[    0.157332] pci 0000:00:1c.5: PME# supported from D0 D3hot D3cold
[    0.157486] pci 0000:00:1f.0: [8086:9c43] type 00 class 0x060100 conventional PCI endpoint
[    0.157662] pci 0000:00:1f.3: [8086:9c22] type 00 class 0x0c0500 conventional PCI endpoint
[    0.157677] pci 0000:00:1f.3: BAR 0 [mem 0xb0a2a000-0xb0a2a0ff 64bit]
[    0.157694] pci 0000:00:1f.3: BAR 4 [io  0xefa0-0xefbf]
[    0.157797] pci 0000:00:1c.0: PCI bridge to [bus 01]
[    0.157867] pci 0000:02:00.0: [14e4:1570] type 00 class 0x048000 PCIe Endpoint
[    0.157890] pci 0000:02:00.0: BAR 0 [mem 0xb0900000-0xb090ffff 64bit]
[    0.157905] pci 0000:02:00.0: BAR 2 [mem 0x90000000-0x9fffffff 64bit pref]
[    0.157920] pci 0000:02:00.0: BAR 4 [mem 0xb0800000-0xb08fffff 64bit]
[    0.158026] pci 0000:02:00.0: supports D1
[    0.158028] pci 0000:02:00.0: PME# supported from D0 D3hot
[    0.158214] pci 0000:00:1c.1: PCI bridge to [bus 02]
[    0.158338] pci 0000:03:00.0: [14e4:43a0] type 00 class 0x028000 PCIe Endpoint
[    0.158379] pci 0000:03:00.0: BAR 0 [mem 0xb0600000-0xb0607fff 64bit]
[    0.158406] pci 0000:03:00.0: BAR 2 [mem 0xb0400000-0xb05fffff 64bit]
[    0.158643] pci 0000:03:00.0: supports D1 D2
[    0.158644] pci 0000:03:00.0: PME# supported from D0 D1 D2 D3hot D3cold
[    0.158991] pci 0000:00:1c.2: PCI bridge to [bus 03]
[    0.159070] pci 0000:05:00.0: [8086:156d] type 01 class 0x060400 PCIe Switch Upstream Port
[    0.159105] pci 0000:05:00.0: PCI bridge to [bus 06-6b]
[    0.159113] pci 0000:05:00.0:   bridge window [io  0x3000-0x4fff]
[    0.159117] pci 0000:05:00.0:   bridge window [mem 0xb0b00000-0xb8bfffff]
[    0.159129] pci 0000:05:00.0:   bridge window [mem 0xbcc00000-0xc4bfffff 64bit pref]
[    0.159143] pci 0000:05:00.0: enabling Extended Tags
[    0.159234] pci 0000:05:00.0: supports D1 D2
[    0.159235] pci 0000:05:00.0: PME# supported from D0 D1 D2 D3hot D3cold
[    0.161150] pci 0000:00:1c.4: PCI bridge to [bus 05-9b]
[    0.161286] pci 0000:06:00.0: [8086:156d] type 01 class 0x060400 PCIe Switch Downstream Port
[    0.161324] pci 0000:06:00.0: PCI bridge to [bus 07]
[    0.161334] pci 0000:06:00.0:   bridge window [mem 0xb0b00000-0xb0bfffff]
[    0.161361] pci 0000:06:00.0: enabling Extended Tags
[    0.161454] pci 0000:06:00.0: supports D1 D2
[    0.161456] pci 0000:06:00.0: PME# supported from D0 D1 D2 D3hot D3cold
[    0.161635] pci 0000:06:03.0: [8086:156d] type 01 class 0x060400 PCIe Switch Downstream Port
[    0.161664] pci 0000:06:03.0: PCI bridge to [bus 08-38]
[    0.161672] pci 0000:06:03.0:   bridge window [io  0x3000-0x3fff]
[    0.161676] pci 0000:06:03.0:   bridge window [mem 0xb0c00000-0xb4bfffff]
[    0.161688] pci 0000:06:03.0:   bridge window [mem 0xbcc00000-0xc0bfffff 64bit pref]
[    0.161704] pci 0000:06:03.0: enabling Extended Tags
[    0.161801] pci 0000:06:03.0: supports D1 D2
[    0.161802] pci 0000:06:03.0: PME# supported from D0 D1 D2 D3hot D3cold
[    0.161990] pci 0000:06:04.0: [8086:156d] type 01 class 0x060400 PCIe Switch Downstream Port
[    0.162019] pci 0000:06:04.0: PCI bridge to [bus 39]
[    0.162054] pci 0000:06:04.0: enabling Extended Tags
[    0.162151] pci 0000:06:04.0: supports D1 D2
[    0.162153] pci 0000:06:04.0: PME# supported from D0 D1 D2 D3hot D3cold
[    0.162342] pci 0000:06:05.0: [8086:156d] type 01 class 0x060400 PCIe Switch Downstream Port
[    0.162371] pci 0000:06:05.0: PCI bridge to [bus 3a-6a]
[    0.162379] pci 0000:06:05.0:   bridge window [io  0x4000-0x4fff]
[    0.162382] pci 0000:06:05.0:   bridge window [mem 0xb4c00000-0xb8bfffff]
[    0.162395] pci 0000:06:05.0:   bridge window [mem 0xc0c00000-0xc4bfffff 64bit pref]
[    0.162411] pci 0000:06:05.0: enabling Extended Tags
[    0.162507] pci 0000:06:05.0: supports D1 D2
[    0.162508] pci 0000:06:05.0: PME# supported from D0 D1 D2 D3hot D3cold
[    0.162694] pci 0000:06:06.0: [8086:156d] type 01 class 0x060400 PCIe Switch Downstream Port
[    0.162723] pci 0000:06:06.0: PCI bridge to [bus 6b]
[    0.162758] pci 0000:06:06.0: enabling Extended Tags
[    0.162854] pci 0000:06:06.0: supports D1 D2
[    0.162855] pci 0000:06:06.0: PME# supported from D0 D1 D2 D3hot D3cold
[    0.163029] pci 0000:05:00.0: PCI bridge to [bus 06-6b]
[    0.163125] pci 0000:07:00.0: [8086:156c] type 00 class 0x088000 PCIe Endpoint
[    0.163147] pci 0000:07:00.0: BAR 0 [mem 0xb0b00000-0xb0b3ffff]
[    0.163160] pci 0000:07:00.0: BAR 1 [mem 0xb0b40000-0xb0b40fff]
[    0.163227] pci 0000:07:00.0: enabling Extended Tags
[    0.163351] pci 0000:07:00.0: supports D1 D2
[    0.163353] pci 0000:07:00.0: PME# supported from D0 D1 D2 D3hot D3cold
[    0.165159] pci 0000:06:00.0: PCI bridge to [bus 07]
[    0.165251] pci 0000:06:03.0: PCI bridge to [bus 08-38]
[    0.165336] pci 0000:06:04.0: PCI bridge to [bus 39]
[    0.165419] pci 0000:06:05.0: PCI bridge to [bus 3a-6a]
[    0.165476] pci 0000:06:06.0: PCI bridge to [bus 6b]
[    0.165643] pci 0000:04:00.0: [144d:1600] type 00 class 0x010601 PCIe Endpoint
[    0.165703] pci 0000:04:00.0: BAR 5 [mem 0xb0700000-0xb0701fff]
[    0.165714] pci 0000:04:00.0: ROM [mem 0xffff0000-0xffffffff pref]
[    0.165795] pci 0000:04:00.0: PME# supported from D3hot D3cold
[    0.165834] pci 0000:04:00.0: 8.000 Gb/s available PCIe bandwidth, limited by 5.0 GT/s PCIe x2 link at 0000:00:1c.5 (capable of 16.000 Gb/s with 5.0 GT/s PCIe x4 link)
[    0.166127] pci 0000:00:1c.5: PCI bridge to [bus 04]
[    0.169536] ACPI: PCI: Interrupt link LNKA configured for IRQ 0
[    0.169539] ACPI: PCI: Interrupt link LNKA disabled
[    0.169592] ACPI: PCI: Interrupt link LNKB configured for IRQ 0
[    0.169593] ACPI: PCI: Interrupt link LNKB disabled
[    0.169643] ACPI: PCI: Interrupt link LNKC configured for IRQ 0
[    0.169644] ACPI: PCI: Interrupt link LNKC disabled
[    0.169694] ACPI: PCI: Interrupt link LNKD configured for IRQ 0
[    0.169695] ACPI: PCI: Interrupt link LNKD disabled
[    0.169745] ACPI: PCI: Interrupt link LNKE configured for IRQ 0
[    0.169746] ACPI: PCI: Interrupt link LNKE disabled
[    0.169796] ACPI: PCI: Interrupt link LNKF configured for IRQ 0
[    0.169798] ACPI: PCI: Interrupt link LNKF disabled
[    0.169847] ACPI: PCI: Interrupt link LNKG configured for IRQ 0
[    0.169848] ACPI: PCI: Interrupt link LNKG disabled
[    0.169898] ACPI: PCI: Interrupt link LNKH configured for IRQ 0
[    0.169899] ACPI: PCI: Interrupt link LNKH disabled
[    0.170172] ACPI: EC: interrupt unblocked
