=== dmesg stream start: Mon 20 Apr 11:57:25 BST 2026 ===
[    0.000000] Linux version 6.12.80 (nixbld@localhost) (gcc (GCC) 14.3.0, GNU ld (GNU Binutils) 2.44) #1-NixOS SMP PREEMPT_DYNAMIC Thu Apr  2 11:09:54 UTC 2026
[    0.000000] Command line: initrd=\EFI\nixos\v6bc83nw2h5x85106qkcr1v1qyi1ax7g-initrd-linux-6.12.80-initrd.efi init=/nix/store/vkf1lapdlnhabmi02h61l7cspmbfwbfd-nixos-system-nixos-25.11.9067.54170c54449e/init pci=noaer intel_iommu=on iommu=strict loglevel=4 lsm=landlock,yama,bpf
[    0.000000] BIOS-provided physical RAM map:
[    0.000000] BIOS-e820: [mem 0x0000000000000000-0x0000000000057fff] usable
[    0.000000] BIOS-e820: [mem 0x0000000000058000-0x0000000000058fff] reserved
[    0.000000] BIOS-e820: [mem 0x0000000000059000-0x000000000008efff] usable
[    0.000000] BIOS-e820: [mem 0x000000000008f000-0x000000000008ffff] reserved
[    0.000000] BIOS-e820: [mem 0x0000000000090000-0x000000000009ffff] usable
[    0.000000] BIOS-e820: [mem 0x00000000000a0000-0x00000000000bffff] reserved
[    0.000000] BIOS-e820: [mem 0x0000000000100000-0x000000008ad0ffff] usable
[    0.000000] BIOS-e820: [mem 0x000000008ad10000-0x000000008ad52fff] ACPI NVS
[    0.000000] BIOS-e820: [mem 0x000000008ad53000-0x000000008ad5cfff] usable
[    0.000000] BIOS-e820: [mem 0x000000008ad5d000-0x000000008ad8efff] ACPI data
[    0.000000] BIOS-e820: [mem 0x000000008ad8f000-0x000000008ae38fff] usable
[    0.000000] BIOS-e820: [mem 0x000000008ae39000-0x000000008ae8efff] reserved
[    0.000000] BIOS-e820: [mem 0x000000008ae8f000-0x000000008aed1fff] usable
[    0.000000] BIOS-e820: [mem 0x000000008aed2000-0x000000008aefefff] reserved
[    0.000000] BIOS-e820: [mem 0x000000008aeff000-0x000000008af83fff] usable
[    0.000000] BIOS-e820: [mem 0x000000008af84000-0x000000008afeffff] reserved
[    0.000000] BIOS-e820: [mem 0x000000008aff0000-0x000000008affffff] usable
[    0.000000] BIOS-e820: [mem 0x000000008b000000-0x000000008f9fffff] reserved
[    0.000000] BIOS-e820: [mem 0x00000000e00f8000-0x00000000e00f8fff] reserved
[    0.000000] BIOS-e820: [mem 0x00000000fed1c000-0x00000000fed1ffff] reserved
[    0.000000] BIOS-e820: [mem 0x00000000ffe10000-0x00000000ffe3ffff] reserved
[    0.000000] BIOS-e820: [mem 0x0000000100000000-0x000000026f5fffff] usable
[    0.000000] NX (Execute Disable) protection: active
[    0.000000] APIC: Static calls initialized
[    0.000000] e820: update [mem 0x75f29190-0x75f391cf] usable ==> usable
[    0.000000] e820: update [mem 0x75f27810-0x75f27cd2] usable ==> usable
[    0.000000] extended physical RAM map:
[    0.000000] reserve setup_data: [mem 0x0000000000000000-0x0000000000057fff] usable
[    0.000000] reserve setup_data: [mem 0x0000000000058000-0x0000000000058fff] reserved
[    0.000000] reserve setup_data: [mem 0x0000000000059000-0x000000000008efff] usable
[    0.000000] reserve setup_data: [mem 0x000000000008f000-0x000000000008ffff] reserved
[    0.000000] reserve setup_data: [mem 0x0000000000090000-0x000000000009ffff] usable
[    0.000000] reserve setup_data: [mem 0x00000000000a0000-0x00000000000bffff] reserved
[    0.000000] reserve setup_data: [mem 0x0000000000100000-0x0000000075f2780f] usable
[    0.000000] reserve setup_data: [mem 0x0000000075f27810-0x0000000075f27cd2] usable
[    0.000000] reserve setup_data: [mem 0x0000000075f27cd3-0x0000000075f2918f] usable
[    0.000000] reserve setup_data: [mem 0x0000000075f29190-0x0000000075f391cf] usable
[    0.000000] reserve setup_data: [mem 0x0000000075f391d0-0x000000008ad0ffff] usable
[    0.000000] reserve setup_data: [mem 0x000000008ad10000-0x000000008ad52fff] ACPI NVS
[    0.000000] reserve setup_data: [mem 0x000000008ad53000-0x000000008ad5cfff] usable
[    0.000000] reserve setup_data: [mem 0x000000008ad5d000-0x000000008ad8efff] ACPI data
[    0.000000] reserve setup_data: [mem 0x000000008ad8f000-0x000000008ae38fff] usable
[    0.000000] reserve setup_data: [mem 0x000000008ae39000-0x000000008ae8efff] reserved
[    0.000000] reserve setup_data: [mem 0x000000008ae8f000-0x000000008aed1fff] usable
[    0.000000] reserve setup_data: [mem 0x000000008aed2000-0x000000008aefefff] reserved
[    0.000000] reserve setup_data: [mem 0x000000008aeff000-0x000000008af83fff] usable
[    0.000000] reserve setup_data: [mem 0x000000008af84000-0x000000008afeffff] reserved
[    0.000000] reserve setup_data: [mem 0x000000008aff0000-0x000000008affffff] usable
[    0.000000] reserve setup_data: [mem 0x000000008b000000-0x000000008f9fffff] reserved
[    0.000000] reserve setup_data: [mem 0x00000000e00f8000-0x00000000e00f8fff] reserved
[    0.000000] reserve setup_data: [mem 0x00000000fed1c000-0x00000000fed1ffff] reserved
[    0.000000] reserve setup_data: [mem 0x00000000ffe10000-0x00000000ffe3ffff] reserved
[    0.000000] reserve setup_data: [mem 0x0000000100000000-0x000000026f5fffff] usable
[    0.000000] efi: EFI v1.1 by Apple
[    0.000000] efi: ACPI=0x8ad8e000 ACPI 2.0=0x8ad8e014 SMBIOS=0x8ad11000 RNG=0x8ad61f90 INITRD=0x75f53f90 
[    0.000000] random: crng init done
[    0.000000] efi: Not removing mem284: MMIO range=[0xe00f8000-0xe00f8fff] (4KB) from e820 map
[    0.000000] efi: Not removing mem285: MMIO range=[0xfed1c000-0xfed1ffff] (16KB) from e820 map
[    0.000000] efi: Not removing mem286: MMIO range=[0xffe10000-0xffe3ffff] (192KB) from e820 map
[    0.000000] [Firmware Bug]: Corrupted DMI table, offset 2189 (only 40 entries processed)
[    0.000000] SMBIOS 2.4 present.
[    0.000000] DMI: Apple Inc. MacBookPro11,1/Mac-189A3D4F975D5FFC, BIOS 478.0.0.0.0 01/13/2023
[    0.000000] DMI: Memory slots populated: 2/2
[    0.000000] tsc: Fast TSC calibration using PIT
[    0.000000] tsc: Detected 2599.844 MHz processor
[    0.000085] e820: update [mem 0x00000000-0x00000fff] usable ==> reserved
[    0.000088] e820: remove [mem 0x000a0000-0x000fffff] usable
[    0.000101] last_pfn = 0x26f600 max_arch_pfn = 0x400000000
[    0.000106] MTRR map: 5 entries (4 fixed + 1 variable; max 24), built from 10 variable MTRRs
[    0.000108] x86/PAT: Configuration [0-7]: WB  WC  UC- UC  WB  WP  UC- WT  
[    0.000396] last_pfn = 0x8b000 max_arch_pfn = 0x400000000
[    0.016628] Using GB pages for direct mapping
[    0.017643] Secure boot disabled
[    0.017644] RAMDISK: [mem 0x71371000-0x72d3ffff]
[    0.017649] ACPI: Early table checksum verification disabled
[    0.017652] ACPI: RSDP 0x000000008AD8E014 000024 (v02 APPLE )
[    0.017657] ACPI: XSDT 0x000000008AD8E1C0 0000A4 (v01 APPLE  Apple00  00000000      01000013)
[    0.017663] ACPI: FACP 0x000000008AD8C000 0000F4 (v05 APPLE  Apple00  00000000 Loki 0000005F)
[    0.017669] ACPI: DSDT 0x000000008AD7F000 007681 (v03 APPLE  MacBookP 00110001 INTL 20100915)
[    0.017673] ACPI: FACS 0x000000008AD18000 000040
[    0.017676] ACPI: FACS 0x000000008AD18000 000040
[    0.017679] ACPI: HPET 0x000000008AD8B000 000038 (v01 APPLE  Apple00  00000001 Loki 0000005F)
[    0.017682] ACPI: APIC 0x000000008AD8A000 0000BC (v02 APPLE  Apple00  00000001 Loki 0000005F)
[    0.017686] ACPI: SBST 0x000000008AD88000 000030 (v01 APPLE  Apple00  00000001 Loki 0000005F)
[    0.017689] ACPI: ECDT 0x000000008AD87000 000053 (v01 APPLE  Apple00  00000001 Loki 0000005F)
[    0.017692] ACPI: SSDT 0x000000008AD7E000 00010B (v01 APPLE  SataAhci 00001000 INTL 20100915)
[    0.017696] ACPI: SSDT 0x000000008AD7D000 000024 (v01 APPLE  SmcDppt  00001000 INTL 20100915)
[    0.017699] ACPI: SSDT 0x000000008AD7A000 000FE9 (v01 APPLE  SDUsbLpt 00001000 INTL 20100915)
[    0.017703] ACPI: SSDT 0x000000008AD76000 000032 (v01 APPLE  SsdtS3   00001000 INTL 20100915)
[    0.017706] ACPI: SSDT 0x000000008AD73000 0028B2 (v01 APPLE  PcieTbt  00001000 INTL 20100915)
[    0.017710] ACPI: SSDT 0x000000008AD66000 0000B8 (v01 APPLE  Sdxc     00001000 INTL 20100915)
[    0.017713] ACPI: SSDT 0x000000008AD65000 0003E0 (v01 APPLE  SaHdaCdc 00001000 INTL 20100915)
[    0.017717] ACPI: SSDT 0x000000008AD64000 000594 (v01 PmRef  Cpu0Ist  00003000 INTL 20100915)
[    0.017720] ACPI: SSDT 0x000000008AD63000 000B83 (v01 PmRef  CpuPm    00003000 INTL 20100915)
[    0.017724] ACPI: DMAR 0x000000008AD62000 000088 (v01 APPLE  HSW      00000001 AAPL 00000001)
[    0.017727] ACPI: MCFG 0x000000008AD89000 00003C (v01 APPLE  Apple00  00000001 Loki 0000005F)
[    0.017730] ACPI: Reserving FACP table memory at [mem 0x8ad8c000-0x8ad8c0f3]
[    0.017731] ACPI: Reserving DSDT table memory at [mem 0x8ad7f000-0x8ad86680]
[    0.017732] ACPI: Reserving FACS table memory at [mem 0x8ad18000-0x8ad1803f]
[    0.017733] ACPI: Reserving FACS table memory at [mem 0x8ad18000-0x8ad1803f]
[    0.017734] ACPI: Reserving HPET table memory at [mem 0x8ad8b000-0x8ad8b037]
[    0.017735] ACPI: Reserving APIC table memory at [mem 0x8ad8a000-0x8ad8a0bb]
[    0.017736] ACPI: Reserving SBST table memory at [mem 0x8ad88000-0x8ad8802f]
[    0.017737] ACPI: Reserving ECDT table memory at [mem 0x8ad87000-0x8ad87052]
[    0.017738] ACPI: Reserving SSDT table memory at [mem 0x8ad7e000-0x8ad7e10a]
[    0.017739] ACPI: Reserving SSDT table memory at [mem 0x8ad7d000-0x8ad7d023]
[    0.017740] ACPI: Reserving SSDT table memory at [mem 0x8ad7a000-0x8ad7afe8]
[    0.017740] ACPI: Reserving SSDT table memory at [mem 0x8ad76000-0x8ad76031]
[    0.017741] ACPI: Reserving SSDT table memory at [mem 0x8ad73000-0x8ad758b1]
[    0.017742] ACPI: Reserving SSDT table memory at [mem 0x8ad66000-0x8ad660b7]
[    0.017743] ACPI: Reserving SSDT table memory at [mem 0x8ad65000-0x8ad653df]
[    0.017744] ACPI: Reserving SSDT table memory at [mem 0x8ad64000-0x8ad64593]
[    0.017745] ACPI: Reserving SSDT table memory at [mem 0x8ad63000-0x8ad63b82]
[    0.017746] ACPI: Reserving DMAR table memory at [mem 0x8ad62000-0x8ad62087]
[    0.017747] ACPI: Reserving MCFG table memory at [mem 0x8ad89000-0x8ad8903b]
[    0.017755] ACPI: DMI detected to setup _OSI("Darwin"): Apple hardware
[    0.017800] No NUMA configuration found
[    0.017801] Faking a node at [mem 0x0000000000000000-0x000000026f5fffff]
[    0.017805] NODE_DATA(0) allocated [mem 0x26f5fa8c0-0x26f5ffdff]
[    0.017837] Zone ranges:
[    0.017838]   DMA      [mem 0x0000000000001000-0x0000000000ffffff]
[    0.017840]   DMA32    [mem 0x0000000001000000-0x00000000ffffffff]
[    0.017842]   Normal   [mem 0x0000000100000000-0x000000026f5fffff]
[    0.017843]   Device   empty
[    0.017844] Movable zone start for each node
[    0.017845] Early memory node ranges
[    0.017846]   node   0: [mem 0x0000000000001000-0x0000000000057fff]
[    0.017847]   node   0: [mem 0x0000000000059000-0x000000000008efff]
[    0.017848]   node   0: [mem 0x0000000000090000-0x000000000009ffff]
[    0.017849]   node   0: [mem 0x0000000000100000-0x000000008ad0ffff]
[    0.017850]   node   0: [mem 0x000000008ad53000-0x000000008ad5cfff]
[    0.017851]   node   0: [mem 0x000000008ad8f000-0x000000008ae38fff]
[    0.017852]   node   0: [mem 0x000000008ae8f000-0x000000008aed1fff]
[    0.017853]   node   0: [mem 0x000000008aeff000-0x000000008af83fff]
[    0.017854]   node   0: [mem 0x000000008aff0000-0x000000008affffff]
[    0.017855]   node   0: [mem 0x0000000100000000-0x000000026f5fffff]
[    0.017857] Initmem setup node 0 [mem 0x0000000000001000-0x000000026f5fffff]
[    0.017863] On node 0, zone DMA: 1 pages in unavailable ranges
[    0.017865] On node 0, zone DMA: 1 pages in unavailable ranges
[    0.017865] On node 0, zone DMA: 1 pages in unavailable ranges
[    0.017889] On node 0, zone DMA: 96 pages in unavailable ranges
[    0.022134] On node 0, zone DMA32: 67 pages in unavailable ranges
[    0.022139] On node 0, zone DMA32: 50 pages in unavailable ranges
[    0.022142] On node 0, zone DMA32: 86 pages in unavailable ranges
[    0.022144] On node 0, zone DMA32: 45 pages in unavailable ranges
[    0.022147] On node 0, zone DMA32: 108 pages in unavailable ranges
[    0.033848] On node 0, zone Normal: 20480 pages in unavailable ranges
[    0.033882] On node 0, zone Normal: 2560 pages in unavailable ranges
[    0.033889] Reserving Intel graphics memory at [mem 0x8ba00000-0x8f9fffff]
[    0.034052] ACPI: PM-Timer IO Port: 0x1808
[    0.034063] ACPI: LAPIC_NMI (acpi_id[0x01] high edge lint[0x1])
[    0.034064] ACPI: LAPIC_NMI (acpi_id[0x02] high edge lint[0x1])
[    0.034065] ACPI: LAPIC_NMI (acpi_id[0x03] high edge lint[0x1])
[    0.034066] ACPI: LAPIC_NMI (acpi_id[0x04] high edge lint[0x1])
[    0.034067] ACPI: LAPIC_NMI (acpi_id[0x05] high edge lint[0x1])
[    0.034068] ACPI: LAPIC_NMI (acpi_id[0x06] high edge lint[0x1])
[    0.034069] ACPI: LAPIC_NMI (acpi_id[0x07] high edge lint[0x1])
[    0.034069] ACPI: LAPIC_NMI (acpi_id[0x08] high edge lint[0x1])
[    0.034080] IOAPIC[0]: apic_id 2, version 32, address 0xfec00000, GSI 0-39
[    0.034084] ACPI: INT_SRC_OVR (bus 0 bus_irq 0 global_irq 2 dfl dfl)
[    0.034086] ACPI: INT_SRC_OVR (bus 0 bus_irq 9 global_irq 9 high level)
[    0.034091] ACPI: Using ACPI (MADT) for SMP configuration information
[    0.034092] ACPI: HPET id: 0x8086a201 base: 0xfed00000
[    0.034097] TSC deadline timer available
[    0.034103] CPU topo: Max. logical packages:   1
[    0.034104] CPU topo: Max. logical dies:       1
[    0.034104] CPU topo: Max. dies per package:   1
[    0.034110] CPU topo: Max. threads per core:   2
[    0.034111] CPU topo: Num. cores per package:     2
[    0.034112] CPU topo: Num. threads per package:   4
[    0.034112] CPU topo: Allowing 4 present CPUs plus 0 hotplug CPUs
[    0.034135] PM: hibernation: Registered nosave memory: [mem 0x00000000-0x00000fff]
[    0.034138] PM: hibernation: Registered nosave memory: [mem 0x00058000-0x00058fff]
[    0.034140] PM: hibernation: Registered nosave memory: [mem 0x0008f000-0x0008ffff]
[    0.034142] PM: hibernation: Registered nosave memory: [mem 0x000a0000-0x000fffff]
[    0.034144] PM: hibernation: Registered nosave memory: [mem 0x8ad10000-0x8ad52fff]
[    0.034146] PM: hibernation: Registered nosave memory: [mem 0x8ad5d000-0x8ad8efff]
[    0.034148] PM: hibernation: Registered nosave memory: [mem 0x8ae39000-0x8ae8efff]
[    0.034149] PM: hibernation: Registered nosave memory: [mem 0x8aed2000-0x8aefefff]
[    0.034151] PM: hibernation: Registered nosave memory: [mem 0x8af84000-0x8afeffff]
[    0.034153] PM: hibernation: Registered nosave memory: [mem 0x8b000000-0xffffffff]
[    0.034155] [mem 0x8fa00000-0xe00f7fff] available for PCI devices
[    0.034159] Booting paravirtualized kernel on bare hardware
[    0.034162] clocksource: refined-jiffies: mask: 0xffffffff max_cycles: 0xffffffff, max_idle_ns: 1910969940391419 ns
[    0.040423] setup_percpu: NR_CPUS:384 nr_cpumask_bits:4 nr_cpu_ids:4 nr_node_ids:1
[    0.040789] percpu: Embedded 116 pages/cpu s294912 r65536 d114688 u524288
[    0.040797] pcpu-alloc: s294912 r65536 d114688 u524288 alloc=1*2097152
[    0.040801] pcpu-alloc: [0] 0 1 2 3 
[    0.040821] Kernel command line: initrd=\EFI\nixos\v6bc83nw2h5x85106qkcr1v1qyi1ax7g-initrd-linux-6.12.80-initrd.efi init=/nix/store/vkf1lapdlnhabmi02h61l7cspmbfwbfd-nixos-system-nixos-25.11.9067.54170c54449e/init pci=noaer intel_iommu=on iommu=strict loglevel=4 lsm=landlock,yama,bpf
[    0.040885] DMAR: IOMMU enabled
[    0.041913] Dentry cache hash table entries: 1048576 (order: 11, 8388608 bytes, linear)
[    0.042419] Inode-cache hash table entries: 524288 (order: 10, 4194304 bytes, linear)
[    0.042506] Fallback order for Node 0: 0 
[    0.042509] Built 1 zonelists, mobility grouping on.  Total pages: 2073657
[    0.042511] Policy zone: Normal
[    0.042808] mem auto-init: stack:all(zero), heap alloc:on, heap free:off
[    0.042818] software IO TLB: area num 4.
[    0.082553] SLUB: HWalign=64, Order=0-3, MinObjects=0, CPUs=4, Nodes=1
[    0.084751] allocated 16777216 bytes of page_ext
[    0.084761] Kernel/User page tables isolation: enabled
[    0.084807] ftrace: allocating 46233 entries in 181 pages
[    0.093808] ftrace: allocated 181 pages with 5 groups
[    0.094673] Dynamic Preempt: voluntary
[    0.094772] rcu: Preemptible hierarchical RCU implementation.
[    0.094773] rcu: 	RCU event tracing is enabled.
[    0.094773] rcu: 	RCU restricting CPUs from NR_CPUS=384 to nr_cpu_ids=4.
[    0.094775] 	Trampoline variant of Tasks RCU enabled.
[    0.094776] 	Rude variant of Tasks RCU enabled.
[    0.094776] 	Tracing variant of Tasks RCU enabled.
[    0.094777] rcu: RCU calculated value of scheduler-enlistment delay is 100 jiffies.
[    0.094778] rcu: Adjusting geometry for rcu_fanout_leaf=16, nr_cpu_ids=4
[    0.094786] RCU Tasks: Setting shift to 2 and lim to 1 rcu_task_cb_adjust=1 rcu_task_cpu_ids=4.
[    0.094788] RCU Tasks Rude: Setting shift to 2 and lim to 1 rcu_task_cb_adjust=1 rcu_task_cpu_ids=4.
[    0.094790] RCU Tasks Trace: Setting shift to 2 and lim to 1 rcu_task_cb_adjust=1 rcu_task_cpu_ids=4.
[    0.100555] NR_IRQS: 24832, nr_irqs: 728, preallocated irqs: 16
[    0.100768] rcu: srcu_init: Setting srcu_struct sizes based on contention.
[    0.100943] kfence: initialized - using 2097152 bytes for 255 objects at 0x(____ptrval____)-0x(____ptrval____)
[    0.100991] Console: colour dummy device 80x25
[    0.100995] printk: legacy console [tty0] enabled
[    0.101056] ACPI: Core revision 20240827
[    0.101182] hpet: HPET dysfunctional in PC10. Force disabled.
[    0.101198] APIC: Switch to symmetric I/O mode setup
[    0.101201] DMAR: Host address width 39
[    0.101202] DMAR: DRHD base: 0x000000fed90000 flags: 0x0
[    0.101217] DMAR: dmar0: reg_base_addr fed90000 ver 1:0 cap c0000020660462 ecap f0101a
[    0.101220] DMAR: DRHD base: 0x000000fed91000 flags: 0x1
[    0.101224] DMAR: dmar1: reg_base_addr fed91000 ver 1:0 cap d2008020660462 ecap f010da
[    0.101226] DMAR: RMRR base: 0x0000008b800000 end: 0x0000008f9fffff
[    0.101231] DMAR-IR: IOAPIC id 2 under DRHD base  0xfed91000 IOMMU 1
[    0.101233] DMAR-IR: HPET id 0 under DRHD base 0xfed91000
[    0.101235] DMAR-IR: Queued invalidation will be enabled to support x2apic and Intr-remapping.
[    0.101870] DMAR-IR: Enabled IRQ remapping in x2apic mode
[    0.101873] x2apic enabled
[    0.101939] APIC: Switched APIC routing to: cluster x2apic
[    0.102437] clocksource: tsc-early: mask: 0xffffffffffffffff max_cycles: 0x2579a8c0df3, max_idle_ns: 440795330733 ns
[    0.102444] Calibrating delay loop (skipped), value calculated using timer frequency.. 5199.68 BogoMIPS (lpj=2599844)
[    0.102473] CPU0: Thermal monitoring enabled (TM1)
[    0.102517] Last level iTLB entries: 4KB 1024, 2MB 1024, 4MB 1024
[    0.102519] Last level dTLB entries: 4KB 1024, 2MB 1024, 4MB 1024, 1GB 4
[    0.102523] process: using mwait in idle threads
[    0.102525] Spectre V1 : Mitigation: usercopy/swapgs barriers and __user pointer sanitization
[    0.102528] Spectre V2 : Mitigation: Retpolines
[    0.102529] Spectre V2 : Spectre v2 / SpectreRSB: Filling RSB on context switch and VMEXIT
[    0.102530] Spectre V2 : Enabling Restricted Speculation for firmware calls
[    0.102532] Spectre V2 : mitigation: Enabling conditional Indirect Branch Prediction Barrier
[    0.102534] Spectre V2 : User space: Mitigation: STIBP via prctl
[    0.102536] Speculative Store Bypass: Mitigation: Speculative Store Bypass disabled via prctl
[    0.102538] MDS: Mitigation: Clear CPU buffers
[    0.102539] MMIO Stale Data: Unknown: No mitigations
[    0.102541] SRBDS: Mitigation: Microcode
[    0.102543] VMSCAPE: Mitigation: IBPB before exit to userspace
[    0.102548] x86/fpu: Supporting XSAVE feature 0x001: 'x87 floating point registers'
[    0.102550] x86/fpu: Supporting XSAVE feature 0x002: 'SSE registers'
[    0.102551] x86/fpu: Supporting XSAVE feature 0x004: 'AVX registers'
[    0.102553] x86/fpu: xstate_offset[2]:  576, xstate_sizes[2]:  256
[    0.102555] x86/fpu: Enabled xstate features 0x7, context size is 832 bytes, using 'standard' format.
[    0.103441] Freeing SMP alternatives memory: 40K
[    0.103441] pid_max: default: 32768 minimum: 301
[    0.103441] LSM: initializing lsm=capability,landlock,yama,bpf
[    0.103441] landlock: Up and running.
[    0.103441] Yama: becoming mindful.
[    0.103441] LSM support for eBPF active
[    0.103441] Mount-cache hash table entries: 16384 (order: 5, 131072 bytes, linear)
[    0.103441] Mountpoint-cache hash table entries: 16384 (order: 5, 131072 bytes, linear)
[    0.103441] smpboot: CPU0: Intel(R) Core(TM) i5-4288U CPU @ 2.60GHz (family: 0x6, model: 0x45, stepping: 0x1)
[    0.103441] Performance Events: PEBS fmt2+, Haswell events, 16-deep LBR, full-width counters, Intel PMU driver.
[    0.103441] ... version:                3
[    0.103441] ... bit width:              48
[    0.103441] ... generic registers:      4
[    0.103441] ... value mask:             0000ffffffffffff
[    0.103441] ... max period:             00007fffffffffff
[    0.103441] ... fixed-purpose events:   3
[    0.103441] ... event mask:             000000070000000f
[    0.103441] signal: max sigframe size: 1776
[    0.103441] Estimated ratio of average max frequency by base frequency (times 1024): 1220
[    0.103441] rcu: Hierarchical SRCU implementation.
[    0.103441] rcu: 	Max phase no-delay instances is 400.
[    0.103441] Timer migration: 1 hierarchy levels; 8 children per group; 1 crossnode level
[    0.103560] NMI watchdog: Enabled. Permanently consumes one hw-PMU counter.
[    0.103620] smp: Bringing up secondary CPUs ...
[    0.103743] smpboot: x86: Booting SMP configuration:
[    0.103745] .... node  #0, CPUs:      #1 #2 #3
[    0.104697] MDS CPU bug present and SMT on, data leak possible. See https://www.kernel.org/doc/html/latest/admin-guide/hw-vuln/mds.html for more details.
[    0.104697] VMSCAPE: SMT on, STIBP is required for full protection. See https://www.kernel.org/doc/html/latest/admin-guide/hw-vuln/vmscape.html for more details.
[    0.104697] smp: Brought up 1 node, 4 CPUs
[    0.104697] smpboot: Total of 4 processors activated (20798.75 BogoMIPS)
[    0.105538] Memory: 7636136K/8294628K available (16384K kernel code, 2646K rwdata, 12592K rodata, 3416K init, 3348K bss, 627628K reserved, 0K cma-reserved)
[    0.105794] devtmpfs: initialized
[    0.105794] x86/mm: Memory block size: 128MB
[    0.106905] ACPI: PM: Registering ACPI NVS region [mem 0x8ad10000-0x8ad52fff] (274432 bytes)
[    0.106905] clocksource: jiffies: mask: 0xffffffff max_cycles: 0xffffffff, max_idle_ns: 1911260446275000 ns
[    0.106905] futex hash table entries: 1024 (order: 4, 65536 bytes, linear)
[    0.106905] pinctrl core: initialized pinctrl subsystem
[    0.106905] PM: RTC time: 10:30:15, date: 2026-04-20
[    0.107856] NET: Registered PF_NETLINK/PF_ROUTE protocol family
[    0.108059] DMA: preallocated 1024 KiB GFP_KERNEL pool for atomic allocations
[    0.108133] DMA: preallocated 1024 KiB GFP_KERNEL|GFP_DMA pool for atomic allocations
[    0.108203] DMA: preallocated 1024 KiB GFP_KERNEL|GFP_DMA32 pool for atomic allocations
[    0.108217] audit: initializing netlink subsys (disabled)
[    0.108230] audit: type=2000 audit(1776681015.005:1): state=initialized audit_enabled=0 res=1
[    0.108230] thermal_sys: Registered thermal governor 'bang_bang'
[    0.108230] thermal_sys: Registered thermal governor 'step_wise'
[    0.108230] thermal_sys: Registered thermal governor 'user_space'
[    0.108230] cpuidle: using governor menu
[    0.120672] efi: Freeing EFI boot services memory: 341428K
[    0.120679] acpiphp: ACPI Hot Plug PCI Controller Driver version: 0.5
[    0.120829] PCI: ECAM [mem 0xe0000000-0xe9bfffff] (base 0xe0000000) for domain 0000 [bus 00-9b]
[    0.120847] PCI: Using configuration type 1 for base access
[    0.120906] core: PMU erratum BJ122, BV98, HSD29 worked around, HT is on
[    0.120956] kprobes: kprobe jump-optimization is enabled. All kprobes are optimized if possible.
[    0.120956] HugeTLB: registered 1.00 GiB page size, pre-allocated 0 pages
[    0.120956] HugeTLB: 16380 KiB vmemmap can be freed for a 1.00 GiB page
[    0.120956] HugeTLB: registered 2.00 MiB page size, pre-allocated 0 pages
[    0.120956] HugeTLB: 28 KiB vmemmap can be freed for a 2.00 MiB page
[    0.121628] ACPI: Disabled all _OSI OS vendors
[    0.121628] ACPI: Added _OSI(Module Device)
[    0.121628] ACPI: Added _OSI(Processor Device)
[    0.121628] ACPI: Added _OSI(Processor Aggregator Device)
[    0.121628] ACPI: Added _OSI(Darwin)
[    0.137924] ACPI: 10 ACPI AML tables successfully acquired and loaded
[    0.139058] ACPI: EC: EC started
[    0.139060] ACPI: EC: interrupt blocked
[    0.139770] ACPI: EC: EC_CMD/EC_SC=0x66, EC_DATA=0x62
[    0.139773] ACPI: EC: Boot ECDT EC used to handle transactions
[    0.139996] ACPI: BIOS _OSI(Darwin) query honored via DMI
[    0.140316] ACPI: [Firmware Bug]: BIOS _OSI(Linux) query ignored
[    0.141796] ACPI: Dynamic OEM Table Load:
[    0.141805] ACPI: SSDT 0xFFFF8EC3413DF800 0004F0 (v01 PmRef  Cpu0Cst  00003001 INTL 20100915)
[    0.142906] ACPI: Dynamic OEM Table Load:
[    0.142914] ACPI: SSDT 0xFFFF8EC3413DE000 00067C (v01 PmRef  ApIst    00003000 INTL 20100915)
[    0.143913] ACPI: Dynamic OEM Table Load:
[    0.143919] ACPI: SSDT 0xFFFF8EC3412F1A00 000119 (v01 PmRef  ApCst    00003000 INTL 20100915)
[    0.145107] ACPI: Interpreter enabled
[    0.145133] ACPI: PM: (supports S0 S3 S4 S5)
[    0.145135] ACPI: Using IOAPIC for interrupt routing
[    0.145166] PCI: Using host bridge windows from ACPI; if necessary, use "pci=nocrs" and report a bug
[    0.145167] PCI: Ignoring E820 reservations for host bridge windows
[    0.145389] ACPI: Enabled 4 GPEs in block 00 to 7F
[    0.155270] ACPI: PCI Root Bridge [PCI0] (domain 0000 [bus 00-ff])
[    0.155278] acpi PNP0A08:00: _OSC: OS assumes control of [PCIeHotplug SHPCHotplug AER PCIeCapability LTR DPC]
[    0.155296] acpi PNP0A08:00: [Firmware Info]: ECAM [mem 0xe0000000-0xe9bfffff] for domain 0000 [bus 00-9b] only partially covers this bridge
[    0.155622] PCI host bridge to bus 0000:00
[    0.155627] pci_bus 0000:00: root bus resource [io  0x0000-0x0cf7 window]
[    0.155630] pci_bus 0000:00: root bus resource [io  0x0d00-0xffff window]
[    0.155632] pci_bus 0000:00: root bus resource [mem 0x000a0000-0x000fffff window]
[    0.155634] pci_bus 0000:00: root bus resource [mem 0x8fa00000-0xfeafffff window]
[    0.155636] pci_bus 0000:00: root bus resource [mem 0xfed40000-0xfed44fff window]
[    0.155638] pci_bus 0000:00: root bus resource [bus 00-ff]
[    0.155651] pci 0000:00:00.0: [8086:0a04] type 00 class 0x060000 conventional PCI endpoint
[    0.155748] pci 0000:00:02.0: [8086:0a2e] type 00 class 0x030000 conventional PCI endpoint
[    0.155758] pci 0000:00:02.0: BAR 0 [mem 0xb0000000-0xb03fffff 64bit]
[    0.155764] pci 0000:00:02.0: BAR 2 [mem 0xa0000000-0xafffffff 64bit pref]
[    0.155769] pci 0000:00:02.0: BAR 4 [io  0x2000-0x203f]
[    0.155782] pci 0000:00:02.0: Video device with shadowed ROM at [mem 0x000c0000-0x000dffff]
[    0.155918] pci 0000:00:03.0: [8086:0a0c] type 00 class 0x040300 PCIe Root Complex Integrated Endpoint
[    0.155928] pci 0000:00:03.0: BAR 0 [mem 0xb0a10000-0xb0a13fff 64bit]
[    0.156081] pci 0000:00:14.0: [8086:9c31] type 00 class 0x0c0330 conventional PCI endpoint
[    0.156097] pci 0000:00:14.0: BAR 0 [mem 0xb0a00000-0xb0a0ffff 64bit]
[    0.156149] pci 0000:00:14.0: PME# supported from D3hot D3cold
[    0.156434] pci 0000:00:16.0: [8086:9c3a] type 00 class 0x078000 conventional PCI endpoint
[    0.156453] pci 0000:00:16.0: BAR 0 [mem 0xb0a2a100-0xb0a2a11f 64bit]
[    0.156515] pci 0000:00:16.0: PME# supported from D0 D3hot D3cold
[    0.156575] pci 0000:00:1b.0: [8086:9c20] type 00 class 0x040300 PCIe Root Complex Integrated Endpoint
[    0.156590] pci 0000:00:1b.0: BAR 0 [mem 0xb0a14000-0xb0a17fff 64bit]
[    0.156652] pci 0000:00:1b.0: PME# supported from D0 D3hot D3cold
[    0.156735] pci 0000:00:1c.0: [8086:9c10] type 01 class 0x060400 PCIe Root Port
[    0.156755] pci 0000:00:1c.0: PCI bridge to [bus 01]
[    0.156815] pci 0000:00:1c.0: PME# supported from D0 D3hot D3cold
[    0.156966] pci 0000:00:1c.1: [8086:9c12] type 01 class 0x060400 PCIe Root Port
[    0.156991] pci 0000:00:1c.1: PCI bridge to [bus 02]
[    0.156997] pci 0000:00:1c.1:   bridge window [mem 0xb0800000-0xb09fffff]
[    0.157006] pci 0000:00:1c.1:   bridge window [mem 0x90000000-0x9fffffff 64bit pref]
[    0.157058] pci 0000:00:1c.1: PME# supported from D0 D3hot D3cold
[    0.157215] pci 0000:00:1c.2: [8086:9c14] type 01 class 0x060400 PCIe Root Port
[    0.157240] pci 0000:00:1c.2: PCI bridge to [bus 03]
[    0.157246] pci 0000:00:1c.2:   bridge window [mem 0xb0400000-0xb06fffff]
[    0.157306] pci 0000:00:1c.2: PME# supported from D0 D3hot D3cold
[    0.157457] pci 0000:00:1c.4: [8086:9c18] type 01 class 0x060400 PCIe Root Port
[    0.157480] pci 0000:00:1c.4: PCI bridge to [bus 05-9b]
[    0.157484] pci 0000:00:1c.4:   bridge window [io  0x3000-0x5fff]
[    0.157487] pci 0000:00:1c.4:   bridge window [mem 0xb0b00000-0xbcbfffff]
[    0.157495] pci 0000:00:1c.4:   bridge window [mem 0xbcc00000-0xc8bfffff 64bit pref]
[    0.157543] pci 0000:00:1c.4: PME# supported from D0 D3hot D3cold
[    0.157739] pci 0000:00:1c.5: [8086:9c1a] type 01 class 0x060400 PCIe Root Port
[    0.157765] pci 0000:00:1c.5: PCI bridge to [bus 04]
[    0.157770] pci 0000:00:1c.5:   bridge window [mem 0xb0700000-0xb07fffff]
[    0.157830] pci 0000:00:1c.5: PME# supported from D0 D3hot D3cold
[    0.157987] pci 0000:00:1f.0: [8086:9c43] type 00 class 0x060100 conventional PCI endpoint
[    0.158163] pci 0000:00:1f.3: [8086:9c22] type 00 class 0x0c0500 conventional PCI endpoint
[    0.158178] pci 0000:00:1f.3: BAR 0 [mem 0xb0a2a000-0xb0a2a0ff 64bit]
[    0.158195] pci 0000:00:1f.3: BAR 4 [io  0xefa0-0xefbf]
[    0.158301] pci 0000:00:1c.0: PCI bridge to [bus 01]
[    0.158372] pci 0000:02:00.0: [14e4:1570] type 00 class 0x048000 PCIe Endpoint
[    0.158395] pci 0000:02:00.0: BAR 0 [mem 0xb0900000-0xb090ffff 64bit]
[    0.158410] pci 0000:02:00.0: BAR 2 [mem 0x90000000-0x9fffffff 64bit pref]
[    0.158425] pci 0000:02:00.0: BAR 4 [mem 0xb0800000-0xb08fffff 64bit]
[    0.158529] pci 0000:02:00.0: supports D1
[    0.158531] pci 0000:02:00.0: PME# supported from D0 D3hot
[    0.158718] pci 0000:00:1c.1: PCI bridge to [bus 02]
[    0.158842] pci 0000:03:00.0: [14e4:43a0] type 00 class 0x028000 PCIe Endpoint
[    0.158883] pci 0000:03:00.0: BAR 0 [mem 0xb0600000-0xb0607fff 64bit]
[    0.158909] pci 0000:03:00.0: BAR 2 [mem 0xb0400000-0xb05fffff 64bit]
[    0.159147] pci 0000:03:00.0: supports D1 D2
[    0.159148] pci 0000:03:00.0: PME# supported from D0 D1 D2 D3hot D3cold
[    0.159534] pci 0000:00:1c.2: PCI bridge to [bus 03]
[    0.159614] pci 0000:05:00.0: [8086:156d] type 01 class 0x060400 PCIe Switch Upstream Port
[    0.159649] pci 0000:05:00.0: PCI bridge to [bus 06-6b]
[    0.159657] pci 0000:05:00.0:   bridge window [io  0x3000-0x4fff]
[    0.159661] pci 0000:05:00.0:   bridge window [mem 0xb0b00000-0xb8bfffff]
[    0.159673] pci 0000:05:00.0:   bridge window [mem 0xbcc00000-0xc4bfffff 64bit pref]
[    0.159687] pci 0000:05:00.0: enabling Extended Tags
[    0.159779] pci 0000:05:00.0: supports D1 D2
[    0.159780] pci 0000:05:00.0: PME# supported from D0 D1 D2 D3hot D3cold
[    0.161458] pci 0000:00:1c.4: PCI bridge to [bus 05-9b]
[    0.161590] pci 0000:06:00.0: [8086:156d] type 01 class 0x060400 PCIe Switch Downstream Port
[    0.161627] pci 0000:06:00.0: PCI bridge to [bus 07]
[    0.161637] pci 0000:06:00.0:   bridge window [mem 0xb0b00000-0xb0bfffff]
[    0.161665] pci 0000:06:00.0: enabling Extended Tags
[    0.161758] pci 0000:06:00.0: supports D1 D2
[    0.161760] pci 0000:06:00.0: PME# supported from D0 D1 D2 D3hot D3cold
[    0.161941] pci 0000:06:03.0: [8086:156d] type 01 class 0x060400 PCIe Switch Downstream Port
[    0.161970] pci 0000:06:03.0: PCI bridge to [bus 08-38]
[    0.161978] pci 0000:06:03.0:   bridge window [io  0x3000-0x3fff]
[    0.161982] pci 0000:06:03.0:   bridge window [mem 0xb0c00000-0xb4bfffff]
[    0.161994] pci 0000:06:03.0:   bridge window [mem 0xbcc00000-0xc0bfffff 64bit pref]
[    0.162011] pci 0000:06:03.0: enabling Extended Tags
[    0.162106] pci 0000:06:03.0: supports D1 D2
[    0.162108] pci 0000:06:03.0: PME# supported from D0 D1 D2 D3hot D3cold
[    0.162301] pci 0000:06:04.0: [8086:156d] type 01 class 0x060400 PCIe Switch Downstream Port
[    0.162330] pci 0000:06:04.0: PCI bridge to [bus 39]
[    0.162366] pci 0000:06:04.0: enabling Extended Tags
[    0.162463] pci 0000:06:04.0: supports D1 D2
[    0.162464] pci 0000:06:04.0: PME# supported from D0 D1 D2 D3hot D3cold
[    0.162651] pci 0000:06:05.0: [8086:156d] type 01 class 0x060400 PCIe Switch Downstream Port
[    0.162680] pci 0000:06:05.0: PCI bridge to [bus 3a-6a]
[    0.162688] pci 0000:06:05.0:   bridge window [io  0x4000-0x4fff]
[    0.162692] pci 0000:06:05.0:   bridge window [mem 0xb4c00000-0xb8bfffff]
[    0.162704] pci 0000:06:05.0:   bridge window [mem 0xc0c00000-0xc4bfffff 64bit pref]
[    0.162720] pci 0000:06:05.0: enabling Extended Tags
[    0.162816] pci 0000:06:05.0: supports D1 D2
[    0.162817] pci 0000:06:05.0: PME# supported from D0 D1 D2 D3hot D3cold
[    0.163004] pci 0000:06:06.0: [8086:156d] type 01 class 0x060400 PCIe Switch Downstream Port
[    0.163033] pci 0000:06:06.0: PCI bridge to [bus 6b]
[    0.163068] pci 0000:06:06.0: enabling Extended Tags
[    0.163164] pci 0000:06:06.0: supports D1 D2
[    0.163165] pci 0000:06:06.0: PME# supported from D0 D1 D2 D3hot D3cold
[    0.163339] pci 0000:05:00.0: PCI bridge to [bus 06-6b]
[    0.163435] pci 0000:07:00.0: [8086:156c] type 00 class 0x088000 PCIe Endpoint
[    0.163458] pci 0000:07:00.0: BAR 0 [mem 0xb0b00000-0xb0b3ffff]
[    0.163471] pci 0000:07:00.0: BAR 1 [mem 0xb0b40000-0xb0b40fff]
[    0.163537] pci 0000:07:00.0: enabling Extended Tags
[    0.163662] pci 0000:07:00.0: supports D1 D2
[    0.163663] pci 0000:07:00.0: PME# supported from D0 D1 D2 D3hot D3cold
[    0.165465] pci 0000:06:00.0: PCI bridge to [bus 07]
[    0.165557] pci 0000:06:03.0: PCI bridge to [bus 08-38]
[    0.165643] pci 0000:06:04.0: PCI bridge to [bus 39]
[    0.165728] pci 0000:06:05.0: PCI bridge to [bus 3a-6a]
[    0.165785] pci 0000:06:06.0: PCI bridge to [bus 6b]
[    0.165952] pci 0000:04:00.0: [144d:1600] type 00 class 0x010601 PCIe Endpoint
[    0.166012] pci 0000:04:00.0: BAR 5 [mem 0xb0700000-0xb0701fff]
[    0.166022] pci 0000:04:00.0: ROM [mem 0xffff0000-0xffffffff pref]
[    0.166103] pci 0000:04:00.0: PME# supported from D3hot D3cold
[    0.166143] pci 0000:04:00.0: 8.000 Gb/s available PCIe bandwidth, limited by 5.0 GT/s PCIe x2 link at 0000:00:1c.5 (capable of 16.000 Gb/s with 5.0 GT/s PCIe x4 link)
[    0.166435] pci 0000:00:1c.5: PCI bridge to [bus 04]
[    0.169625] ACPI: PCI: Interrupt link LNKA configured for IRQ 0
[    0.169628] ACPI: PCI: Interrupt link LNKA disabled
[    0.169681] ACPI: PCI: Interrupt link LNKB configured for IRQ 0
[    0.169683] ACPI: PCI: Interrupt link LNKB disabled
[    0.169734] ACPI: PCI: Interrupt link LNKC configured for IRQ 0
[    0.169736] ACPI: PCI: Interrupt link LNKC disabled
[    0.169787] ACPI: PCI: Interrupt link LNKD configured for IRQ 0
[    0.169788] ACPI: PCI: Interrupt link LNKD disabled
[    0.169839] ACPI: PCI: Interrupt link LNKE configured for IRQ 0
[    0.169840] ACPI: PCI: Interrupt link LNKE disabled
[    0.169891] ACPI: PCI: Interrupt link LNKF configured for IRQ 0
[    0.169892] ACPI: PCI: Interrupt link LNKF disabled
[    0.169942] ACPI: PCI: Interrupt link LNKG configured for IRQ 0
[    0.169944] ACPI: PCI: Interrupt link LNKG disabled
[    0.169995] ACPI: PCI: Interrupt link LNKH configured for IRQ 0
[    0.169996] ACPI: PCI: Interrupt link LNKH disabled
[    0.170276] ACPI: EC: interrupt unblocked
[    0.170278] ACPI: EC: event unblocked
[    0.170281] ACPI: EC: EC_CMD/EC_SC=0x66, EC_DATA=0x62
[    0.170282] ACPI: EC: GPE=0x4e
[    0.170284] ACPI: \_SB_.PCI0.LPCB.EC__: Boot ECDT EC initialization complete
[    0.170286] ACPI: \_SB_.PCI0.LPCB.EC__: EC: Used to handle transactions and events
[    0.170375] iommu: Default domain type: Translated
[    0.170377] iommu: DMA domain TLB invalidation policy: lazy mode
[    0.170401] ACPI: bus type USB registered
[    0.170419] usbcore: registered new interface driver usbfs
[    0.170427] usbcore: registered new interface driver hub
[    0.170435] usbcore: registered new device driver usb
[    0.171445] efivars: Registered efivars operations
[    0.171744] NetLabel: Initializing
[    0.171747] NetLabel:  domain hash size = 128
[    0.171748] NetLabel:  protocols = UNLABELED CIPSOv4 CALIPSO
[    0.171769] NetLabel:  unlabeled traffic allowed by default
[    0.171771] PCI: Using ACPI for IRQ routing
[    0.176740] PCI: pci_cache_line_size set to 64 bytes
[    0.176874] e820: reserve RAM buffer [mem 0x00058000-0x0005ffff]
[    0.176877] e820: reserve RAM buffer [mem 0x0008f000-0x0008ffff]
[    0.176878] e820: reserve RAM buffer [mem 0x75f27810-0x77ffffff]
[    0.176880] e820: reserve RAM buffer [mem 0x75f29190-0x77ffffff]
[    0.176881] e820: reserve RAM buffer [mem 0x8ad10000-0x8bffffff]
[    0.176883] e820: reserve RAM buffer [mem 0x8ad5d000-0x8bffffff]
[    0.176885] e820: reserve RAM buffer [mem 0x8ae39000-0x8bffffff]
[    0.176886] e820: reserve RAM buffer [mem 0x8aed2000-0x8bffffff]
[    0.176888] e820: reserve RAM buffer [mem 0x8af84000-0x8bffffff]
[    0.176889] e820: reserve RAM buffer [mem 0x8b000000-0x8bffffff]
[    0.176890] e820: reserve RAM buffer [mem 0x26f600000-0x26fffffff]
[    0.177474] pci 0000:00:02.0: vgaarb: setting as boot VGA device
[    0.177474] pci 0000:00:02.0: vgaarb: bridge control possible
[    0.177474] pci 0000:00:02.0: vgaarb: VGA device added: decodes=io+mem,owns=io+mem,locks=none
[    0.177474] vgaarb: loaded
[    0.177530] clocksource: Switched to clocksource tsc-early
[    0.178395] VFS: Disk quotas dquot_6.6.0
[    0.178417] VFS: Dquot-cache hash table entries: 512 (order 0, 4096 bytes)
[    0.178577] pnp: PnP ACPI init
[    0.178810] system 00:00: [mem 0xfed00000-0xfed03fff] has been reserved
[    0.178873] system 00:01: [io  0xffff] has been reserved
[    0.178876] system 00:01: [io  0x1800-0x187f] has been reserved
[    0.178879] system 00:01: [io  0x0800-0x087f] has been reserved
[    0.179740] system 00:03: [mem 0xfed1c000-0xfed1ffff] has been reserved
[    0.179743] system 00:03: [mem 0xfed10000-0xfed17fff] has been reserved
[    0.179745] system 00:03: [mem 0xfed18000-0xfed18fff] has been reserved
[    0.179747] system 00:03: [mem 0xfed19000-0xfed19fff] has been reserved
[    0.179750] system 00:03: [mem 0xe0000000-0xefffffff] could not be reserved
[    0.179752] system 00:03: [mem 0xfed20000-0xfed3ffff] has been reserved
[    0.179754] system 00:03: [mem 0xfed90000-0xfed93fff] could not be reserved
[    0.179756] system 00:03: [mem 0xfed45000-0xfed8ffff] has been reserved
[    0.179757] system 00:03: [mem 0xff000000-0xffffffff] could not be reserved
[    0.179760] system 00:03: [mem 0xfee00000-0xfeefffff] has been reserved
[    0.179825] system 00:04: [mem 0x20000000-0x201fffff] could not be reserved
[    0.179828] system 00:04: [mem 0x40000000-0x401fffff] could not be reserved
[    0.179960] pnp: PnP ACPI: found 5 devices
[    0.181360] pci 0000:00:02.0: assigning 3 device properties
[    0.181383] pci 0000:07:00.0: assigning 8 device properties
[    0.181401] pci 0000:00:1b.0: assigning 4 device properties
[    0.185919] clocksource: acpi_pm: mask: 0xffffff max_cycles: 0xffffff, max_idle_ns: 2085701024 ns
[    0.186003] NET: Registered PF_INET protocol family
[    0.186100] IP idents hash table entries: 131072 (order: 8, 1048576 bytes, linear)
[    0.199966] tcp_listen_portaddr_hash hash table entries: 4096 (order: 4, 65536 bytes, linear)
[    0.199994] Table-perturb hash table entries: 65536 (order: 6, 262144 bytes, linear)
[    0.200053] TCP established hash table entries: 65536 (order: 7, 524288 bytes, linear)
[    0.200260] TCP bind hash table entries: 65536 (order: 9, 2097152 bytes, linear)
[    0.200619] TCP: Hash tables configured (established 65536 bind 65536)
[    0.200697] MPTCP token hash table entries: 8192 (order: 6, 196608 bytes, linear)
[    0.200749] UDP hash table entries: 4096 (order: 5, 131072 bytes, linear)
[    0.200775] UDP-Lite hash table entries: 4096 (order: 5, 131072 bytes, linear)
[    0.200840] NET: Registered PF_UNIX/PF_LOCAL protocol family
[    0.200855] NET: Registered PF_XDP protocol family
[    0.200861] pci 0000:04:00.0: ROM [mem 0xffff0000-0xffffffff pref]: can't claim; no compatible bridge window
[    0.200870] pci 0000:06:00.0: bridge window [io  0x1000-0x0fff] to [bus 07] add_size 1000
[    0.200873] pci 0000:06:00.0: bridge window [mem 0x00100000-0x000fffff 64bit pref] to [bus 07] add_size 200000 add_align 100000
[    0.200877] pci 0000:06:04.0: bridge window [io  0x1000-0x0fff] to [bus 39] add_size 1000
[    0.200879] pci 0000:06:04.0: bridge window [mem 0x00100000-0x000fffff 64bit pref] to [bus 39] add_size 200000 add_align 100000
[    0.200881] pci 0000:06:04.0: bridge window [mem 0x00100000-0x000fffff] to [bus 39] add_size 200000 add_align 100000
[    0.200884] pci 0000:06:06.0: bridge window [io  0x1000-0x0fff] to [bus 6b] add_size 1000
[    0.200885] pci 0000:06:06.0: bridge window [mem 0x00100000-0x000fffff 64bit pref] to [bus 6b] add_size 200000 add_align 100000
[    0.200887] pci 0000:06:06.0: bridge window [mem 0x00100000-0x000fffff] to [bus 6b] add_size 200000 add_align 100000
[    0.200896] pci 0000:00:1c.0: PCI bridge to [bus 01]
[    0.200908] pci 0000:00:1c.1: PCI bridge to [bus 02]
[    0.200912] pci 0000:00:1c.1:   bridge window [mem 0xb0800000-0xb09fffff]
[    0.200916] pci 0000:00:1c.1:   bridge window [mem 0x90000000-0x9fffffff 64bit pref]
[    0.200922] pci 0000:00:1c.2: PCI bridge to [bus 03]
[    0.200926] pci 0000:00:1c.2:   bridge window [mem 0xb0400000-0xb06fffff]
[    0.200938] pci 0000:06:00.0: bridge window [mem size 0x00200000 64bit pref]: can't assign; no space
[    0.200940] pci 0000:06:00.0: bridge window [mem size 0x00200000 64bit pref]: failed to assign
[    0.200944] pci 0000:06:04.0: bridge window [mem size 0x00200000]: can't assign; no space
[    0.200946] pci 0000:06:04.0: bridge window [mem size 0x00200000]: failed to assign
[    0.200948] pci 0000:06:04.0: bridge window [mem size 0x00200000 64bit pref]: can't assign; no space
[    0.200950] pci 0000:06:04.0: bridge window [mem size 0x00200000 64bit pref]: failed to assign
[    0.200952] pci 0000:06:06.0: bridge window [mem size 0x00200000]: can't assign; no space
[    0.200953] pci 0000:06:06.0: bridge window [mem size 0x00200000]: failed to assign
[    0.200955] pci 0000:06:06.0: bridge window [mem size 0x00200000 64bit pref]: can't assign; no space
[    0.200957] pci 0000:06:06.0: bridge window [mem size 0x00200000 64bit pref]: failed to assign
[    0.200959] pci 0000:06:00.0: bridge window [io  size 0x1000]: can't assign; no space
[    0.200961] pci 0000:06:00.0: bridge window [io  size 0x1000]: failed to assign
[    0.200963] pci 0000:06:04.0: bridge window [io  size 0x1000]: can't assign; no space
[    0.200964] pci 0000:06:04.0: bridge window [io  size 0x1000]: failed to assign
[    0.200966] pci 0000:06:06.0: bridge window [io  size 0x1000]: can't assign; no space
[    0.200967] pci 0000:06:06.0: bridge window [io  size 0x1000]: failed to assign
[    0.200970] pci 0000:06:06.0: bridge window [mem size 0x00200000]: can't assign; no space
[    0.200972] pci 0000:06:06.0: bridge window [mem size 0x00200000]: failed to assign
[    0.200974] pci 0000:06:06.0: bridge window [mem size 0x00200000 64bit pref]: can't assign; no space
[    0.200976] pci 0000:06:06.0: bridge window [mem size 0x00200000 64bit pref]: failed to assign
[    0.200977] pci 0000:06:06.0: bridge window [io  size 0x1000]: can't assign; no space
[    0.200979] pci 0000:06:06.0: bridge window [io  size 0x1000]: failed to assign
[    0.200980] pci 0000:06:04.0: bridge window [mem size 0x00200000]: can't assign; no space
[    0.200982] pci 0000:06:04.0: bridge window [mem size 0x00200000]: failed to assign
[    0.200984] pci 0000:06:04.0: bridge window [mem size 0x00200000 64bit pref]: can't assign; no space
[    0.200985] pci 0000:06:04.0: bridge window [mem size 0x00200000 64bit pref]: failed to assign
[    0.200987] pci 0000:06:04.0: bridge window [io  size 0x1000]: can't assign; no space
[    0.200989] pci 0000:06:04.0: bridge window [io  size 0x1000]: failed to assign
[    0.200991] pci 0000:06:00.0: bridge window [mem size 0x00200000 64bit pref]: can't assign; no space
[    0.200992] pci 0000:06:00.0: bridge window [mem size 0x00200000 64bit pref]: failed to assign
[    0.200994] pci 0000:06:00.0: bridge window [io  size 0x1000]: can't assign; no space
[    0.200995] pci 0000:06:00.0: bridge window [io  size 0x1000]: failed to assign
[    0.200998] pci 0000:06:00.0: PCI bridge to [bus 07]
[    0.201003] pci 0000:06:00.0:   bridge window [mem 0xb0b00000-0xb0bfffff]
[    0.201012] pci 0000:06:03.0: PCI bridge to [bus 08-38]
[    0.201016] pci 0000:06:03.0:   bridge window [io  0x3000-0x3fff]
[    0.201021] pci 0000:06:03.0:   bridge window [mem 0xb0c00000-0xb4bfffff]
[    0.201025] pci 0000:06:03.0:   bridge window [mem 0xbcc00000-0xc0bfffff 64bit pref]
[    0.201032] pci 0000:06:04.0: PCI bridge to [bus 39]
[    0.201045] pci 0000:06:05.0: PCI bridge to [bus 3a-6a]
[    0.201048] pci 0000:06:05.0:   bridge window [io  0x4000-0x4fff]
[    0.201053] pci 0000:06:05.0:   bridge window [mem 0xb4c00000-0xb8bfffff]
[    0.201057] pci 0000:06:05.0:   bridge window [mem 0xc0c00000-0xc4bfffff 64bit pref]
[    0.201064] pci 0000:06:06.0: PCI bridge to [bus 6b]
[    0.201077] pci 0000:05:00.0: PCI bridge to [bus 06-6b]
[    0.201080] pci 0000:05:00.0:   bridge window [io  0x3000-0x4fff]
[    0.201085] pci 0000:05:00.0:   bridge window [mem 0xb0b00000-0xb8bfffff]
[    0.201089] pci 0000:05:00.0:   bridge window [mem 0xbcc00000-0xc4bfffff 64bit pref]
[    0.201096] pci 0000:00:1c.4: PCI bridge to [bus 05-9b]
[    0.201098] pci 0000:00:1c.4:   bridge window [io  0x3000-0x5fff]
[    0.201102] pci 0000:00:1c.4:   bridge window [mem 0xb0b00000-0xbcbfffff]
[    0.201105] pci 0000:00:1c.4:   bridge window [mem 0xbcc00000-0xc8bfffff 64bit pref]
[    0.201111] pci 0000:04:00.0: ROM [mem 0xb0710000-0xb071ffff pref]: assigned
[    0.201113] pci 0000:00:1c.5: PCI bridge to [bus 04]
[    0.201117] pci 0000:00:1c.5:   bridge window [mem 0xb0700000-0xb07fffff]
[    0.201124] pci_bus 0000:00: resource 4 [io  0x0000-0x0cf7 window]
[    0.201126] pci_bus 0000:00: resource 5 [io  0x0d00-0xffff window]
[    0.201128] pci_bus 0000:00: resource 6 [mem 0x000a0000-0x000fffff window]
[    0.201129] pci_bus 0000:00: resource 7 [mem 0x8fa00000-0xfeafffff window]
[    0.201131] pci_bus 0000:00: resource 8 [mem 0xfed40000-0xfed44fff window]
[    0.201133] pci_bus 0000:02: resource 1 [mem 0xb0800000-0xb09fffff]
[    0.201135] pci_bus 0000:02: resource 2 [mem 0x90000000-0x9fffffff 64bit pref]
[    0.201136] pci_bus 0000:03: resource 1 [mem 0xb0400000-0xb06fffff]
[    0.201138] pci_bus 0000:05: resource 0 [io  0x3000-0x5fff]
[    0.201140] pci_bus 0000:05: resource 1 [mem 0xb0b00000-0xbcbfffff]
[    0.201141] pci_bus 0000:05: resource 2 [mem 0xbcc00000-0xc8bfffff 64bit pref]
[    0.201143] pci_bus 0000:06: resource 0 [io  0x3000-0x4fff]
[    0.201144] pci_bus 0000:06: resource 1 [mem 0xb0b00000-0xb8bfffff]
[    0.201146] pci_bus 0000:06: resource 2 [mem 0xbcc00000-0xc4bfffff 64bit pref]
[    0.201147] pci_bus 0000:07: resource 1 [mem 0xb0b00000-0xb0bfffff]
[    0.201149] pci_bus 0000:08: resource 0 [io  0x3000-0x3fff]
[    0.201150] pci_bus 0000:08: resource 1 [mem 0xb0c00000-0xb4bfffff]
[    0.201152] pci_bus 0000:08: resource 2 [mem 0xbcc00000-0xc0bfffff 64bit pref]
[    0.201154] pci_bus 0000:3a: resource 0 [io  0x4000-0x4fff]
[    0.201155] pci_bus 0000:3a: resource 1 [mem 0xb4c00000-0xb8bfffff]
[    0.201157] pci_bus 0000:3a: resource 2 [mem 0xc0c00000-0xc4bfffff 64bit pref]
[    0.201158] pci_bus 0000:04: resource 1 [mem 0xb0700000-0xb07fffff]
[    0.201558] PCI: CLS 256 bytes, default 64
[    0.201586] DMAR: No ATSR found
[    0.201587] DMAR: No SATC found
[    0.201589] DMAR: IOMMU feature pgsel_inv inconsistent
[    0.201590] DMAR: IOMMU feature sc_support inconsistent
[    0.201591] DMAR: IOMMU feature pass_through inconsistent
[    0.201593] DMAR: dmar0: Using Queued invalidation
[    0.201600] DMAR: dmar1: Using Queued invalidation
[    0.201640] Trying to unpack rootfs image as initramfs...
[    0.201782] pci 0000:00:02.0: Adding to iommu group 0
[    0.202611] pci 0000:00:00.0: Adding to iommu group 1
[    0.202622] pci 0000:00:03.0: Adding to iommu group 2
[    0.202632] pci 0000:00:14.0: Adding to iommu group 3
[    0.202652] pci 0000:00:16.0: Adding to iommu group 4
[    0.202663] pci 0000:00:1b.0: Adding to iommu group 5
[    0.202692] pci 0000:00:1c.0: Adding to iommu group 6
[    0.202702] pci 0000:00:1c.1: Adding to iommu group 6
[    0.202711] pci 0000:00:1c.2: Adding to iommu group 6
[    0.202721] pci 0000:00:1c.4: Adding to iommu group 6
[    0.202730] pci 0000:00:1c.5: Adding to iommu group 6
[    0.202749] pci 0000:00:1f.0: Adding to iommu group 7
