Apr 16 23:06:18.017326 nixos kernel: Linux version 6.12.80 (nixbld@localhost) (gcc (GCC) 14.3.0, GNU ld (GNU Binutils) 2.44) #1-NixOS SMP PREEMPT_DYNAMIC Thu Apr  2 11:09:54 UTC 2026
Apr 16 23:06:18.017452 nixos kernel: Command line: initrd=\EFI\nixos\v6bc83nw2h5x85106qkcr1v1qyi1ax7g-initrd-linux-6.12.80-initrd.efi init=/nix/store/mr6ivpn3n831fqqn997izhwk2qncq2rc-nixos-system-nixos-25.11.9067.54170c54449e/init pci=noaer intel_iommu=on iommu=strict loglevel=4 lsm=landlock,yama,bpf
Apr 16 23:06:18.017488 nixos kernel: BIOS-provided physical RAM map:
Apr 16 23:06:18.017519 nixos kernel: BIOS-e820: [mem 0x0000000000000000-0x0000000000057fff] usable
Apr 16 23:06:18.017539 nixos kernel: BIOS-e820: [mem 0x0000000000058000-0x0000000000058fff] reserved
Apr 16 23:06:18.017565 nixos kernel: BIOS-e820: [mem 0x0000000000059000-0x000000000008efff] usable
Apr 16 23:06:18.017589 nixos kernel: BIOS-e820: [mem 0x000000000008f000-0x000000000008ffff] reserved
Apr 16 23:06:18.017619 nixos kernel: BIOS-e820: [mem 0x0000000000090000-0x000000000009ffff] usable
Apr 16 23:06:18.017645 nixos kernel: BIOS-e820: [mem 0x00000000000a0000-0x00000000000bffff] reserved
Apr 16 23:06:18.017669 nixos kernel: BIOS-e820: [mem 0x0000000000100000-0x000000008ad0ffff] usable
Apr 16 23:06:18.017691 nixos kernel: BIOS-e820: [mem 0x000000008ad10000-0x000000008ad52fff] ACPI NVS
Apr 16 23:06:18.017717 nixos kernel: BIOS-e820: [mem 0x000000008ad53000-0x000000008ad5cfff] usable
Apr 16 23:06:18.017742 nixos kernel: BIOS-e820: [mem 0x000000008ad5d000-0x000000008ad8efff] ACPI data
Apr 16 23:06:18.017763 nixos kernel: BIOS-e820: [mem 0x000000008ad8f000-0x000000008ae38fff] usable
Apr 16 23:06:18.017784 nixos kernel: BIOS-e820: [mem 0x000000008ae39000-0x000000008ae8efff] reserved
Apr 16 23:06:18.017808 nixos kernel: BIOS-e820: [mem 0x000000008ae8f000-0x000000008aed1fff] usable
Apr 16 23:06:18.017833 nixos kernel: BIOS-e820: [mem 0x000000008aed2000-0x000000008aefefff] reserved
Apr 16 23:06:18.017857 nixos kernel: BIOS-e820: [mem 0x000000008aeff000-0x000000008af83fff] usable
Apr 16 23:06:18.017892 nixos kernel: BIOS-e820: [mem 0x000000008af84000-0x000000008afeffff] reserved
Apr 16 23:06:18.017916 nixos kernel: BIOS-e820: [mem 0x000000008aff0000-0x000000008affffff] usable
Apr 16 23:06:18.017944 nixos kernel: BIOS-e820: [mem 0x000000008b000000-0x000000008f9fffff] reserved
Apr 16 23:06:18.017973 nixos kernel: BIOS-e820: [mem 0x00000000e00f8000-0x00000000e00f8fff] reserved
Apr 16 23:06:18.017997 nixos kernel: BIOS-e820: [mem 0x00000000fed1c000-0x00000000fed1ffff] reserved
Apr 16 23:06:18.018015 nixos kernel: BIOS-e820: [mem 0x00000000ffe10000-0x00000000ffe3ffff] reserved
Apr 16 23:06:18.018033 nixos kernel: BIOS-e820: [mem 0x0000000100000000-0x000000026f5fffff] usable
Apr 16 23:06:18.018057 nixos kernel: NX (Execute Disable) protection: active
Apr 16 23:06:18.018085 nixos kernel: APIC: Static calls initialized
Apr 16 23:06:18.018114 nixos kernel: e820: update [mem 0x75df8190-0x75e081cf] usable ==> usable
Apr 16 23:06:18.018139 nixos kernel: e820: update [mem 0x75df7810-0x75df7cd2] usable ==> usable
Apr 16 23:06:18.018167 nixos kernel: extended physical RAM map:
Apr 16 23:06:18.018187 nixos kernel: reserve setup_data: [mem 0x0000000000000000-0x0000000000057fff] usable
Apr 16 23:06:18.018210 nixos kernel: reserve setup_data: [mem 0x0000000000058000-0x0000000000058fff] reserved
Apr 16 23:06:18.018237 nixos kernel: reserve setup_data: [mem 0x0000000000059000-0x000000000008efff] usable
Apr 16 23:06:18.018262 nixos kernel: reserve setup_data: [mem 0x000000000008f000-0x000000000008ffff] reserved
Apr 16 23:06:18.018283 nixos kernel: reserve setup_data: [mem 0x0000000000090000-0x000000000009ffff] usable
Apr 16 23:06:18.018305 nixos kernel: reserve setup_data: [mem 0x00000000000a0000-0x00000000000bffff] reserved
Apr 16 23:06:18.018332 nixos kernel: reserve setup_data: [mem 0x0000000000100000-0x0000000075df780f] usable
Apr 16 23:06:18.018359 nixos kernel: reserve setup_data: [mem 0x0000000075df7810-0x0000000075df7cd2] usable
Apr 16 23:06:18.018381 nixos kernel: reserve setup_data: [mem 0x0000000075df7cd3-0x0000000075df818f] usable
Apr 16 23:06:18.018410 nixos kernel: reserve setup_data: [mem 0x0000000075df8190-0x0000000075e081cf] usable
Apr 16 23:06:18.018440 nixos kernel: reserve setup_data: [mem 0x0000000075e081d0-0x000000008ad0ffff] usable
Apr 16 23:06:18.018470 nixos kernel: reserve setup_data: [mem 0x000000008ad10000-0x000000008ad52fff] ACPI NVS
Apr 16 23:06:18.018496 nixos kernel: reserve setup_data: [mem 0x000000008ad53000-0x000000008ad5cfff] usable
Apr 16 23:06:18.018513 nixos kernel: reserve setup_data: [mem 0x000000008ad5d000-0x000000008ad8efff] ACPI data
Apr 16 23:06:18.018536 nixos kernel: reserve setup_data: [mem 0x000000008ad8f000-0x000000008ae38fff] usable
Apr 16 23:06:18.018565 nixos kernel: reserve setup_data: [mem 0x000000008ae39000-0x000000008ae8efff] reserved
Apr 16 23:06:18.018586 nixos kernel: reserve setup_data: [mem 0x000000008ae8f000-0x000000008aed1fff] usable
Apr 16 23:06:18.018607 nixos kernel: reserve setup_data: [mem 0x000000008aed2000-0x000000008aefefff] reserved
Apr 16 23:06:18.018632 nixos kernel: reserve setup_data: [mem 0x000000008aeff000-0x000000008af83fff] usable
Apr 16 23:06:18.018656 nixos kernel: reserve setup_data: [mem 0x000000008af84000-0x000000008afeffff] reserved
Apr 16 23:06:18.018684 nixos kernel: reserve setup_data: [mem 0x000000008aff0000-0x000000008affffff] usable
Apr 16 23:06:18.018711 nixos kernel: reserve setup_data: [mem 0x000000008b000000-0x000000008f9fffff] reserved
Apr 16 23:06:18.018735 nixos kernel: reserve setup_data: [mem 0x00000000e00f8000-0x00000000e00f8fff] reserved
Apr 16 23:06:18.018761 nixos kernel: reserve setup_data: [mem 0x00000000fed1c000-0x00000000fed1ffff] reserved
Apr 16 23:06:18.018787 nixos kernel: reserve setup_data: [mem 0x00000000ffe10000-0x00000000ffe3ffff] reserved
Apr 16 23:06:18.018808 nixos kernel: reserve setup_data: [mem 0x0000000100000000-0x000000026f5fffff] usable
Apr 16 23:06:18.018836 nixos kernel: efi: EFI v1.1 by Apple
Apr 16 23:06:18.018861 nixos kernel: efi: ACPI=0x8ad8e000 ACPI 2.0=0x8ad8e014 SMBIOS=0x8ad11000 RNG=0x8ad61f90 INITRD=0x75e21390 
Apr 16 23:06:18.018902 nixos kernel: random: crng init done
Apr 16 23:06:18.018922 nixos kernel: efi: Not removing mem273: MMIO range=[0xe00f8000-0xe00f8fff] (4KB) from e820 map
Apr 16 23:06:18.018944 nixos kernel: efi: Not removing mem274: MMIO range=[0xfed1c000-0xfed1ffff] (16KB) from e820 map
Apr 16 23:06:18.018968 nixos kernel: efi: Not removing mem275: MMIO range=[0xffe10000-0xffe3ffff] (192KB) from e820 map
Apr 16 23:06:18.018984 nixos kernel: [Firmware Bug]: Corrupted DMI table, offset 2189 (only 40 entries processed)
Apr 16 23:06:18.019004 nixos kernel: SMBIOS 2.4 present.
Apr 16 23:06:18.019027 nixos kernel: DMI: Apple Inc. MacBookPro11,1/Mac-189A3D4F975D5FFC, BIOS 478.0.0.0.0 01/13/2023
Apr 16 23:06:18.019048 nixos kernel: DMI: Memory slots populated: 2/2
Apr 16 23:06:18.019064 nixos kernel: tsc: Fast TSC calibration using PIT
Apr 16 23:06:18.019082 nixos kernel: tsc: Detected 2599.957 MHz processor
Apr 16 23:06:18.019098 nixos kernel: e820: update [mem 0x00000000-0x00000fff] usable ==> reserved
Apr 16 23:06:18.019127 nixos kernel: e820: remove [mem 0x000a0000-0x000fffff] usable
Apr 16 23:06:18.019150 nixos kernel: last_pfn = 0x26f600 max_arch_pfn = 0x400000000
Apr 16 23:06:18.019180 nixos kernel: MTRR map: 5 entries (4 fixed + 1 variable; max 24), built from 10 variable MTRRs
Apr 16 23:06:18.019205 nixos kernel: x86/PAT: Configuration [0-7]: WB  WC  UC- UC  WB  WP  UC- WT  
Apr 16 23:06:18.019228 nixos kernel: last_pfn = 0x8b000 max_arch_pfn = 0x400000000
Apr 16 23:06:18.019253 nixos kernel: Using GB pages for direct mapping
Apr 16 23:06:18.019282 nixos kernel: Secure boot disabled
Apr 16 23:06:18.019306 nixos kernel: RAMDISK: [mem 0x71240000-0x72c0efff]
Apr 16 23:06:18.019332 nixos kernel: ACPI: Early table checksum verification disabled
Apr 16 23:06:18.019364 nixos kernel: ACPI: RSDP 0x000000008AD8E014 000024 (v02 APPLE )
Apr 16 23:06:18.019391 nixos kernel: ACPI: XSDT 0x000000008AD8E1C0 0000A4 (v01 APPLE  Apple00  00000000      01000013)
Apr 16 23:06:18.019413 nixos kernel: ACPI: FACP 0x000000008AD8C000 0000F4 (v05 APPLE  Apple00  00000000 Loki 0000005F)
Apr 16 23:06:18.019442 nixos kernel: ACPI: DSDT 0x000000008AD7F000 007681 (v03 APPLE  MacBookP 00110001 INTL 20100915)
Apr 16 23:06:18.019466 nixos kernel: ACPI: FACS 0x000000008AD18000 000040
Apr 16 23:06:18.019493 nixos kernel: ACPI: FACS 0x000000008AD18000 000040
Apr 16 23:06:18.019512 nixos kernel: ACPI: HPET 0x000000008AD8B000 000038 (v01 APPLE  Apple00  00000001 Loki 0000005F)
Apr 16 23:06:18.019541 nixos kernel: ACPI: APIC 0x000000008AD8A000 0000BC (v02 APPLE  Apple00  00000001 Loki 0000005F)
Apr 16 23:06:18.019561 nixos kernel: ACPI: SBST 0x000000008AD88000 000030 (v01 APPLE  Apple00  00000001 Loki 0000005F)
Apr 16 23:06:18.019586 nixos kernel: ACPI: ECDT 0x000000008AD87000 000053 (v01 APPLE  Apple00  00000001 Loki 0000005F)
Apr 16 23:06:18.019611 nixos kernel: ACPI: SSDT 0x000000008AD7E000 00010B (v01 APPLE  SataAhci 00001000 INTL 20100915)
Apr 16 23:06:18.019634 nixos kernel: ACPI: SSDT 0x000000008AD7D000 000024 (v01 APPLE  SmcDppt  00001000 INTL 20100915)
Apr 16 23:06:18.019652 nixos kernel: ACPI: SSDT 0x000000008AD7A000 000FE9 (v01 APPLE  SDUsbLpt 00001000 INTL 20100915)
Apr 16 23:06:18.019679 nixos kernel: ACPI: SSDT 0x000000008AD76000 000032 (v01 APPLE  SsdtS3   00001000 INTL 20100915)
Apr 16 23:06:18.019698 nixos kernel: ACPI: SSDT 0x000000008AD73000 0028B2 (v01 APPLE  PcieTbt  00001000 INTL 20100915)
Apr 16 23:06:18.019718 nixos kernel: ACPI: SSDT 0x000000008AD66000 0000B8 (v01 APPLE  Sdxc     00001000 INTL 20100915)
Apr 16 23:06:18.019741 nixos kernel: ACPI: SSDT 0x000000008AD65000 0003E0 (v01 APPLE  SaHdaCdc 00001000 INTL 20100915)
Apr 16 23:06:18.019763 nixos kernel: ACPI: SSDT 0x000000008AD64000 000594 (v01 PmRef  Cpu0Ist  00003000 INTL 20100915)
Apr 16 23:06:18.019789 nixos kernel: ACPI: SSDT 0x000000008AD63000 000B83 (v01 PmRef  CpuPm    00003000 INTL 20100915)
Apr 16 23:06:18.019809 nixos kernel: ACPI: DMAR 0x000000008AD62000 000088 (v01 APPLE  HSW      00000001 AAPL 00000001)
Apr 16 23:06:18.019830 nixos kernel: ACPI: MCFG 0x000000008AD89000 00003C (v01 APPLE  Apple00  00000001 Loki 0000005F)
Apr 16 23:06:18.019849 nixos kernel: ACPI: Reserving FACP table memory at [mem 0x8ad8c000-0x8ad8c0f3]
Apr 16 23:06:18.019885 nixos kernel: ACPI: Reserving DSDT table memory at [mem 0x8ad7f000-0x8ad86680]
Apr 16 23:06:18.019906 nixos kernel: ACPI: Reserving FACS table memory at [mem 0x8ad18000-0x8ad1803f]
Apr 16 23:06:18.019931 nixos kernel: ACPI: Reserving FACS table memory at [mem 0x8ad18000-0x8ad1803f]
Apr 16 23:06:18.019951 nixos kernel: ACPI: Reserving HPET table memory at [mem 0x8ad8b000-0x8ad8b037]
Apr 16 23:06:18.019970 nixos kernel: ACPI: Reserving APIC table memory at [mem 0x8ad8a000-0x8ad8a0bb]
Apr 16 23:06:18.019993 nixos kernel: ACPI: Reserving SBST table memory at [mem 0x8ad88000-0x8ad8802f]
Apr 16 23:06:18.020009 nixos kernel: ACPI: Reserving ECDT table memory at [mem 0x8ad87000-0x8ad87052]
Apr 16 23:06:18.020029 nixos kernel: ACPI: Reserving SSDT table memory at [mem 0x8ad7e000-0x8ad7e10a]
Apr 16 23:06:18.020051 nixos kernel: ACPI: Reserving SSDT table memory at [mem 0x8ad7d000-0x8ad7d023]
Apr 16 23:06:18.020071 nixos kernel: ACPI: Reserving SSDT table memory at [mem 0x8ad7a000-0x8ad7afe8]
Apr 16 23:06:18.020090 nixos kernel: ACPI: Reserving SSDT table memory at [mem 0x8ad76000-0x8ad76031]
Apr 16 23:06:18.020106 nixos kernel: ACPI: Reserving SSDT table memory at [mem 0x8ad73000-0x8ad758b1]
Apr 16 23:06:18.020122 nixos kernel: ACPI: Reserving SSDT table memory at [mem 0x8ad66000-0x8ad660b7]
Apr 16 23:06:18.020147 nixos kernel: ACPI: Reserving SSDT table memory at [mem 0x8ad65000-0x8ad653df]
Apr 16 23:06:18.020162 nixos kernel: ACPI: Reserving SSDT table memory at [mem 0x8ad64000-0x8ad64593]
Apr 16 23:06:18.020183 nixos kernel: ACPI: Reserving SSDT table memory at [mem 0x8ad63000-0x8ad63b82]
Apr 16 23:06:18.020200 nixos kernel: ACPI: Reserving DMAR table memory at [mem 0x8ad62000-0x8ad62087]
Apr 16 23:06:18.020217 nixos kernel: ACPI: Reserving MCFG table memory at [mem 0x8ad89000-0x8ad8903b]
Apr 16 23:06:18.020241 nixos kernel: ACPI: DMI detected to setup _OSI("Darwin"): Apple hardware
Apr 16 23:06:18.020261 nixos kernel: No NUMA configuration found
Apr 16 23:06:18.020278 nixos kernel: Faking a node at [mem 0x0000000000000000-0x000000026f5fffff]
Apr 16 23:06:18.020301 nixos kernel: NODE_DATA(0) allocated [mem 0x26f5f88c0-0x26f5fddff]
Apr 16 23:06:18.020324 nixos kernel: Zone ranges:
Apr 16 23:06:18.020346 nixos kernel:   DMA      [mem 0x0000000000001000-0x0000000000ffffff]
Apr 16 23:06:18.020368 nixos kernel:   DMA32    [mem 0x0000000001000000-0x00000000ffffffff]
Apr 16 23:06:18.020384 nixos kernel:   Normal   [mem 0x0000000100000000-0x000000026f5fffff]
Apr 16 23:06:18.020404 nixos kernel:   Device   empty
Apr 16 23:06:18.020420 nixos kernel: Movable zone start for each node
Apr 16 23:06:18.020436 nixos kernel: Early memory node ranges
Apr 16 23:06:18.020459 nixos kernel:   node   0: [mem 0x0000000000001000-0x0000000000057fff]
Apr 16 23:06:18.020477 nixos kernel:   node   0: [mem 0x0000000000059000-0x000000000008efff]
Apr 16 23:06:18.020496 nixos kernel:   node   0: [mem 0x0000000000090000-0x000000000009ffff]
Apr 16 23:06:18.020513 nixos kernel:   node   0: [mem 0x0000000000100000-0x000000008ad0ffff]
Apr 16 23:06:18.020532 nixos kernel:   node   0: [mem 0x000000008ad53000-0x000000008ad5cfff]
Apr 16 23:06:18.020552 nixos kernel:   node   0: [mem 0x000000008ad8f000-0x000000008ae38fff]
Apr 16 23:06:18.020571 nixos kernel:   node   0: [mem 0x000000008ae8f000-0x000000008aed1fff]
Apr 16 23:06:18.020591 nixos kernel:   node   0: [mem 0x000000008aeff000-0x000000008af83fff]
Apr 16 23:06:18.020607 nixos kernel:   node   0: [mem 0x000000008aff0000-0x000000008affffff]
Apr 16 23:06:18.020626 nixos kernel:   node   0: [mem 0x0000000100000000-0x000000026f5fffff]
Apr 16 23:06:18.020645 nixos kernel: Initmem setup node 0 [mem 0x0000000000001000-0x000000026f5fffff]
Apr 16 23:06:18.020662 nixos kernel: On node 0, zone DMA: 1 pages in unavailable ranges
Apr 16 23:06:18.020681 nixos kernel: On node 0, zone DMA: 1 pages in unavailable ranges
Apr 16 23:06:18.020697 nixos kernel: On node 0, zone DMA: 1 pages in unavailable ranges
Apr 16 23:06:18.020716 nixos kernel: On node 0, zone DMA: 96 pages in unavailable ranges
Apr 16 23:06:18.020733 nixos kernel: On node 0, zone DMA32: 67 pages in unavailable ranges
Apr 16 23:06:18.020750 nixos kernel: On node 0, zone DMA32: 50 pages in unavailable ranges
Apr 16 23:06:18.020766 nixos kernel: On node 0, zone DMA32: 86 pages in unavailable ranges
Apr 16 23:06:18.020785 nixos kernel: On node 0, zone DMA32: 45 pages in unavailable ranges
Apr 16 23:06:18.020802 nixos kernel: On node 0, zone DMA32: 108 pages in unavailable ranges
Apr 16 23:06:18.020821 nixos kernel: On node 0, zone Normal: 20480 pages in unavailable ranges
Apr 16 23:06:18.020840 nixos kernel: On node 0, zone Normal: 2560 pages in unavailable ranges
Apr 16 23:06:18.020855 nixos kernel: Reserving Intel graphics memory at [mem 0x8ba00000-0x8f9fffff]
Apr 16 23:06:18.020888 nixos kernel: ACPI: PM-Timer IO Port: 0x1808
Apr 16 23:06:18.020910 nixos kernel: ACPI: LAPIC_NMI (acpi_id[0x01] high edge lint[0x1])
Apr 16 23:06:18.020927 nixos kernel: ACPI: LAPIC_NMI (acpi_id[0x02] high edge lint[0x1])
Apr 16 23:06:18.020942 nixos kernel: ACPI: LAPIC_NMI (acpi_id[0x03] high edge lint[0x1])
Apr 16 23:06:18.020959 nixos kernel: ACPI: LAPIC_NMI (acpi_id[0x04] high edge lint[0x1])
Apr 16 23:06:18.020982 nixos kernel: ACPI: LAPIC_NMI (acpi_id[0x05] high edge lint[0x1])
Apr 16 23:06:18.020998 nixos kernel: ACPI: LAPIC_NMI (acpi_id[0x06] high edge lint[0x1])
Apr 16 23:06:18.021014 nixos kernel: ACPI: LAPIC_NMI (acpi_id[0x07] high edge lint[0x1])
Apr 16 23:06:18.021030 nixos kernel: ACPI: LAPIC_NMI (acpi_id[0x08] high edge lint[0x1])
Apr 16 23:06:18.021053 nixos kernel: IOAPIC[0]: apic_id 2, version 32, address 0xfec00000, GSI 0-39
Apr 16 23:06:18.021072 nixos kernel: ACPI: INT_SRC_OVR (bus 0 bus_irq 0 global_irq 2 dfl dfl)
Apr 16 23:06:18.021089 nixos kernel: ACPI: INT_SRC_OVR (bus 0 bus_irq 9 global_irq 9 high level)
Apr 16 23:06:18.021109 nixos kernel: ACPI: Using ACPI (MADT) for SMP configuration information
Apr 16 23:06:18.021129 nixos kernel: ACPI: HPET id: 0x8086a201 base: 0xfed00000
Apr 16 23:06:18.021148 nixos kernel: TSC deadline timer available
Apr 16 23:06:18.021164 nixos kernel: CPU topo: Max. logical packages:   1
Apr 16 23:06:18.021186 nixos kernel: CPU topo: Max. logical dies:       1
Apr 16 23:06:18.021203 nixos kernel: CPU topo: Max. dies per package:   1
Apr 16 23:06:18.021218 nixos kernel: CPU topo: Max. threads per core:   2
Apr 16 23:06:18.021234 nixos kernel: CPU topo: Num. cores per package:     2
Apr 16 23:06:18.021251 nixos kernel: CPU topo: Num. threads per package:   4
Apr 16 23:06:18.021267 nixos kernel: CPU topo: Allowing 4 present CPUs plus 0 hotplug CPUs
Apr 16 23:06:18.021283 nixos kernel: PM: hibernation: Registered nosave memory: [mem 0x00000000-0x00000fff]
Apr 16 23:06:18.021299 nixos kernel: PM: hibernation: Registered nosave memory: [mem 0x00058000-0x00058fff]
Apr 16 23:06:18.021318 nixos kernel: PM: hibernation: Registered nosave memory: [mem 0x0008f000-0x0008ffff]
Apr 16 23:06:18.021334 nixos kernel: PM: hibernation: Registered nosave memory: [mem 0x000a0000-0x000fffff]
Apr 16 23:06:18.021350 nixos kernel: PM: hibernation: Registered nosave memory: [mem 0x8ad10000-0x8ad52fff]
Apr 16 23:06:18.021367 nixos kernel: PM: hibernation: Registered nosave memory: [mem 0x8ad5d000-0x8ad8efff]
Apr 16 23:06:18.021383 nixos kernel: PM: hibernation: Registered nosave memory: [mem 0x8ae39000-0x8ae8efff]
Apr 16 23:06:18.021400 nixos kernel: PM: hibernation: Registered nosave memory: [mem 0x8aed2000-0x8aefefff]
Apr 16 23:06:18.021420 nixos kernel: PM: hibernation: Registered nosave memory: [mem 0x8af84000-0x8afeffff]
Apr 16 23:06:18.021437 nixos kernel: PM: hibernation: Registered nosave memory: [mem 0x8b000000-0xffffffff]
Apr 16 23:06:18.021453 nixos kernel: [mem 0x8fa00000-0xe00f7fff] available for PCI devices
Apr 16 23:06:18.021472 nixos kernel: Booting paravirtualized kernel on bare hardware
Apr 16 23:06:18.021493 nixos kernel: clocksource: refined-jiffies: mask: 0xffffffff max_cycles: 0xffffffff, max_idle_ns: 1910969940391419 ns
Apr 16 23:06:18.021510 nixos kernel: setup_percpu: NR_CPUS:384 nr_cpumask_bits:4 nr_cpu_ids:4 nr_node_ids:1
Apr 16 23:06:18.021526 nixos kernel: percpu: Embedded 116 pages/cpu s294912 r65536 d114688 u524288
Apr 16 23:06:18.021542 nixos kernel: pcpu-alloc: s294912 r65536 d114688 u524288 alloc=1*2097152
Apr 16 23:06:18.021563 nixos kernel: pcpu-alloc: [0] 0 1 2 3 
Apr 16 23:06:18.021583 nixos kernel: Kernel command line: initrd=\EFI\nixos\v6bc83nw2h5x85106qkcr1v1qyi1ax7g-initrd-linux-6.12.80-initrd.efi init=/nix/store/mr6ivpn3n831fqqn997izhwk2qncq2rc-nixos-system-nixos-25.11.9067.54170c54449e/init pci=noaer intel_iommu=on iommu=strict loglevel=4 lsm=landlock,yama,bpf
Apr 16 23:06:18.021600 nixos kernel: DMAR: IOMMU enabled
Apr 16 23:06:18.021622 nixos kernel: Dentry cache hash table entries: 1048576 (order: 11, 8388608 bytes, linear)
Apr 16 23:06:18.021639 nixos kernel: Inode-cache hash table entries: 524288 (order: 10, 4194304 bytes, linear)
Apr 16 23:06:18.021654 nixos kernel: Fallback order for Node 0: 0 
Apr 16 23:06:18.021671 nixos kernel: Built 1 zonelists, mobility grouping on.  Total pages: 2073657
Apr 16 23:06:18.021687 nixos kernel: Policy zone: Normal
Apr 16 23:06:18.021703 nixos kernel: mem auto-init: stack:all(zero), heap alloc:on, heap free:off
Apr 16 23:06:18.021719 nixos kernel: software IO TLB: area num 4.
Apr 16 23:06:18.021736 nixos kernel: SLUB: HWalign=64, Order=0-3, MinObjects=0, CPUs=4, Nodes=1
Apr 16 23:06:18.021756 nixos kernel: allocated 16777216 bytes of page_ext
Apr 16 23:06:18.021776 nixos kernel: Kernel/User page tables isolation: enabled
Apr 16 23:06:18.021792 nixos kernel: ftrace: allocating 46233 entries in 181 pages
Apr 16 23:06:18.021808 nixos kernel: ftrace: allocated 181 pages with 5 groups
Apr 16 23:06:18.021825 nixos kernel: Dynamic Preempt: voluntary
Apr 16 23:06:18.021841 nixos kernel: rcu: Preemptible hierarchical RCU implementation.
Apr 16 23:06:18.021861 nixos kernel: rcu:         RCU event tracing is enabled.
Apr 16 23:06:18.021959 nixos kernel: rcu:         RCU restricting CPUs from NR_CPUS=384 to nr_cpu_ids=4.
Apr 16 23:06:18.021978 nixos kernel:         Trampoline variant of Tasks RCU enabled.
Apr 16 23:06:18.021996 nixos kernel:         Rude variant of Tasks RCU enabled.
Apr 16 23:06:18.022020 nixos kernel:         Tracing variant of Tasks RCU enabled.
Apr 16 23:06:18.022037 nixos kernel: rcu: RCU calculated value of scheduler-enlistment delay is 100 jiffies.
Apr 16 23:06:18.022054 nixos kernel: rcu: Adjusting geometry for rcu_fanout_leaf=16, nr_cpu_ids=4
Apr 16 23:06:18.022072 nixos kernel: RCU Tasks: Setting shift to 2 and lim to 1 rcu_task_cb_adjust=1 rcu_task_cpu_ids=4.
Apr 16 23:06:18.022091 nixos kernel: RCU Tasks Rude: Setting shift to 2 and lim to 1 rcu_task_cb_adjust=1 rcu_task_cpu_ids=4.
Apr 16 23:06:18.022109 nixos kernel: RCU Tasks Trace: Setting shift to 2 and lim to 1 rcu_task_cb_adjust=1 rcu_task_cpu_ids=4.
Apr 16 23:06:18.022126 nixos kernel: NR_IRQS: 24832, nr_irqs: 728, preallocated irqs: 16
Apr 16 23:06:18.022145 nixos kernel: rcu: srcu_init: Setting srcu_struct sizes based on contention.
Apr 16 23:06:18.022163 nixos kernel: kfence: initialized - using 2097152 bytes for 255 objects at 0x(____ptrval____)-0x(____ptrval____)
Apr 16 23:06:18.022184 nixos kernel: Console: colour dummy device 80x25
Apr 16 23:06:18.022201 nixos kernel: printk: legacy console [tty0] enabled
Apr 16 23:06:18.022219 nixos kernel: ACPI: Core revision 20240827
Apr 16 23:06:18.022237 nixos kernel: hpet: HPET dysfunctional in PC10. Force disabled.
Apr 16 23:06:18.022253 nixos kernel: APIC: Switch to symmetric I/O mode setup
Apr 16 23:06:18.022268 nixos kernel: DMAR: Host address width 39
Apr 16 23:06:18.022284 nixos kernel: DMAR: DRHD base: 0x000000fed90000 flags: 0x0
Apr 16 23:06:18.022299 nixos kernel: DMAR: dmar0: reg_base_addr fed90000 ver 1:0 cap c0000020660462 ecap f0101a
Apr 16 23:06:18.022315 nixos kernel: DMAR: DRHD base: 0x000000fed91000 flags: 0x1
Apr 16 23:06:18.022341 nixos kernel: DMAR: dmar1: reg_base_addr fed91000 ver 1:0 cap d2008020660462 ecap f010da
Apr 16 23:06:18.022359 nixos kernel: DMAR: RMRR base: 0x0000008b800000 end: 0x0000008f9fffff
Apr 16 23:06:18.022376 nixos kernel: DMAR-IR: IOAPIC id 2 under DRHD base  0xfed91000 IOMMU 1
Apr 16 23:06:18.022394 nixos kernel: DMAR-IR: HPET id 0 under DRHD base 0xfed91000
Apr 16 23:06:18.022410 nixos kernel: DMAR-IR: Queued invalidation will be enabled to support x2apic and Intr-remapping.
Apr 16 23:06:18.022428 nixos kernel: DMAR-IR: Enabled IRQ remapping in x2apic mode
Apr 16 23:06:18.022445 nixos kernel: x2apic enabled
Apr 16 23:06:18.022467 nixos kernel: APIC: Switched APIC routing to: cluster x2apic
Apr 16 23:06:18.022490 nixos kernel: clocksource: tsc-early: mask: 0xffffffffffffffff max_cycles: 0x257a1363f1f, max_idle_ns: 440795204892 ns
Apr 16 23:06:18.022518 nixos kernel: Calibrating delay loop (skipped), value calculated using timer frequency.. 5199.91 BogoMIPS (lpj=2599957)
Apr 16 23:06:18.022543 nixos kernel: CPU0: Thermal monitoring enabled (TM1)
Apr 16 23:06:18.022562 nixos kernel: Last level iTLB entries: 4KB 1024, 2MB 1024, 4MB 1024
Apr 16 23:06:18.022579 nixos kernel: Last level dTLB entries: 4KB 1024, 2MB 1024, 4MB 1024, 1GB 4
Apr 16 23:06:18.022597 nixos kernel: process: using mwait in idle threads
Apr 16 23:06:18.022616 nixos kernel: Spectre V1 : Mitigation: usercopy/swapgs barriers and __user pointer sanitization
Apr 16 23:06:18.022634 nixos kernel: Spectre V2 : Mitigation: Retpolines
Apr 16 23:06:18.022652 nixos kernel: Spectre V2 : Spectre v2 / SpectreRSB: Filling RSB on context switch and VMEXIT
Apr 16 23:06:18.022680 nixos kernel: Spectre V2 : Enabling Restricted Speculation for firmware calls
Apr 16 23:06:18.022699 nixos kernel: Spectre V2 : mitigation: Enabling conditional Indirect Branch Prediction Barrier
Apr 16 23:06:18.022716 nixos kernel: Spectre V2 : User space: Mitigation: STIBP via prctl
Apr 16 23:06:18.022732 nixos kernel: Speculative Store Bypass: Mitigation: Speculative Store Bypass disabled via prctl
Apr 16 23:06:18.022749 nixos kernel: MDS: Mitigation: Clear CPU buffers
Apr 16 23:06:18.022766 nixos kernel: MMIO Stale Data: Unknown: No mitigations
Apr 16 23:06:18.022782 nixos kernel: SRBDS: Mitigation: Microcode
Apr 16 23:06:18.022803 nixos kernel: VMSCAPE: Mitigation: IBPB before exit to userspace
Apr 16 23:06:18.022819 nixos kernel: x86/fpu: Supporting XSAVE feature 0x001: 'x87 floating point registers'
Apr 16 23:06:18.022840 nixos kernel: x86/fpu: Supporting XSAVE feature 0x002: 'SSE registers'
Apr 16 23:06:18.022860 nixos kernel: x86/fpu: Supporting XSAVE feature 0x004: 'AVX registers'
Apr 16 23:06:18.022895 nixos kernel: x86/fpu: xstate_offset[2]:  576, xstate_sizes[2]:  256
Apr 16 23:06:18.022913 nixos kernel: x86/fpu: Enabled xstate features 0x7, context size is 832 bytes, using 'standard' format.
Apr 16 23:06:18.022933 nixos kernel: Freeing SMP alternatives memory: 40K
Apr 16 23:06:18.022952 nixos kernel: pid_max: default: 32768 minimum: 301
Apr 16 23:06:18.022969 nixos kernel: LSM: initializing lsm=capability,landlock,yama,bpf
Apr 16 23:06:18.022983 nixos kernel: landlock: Up and running.
Apr 16 23:06:18.022999 nixos kernel: Yama: becoming mindful.
Apr 16 23:06:18.023015 nixos kernel: LSM support for eBPF active
Apr 16 23:06:18.023038 nixos kernel: Mount-cache hash table entries: 16384 (order: 5, 131072 bytes, linear)
Apr 16 23:06:18.023057 nixos kernel: Mountpoint-cache hash table entries: 16384 (order: 5, 131072 bytes, linear)
Apr 16 23:06:18.023072 nixos kernel: smpboot: CPU0: Intel(R) Core(TM) i5-4288U CPU @ 2.60GHz (family: 0x6, model: 0x45, stepping: 0x1)
Apr 16 23:06:18.023088 nixos kernel: Performance Events: PEBS fmt2+, Haswell events, 16-deep LBR, full-width counters, Intel PMU driver.
Apr 16 23:06:18.023105 nixos kernel: ... version:                3
Apr 16 23:06:18.023122 nixos kernel: ... bit width:              48
Apr 16 23:06:18.023139 nixos kernel: ... generic registers:      4
Apr 16 23:06:18.023156 nixos kernel: ... value mask:             0000ffffffffffff
Apr 16 23:06:18.023174 nixos kernel: ... max period:             00007fffffffffff
Apr 16 23:06:18.023191 nixos kernel: ... fixed-purpose events:   3
Apr 16 23:06:18.023207 nixos kernel: ... event mask:             000000070000000f
Apr 16 23:06:18.023222 nixos kernel: signal: max sigframe size: 1776
Apr 16 23:06:18.023237 nixos kernel: Estimated ratio of average max frequency by base frequency (times 1024): 1220
Apr 16 23:06:18.023252 nixos kernel: rcu: Hierarchical SRCU implementation.
Apr 16 23:06:18.023269 nixos kernel: rcu:         Max phase no-delay instances is 400.
Apr 16 23:06:18.023284 nixos kernel: Timer migration: 1 hierarchy levels; 8 children per group; 1 crossnode level
Apr 16 23:06:18.023305 nixos kernel: NMI watchdog: Enabled. Permanently consumes one hw-PMU counter.
Apr 16 23:06:18.023323 nixos kernel: smp: Bringing up secondary CPUs ...
Apr 16 23:06:18.023346 nixos kernel: smpboot: x86: Booting SMP configuration:
Apr 16 23:06:18.023364 nixos kernel: .... node  #0, CPUs:      #1 #2 #3
Apr 16 23:06:18.023382 nixos kernel: MDS CPU bug present and SMT on, data leak possible. See https://www.kernel.org/doc/html/latest/admin-guide/hw-vuln/mds.html for more details.
Apr 16 23:06:18.023403 nixos kernel: VMSCAPE: SMT on, STIBP is required for full protection. See https://www.kernel.org/doc/html/latest/admin-guide/hw-vuln/vmscape.html for more details.
Apr 16 23:06:18.023419 nixos kernel: smp: Brought up 1 node, 4 CPUs
Apr 16 23:06:18.023436 nixos kernel: smpboot: Total of 4 processors activated (20799.65 BogoMIPS)
Apr 16 23:06:18.023451 nixos kernel: Memory: 7634804K/8294628K available (16384K kernel code, 2646K rwdata, 12592K rodata, 3416K init, 3348K bss, 628872K reserved, 0K cma-reserved)
Apr 16 23:06:18.023472 nixos kernel: devtmpfs: initialized
Apr 16 23:06:18.023489 nixos kernel: x86/mm: Memory block size: 128MB
Apr 16 23:06:18.023506 nixos kernel: ACPI: PM: Registering ACPI NVS region [mem 0x8ad10000-0x8ad52fff] (274432 bytes)
Apr 16 23:06:18.023526 nixos kernel: clocksource: jiffies: mask: 0xffffffff max_cycles: 0xffffffff, max_idle_ns: 1911260446275000 ns
Apr 16 23:06:18.023542 nixos kernel: futex hash table entries: 1024 (order: 4, 65536 bytes, linear)
Apr 16 23:06:18.023558 nixos kernel: pinctrl core: initialized pinctrl subsystem
Apr 16 23:06:18.023581 nixos kernel: PM: RTC time: 22:06:14, date: 2026-04-16
Apr 16 23:06:18.023600 nixos kernel: NET: Registered PF_NETLINK/PF_ROUTE protocol family
Apr 16 23:06:18.023617 nixos kernel: DMA: preallocated 1024 KiB GFP_KERNEL pool for atomic allocations
Apr 16 23:06:18.023635 nixos kernel: DMA: preallocated 1024 KiB GFP_KERNEL|GFP_DMA pool for atomic allocations
Apr 16 23:06:18.023652 nixos kernel: DMA: preallocated 1024 KiB GFP_KERNEL|GFP_DMA32 pool for atomic allocations
Apr 16 23:06:18.023672 nixos kernel: audit: initializing netlink subsys (disabled)
Apr 16 23:06:18.023691 nixos kernel: audit: type=2000 audit(1776377174.005:1): state=initialized audit_enabled=0 res=1
Apr 16 23:06:18.023709 nixos kernel: thermal_sys: Registered thermal governor 'bang_bang'
Apr 16 23:06:18.023726 nixos kernel: thermal_sys: Registered thermal governor 'step_wise'
Apr 16 23:06:18.023740 nixos kernel: thermal_sys: Registered thermal governor 'user_space'
Apr 16 23:06:18.023755 nixos kernel: cpuidle: using governor menu
Apr 16 23:06:18.023771 nixos kernel: efi: Freeing EFI boot services memory: 342664K
Apr 16 23:06:18.023788 nixos kernel: acpiphp: ACPI Hot Plug PCI Controller Driver version: 0.5
Apr 16 23:06:18.023806 nixos kernel: PCI: ECAM [mem 0xe0000000-0xe9bfffff] (base 0xe0000000) for domain 0000 [bus 00-9b]
Apr 16 23:06:18.023823 nixos kernel: PCI: Using configuration type 1 for base access
Apr 16 23:06:18.023846 nixos kernel: core: PMU erratum BJ122, BV98, HSD29 worked around, HT is on
Apr 16 23:06:18.023951 nixos kernel: kprobes: kprobe jump-optimization is enabled. All kprobes are optimized if possible.
Apr 16 23:06:18.023984 nixos kernel: HugeTLB: registered 1.00 GiB page size, pre-allocated 0 pages
Apr 16 23:06:18.024003 nixos kernel: HugeTLB: 16380 KiB vmemmap can be freed for a 1.00 GiB page
Apr 16 23:06:18.024025 nixos kernel: HugeTLB: registered 2.00 MiB page size, pre-allocated 0 pages
Apr 16 23:06:18.024041 nixos kernel: HugeTLB: 28 KiB vmemmap can be freed for a 2.00 MiB page
Apr 16 23:06:18.024058 nixos kernel: ACPI: Disabled all _OSI OS vendors
Apr 16 23:06:18.024075 nixos kernel: ACPI: Added _OSI(Module Device)
Apr 16 23:06:18.024091 nixos kernel: ACPI: Added _OSI(Processor Device)
Apr 16 23:06:18.024106 nixos kernel: ACPI: Added _OSI(Processor Aggregator Device)
Apr 16 23:06:18.024126 nixos kernel: ACPI: Added _OSI(Darwin)
Apr 16 23:06:18.024145 nixos kernel: ACPI: 10 ACPI AML tables successfully acquired and loaded
Apr 16 23:06:18.024161 nixos kernel: ACPI: EC: EC started
Apr 16 23:06:18.024178 nixos kernel: ACPI: EC: interrupt blocked
Apr 16 23:06:18.024195 nixos kernel: ACPI: EC: EC_CMD/EC_SC=0x66, EC_DATA=0x62
Apr 16 23:06:18.024213 nixos kernel: ACPI: EC: Boot ECDT EC used to handle transactions
Apr 16 23:06:18.024232 nixos kernel: ACPI: BIOS _OSI(Darwin) query honored via DMI
Apr 16 23:06:18.024250 nixos kernel: ACPI: [Firmware Bug]: BIOS _OSI(Linux) query ignored
Apr 16 23:06:18.024266 nixos kernel: ACPI: Dynamic OEM Table Load:
Apr 16 23:06:18.024289 nixos kernel: ACPI: SSDT 0xFFFF8C80C2C27000 0004F0 (v01 PmRef  Cpu0Cst  00003001 INTL 20100915)
Apr 16 23:06:18.024307 nixos kernel: ACPI: Dynamic OEM Table Load:
Apr 16 23:06:18.024331 nixos kernel: ACPI: SSDT 0xFFFF8C80C2C24800 00067C (v01 PmRef  ApIst    00003000 INTL 20100915)
Apr 16 23:06:18.024347 nixos kernel: ACPI: Dynamic OEM Table Load:
Apr 16 23:06:18.024364 nixos kernel: ACPI: SSDT 0xFFFF8C80C205E200 000119 (v01 PmRef  ApCst    00003000 INTL 20100915)
Apr 16 23:06:18.024383 nixos kernel: ACPI: Interpreter enabled
Apr 16 23:06:18.024401 nixos kernel: ACPI: PM: (supports S0 S3 S4 S5)
Apr 16 23:06:18.024418 nixos kernel: ACPI: Using IOAPIC for interrupt routing
Apr 16 23:06:18.024434 nixos kernel: PCI: Using host bridge windows from ACPI; if necessary, use "pci=nocrs" and report a bug
Apr 16 23:06:18.024455 nixos kernel: PCI: Ignoring E820 reservations for host bridge windows
Apr 16 23:06:18.024475 nixos kernel: ACPI: Enabled 4 GPEs in block 00 to 7F
Apr 16 23:06:18.024493 nixos kernel: ACPI: PCI Root Bridge [PCI0] (domain 0000 [bus 00-ff])
Apr 16 23:06:18.024942 nixos kernel: acpi PNP0A08:00: _OSC: OS assumes control of [PCIeHotplug SHPCHotplug AER PCIeCapability LTR DPC]
Apr 16 23:06:18.025273 nixos kernel: acpi PNP0A08:00: [Firmware Info]: ECAM [mem 0xe0000000-0xe9bfffff] for domain 0000 [bus 00-9b] only partially covers this bridge
Apr 16 23:06:18.025300 nixos kernel: PCI host bridge to bus 0000:00
Apr 16 23:06:18.025575 nixos kernel: pci_bus 0000:00: root bus resource [io  0x0000-0x0cf7 window]
Apr 16 23:06:18.025847 nixos kernel: pci_bus 0000:00: root bus resource [io  0x0d00-0xffff window]
Apr 16 23:06:18.026122 nixos kernel: pci_bus 0000:00: root bus resource [mem 0x000a0000-0x000fffff window]
Apr 16 23:06:18.026393 nixos kernel: pci_bus 0000:00: root bus resource [mem 0x8fa00000-0xfeafffff window]
Apr 16 23:06:18.026653 nixos kernel: pci_bus 0000:00: root bus resource [mem 0xfed40000-0xfed44fff window]
Apr 16 23:06:18.026973 nixos kernel: pci_bus 0000:00: root bus resource [bus 00-ff]
Apr 16 23:06:18.027315 nixos kernel: pci 0000:00:00.0: [8086:0a04] type 00 class 0x060000 conventional PCI endpoint
Apr 16 23:06:18.027651 nixos kernel: pci 0000:00:02.0: [8086:0a2e] type 00 class 0x030000 conventional PCI endpoint
Apr 16 23:06:18.027977 nixos kernel: pci 0000:00:02.0: BAR 0 [mem 0xb0000000-0xb03fffff 64bit]
Apr 16 23:06:18.028291 nixos kernel: pci 0000:00:02.0: BAR 2 [mem 0xa0000000-0xafffffff 64bit pref]
Apr 16 23:06:18.028603 nixos kernel: pci 0000:00:02.0: BAR 4 [io  0x2000-0x203f]
Apr 16 23:06:18.028936 nixos kernel: pci 0000:00:02.0: Video device with shadowed ROM at [mem 0x000c0000-0x000dffff]
Apr 16 23:06:18.029238 nixos kernel: pci 0000:00:03.0: [8086:0a0c] type 00 class 0x040300 PCIe Root Complex Integrated Endpoint
Apr 16 23:06:18.029518 nixos kernel: pci 0000:00:03.0: BAR 0 [mem 0xb0a10000-0xb0a13fff 64bit]
Apr 16 23:06:18.029814 nixos kernel: pci 0000:00:14.0: [8086:9c31] type 00 class 0x0c0330 conventional PCI endpoint
Apr 16 23:06:18.030112 nixos kernel: pci 0000:00:14.0: BAR 0 [mem 0xb0a00000-0xb0a0ffff 64bit]
Apr 16 23:06:18.030397 nixos kernel: pci 0000:00:14.0: PME# supported from D3hot D3cold
Apr 16 23:06:18.030676 nixos kernel: pci 0000:00:16.0: [8086:9c3a] type 00 class 0x078000 conventional PCI endpoint
Apr 16 23:06:18.030980 nixos kernel: pci 0000:00:16.0: BAR 0 [mem 0xb0a2a100-0xb0a2a11f 64bit]
Apr 16 23:06:18.031291 nixos kernel: pci 0000:00:16.0: PME# supported from D0 D3hot D3cold
Apr 16 23:06:18.031610 nixos kernel: pci 0000:00:1b.0: [8086:9c20] type 00 class 0x040300 PCIe Root Complex Integrated Endpoint
Apr 16 23:06:18.031979 nixos kernel: pci 0000:00:1b.0: BAR 0 [mem 0xb0a14000-0xb0a17fff 64bit]
Apr 16 23:06:18.032305 nixos kernel: pci 0000:00:1b.0: PME# supported from D0 D3hot D3cold
Apr 16 23:06:18.032635 nixos kernel: pci 0000:00:1c.0: [8086:9c10] type 01 class 0x060400 PCIe Root Port
Apr 16 23:06:18.033022 nixos kernel: pci 0000:00:1c.0: PCI bridge to [bus 01]
Apr 16 23:06:18.033345 nixos kernel: pci 0000:00:1c.0: PME# supported from D0 D3hot D3cold
Apr 16 23:06:18.033668 nixos kernel: pci 0000:00:1c.1: [8086:9c12] type 01 class 0x060400 PCIe Root Port
Apr 16 23:06:18.034052 nixos kernel: pci 0000:00:1c.1: PCI bridge to [bus 02]
Apr 16 23:06:18.034350 nixos kernel: pci 0000:00:1c.1:   bridge window [mem 0xb0800000-0xb09fffff]
Apr 16 23:06:18.034637 nixos kernel: pci 0000:00:1c.1:   bridge window [mem 0x90000000-0x9fffffff 64bit pref]
Apr 16 23:06:18.034932 nixos kernel: pci 0000:00:1c.1: PME# supported from D0 D3hot D3cold
Apr 16 23:06:18.035226 nixos kernel: pci 0000:00:1c.2: [8086:9c14] type 01 class 0x060400 PCIe Root Port
Apr 16 23:06:18.035509 nixos kernel: pci 0000:00:1c.2: PCI bridge to [bus 03]
Apr 16 23:06:18.035794 nixos kernel: pci 0000:00:1c.2:   bridge window [mem 0xb0400000-0xb06fffff]
Apr 16 23:06:18.036099 nixos kernel: pci 0000:00:1c.2: PME# supported from D0 D3hot D3cold
Apr 16 23:06:18.036389 nixos kernel: pci 0000:00:1c.4: [8086:9c18] type 01 class 0x060400 PCIe Root Port
Apr 16 23:06:18.036675 nixos kernel: pci 0000:00:1c.4: PCI bridge to [bus 05-9b]
Apr 16 23:06:18.036994 nixos kernel: pci 0000:00:1c.4:   bridge window [io  0x3000-0x5fff]
Apr 16 23:06:18.037280 nixos kernel: pci 0000:00:1c.4:   bridge window [mem 0xb0b00000-0xbcbfffff]
Apr 16 23:06:18.037567 nixos kernel: pci 0000:00:1c.4:   bridge window [mem 0xbcc00000-0xc8bfffff 64bit pref]
Apr 16 23:06:18.037852 nixos kernel: pci 0000:00:1c.4: PME# supported from D0 D3hot D3cold
Apr 16 23:06:18.038186 nixos kernel: pci 0000:00:1c.5: [8086:9c1a] type 01 class 0x060400 PCIe Root Port
Apr 16 23:06:18.038519 nixos kernel: pci 0000:00:1c.5: PCI bridge to [bus 04]
Apr 16 23:06:18.038833 nixos kernel: pci 0000:00:1c.5:   bridge window [mem 0xb0700000-0xb07fffff]
Apr 16 23:06:18.039198 nixos kernel: pci 0000:00:1c.5: PME# supported from D0 D3hot D3cold
Apr 16 23:06:18.039534 nixos kernel: pci 0000:00:1f.0: [8086:9c43] type 00 class 0x060100 conventional PCI endpoint
Apr 16 23:06:18.039856 nixos kernel: pci 0000:00:1f.3: [8086:9c22] type 00 class 0x0c0500 conventional PCI endpoint
Apr 16 23:06:18.040185 nixos kernel: pci 0000:00:1f.3: BAR 0 [mem 0xb0a2a000-0xb0a2a0ff 64bit]
Apr 16 23:06:18.040513 nixos kernel: pci 0000:00:1f.3: BAR 4 [io  0xefa0-0xefbf]
Apr 16 23:06:18.040839 nixos kernel: pci 0000:00:1c.0: PCI bridge to [bus 01]
Apr 16 23:06:18.041200 nixos kernel: pci 0000:02:00.0: [14e4:1570] type 00 class 0x048000 PCIe Endpoint
Apr 16 23:06:18.041494 nixos kernel: pci 0000:02:00.0: BAR 0 [mem 0xb0900000-0xb090ffff 64bit]
Apr 16 23:06:18.041787 nixos kernel: pci 0000:02:00.0: BAR 2 [mem 0x90000000-0x9fffffff 64bit pref]
Apr 16 23:06:18.042098 nixos kernel: pci 0000:02:00.0: BAR 4 [mem 0xb0800000-0xb08fffff 64bit]
Apr 16 23:06:18.042391 nixos kernel: pci 0000:02:00.0: supports D1
Apr 16 23:06:18.042684 nixos kernel: pci 0000:02:00.0: PME# supported from D0 D3hot
Apr 16 23:06:18.042986 nixos kernel: pci 0000:00:1c.1: PCI bridge to [bus 02]
Apr 16 23:06:18.043287 nixos kernel: pci 0000:03:00.0: [14e4:43a0] type 00 class 0x028000 PCIe Endpoint
Apr 16 23:06:18.043578 nixos kernel: pci 0000:03:00.0: BAR 0 [mem 0xb0600000-0xb0607fff 64bit]
Apr 16 23:06:18.043973 nixos kernel: pci 0000:03:00.0: BAR 2 [mem 0xb0400000-0xb05fffff 64bit]
Apr 16 23:06:18.044281 nixos kernel: pci 0000:03:00.0: supports D1 D2
Apr 16 23:06:18.044573 nixos kernel: pci 0000:03:00.0: PME# supported from D0 D1 D2 D3hot D3cold
Apr 16 23:06:18.044856 nixos kernel: pci 0000:00:1c.2: PCI bridge to [bus 03]
Apr 16 23:06:18.045171 nixos kernel: pci 0000:05:00.0: [8086:156d] type 01 class 0x060400 PCIe Switch Upstream Port
Apr 16 23:06:18.045476 nixos kernel: pci 0000:05:00.0: PCI bridge to [bus 06-6b]
Apr 16 23:06:18.045774 nixos kernel: pci 0000:05:00.0:   bridge window [io  0x3000-0x4fff]
Apr 16 23:06:18.046114 nixos kernel: pci 0000:05:00.0:   bridge window [mem 0xb0b00000-0xb8bfffff]
Apr 16 23:06:18.046450 nixos kernel: pci 0000:05:00.0:   bridge window [mem 0xbcc00000-0xc4bfffff 64bit pref]
Apr 16 23:06:18.046776 nixos kernel: pci 0000:05:00.0: enabling Extended Tags
Apr 16 23:06:18.047130 nixos kernel: pci 0000:05:00.0: supports D1 D2
Apr 16 23:06:18.047462 nixos kernel: pci 0000:05:00.0: PME# supported from D0 D1 D2 D3hot D3cold
Apr 16 23:06:18.047784 nixos kernel: pci 0000:00:1c.4: PCI bridge to [bus 05-9b]
Apr 16 23:06:18.048175 nixos kernel: pci 0000:06:00.0: [8086:156d] type 01 class 0x060400 PCIe Switch Downstream Port
Apr 16 23:06:18.048520 nixos kernel: pci 0000:06:00.0: PCI bridge to [bus 07]
Apr 16 23:06:18.048882 nixos kernel: pci 0000:06:00.0:   bridge window [mem 0xb0b00000-0xb0bfffff]
Apr 16 23:06:18.049240 nixos kernel: pci 0000:06:00.0: enabling Extended Tags
Apr 16 23:06:18.049587 nixos kernel: pci 0000:06:00.0: supports D1 D2
Apr 16 23:06:18.049959 nixos kernel: pci 0000:06:00.0: PME# supported from D0 D1 D2 D3hot D3cold
Apr 16 23:06:18.050288 nixos kernel: pci 0000:06:03.0: [8086:156d] type 01 class 0x060400 PCIe Switch Downstream Port
Apr 16 23:06:18.050603 nixos kernel: pci 0000:06:03.0: PCI bridge to [bus 08-38]
Apr 16 23:06:18.050916 nixos kernel: pci 0000:06:03.0:   bridge window [io  0x3000-0x3fff]
Apr 16 23:06:18.051221 nixos kernel: pci 0000:06:03.0:   bridge window [mem 0xb0c00000-0xb4bfffff]
Apr 16 23:06:18.051523 nixos kernel: pci 0000:06:03.0:   bridge window [mem 0xbcc00000-0xc0bfffff 64bit pref]
Apr 16 23:06:18.051839 nixos kernel: pci 0000:06:03.0: enabling Extended Tags
Apr 16 23:06:18.056292 nixos kernel: pci 0000:06:03.0: supports D1 D2
Apr 16 23:06:18.056629 nixos kernel: pci 0000:06:03.0: PME# supported from D0 D1 D2 D3hot D3cold
Apr 16 23:06:18.058688 nixos kernel: pci 0000:06:04.0: [8086:156d] type 01 class 0x060400 PCIe Switch Downstream Port
Apr 16 23:06:18.065056 nixos kernel: pci 0000:06:04.0: PCI bridge to [bus 39]
Apr 16 23:06:18.065376 nixos kernel: pci 0000:06:04.0: enabling Extended Tags
Apr 16 23:06:18.065666 nixos kernel: pci 0000:06:04.0: supports D1 D2
Apr 16 23:06:18.066095 nixos kernel: pci 0000:06:04.0: PME# supported from D0 D1 D2 D3hot D3cold
Apr 16 23:06:18.066395 nixos kernel: pci 0000:06:05.0: [8086:156d] type 01 class 0x060400 PCIe Switch Downstream Port
Apr 16 23:06:18.066690 nixos kernel: pci 0000:06:05.0: PCI bridge to [bus 3a-6a]
Apr 16 23:06:18.066990 nixos kernel: pci 0000:06:05.0:   bridge window [io  0x4000-0x4fff]
Apr 16 23:06:18.067292 nixos kernel: pci 0000:06:05.0:   bridge window [mem 0xb4c00000-0xb8bfffff]
Apr 16 23:06:18.067592 nixos kernel: pci 0000:06:05.0:   bridge window [mem 0xc0c00000-0xc4bfffff 64bit pref]
Apr 16 23:06:18.067890 nixos kernel: pci 0000:06:05.0: enabling Extended Tags
Apr 16 23:06:18.068178 nixos kernel: pci 0000:06:05.0: supports D1 D2
Apr 16 23:06:18.068468 nixos kernel: pci 0000:06:05.0: PME# supported from D0 D1 D2 D3hot D3cold
Apr 16 23:06:18.068753 nixos kernel: pci 0000:06:06.0: [8086:156d] type 01 class 0x060400 PCIe Switch Downstream Port
Apr 16 23:06:18.069050 nixos kernel: pci 0000:06:06.0: PCI bridge to [bus 6b]
Apr 16 23:06:18.069330 nixos kernel: pci 0000:06:06.0: enabling Extended Tags
Apr 16 23:06:18.069614 nixos kernel: pci 0000:06:06.0: supports D1 D2
Apr 16 23:06:18.069898 nixos kernel: pci 0000:06:06.0: PME# supported from D0 D1 D2 D3hot D3cold
Apr 16 23:06:18.070168 nixos kernel: pci 0000:05:00.0: PCI bridge to [bus 06-6b]
Apr 16 23:06:18.070460 nixos kernel: pci 0000:07:00.0: [8086:156c] type 00 class 0x088000 PCIe Endpoint
Apr 16 23:06:18.070751 nixos kernel: pci 0000:07:00.0: BAR 0 [mem 0xb0b00000-0xb0b3ffff]
Apr 16 23:06:18.071047 nixos kernel: pci 0000:07:00.0: BAR 1 [mem 0xb0b40000-0xb0b40fff]
Apr 16 23:06:18.071331 nixos kernel: pci 0000:07:00.0: enabling Extended Tags
Apr 16 23:06:18.071614 nixos kernel: pci 0000:07:00.0: supports D1 D2
Apr 16 23:06:18.071904 nixos kernel: pci 0000:07:00.0: PME# supported from D0 D1 D2 D3hot D3cold
Apr 16 23:06:18.072190 nixos kernel: pci 0000:06:00.0: PCI bridge to [bus 07]
Apr 16 23:06:18.072468 nixos kernel: pci 0000:06:03.0: PCI bridge to [bus 08-38]
Apr 16 23:06:18.072745 nixos kernel: pci 0000:06:04.0: PCI bridge to [bus 39]
Apr 16 23:06:18.073028 nixos kernel: pci 0000:06:05.0: PCI bridge to [bus 3a-6a]
Apr 16 23:06:18.073304 nixos kernel: pci 0000:06:06.0: PCI bridge to [bus 6b]
Apr 16 23:06:18.073574 nixos kernel: pci 0000:04:00.0: [144d:1600] type 00 class 0x010601 PCIe Endpoint
Apr 16 23:06:18.073841 nixos kernel: pci 0000:04:00.0: BAR 5 [mem 0xb0700000-0xb0701fff]
Apr 16 23:06:18.074118 nixos kernel: pci 0000:04:00.0: ROM [mem 0xffff0000-0xffffffff pref]
Apr 16 23:06:18.074388 nixos kernel: pci 0000:04:00.0: PME# supported from D3hot D3cold
Apr 16 23:06:18.074653 nixos kernel: pci 0000:04:00.0: 8.000 Gb/s available PCIe bandwidth, limited by 5.0 GT/s PCIe x2 link at 0000:00:1c.5 (capable of 16.000 Gb/s with 5.0 GT/s PCIe x4 link)
Apr 16 23:06:18.074915 nixos kernel: pci 0000:00:1c.5: PCI bridge to [bus 04]
Apr 16 23:06:18.074937 nixos kernel: ACPI: PCI: Interrupt link LNKA configured for IRQ 0
Apr 16 23:06:18.074954 nixos kernel: ACPI: PCI: Interrupt link LNKA disabled
Apr 16 23:06:18.074969 nixos kernel: ACPI: PCI: Interrupt link LNKB configured for IRQ 0
Apr 16 23:06:18.074984 nixos kernel: ACPI: PCI: Interrupt link LNKB disabled
Apr 16 23:06:18.074999 nixos kernel: ACPI: PCI: Interrupt link LNKC configured for IRQ 0
Apr 16 23:06:18.075018 nixos kernel: ACPI: PCI: Interrupt link LNKC disabled
Apr 16 23:06:18.075034 nixos kernel: ACPI: PCI: Interrupt link LNKD configured for IRQ 0
Apr 16 23:06:18.075049 nixos kernel: ACPI: PCI: Interrupt link LNKD disabled
Apr 16 23:06:18.075064 nixos kernel: ACPI: PCI: Interrupt link LNKE configured for IRQ 0
Apr 16 23:06:18.075078 nixos kernel: ACPI: PCI: Interrupt link LNKE disabled
Apr 16 23:06:18.075093 nixos kernel: ACPI: PCI: Interrupt link LNKF configured for IRQ 0
Apr 16 23:06:18.075108 nixos kernel: ACPI: PCI: Interrupt link LNKF disabled
Apr 16 23:06:18.075123 nixos kernel: ACPI: PCI: Interrupt link LNKG configured for IRQ 0
Apr 16 23:06:18.075138 nixos kernel: ACPI: PCI: Interrupt link LNKG disabled
Apr 16 23:06:18.075155 nixos kernel: ACPI: PCI: Interrupt link LNKH configured for IRQ 0
Apr 16 23:06:18.075170 nixos kernel: ACPI: PCI: Interrupt link LNKH disabled
Apr 16 23:06:18.075185 nixos kernel: ACPI: EC: interrupt unblocked
Apr 16 23:06:18.075200 nixos kernel: ACPI: EC: event unblocked
Apr 16 23:06:18.075215 nixos kernel: ACPI: EC: EC_CMD/EC_SC=0x66, EC_DATA=0x62
Apr 16 23:06:18.075230 nixos kernel: ACPI: EC: GPE=0x4e
Apr 16 23:06:18.075246 nixos kernel: ACPI: \_SB_.PCI0.LPCB.EC__: Boot ECDT EC initialization complete
Apr 16 23:06:18.075261 nixos kernel: ACPI: \_SB_.PCI0.LPCB.EC__: EC: Used to handle transactions and events
Apr 16 23:06:18.075277 nixos kernel: iommu: Default domain type: Translated
Apr 16 23:06:18.075294 nixos kernel: iommu: DMA domain TLB invalidation policy: lazy mode
Apr 16 23:06:18.075310 nixos kernel: ACPI: bus type USB registered
Apr 16 23:06:18.075324 nixos kernel: usbcore: registered new interface driver usbfs
Apr 16 23:06:18.075339 nixos kernel: usbcore: registered new interface driver hub
Apr 16 23:06:18.075354 nixos kernel: usbcore: registered new device driver usb
Apr 16 23:06:18.075369 nixos kernel: efivars: Registered efivars operations
Apr 16 23:06:18.075383 nixos kernel: NetLabel: Initializing
Apr 16 23:06:18.075398 nixos kernel: NetLabel:  domain hash size = 128
Apr 16 23:06:18.075413 nixos kernel: NetLabel:  protocols = UNLABELED CIPSOv4 CALIPSO
Apr 16 23:06:18.075430 nixos kernel: NetLabel:  unlabeled traffic allowed by default
Apr 16 23:06:18.075445 nixos kernel: PCI: Using ACPI for IRQ routing
Apr 16 23:06:18.075460 nixos kernel: PCI: pci_cache_line_size set to 64 bytes
Apr 16 23:06:18.075476 nixos kernel: e820: reserve RAM buffer [mem 0x00058000-0x0005ffff]
Apr 16 23:06:18.075491 nixos kernel: e820: reserve RAM buffer [mem 0x0008f000-0x0008ffff]
Apr 16 23:06:18.075506 nixos kernel: e820: reserve RAM buffer [mem 0x75df7810-0x77ffffff]
Apr 16 23:06:18.075520 nixos kernel: e820: reserve RAM buffer [mem 0x75df8190-0x77ffffff]
Apr 16 23:06:18.075535 nixos kernel: e820: reserve RAM buffer [mem 0x8ad10000-0x8bffffff]
Apr 16 23:06:18.075550 nixos kernel: e820: reserve RAM buffer [mem 0x8ad5d000-0x8bffffff]
Apr 16 23:06:18.075568 nixos kernel: e820: reserve RAM buffer [mem 0x8ae39000-0x8bffffff]
Apr 16 23:06:18.075583 nixos kernel: e820: reserve RAM buffer [mem 0x8aed2000-0x8bffffff]
Apr 16 23:06:18.075598 nixos kernel: e820: reserve RAM buffer [mem 0x8af84000-0x8bffffff]
Apr 16 23:06:18.075613 nixos kernel: e820: reserve RAM buffer [mem 0x8b000000-0x8bffffff]
Apr 16 23:06:18.075628 nixos kernel: e820: reserve RAM buffer [mem 0x26f600000-0x26fffffff]
Apr 16 23:06:18.075889 nixos kernel: pci 0000:00:02.0: vgaarb: setting as boot VGA device
Apr 16 23:06:18.076143 nixos kernel: pci 0000:00:02.0: vgaarb: bridge control possible
Apr 16 23:06:18.076404 nixos kernel: pci 0000:00:02.0: vgaarb: VGA device added: decodes=io+mem,owns=io+mem,locks=none
Apr 16 23:06:18.076423 nixos kernel: vgaarb: loaded
Apr 16 23:06:18.076438 nixos kernel: clocksource: Switched to clocksource tsc-early
Apr 16 23:06:18.076453 nixos kernel: VFS: Disk quotas dquot_6.6.0
Apr 16 23:06:18.076469 nixos kernel: VFS: Dquot-cache hash table entries: 512 (order 0, 4096 bytes)
Apr 16 23:06:18.076484 nixos kernel: pnp: PnP ACPI init
Apr 16 23:06:18.076727 nixos kernel: system 00:00: [mem 0xfed00000-0xfed03fff] has been reserved
Apr 16 23:06:18.076980 nixos kernel: system 00:01: [io  0xffff] has been reserved
Apr 16 23:06:18.077225 nixos kernel: system 00:01: [io  0x1800-0x187f] has been reserved
Apr 16 23:06:18.077463 nixos kernel: system 00:01: [io  0x0800-0x087f] has been reserved
Apr 16 23:06:18.077703 nixos kernel: system 00:03: [mem 0xfed1c000-0xfed1ffff] has been reserved
Apr 16 23:06:18.077950 nixos kernel: system 00:03: [mem 0xfed10000-0xfed17fff] has been reserved
Apr 16 23:06:18.078191 nixos kernel: system 00:03: [mem 0xfed18000-0xfed18fff] has been reserved
Apr 16 23:06:18.078427 nixos kernel: system 00:03: [mem 0xfed19000-0xfed19fff] has been reserved
Apr 16 23:06:18.078665 nixos kernel: system 00:03: [mem 0xe0000000-0xefffffff] could not be reserved
Apr 16 23:06:18.078921 nixos kernel: system 00:03: [mem 0xfed20000-0xfed3ffff] has been reserved
Apr 16 23:06:18.079172 nixos kernel: system 00:03: [mem 0xfed90000-0xfed93fff] could not be reserved
Apr 16 23:06:18.079409 nixos kernel: system 00:03: [mem 0xfed45000-0xfed8ffff] has been reserved
Apr 16 23:06:18.079648 nixos kernel: system 00:03: [mem 0xff000000-0xffffffff] could not be reserved
Apr 16 23:06:18.079901 nixos kernel: system 00:03: [mem 0xfee00000-0xfeefffff] has been reserved
Apr 16 23:06:18.080152 nixos kernel: system 00:04: [mem 0x20000000-0x201fffff] could not be reserved
Apr 16 23:06:18.080398 nixos kernel: system 00:04: [mem 0x40000000-0x401fffff] could not be reserved
Apr 16 23:06:18.080420 nixos kernel: pnp: PnP ACPI: found 5 devices
Apr 16 23:06:18.080684 nixos kernel: pci 0000:00:02.0: assigning 3 device properties
Apr 16 23:06:18.081236 nixos kernel: pci 0000:07:00.0: assigning 8 device properties
Apr 16 23:06:18.081536 nixos kernel: pci 0000:00:1b.0: assigning 4 device properties
Apr 16 23:06:18.081562 nixos kernel: clocksource: acpi_pm: mask: 0xffffff max_cycles: 0xffffff, max_idle_ns: 2085701024 ns
Apr 16 23:06:18.081581 nixos kernel: NET: Registered PF_INET protocol family
Apr 16 23:06:18.081598 nixos kernel: IP idents hash table entries: 131072 (order: 8, 1048576 bytes, linear)
Apr 16 23:06:18.081616 nixos kernel: tcp_listen_portaddr_hash hash table entries: 4096 (order: 4, 65536 bytes, linear)
Apr 16 23:06:18.081633 nixos kernel: Table-perturb hash table entries: 65536 (order: 6, 262144 bytes, linear)
Apr 16 23:06:18.081650 nixos kernel: TCP established hash table entries: 65536 (order: 7, 524288 bytes, linear)
Apr 16 23:06:18.081674 nixos kernel: TCP bind hash table entries: 65536 (order: 9, 2097152 bytes, linear)
Apr 16 23:06:18.081691 nixos kernel: TCP: Hash tables configured (established 65536 bind 65536)
Apr 16 23:06:18.081708 nixos kernel: MPTCP token hash table entries: 8192 (order: 6, 196608 bytes, linear)
Apr 16 23:06:18.081725 nixos kernel: UDP hash table entries: 4096 (order: 5, 131072 bytes, linear)
Apr 16 23:06:18.081742 nixos kernel: UDP-Lite hash table entries: 4096 (order: 5, 131072 bytes, linear)
Apr 16 23:06:18.081758 nixos kernel: NET: Registered PF_UNIX/PF_LOCAL protocol family
Apr 16 23:06:18.081775 nixos kernel: NET: Registered PF_XDP protocol family
Apr 16 23:06:18.082082 nixos kernel: pci 0000:04:00.0: ROM [mem 0xffff0000-0xffffffff pref]: can't claim; no compatible bridge window
Apr 16 23:06:18.082397 nixos kernel: pci 0000:06:00.0: bridge window [io  0x1000-0x0fff] to [bus 07] add_size 1000
Apr 16 23:06:18.082702 nixos kernel: pci 0000:06:00.0: bridge window [mem 0x00100000-0x000fffff 64bit pref] to [bus 07] add_size 200000 add_align 100000
Apr 16 23:06:18.083035 nixos kernel: pci 0000:06:04.0: bridge window [io  0x1000-0x0fff] to [bus 39] add_size 1000
Apr 16 23:06:18.083347 nixos kernel: pci 0000:06:04.0: bridge window [mem 0x00100000-0x000fffff 64bit pref] to [bus 39] add_size 200000 add_align 100000
Apr 16 23:06:18.083660 nixos kernel: pci 0000:06:04.0: bridge window [mem 0x00100000-0x000fffff] to [bus 39] add_size 200000 add_align 100000
Apr 16 23:06:18.083999 nixos kernel: pci 0000:06:06.0: bridge window [io  0x1000-0x0fff] to [bus 6b] add_size 1000
Apr 16 23:06:18.084322 nixos kernel: pci 0000:06:06.0: bridge window [mem 0x00100000-0x000fffff 64bit pref] to [bus 6b] add_size 200000 add_align 100000
Apr 16 23:06:18.084642 nixos kernel: pci 0000:06:06.0: bridge window [mem 0x00100000-0x000fffff] to [bus 6b] add_size 200000 add_align 100000
Apr 16 23:06:18.084957 nixos kernel: pci 0000:00:1c.0: PCI bridge to [bus 01]
Apr 16 23:06:18.085275 nixos kernel: pci 0000:00:1c.1: PCI bridge to [bus 02]
Apr 16 23:06:18.085583 nixos kernel: pci 0000:00:1c.1:   bridge window [mem 0xb0800000-0xb09fffff]
Apr 16 23:06:18.085890 nixos kernel: pci 0000:00:1c.1:   bridge window [mem 0x90000000-0x9fffffff 64bit pref]
Apr 16 23:06:18.086186 nixos kernel: pci 0000:00:1c.2: PCI bridge to [bus 03]
Apr 16 23:06:18.086474 nixos kernel: pci 0000:00:1c.2:   bridge window [mem 0xb0400000-0xb06fffff]
Apr 16 23:06:18.086786 nixos kernel: pci 0000:06:00.0: bridge window [mem size 0x00200000 64bit pref]: can't assign; no space
Apr 16 23:06:18.087108 nixos kernel: pci 0000:06:00.0: bridge window [mem size 0x00200000 64bit pref]: failed to assign
Apr 16 23:06:18.087424 nixos kernel: pci 0000:06:04.0: bridge window [mem size 0x00200000]: can't assign; no space
Apr 16 23:06:18.087740 nixos kernel: pci 0000:06:04.0: bridge window [mem size 0x00200000]: failed to assign
Apr 16 23:06:18.088059 nixos kernel: pci 0000:06:04.0: bridge window [mem size 0x00200000 64bit pref]: can't assign; no space
Apr 16 23:06:18.088368 nixos kernel: pci 0000:06:04.0: bridge window [mem size 0x00200000 64bit pref]: failed to assign
Apr 16 23:06:18.088677 nixos kernel: pci 0000:06:06.0: bridge window [mem size 0x00200000]: can't assign; no space
Apr 16 23:06:18.089045 nixos kernel: pci 0000:06:06.0: bridge window [mem size 0x00200000]: failed to assign
Apr 16 23:06:18.089357 nixos kernel: pci 0000:06:06.0: bridge window [mem size 0x00200000 64bit pref]: can't assign; no space
Apr 16 23:06:18.089666 nixos kernel: pci 0000:06:06.0: bridge window [mem size 0x00200000 64bit pref]: failed to assign
Apr 16 23:06:18.089986 nixos kernel: pci 0000:06:00.0: bridge window [io  size 0x1000]: can't assign; no space
Apr 16 23:06:18.090306 nixos kernel: pci 0000:06:00.0: bridge window [io  size 0x1000]: failed to assign
Apr 16 23:06:18.090619 nixos kernel: pci 0000:06:04.0: bridge window [io  size 0x1000]: can't assign; no space
Apr 16 23:06:18.090946 nixos kernel: pci 0000:06:04.0: bridge window [io  size 0x1000]: failed to assign
Apr 16 23:06:18.091256 nixos kernel: pci 0000:06:06.0: bridge window [io  size 0x1000]: can't assign; no space
Apr 16 23:06:18.091578 nixos kernel: pci 0000:06:06.0: bridge window [io  size 0x1000]: failed to assign
Apr 16 23:06:18.091902 nixos kernel: pci 0000:06:06.0: bridge window [mem size 0x00200000]: can't assign; no space
Apr 16 23:06:18.092216 nixos kernel: pci 0000:06:06.0: bridge window [mem size 0x00200000]: failed to assign
Apr 16 23:06:18.092534 nixos kernel: pci 0000:06:06.0: bridge window [mem size 0x00200000 64bit pref]: can't assign; no space
Apr 16 23:06:18.092847 nixos kernel: pci 0000:06:06.0: bridge window [mem size 0x00200000 64bit pref]: failed to assign
Apr 16 23:06:18.093183 nixos kernel: pci 0000:06:06.0: bridge window [io  size 0x1000]: can't assign; no space
Apr 16 23:06:18.093493 nixos kernel: pci 0000:06:06.0: bridge window [io  size 0x1000]: failed to assign
Apr 16 23:06:18.093803 nixos kernel: pci 0000:06:04.0: bridge window [mem size 0x00200000]: can't assign; no space
Apr 16 23:06:18.094122 nixos kernel: pci 0000:06:04.0: bridge window [mem size 0x00200000]: failed to assign
Apr 16 23:06:18.094434 nixos kernel: pci 0000:06:04.0: bridge window [mem size 0x00200000 64bit pref]: can't assign; no space
Apr 16 23:06:18.094744 nixos kernel: pci 0000:06:04.0: bridge window [mem size 0x00200000 64bit pref]: failed to assign
Apr 16 23:06:18.095076 nixos kernel: pci 0000:06:04.0: bridge window [io  size 0x1000]: can't assign; no space
Apr 16 23:06:18.095389 nixos kernel: pci 0000:06:04.0: bridge window [io  size 0x1000]: failed to assign
Apr 16 23:06:18.095701 nixos kernel: pci 0000:06:00.0: bridge window [mem size 0x00200000 64bit pref]: can't assign; no space
Apr 16 23:06:18.096027 nixos kernel: pci 0000:06:00.0: bridge window [mem size 0x00200000 64bit pref]: failed to assign
Apr 16 23:06:18.096337 nixos kernel: pci 0000:06:00.0: bridge window [io  size 0x1000]: can't assign; no space
Apr 16 23:06:18.096646 nixos kernel: pci 0000:06:00.0: bridge window [io  size 0x1000]: failed to assign
Apr 16 23:06:18.096972 nixos kernel: pci 0000:06:00.0: PCI bridge to [bus 07]
Apr 16 23:06:18.097287 nixos kernel: pci 0000:06:00.0:   bridge window [mem 0xb0b00000-0xb0bfffff]
Apr 16 23:06:18.097602 nixos kernel: pci 0000:06:03.0: PCI bridge to [bus 08-38]
Apr 16 23:06:18.097922 nixos kernel: pci 0000:06:03.0:   bridge window [io  0x3000-0x3fff]
Apr 16 23:06:18.098231 nixos kernel: pci 0000:06:03.0:   bridge window [mem 0xb0c00000-0xb4bfffff]
Apr 16 23:06:18.098541 nixos kernel: pci 0000:06:03.0:   bridge window [mem 0xbcc00000-0xc0bfffff 64bit pref]
Apr 16 23:06:18.098848 nixos kernel: pci 0000:06:04.0: PCI bridge to [bus 39]
Apr 16 23:06:18.099167 nixos kernel: pci 0000:06:05.0: PCI bridge to [bus 3a-6a]
Apr 16 23:06:18.099479 nixos kernel: pci 0000:06:05.0:   bridge window [io  0x4000-0x4fff]
Apr 16 23:06:18.099787 nixos kernel: pci 0000:06:05.0:   bridge window [mem 0xb4c00000-0xb8bfffff]
Apr 16 23:06:18.100110 nixos kernel: pci 0000:06:05.0:   bridge window [mem 0xc0c00000-0xc4bfffff 64bit pref]
Apr 16 23:06:18.100421 nixos kernel: pci 0000:06:06.0: PCI bridge to [bus 6b]
Apr 16 23:06:18.100721 nixos kernel: pci 0000:05:00.0: PCI bridge to [bus 06-6b]
Apr 16 23:06:18.101028 nixos kernel: pci 0000:05:00.0:   bridge window [io  0x3000-0x4fff]
Apr 16 23:06:18.101325 nixos kernel: pci 0000:05:00.0:   bridge window [mem 0xb0b00000-0xb8bfffff]
Apr 16 23:06:18.101623 nixos kernel: pci 0000:05:00.0:   bridge window [mem 0xbcc00000-0xc4bfffff 64bit pref]
Apr 16 23:06:18.101918 nixos kernel: pci 0000:00:1c.4: PCI bridge to [bus 05-9b]
Apr 16 23:06:18.102203 nixos kernel: pci 0000:00:1c.4:   bridge window [io  0x3000-0x5fff]
Apr 16 23:06:18.102486 nixos kernel: pci 0000:00:1c.4:   bridge window [mem 0xb0b00000-0xbcbfffff]
Apr 16 23:06:18.102777 nixos kernel: pci 0000:00:1c.4:   bridge window [mem 0xbcc00000-0xc8bfffff 64bit pref]
Apr 16 23:06:18.103087 nixos kernel: pci 0000:04:00.0: ROM [mem 0xb0710000-0xb071ffff pref]: assigned
Apr 16 23:06:18.103378 nixos kernel: pci 0000:00:1c.5: PCI bridge to [bus 04]
Apr 16 23:06:18.103663 nixos kernel: pci 0000:00:1c.5:   bridge window [mem 0xb0700000-0xb07fffff]
Apr 16 23:06:18.103948 nixos kernel: pci_bus 0000:00: resource 4 [io  0x0000-0x0cf7 window]
Apr 16 23:06:18.104214 nixos kernel: pci_bus 0000:00: resource 5 [io  0x0d00-0xffff window]
Apr 16 23:06:18.104476 nixos kernel: pci_bus 0000:00: resource 6 [mem 0x000a0000-0x000fffff window]
Apr 16 23:06:18.104727 nixos kernel: pci_bus 0000:00: resource 7 [mem 0x8fa00000-0xfeafffff window]
Apr 16 23:06:18.104986 nixos kernel: pci_bus 0000:00: resource 8 [mem 0xfed40000-0xfed44fff window]
Apr 16 23:06:18.105270 nixos kernel: pci_bus 0000:02: resource 1 [mem 0xb0800000-0xb09fffff]
Apr 16 23:06:18.105533 nixos kernel: pci_bus 0000:02: resource 2 [mem 0x90000000-0x9fffffff 64bit pref]
Apr 16 23:06:18.105806 nixos kernel: pci_bus 0000:03: resource 1 [mem 0xb0400000-0xb06fffff]
Apr 16 23:06:18.106105 nixos kernel: pci_bus 0000:05: resource 0 [io  0x3000-0x5fff]
Apr 16 23:06:18.106371 nixos kernel: pci_bus 0000:05: resource 1 [mem 0xb0b00000-0xbcbfffff]
Apr 16 23:06:18.106638 nixos kernel: pci_bus 0000:05: resource 2 [mem 0xbcc00000-0xc8bfffff 64bit pref]
Apr 16 23:06:18.106946 nixos kernel: pci_bus 0000:06: resource 0 [io  0x3000-0x4fff]
Apr 16 23:06:18.107238 nixos kernel: pci_bus 0000:06: resource 1 [mem 0xb0b00000-0xb8bfffff]
Apr 16 23:06:18.107522 nixos kernel: pci_bus 0000:06: resource 2 [mem 0xbcc00000-0xc4bfffff 64bit pref]
Apr 16 23:06:18.107830 nixos kernel: pci_bus 0000:07: resource 1 [mem 0xb0b00000-0xb0bfffff]
Apr 16 23:06:18.108149 nixos kernel: pci_bus 0000:08: resource 0 [io  0x3000-0x3fff]
Apr 16 23:06:18.108445 nixos kernel: pci_bus 0000:08: resource 1 [mem 0xb0c00000-0xb4bfffff]
Apr 16 23:06:18.108741 nixos kernel: pci_bus 0000:08: resource 2 [mem 0xbcc00000-0xc0bfffff 64bit pref]
Apr 16 23:06:18.109065 nixos kernel: pci_bus 0000:3a: resource 0 [io  0x4000-0x4fff]
Apr 16 23:06:18.109371 nixos kernel: pci_bus 0000:3a: resource 1 [mem 0xb4c00000-0xb8bfffff]
Apr 16 23:06:18.109666 nixos kernel: pci_bus 0000:3a: resource 2 [mem 0xc0c00000-0xc4bfffff 64bit pref]
Apr 16 23:06:18.109968 nixos kernel: pci_bus 0000:04: resource 1 [mem 0xb0700000-0xb07fffff]
Apr 16 23:06:18.109993 nixos kernel: PCI: CLS 256 bytes, default 64
Apr 16 23:06:18.110012 nixos kernel: DMAR: No ATSR found
Apr 16 23:06:18.110029 nixos kernel: DMAR: No SATC found
Apr 16 23:06:18.110046 nixos kernel: DMAR: IOMMU feature pgsel_inv inconsistent
Apr 16 23:06:18.110068 nixos kernel: DMAR: IOMMU feature sc_support inconsistent
Apr 16 23:06:18.110085 nixos kernel: DMAR: IOMMU feature pass_through inconsistent
Apr 16 23:06:18.110102 nixos kernel: DMAR: dmar0: Using Queued invalidation
Apr 16 23:06:18.110119 nixos kernel: DMAR: dmar1: Using Queued invalidation
Apr 16 23:06:18.110135 nixos kernel: Trying to unpack rootfs image as initramfs...
Apr 16 23:06:18.110418 nixos kernel: pci 0000:00:02.0: Adding to iommu group 0
Apr 16 23:06:18.110704 nixos kernel: pci 0000:00:00.0: Adding to iommu group 1
Apr 16 23:06:18.111011 nixos kernel: pci 0000:00:03.0: Adding to iommu group 2
Apr 16 23:06:18.111302 nixos kernel: pci 0000:00:14.0: Adding to iommu group 3
Apr 16 23:06:18.111593 nixos kernel: pci 0000:00:16.0: Adding to iommu group 4
Apr 16 23:06:18.111892 nixos kernel: pci 0000:00:1b.0: Adding to iommu group 5
Apr 16 23:06:18.112174 nixos kernel: pci 0000:00:1c.0: Adding to iommu group 6
Apr 16 23:06:18.112457 nixos kernel: pci 0000:00:1c.1: Adding to iommu group 6
Apr 16 23:06:18.112741 nixos kernel: pci 0000:00:1c.2: Adding to iommu group 6
Apr 16 23:06:18.113034 nixos kernel: pci 0000:00:1c.4: Adding to iommu group 6
Apr 16 23:06:18.113319 nixos kernel: pci 0000:00:1c.5: Adding to iommu group 6
Apr 16 23:06:18.113600 nixos kernel: pci 0000:00:1f.0: Adding to iommu group 7
Apr 16 23:06:18.113897 nixos kernel: pci 0000:00:1f.3: Adding to iommu group 7
Apr 16 23:06:18.114193 nixos kernel: pci 0000:02:00.0: Adding to iommu group 6
Apr 16 23:06:18.114487 nixos kernel: pci 0000:03:00.0: Adding to iommu group 6
Apr 16 23:06:18.114784 nixos kernel: pci 0000:05:00.0: Adding to iommu group 6
Apr 16 23:06:18.115122 nixos kernel: pci 0000:06:00.0: Adding to iommu group 6
Apr 16 23:06:18.115435 nixos kernel: pci 0000:06:03.0: Adding to iommu group 6
Apr 16 23:06:18.115747 nixos kernel: pci 0000:06:04.0: Adding to iommu group 6
Apr 16 23:06:18.116065 nixos kernel: pci 0000:06:05.0: Adding to iommu group 6
Apr 16 23:06:18.116381 nixos kernel: pci 0000:06:06.0: Adding to iommu group 6
Apr 16 23:06:18.116700 nixos kernel: pci 0000:07:00.0: Adding to iommu group 6
Apr 16 23:06:18.117006 nixos kernel: pci 0000:04:00.0: Adding to iommu group 6
Apr 16 23:06:18.117031 nixos kernel: DMAR: Intel(R) Virtualization Technology for Directed I/O
Apr 16 23:06:18.117050 nixos kernel: PCI-DMA: Using software bounce buffering for IO (SWIOTLB)
Apr 16 23:06:18.117068 nixos kernel: software IO TLB: mapped [mem 0x000000006d240000-0x0000000071240000] (64MB)
Apr 16 23:06:18.117086 nixos kernel: Initialise system trusted keyrings
Apr 16 23:06:18.117103 nixos kernel: workingset: timestamp_bits=40 max_order=21 bucket_order=0
Apr 16 23:06:18.117124 nixos kernel: Key type asymmetric registered
Apr 16 23:06:18.117142 nixos kernel: Asymmetric key parser 'x509' registered
Apr 16 23:06:18.117159 nixos kernel: Block layer SCSI generic (bsg) driver version 0.4 loaded (major 251)
Apr 16 23:06:18.117176 nixos kernel: io scheduler mq-deadline registered
Apr 16 23:06:18.117193 nixos kernel: io scheduler kyber registered
Apr 16 23:06:18.117475 nixos kernel: pcieport 0000:00:1c.0: Enabling MPC IRBNCE
Apr 16 23:06:18.117760 nixos kernel: pcieport 0000:00:1c.0: Intel PCH root port ACS workaround enabled
Apr 16 23:06:18.118052 nixos kernel: pcieport 0000:00:1c.1: Enabling MPC IRBNCE
Apr 16 23:06:18.118345 nixos kernel: pcieport 0000:00:1c.1: Intel PCH root port ACS workaround enabled
Apr 16 23:06:18.118628 nixos kernel: pcieport 0000:00:1c.2: Enabling MPC IRBNCE
Apr 16 23:06:18.118921 nixos kernel: pcieport 0000:00:1c.2: Intel PCH root port ACS workaround enabled
Apr 16 23:06:18.119207 nixos kernel: pcieport 0000:00:1c.4: Enabling MPC IRBNCE
Apr 16 23:06:18.119493 nixos kernel: pcieport 0000:00:1c.4: Intel PCH root port ACS workaround enabled
Apr 16 23:06:18.119784 nixos kernel: pcieport 0000:00:1c.5: Enabling MPC IRBNCE
Apr 16 23:06:18.120094 nixos kernel: pcieport 0000:00:1c.5: Intel PCH root port ACS workaround enabled
Apr 16 23:06:18.120407 nixos kernel: pcieport 0000:06:00.0: pciehp: Slot #0 AttnBtn- PwrCtrl- MRL- AttnInd- PwrInd- HotPlug+ Surprise+ Interlock- NoCompl+ IbPresDis- LLActRep+
Apr 16 23:06:18.120720 nixos kernel: pcieport 0000:06:03.0: enabling device (0000 -> 0003)
Apr 16 23:06:18.121038 nixos kernel: pcieport 0000:06:03.0: pciehp: Slot #3 AttnBtn- PwrCtrl- MRL- AttnInd- PwrInd- HotPlug+ Surprise+ Interlock- NoCompl+ IbPresDis- LLActRep+
Apr 16 23:06:18.121350 nixos kernel: pcieport 0000:06:04.0: pciehp: Slot #4 AttnBtn- PwrCtrl- MRL- AttnInd- PwrInd- HotPlug+ Surprise+ Interlock- NoCompl+ IbPresDis- LLActRep+
Apr 16 23:06:18.121657 nixos kernel: pcieport 0000:06:05.0: enabling device (0000 -> 0003)
Apr 16 23:06:18.121993 nixos kernel: pcieport 0000:06:05.0: pciehp: Slot #5 AttnBtn- PwrCtrl- MRL- AttnInd- PwrInd- HotPlug+ Surprise+ Interlock- NoCompl+ IbPresDis- LLActRep+
Apr 16 23:06:18.122311 nixos kernel: pcieport 0000:06:06.0: pciehp: Slot #6 AttnBtn- PwrCtrl- MRL- AttnInd- PwrInd- HotPlug+ Surprise+ Interlock- NoCompl+ IbPresDis- LLActRep+
Apr 16 23:06:18.122337 nixos kernel: Serial: 8250/16550 driver, 4 ports, IRQ sharing enabled
Apr 16 23:06:18.122357 nixos kernel: hpet_acpi_add: no address or irqs in _CRS
Apr 16 23:06:18.122382 nixos kernel: Linux agpgart interface v0.103
Apr 16 23:06:18.122400 nixos kernel: ACPI: bus type drm_connector registered
Apr 16 23:06:18.122417 nixos kernel: usbcore: registered new interface driver usbserial_generic
Apr 16 23:06:18.122434 nixos kernel: usbserial: USB Serial support registered for generic
Apr 16 23:06:18.122451 nixos kernel: intel_pstate: Intel P-state driver initializing
Apr 16 23:06:18.122748 nixos kernel: simple-framebuffer simple-framebuffer.0: [drm] Registered 1 planes with drm panic
Apr 16 23:06:18.122774 nixos kernel: [drm] Initialized simpledrm 1.0.0 for simple-framebuffer.0 on minor 0
Apr 16 23:06:18.122792 nixos kernel: fbcon: Deferring console take-over
Apr 16 23:06:18.123135 nixos kernel: simple-framebuffer simple-framebuffer.0: [drm] fb0: simpledrmdrmfb frame buffer device
Apr 16 23:06:18.123171 nixos kernel: drop_monitor: Initializing network drop monitor service
Apr 16 23:06:18.123192 nixos kernel: NET: Registered PF_INET6 protocol family
Apr 16 23:06:18.123214 nixos kernel: Freeing initrd memory: 26428K
Apr 16 23:06:18.123236 nixos kernel: Segment Routing with IPv6
Apr 16 23:06:18.123256 nixos kernel: In-situ OAM (IOAM) with IPv6
Apr 16 23:06:18.123275 nixos kernel: ENERGY_PERF_BIAS: Set to 'normal', was 'performance'
Apr 16 23:06:18.123294 nixos kernel: microcode: Current revision: 0x00000026
Apr 16 23:06:18.123313 nixos kernel: IPI shorthand broadcast: enabled
Apr 16 23:06:18.123342 nixos kernel: sched_clock: Marking stable (305002041, 1647416)->(337734562, -31085105)
Apr 16 23:06:18.123363 nixos kernel: registered taskstats version 1
Apr 16 23:06:18.123385 nixos kernel: Loading compiled-in X.509 certificates
Apr 16 23:06:18.123404 nixos kernel: Demotion targets for Node 0: null
Apr 16 23:06:18.123422 nixos kernel: Key type .fscrypt registered
Apr 16 23:06:18.123442 nixos kernel: Key type fscrypt-provisioning registered
Apr 16 23:06:18.123463 nixos kernel: PM:   Magic number: 6:589:148
Apr 16 23:06:18.123922 nixos kernel: acpi device:19: hash matches
Apr 16 23:06:18.123969 nixos kernel: RAS: Correctable Errors collector initialized.
Apr 16 23:06:18.123993 nixos kernel: clk: Disabling unused clocks
Apr 16 23:06:18.124012 nixos kernel: PM: genpd: Disabling unused power domains
Apr 16 23:06:18.124030 nixos kernel: Freeing unused decrypted memory: 2028K
Apr 16 23:06:18.124048 nixos kernel: Freeing unused kernel image (initmem) memory: 3416K
Apr 16 23:06:18.124069 nixos kernel: Write protecting the kernel read-only data: 30720k
Apr 16 23:06:18.124090 nixos kernel: Freeing unused kernel image (rodata/data gap) memory: 1744K
Apr 16 23:06:18.124108 nixos kernel: x86/mm: Checked W+X mappings: passed, no W+X pages found.
Apr 16 23:06:18.124125 nixos kernel: x86/mm: Checking user space page tables
Apr 16 23:06:18.124148 nixos kernel: x86/mm: Checked W+X mappings: passed, no W+X pages found.
Apr 16 23:06:18.124166 nixos kernel: Run /init as init process
Apr 16 23:06:18.124184 nixos kernel:   with arguments:
Apr 16 23:06:18.124201 nixos kernel:     /init
Apr 16 23:06:18.124219 nixos kernel:   with environment:
Apr 16 23:06:18.124236 nixos kernel:     HOME=/
Apr 16 23:06:18.124257 nixos kernel:     TERM=linux
Apr 16 23:06:18.124276 nixos kernel: fbcon: Taking over console
Apr 16 23:06:18.124293 nixos kernel: Console: switching to colour frame buffer device 160x50
Apr 16 23:06:18.124316 nixos stage-1-init: [Thu Apr 16 22:06:14 UTC 2026] loading module dm_mod...
Apr 16 23:06:18.124339 nixos kernel: device-mapper: ioctl: 4.48.0-ioctl (2023-03-01) initialised: dm-devel@lists.linux.dev
Apr 16 23:06:18.124359 nixos stage-1-init: [Thu Apr 16 22:06:14 UTC 2026] running udev...
Apr 16 23:06:18.124380 nixos stage-1-init: [Thu Apr 16 22:06:14 UTC 2026] Starting systemd-udevd version 258.5
Apr 16 23:06:18.124766 nixos kernel: xhci_hcd 0000:00:14.0: xHCI Host Controller
Apr 16 23:06:18.125108 nixos kernel: xhci_hcd 0000:00:14.0: new USB bus registered, assigned bus number 1
Apr 16 23:06:18.125139 nixos kernel: SCSI subsystem initialized
Apr 16 23:06:18.125460 nixos kernel: xhci_hcd 0000:00:14.0: hcc params 0x200077c1 hci version 0x100 quirks 0x000000000004b810
Apr 16 23:06:18.125803 nixos kernel: xhci_hcd 0000:00:14.0: xHCI Host Controller
Apr 16 23:06:18.126205 nixos kernel: xhci_hcd 0000:00:14.0: new USB bus registered, assigned bus number 2
Apr 16 23:06:18.126491 nixos kernel: xhci_hcd 0000:00:14.0: Host supports USB 3.0 SuperSpeed
Apr 16 23:06:18.126750 nixos kernel: usb usb1: New USB device found, idVendor=1d6b, idProduct=0002, bcdDevice= 6.12
Apr 16 23:06:18.127021 nixos kernel: usb usb1: New USB device strings: Mfr=3, Product=2, SerialNumber=1
Apr 16 23:06:18.127265 nixos kernel: usb usb1: Product: xHCI Host Controller
Apr 16 23:06:18.127505 nixos kernel: usb usb1: Manufacturer: Linux 6.12.80 xhci-hcd
Apr 16 23:06:18.127752 nixos kernel: usb usb1: SerialNumber: 0000:00:14.0
Apr 16 23:06:18.128118 nixos kernel: hub 1-0:1.0: USB hub found
Apr 16 23:06:18.128432 nixos kernel: hub 1-0:1.0: 9 ports detected
Apr 16 23:06:18.128683 nixos kernel: usb usb2: New USB device found, idVendor=1d6b, idProduct=0003, bcdDevice= 6.12
Apr 16 23:06:18.128947 nixos kernel: usb usb2: New USB device strings: Mfr=3, Product=2, SerialNumber=1
Apr 16 23:06:18.129192 nixos kernel: usb usb2: Product: xHCI Host Controller
Apr 16 23:06:18.129433 nixos kernel: usb usb2: Manufacturer: Linux 6.12.80 xhci-hcd
Apr 16 23:06:18.129679 nixos kernel: usb usb2: SerialNumber: 0000:00:14.0
Apr 16 23:06:18.130044 nixos kernel: hub 2-0:1.0: USB hub found
Apr 16 23:06:18.130360 nixos kernel: hub 2-0:1.0: 4 ports detected
Apr 16 23:06:18.130387 nixos kernel: libata version 3.00 loaded.
Apr 16 23:06:18.130692 nixos kernel: ahci 0000:04:00.0: version 3.0
Apr 16 23:06:18.131011 nixos kernel: ahci 0000:04:00.0: AHCI vers 0001.0300, 32 command slots, 6 Gbps, SATA mode
Apr 16 23:06:18.131311 nixos kernel: ahci 0000:04:00.0: 1/1 ports implemented (port mask 0x1)
Apr 16 23:06:18.131608 nixos kernel: ahci 0000:04:00.0: flags: 64bit ncq led clo only pio ccc 
Apr 16 23:06:18.131958 nixos kernel: scsi host0: ahci
Apr 16 23:06:18.131987 nixos kernel: ata1: SATA max UDMA/133 abar m8192@0xb0700000 port 0xb0700100 irq 16 lpm-pol 1
Apr 16 23:06:18.132318 nixos kernel: usb 1-3: new full-speed USB device number 2 using xhci_hcd
Apr 16 23:06:18.132347 nixos kernel: ata1: SATA link up 6.0 Gbps (SStatus 133 SControl 300)
Apr 16 23:06:18.132366 nixos kernel: ata1.00: LPM support broken, forcing max_power
Apr 16 23:06:18.132384 nixos kernel: ata1.00: unexpected _GTF length (8)
Apr 16 23:06:18.132402 nixos kernel: ata1.00: ATA-8: APPLE SSD SM0512F, UXM2JA1Q, max UDMA/133
Apr 16 23:06:18.132424 nixos kernel: ata1.00: 977105060 sectors, multi 16: LBA48 NCQ (depth 32), AA
Apr 16 23:06:18.132441 nixos kernel: ata1.00: LPM support broken, forcing max_power
Apr 16 23:06:18.132458 nixos kernel: ata1.00: unexpected _GTF length (8)
Apr 16 23:06:18.132475 nixos kernel: ata1.00: configured for UDMA/133
Apr 16 23:06:18.132810 nixos kernel: scsi 0:0:0:0: Direct-Access     ATA      APPLE SSD SM0512 JA1Q PQ: 0 ANSI: 5
Apr 16 23:06:18.133237 nixos kernel: sd 0:0:0:0: [sda] 977105060 512-byte logical blocks: (500 GB/466 GiB)
Apr 16 23:06:18.133634 nixos kernel: sd 0:0:0:0: [sda] 4096-byte physical blocks
Apr 16 23:06:18.134065 nixos kernel: sd 0:0:0:0: [sda] Write Protect is off
Apr 16 23:06:18.134460 nixos kernel: sd 0:0:0:0: [sda] Mode Sense: 00 3a 00 00
Apr 16 23:06:18.134883 nixos kernel: sd 0:0:0:0: [sda] Write cache: enabled, read cache: enabled, doesn't support DPO or FUA
Apr 16 23:06:18.135274 nixos kernel: sd 0:0:0:0: [sda] Preferred minimum I/O size 4096 bytes
Apr 16 23:06:18.135602 nixos kernel: usb 1-3: New USB device found, idVendor=0a5c, idProduct=4500, bcdDevice= 1.00
Apr 16 23:06:18.135935 nixos kernel: usb 1-3: New USB device strings: Mfr=1, Product=2, SerialNumber=0
Apr 16 23:06:18.136201 nixos kernel: usb 1-3: Product: BRCM20702 Hub
Apr 16 23:06:18.136447 nixos kernel: usb 1-3: Manufacturer: Apple Inc.
Apr 16 23:06:18.136780 nixos kernel: hub 1-3:1.0: USB hub found
Apr 16 23:06:18.137124 nixos kernel: hub 1-3:1.0: 3 ports detected
Apr 16 23:06:18.137148 nixos kernel:  sda: sda1 sda2
Apr 16 23:06:18.137476 nixos kernel: sd 0:0:0:0: [sda] Attached SCSI disk
Apr 16 23:06:18.137501 nixos stage-1-init: [Thu Apr 16 22:06:14 UTC 2026] starting device mapper and LVM...
Apr 16 23:06:18.137521 nixos stage-1-init: [Thu Apr 16 22:06:14 UTC 2026] checking /dev/disk/by-uuid/6d0ce22e-97a0-4e60-ab8f-6ef8ff706b60...
Apr 16 23:06:18.137539 nixos stage-1-init: [Thu Apr 16 22:06:14 UTC 2026] fsck (busybox 1.36.1)
Apr 16 23:06:18.137557 nixos stage-1-init: [Thu Apr 16 22:06:14 UTC 2026] [fsck.ext4 (1) -- /mnt-root/] fsck.ext4 -a /dev/disk/by-uuid/6d0ce22e-97a0-4e60-ab8f-6ef8ff706b60
Apr 16 23:06:18.137574 nixos stage-1-init: [Thu Apr 16 22:06:14 UTC 2026] /dev/disk/by-uuid/6d0ce22e-97a0-4e60-ab8f-6ef8ff706b60: recovering journal
Apr 16 23:06:18.137914 nixos kernel: usb 2-1: new SuperSpeed USB device number 2 using xhci_hcd
Apr 16 23:06:18.138171 nixos kernel: usb 2-1: New USB device found, idVendor=0781, idProduct=5583, bcdDevice= 1.00
Apr 16 23:06:18.138422 nixos kernel: usb 2-1: New USB device strings: Mfr=1, Product=2, SerialNumber=3
Apr 16 23:06:18.138673 nixos kernel: usb 2-1: Product: Ultra Fit
Apr 16 23:06:18.138930 nixos kernel: usb 2-1: Manufacturer: SanDisk
Apr 16 23:06:18.139183 nixos kernel: usb 2-1: SerialNumber: 4C531001461024107462
Apr 16 23:06:18.139513 nixos kernel: usb-storage 2-1:1.0: USB Mass Storage device detected
Apr 16 23:06:18.139837 nixos kernel: scsi host1: usb-storage 2-1:1.0
Apr 16 23:06:18.139863 nixos kernel: usbcore: registered new interface driver usb-storage
Apr 16 23:06:18.140197 nixos kernel: usb 1-5: new full-speed USB device number 3 using xhci_hcd
Apr 16 23:06:18.140225 nixos kernel: tsc: Refined TSC clocksource calibration: 2600.000 MHz
Apr 16 23:06:18.140244 nixos kernel: clocksource: tsc: mask: 0xffffffffffffffff max_cycles: 0x257a3c3232d, max_idle_ns: 440795236700 ns
Apr 16 23:06:18.140261 nixos kernel: clocksource: Switched to clocksource tsc
Apr 16 23:06:18.140511 nixos kernel: usb 1-5: New USB device found, idVendor=05ac, idProduct=025a, bcdDevice= 2.24
Apr 16 23:06:18.140772 nixos kernel: usb 1-5: New USB device strings: Mfr=1, Product=2, SerialNumber=0
Apr 16 23:06:18.141044 nixos kernel: usb 1-5: Product: Apple Internal Keyboard / Trackpad
Apr 16 23:06:18.141293 nixos kernel: usb 1-5: Manufacturer: Apple Inc.
Apr 16 23:06:18.141317 nixos kernel: hid: raw HID events driver (C) Jiri Kosina
Apr 16 23:06:18.141337 nixos kernel: usbcore: registered new interface driver usbhid
Apr 16 23:06:18.141354 nixos kernel: usbhid: USB HID core driver
Apr 16 23:06:18.141370 nixos kernel: input: Apple Inc. Apple Internal Keyboard / Trackpad as /devices/pci0000:00/0000:00:14.0/usb1/1-5/1-5:1.0/0003:05AC:025A.0001/input/input0
Apr 16 23:06:18.141704 nixos kernel: apple 0003:05AC:025A.0001: input,hidraw0: USB HID v1.11 Keyboard [Apple Inc. Apple Internal Keyboard / Trackpad] on usb-0000:00:14.0-5/input0
Apr 16 23:06:18.142052 nixos kernel: apple 0003:05AC:025A.0002: hidraw1: USB HID v1.11 Device [Apple Inc. Apple Internal Keyboard / Trackpad] on usb-0000:00:14.0-5/input1
Apr 16 23:06:18.142372 nixos kernel: usb 2-2: new SuperSpeed USB device number 3 using xhci_hcd
Apr 16 23:06:18.142621 nixos kernel: usb 2-2: New USB device found, idVendor=0846, idProduct=9053, bcdDevice= 1.00
Apr 16 23:06:18.142875 nixos kernel: usb 2-2: New USB device strings: Mfr=1, Product=2, SerialNumber=3
Apr 16 23:06:18.143123 nixos kernel: usb 2-2: Product: A6210
Apr 16 23:06:18.143368 nixos kernel: usb 2-2: Manufacturer: NETGEAR
Apr 16 23:06:18.143615 nixos kernel: usb 2-2: SerialNumber: 100
Apr 16 23:06:18.143951 nixos kernel: usb 1-3.1: new full-speed USB device number 4 using xhci_hcd
Apr 16 23:06:18.144212 nixos kernel: usb 1-3.1: New USB device found, idVendor=05ac, idProduct=820a, bcdDevice= 1.00
Apr 16 23:06:18.144467 nixos kernel: usb 1-3.1: New USB device strings: Mfr=0, Product=0, SerialNumber=0
Apr 16 23:06:18.144491 nixos kernel: input: HID 05ac:820a as /devices/pci0000:00/0000:00:14.0/usb1/1-3/1-3.1/1-3.1:1.0/0003:05AC:820A.0003/input/input1
Apr 16 23:06:18.144829 nixos kernel: hid-generic 0003:05AC:820A.0003: input,hidraw2: USB HID v1.11 Keyboard [HID 05ac:820a] on usb-0000:00:14.0-3.1/input0
Apr 16 23:06:18.145161 nixos kernel: usb 2-3: new SuperSpeed USB device number 4 using xhci_hcd
Apr 16 23:06:18.145408 nixos kernel: usb 2-3: New USB device found, idVendor=05ac, idProduct=8406, bcdDevice= 8.20
Apr 16 23:06:18.145653 nixos kernel: usb 2-3: New USB device strings: Mfr=3, Product=4, SerialNumber=5
Apr 16 23:06:18.145921 nixos kernel: usb 2-3: Product: Card Reader
Apr 16 23:06:18.146177 nixos kernel: usb 2-3: Manufacturer: Apple
Apr 16 23:06:18.146435 nixos kernel: usb 2-3: SerialNumber: 000000000820
Apr 16 23:06:18.146765 nixos kernel: usb-storage 2-3:1.0: USB Mass Storage device detected
Apr 16 23:06:18.147097 nixos kernel: scsi host2: usb-storage 2-3:1.0
Apr 16 23:06:18.147436 nixos kernel: usb 1-3.2: new full-speed USB device number 5 using xhci_hcd
Apr 16 23:06:18.147703 nixos kernel: usb 1-3.2: New USB device found, idVendor=05ac, idProduct=820b, bcdDevice= 1.00
Apr 16 23:06:18.147978 nixos kernel: usb 1-3.2: New USB device strings: Mfr=0, Product=0, SerialNumber=0
Apr 16 23:06:18.148005 nixos kernel: input: HID 05ac:820b as /devices/pci0000:00/0000:00:14.0/usb1/1-3/1-3.2/1-3.2:1.0/0003:05AC:820B.0004/input/input2
Apr 16 23:06:18.148351 nixos kernel: hid-generic 0003:05AC:820B.0004: input,hidraw3: USB HID v1.11 Mouse [HID 05ac:820b] on usb-0000:00:14.0-3.2/input0
Apr 16 23:06:18.148697 nixos kernel: usb 1-3.3: new full-speed USB device number 6 using xhci_hcd
Apr 16 23:06:18.148970 nixos kernel: usb 1-3.3: New USB device found, idVendor=05ac, idProduct=8289, bcdDevice= 1.50
Apr 16 23:06:18.149227 nixos kernel: usb 1-3.3: New USB device strings: Mfr=1, Product=2, SerialNumber=0
Apr 16 23:06:18.149481 nixos kernel: usb 1-3.3: Product: Bluetooth USB Host Controller
Apr 16 23:06:18.149731 nixos kernel: usb 1-3.3: Manufacturer: Apple Inc.
Apr 16 23:06:18.150083 nixos kernel: scsi 1:0:0:0: Direct-Access     SanDisk  Ultra Fit        1.00 PQ: 0 ANSI: 6
Apr 16 23:06:18.150424 nixos kernel: sd 1:0:0:0: [sdb] 60062500 512-byte logical blocks: (30.8 GB/28.6 GiB)
Apr 16 23:06:18.150757 nixos kernel: sd 1:0:0:0: [sdb] Write Protect is off
Apr 16 23:06:18.151118 nixos kernel: sd 1:0:0:0: [sdb] Mode Sense: 43 00 00 00
Apr 16 23:06:18.151487 nixos kernel: sd 1:0:0:0: [sdb] Write cache: disabled, read cache: enabled, doesn't support DPO or FUA
Apr 16 23:06:18.151511 nixos kernel:  sdb: sdb1 sdb2
Apr 16 23:06:18.151849 nixos kernel: sd 1:0:0:0: [sdb] Attached SCSI removable disk
Apr 16 23:06:18.151889 nixos stage-1-init: [Thu Apr 16 22:06:16 UTC 2026] /dev/disk/by-uuid/6d0ce22e-97a0-4e60-ab8f-6ef8ff706b60: Clearing orphaned inode 23650318 (uid=1000, gid=100, mode=0100755, size=147)
Apr 16 23:06:18.151908 nixos stage-1-init: [Thu Apr 16 22:06:16 UTC 2026] /dev/disk/by-uuid/6d0ce22e-97a0-4e60-ab8f-6ef8ff706b60: clean, 2214598/30507008 files, 67592100/122004586 blocks
Apr 16 23:06:18.151931 nixos stage-1-init: [Thu Apr 16 22:06:16 UTC 2026] mounting /dev/disk/by-uuid/6d0ce22e-97a0-4e60-ab8f-6ef8ff706b60 on /...
Apr 16 23:06:18.151948 nixos kernel: EXT4-fs (sda2): mounted filesystem 6d0ce22e-97a0-4e60-ab8f-6ef8ff706b60 r/w with ordered data mode. Quota mode: none.
Apr 16 23:06:18.151965 nixos kernel: EXT4-fs (sda2): re-mounted 6d0ce22e-97a0-4e60-ab8f-6ef8ff706b60.
Apr 16 23:06:18.151983 nixos unknown: booting system configuration /nix/store/mr6ivpn3n831fqqn997izhwk2qncq2rc-nixos-system-nixos-25.11.9067.54170c54449e
Apr 16 23:06:18.152000 nixos stage-2-init: running activation script...
Apr 16 23:06:18.152350 nixos kernel: scsi 2:0:0:0: Direct-Access     APPLE    SD Card Reader   3.00 PQ: 0 ANSI: 6
Apr 16 23:06:18.152698 nixos kernel: sd 2:0:0:0: [sdc] Media removed, stopped polling
Apr 16 23:06:18.153230 nixos kernel: sd 2:0:0:0: [sdc] Attached SCSI removable disk
Apr 16 23:06:18.153283 nixos stage-2-init: setting up /etc...
Apr 16 23:06:18.153313 nixos systemd[1]: Inserted module 'autofs4'
Apr 16 23:06:18.153356 nixos systemd[1]: systemd 258.5 running in system mode (+PAM +AUDIT -SELINUX +APPARMOR +IMA +IPE +SMACK +SECCOMP +GCRYPT -GNUTLS +OPENSSL +ACL +BLKID +CURL +ELFUTILS +FIDO2 +IDN2 -IDN -IPTC +KMOD +LIBCRYPTSETUP +LIBCRYPTSETUP_PLUGINS +LIBFDISK +PCRE2 +PWQUALITY +P11KIT +QRENCODE +TPM2 +BZIP2 +LZ4 +XZ +ZLIB +ZSTD +BPF_FRAMEWORK -BTF -XKBCOMMON +UTMP -SYSVINIT +LIBARCHIVE)
Apr 16 23:06:18.153424 nixos systemd[1]: Detected architecture x86-64.
Apr 16 23:06:18.153482 nixos systemd[1]: Hostname set to <nixos>.
Apr 16 23:06:18.153538 nixos systemd[1]: bpf-restrict-fs: LSM BPF program attached
Apr 16 23:06:18.153599 nixos systemd[1]: /etc/systemd/system/cups.socket:5: ListenStream= references a path below legacy directory /var/run/, updating /var/run/cups/cups.sock → /run/cups/cups.sock; please update the unit file accordingly.
Apr 16 23:06:18.153643 nixos systemd[1]: Queued start job for default target Multi-User System.
Apr 16 23:06:18.153679 nixos systemd[1]: Created slice Slice /system/getty.
Apr 16 23:06:18.153716 nixos systemd[1]: Created slice Slice /system/modprobe.
Apr 16 23:06:18.153746 nixos systemd[1]: Created slice Slice /system/systemd-fsck.
Apr 16 23:06:18.153763 nixos systemd[1]: Created slice User and Session Slice.
Apr 16 23:06:18.153806 nixos systemd[1]: Started Dispatch Password Requests to Console Directory Watch.
Apr 16 23:06:18.153853 nixos systemd[1]: Started Forward Password Requests to Wall Directory Watch.
Apr 16 23:06:18.154033 nixos systemd[1]: Expecting device /dev/disk/by-uuid/B4F5-DAC1...
Apr 16 23:06:18.154083 nixos systemd[1]: Expecting device /dev/input/mice...
Apr 16 23:06:18.154119 nixos systemd[1]: Reached target Local Encrypted Volumes.
Apr 16 23:06:18.154160 nixos systemd[1]: Reached target Virtual Machines and Containers.
Apr 16 23:06:18.154207 nixos systemd[1]: Reached target Path Units.
Apr 16 23:06:18.154251 nixos systemd[1]: Reached target Remote File Systems.
Apr 16 23:06:18.154298 nixos systemd[1]: Reached target Slice Units.
Apr 16 23:06:18.154344 nixos systemd[1]: Listening on Process Core Dump Socket.
Apr 16 23:06:18.154396 nixos systemd[1]: Listening on Credential Encryption/Decryption.
Apr 16 23:06:18.154442 nixos systemd[1]: Listening on Journal Audit Socket.
Apr 16 23:06:18.154493 nixos systemd[1]: Listening on Journal Socket (/dev/log).
Apr 16 23:06:18.154542 nixos systemd[1]: Listening on Journal Sockets.
Apr 16 23:06:18.154586 nixos systemd[1]: Listening on Userspace Out-Of-Memory (OOM) Killer Socket.
Apr 16 23:06:18.154638 nixos systemd[1]: Make TPM PCR Policy skipped, unmet condition check ConditionSecurity=measured-uki
Apr 16 23:06:18.154687 nixos systemd[1]: Listening on udev Control Socket.
Apr 16 23:06:18.154737 nixos systemd[1]: Listening on udev Kernel Socket.
Apr 16 23:06:18.154786 nixos systemd[1]: Mounting Huge Pages File System...
Apr 16 23:06:18.154846 nixos systemd[1]: Mounting POSIX Message Queue File System...
Apr 16 23:06:18.154911 nixos systemd[1]: Mounting Kernel Debug File System...
Apr 16 23:06:18.154933 nixos systemd[1]: Mounting Kernel Trace File System...
Apr 16 23:06:18.154952 nixos systemd[1]: Starting Create List of Static Device Nodes...
Apr 16 23:06:18.154972 nixos systemd[1]: Starting Load Kernel Module configfs...
Apr 16 23:06:18.154993 nixos systemd[1]: Load Kernel Module drm skipped, unmet condition check ConditionKernelModuleLoaded=!drm
Apr 16 23:06:18.155012 nixos systemd[1]: Starting Load Kernel Module efi_pstore...
Apr 16 23:06:18.155032 nixos (modprobe)[387]: modprobe@configfs.service: modprobe@configfs.service: Unable to locate executable 'modprobe': No such file or directory
Apr 16 23:06:18.155058 nixos systemd[1]: Starting Load Kernel Module fuse...
Apr 16 23:06:18.155079 nixos systemd[1]: File System Check on Root Device skipped, unmet condition check ConditionPathIsReadWrite=!/
Apr 16 23:06:18.155099 nixos systemd[1]: Clear Stale Hibernate Storage Info skipped, unmet condition check ConditionPathExists=/sys/firmware/efi/efivars/HibernateLocation-8cf2644b-4b0b-428f-9387-6d876050dc67
Apr 16 23:06:18.155121 nixos systemd[1]: Starting Journal Service...
Apr 16 23:06:18.155141 nixos (modprobe)[388]: modprobe@efi_pstore.service: modprobe@efi_pstore.service: Unable to locate executable 'modprobe': No such file or directory
Apr 16 23:06:18.155161 nixos (modprobe)[389]: modprobe@fuse.service: modprobe@fuse.service: Unable to locate executable 'modprobe': No such file or directory
Apr 16 23:06:18.155187 nixos systemd[1]: Starting Load Kernel Modules...
Apr 16 23:06:18.155206 nixos systemd[1]: Starting Remount Root and Kernel File Systems...
Apr 16 23:06:18.155225 nixos systemd[1]: Early TPM SRK Setup skipped, unmet condition check ConditionSecurity=measured-uki
Apr 16 23:06:18.155244 nixos systemd[1]: Starting Coldplug All udev Devices...
Apr 16 23:06:18.155264 nixos systemd[1]: Mounted Huge Pages File System.
Apr 16 23:06:18.155285 nixos systemd[1]: Mounted POSIX Message Queue File System.
Apr 16 23:06:18.155304 nixos systemd[1]: Mounted Kernel Debug File System.
Apr 16 23:06:18.155324 nixos systemd[1]: Mounted Kernel Trace File System.
Apr 16 23:06:18.155389 nixos systemd-journald[390]: Collecting audit messages is enabled.
Apr 16 23:06:18.155434 nixos systemd[1]: Finished Create List of Static Device Nodes.
Apr 16 23:06:18.155454 nixos kernel: EXT4-fs (sda2): re-mounted 6d0ce22e-97a0-4e60-ab8f-6ef8ff706b60.
Apr 16 23:06:18.155474 nixos systemd[1]: modprobe@configfs.service: Deactivated successfully.
Apr 16 23:06:18.155495 nixos systemd[1]: Finished Load Kernel Module configfs.
Apr 16 23:06:18.155518 nixos systemd[1]: modprobe@efi_pstore.service: Deactivated successfully.
Apr 16 23:06:18.155538 nixos systemd[1]: Finished Load Kernel Module efi_pstore.
Apr 16 23:06:18.155557 nixos systemd[1]: modprobe@fuse.service: Deactivated successfully.
Apr 16 23:06:18.155577 nixos systemd[1]: Finished Load Kernel Module fuse.
Apr 16 23:06:18.155595 nixos systemd[1]: Finished Remount Root and Kernel File Systems.
Apr 16 23:06:18.155615 nixos systemd[1]: FUSE Control File System skipped, unmet condition check ConditionPathExists=/sys/fs/fuse/connections
Apr 16 23:06:18.155636 nixos systemd[1]: Kernel Configuration File System skipped, unmet condition check ConditionPathExists=/sys/kernel/config
Apr 16 23:06:18.155657 nixos systemd[1]: Platform Persistent Storage Archival skipped, unmet condition check ConditionDirectoryNotEmpty=/sys/fs/pstore
Apr 16 23:06:18.155681 nixos systemd[1]: Starting Load/Save OS Random Seed...
Apr 16 23:06:18.155702 nixos systemd[1]: Starting Network Time Synchronization...
Apr 16 23:06:18.155721 nixos systemd[1]: Starting Create Static Device Nodes in /dev gracefully...
Apr 16 23:06:18.155741 nixos systemd[1]: TPM SRK Setup skipped, unmet condition check ConditionSecurity=measured-uki
Apr 16 23:06:18.155762 nixos systemd[1]: Finished Load/Save OS Random Seed.
Apr 16 23:06:18.155782 nixos systemd[1]: First Boot Complete skipped, unmet condition check ConditionFirstBoot=yes
Apr 16 23:06:18.155802 nixos systemd[1]: Finished Create Static Device Nodes in /dev gracefully.
Apr 16 23:06:18.155821 nixos systemd[1]: Starting Create Static Device Nodes in /dev...
Apr 16 23:06:18.155843 nixos systemd-journald[390]: Journal started
Apr 16 23:06:18.155892 nixos systemd-journald[390]: Runtime Journal (/run/log/journal/8db5f21542484d84a1e7d83dddef1e30) is 8M, max 196.3M, 188.3M free.
Apr 16 23:06:18.009458 nixos systemd-modules-load[391]: Inserted module 'atkbd'
Apr 16 23:06:18.009911 nixos systemd-modules-load[391]: Module 'ctr' is built in
Apr 16 23:06:18.157024 nixos systemd[1]: Started Journal Service.
Apr 16 23:06:18.177253 nixos systemd[1]: Starting Flush Journal to Persistent Storage...
Apr 16 23:06:18.177654 nixos systemd-timesyncd[399]: Disabling NSCD because DNSSEC validation is turned off
Apr 16 23:06:18.190187 nixos systemd[1]: Started Network Time Synchronization.
Apr 16 23:06:18.196140 nixos systemd-modules-load[391]: Inserted module 'kvm_intel'
Apr 16 23:06:18.202281 nixos systemd[1]: Finished Create Static Device Nodes in /dev.
Apr 16 23:06:18.204440 nixos systemd-journald[390]: Time spent on flushing to /var/log/journal/8db5f21542484d84a1e7d83dddef1e30 is 18.988ms for 964 entries.
Apr 16 23:06:18.204440 nixos systemd-journald[390]: System Journal (/var/log/journal/8db5f21542484d84a1e7d83dddef1e30) is 708.2M, max 4G, 3.3G free.
Apr 16 23:06:18.205451 nixos systemd-modules-load[391]: Inserted module 'loop'
Apr 16 23:06:18.873835 nixos systemd-journald[390]: Received client request to flush runtime journal.
Apr 16 23:06:18.206527 nixos systemd[1]: Reached target Preparation for Local File Systems.
Apr 16 23:06:18.874077 nixos kernel: loop: module loaded
Apr 16 23:06:18.212332 nixos systemd[1]: Starting Rule-based Manager for Device Events and Files...
Apr 16 23:06:18.875440 nixos systemd-journald[390]: File /var/log/journal/8db5f21542484d84a1e7d83dddef1e30/system.journal corrupted or uncleanly shut down, renaming and replacing.
Apr 16 23:06:18.214685 nixos systemd-modules-load[391]: Inserted module 'msr'
Apr 16 23:06:18.878491 nixos kernel: Adding 8388604k swap on /var/lib/swapfile.  Priority:-2 extents:67 across:64225280k SS
Apr 16 23:06:18.216870 nixos systemd[1]: Finished Load Kernel Modules.
Apr 16 23:06:18.221423 nixos systemd[1]: Starting Firewall...
Apr 16 23:06:18.232752 nixos systemd[1]: Starting Initialisation of swap device /var/lib/swapfile...
Apr 16 23:06:18.239754 nixos systemd[1]: Starting Apply Kernel Variables...
Apr 16 23:06:18.300275 nixos systemd[1]: Finished Coldplug All udev Devices.
Apr 16 23:06:18.754031 nixos systemd-udevd[421]: Using default interface naming scheme 'v258'.
Apr 16 23:06:18.760950 nixos systemd[1]: mkswap-var-lib-swapfile.service: Deactivated successfully.
Apr 16 23:06:18.761354 nixos systemd[1]: Finished Initialisation of swap device /var/lib/swapfile.
Apr 16 23:06:18.765423 nixos systemd[1]: Finished Apply Kernel Variables.
Apr 16 23:06:18.770259 nixos systemd[1]: Activating swap /var/lib/swapfile...
Apr 16 23:06:18.826771 nixos systemd[1]: Activated swap /var/lib/swapfile.
Apr 16 23:06:18.828171 nixos systemd[1]: Reached target Swaps.
Apr 16 23:06:18.833774 nixos systemd[1]: Starting Userspace Out-Of-Memory (OOM) Killer...
Apr 16 23:06:18.850211 nixos systemd-timesyncd[399]: Network configuration changed, trying to establish connection.
Apr 16 23:06:18.852750 nixos systemd-timesyncd[399]: Network configuration changed, trying to establish connection.
Apr 16 23:06:18.856759 nixos systemd[1]: Started Rule-based Manager for Device Events and Files.
Apr 16 23:06:18.875151 nixos systemd[1]: Finished Flush Journal to Persistent Storage.
Apr 16 23:06:18.890409 nixos systemd[1]: Started Userspace Out-Of-Memory (OOM) Killer.
Apr 16 23:06:19.002025 nixos systemd[1]: Mounting /run/wrappers...
Apr 16 23:06:19.021813 nixos systemd[1]: Mounted /run/wrappers.
Apr 16 23:06:19.030123 nixos systemd[1]: Starting Create SUID/SGID Wrappers...
Apr 16 23:06:19.117313 nixos systemd[1]: Finished Firewall.
Apr 16 23:06:19.142001 nixos kernel: input: Lid Switch as /devices/LNXSYSTM:00/LNXSYBUS:00/PNP0C0D:00/input/input3
Apr 16 23:06:19.152884 nixos kernel: ACPI: button: Lid Switch [LID0]
Apr 16 23:06:19.153884 nixos kernel: input: Power Button as /devices/LNXSYSTM:00/LNXSYBUS:00/PNP0C0C:00/input/input4
Apr 16 23:06:19.153961 nixos kernel: ACPI: button: Power Button [PWRB]
Apr 16 23:06:19.154001 nixos kernel: input: Sleep Button as /devices/LNXSYSTM:00/LNXSYBUS:00/PNP0C0E:00/input/input5
Apr 16 23:06:19.154034 nixos kernel: ACPI: button: Sleep Button [SLPB]
Apr 16 23:06:19.154064 nixos kernel: input: Power Button as /devices/LNXSYSTM:00/LNXPWRBN:00/input/input6
Apr 16 23:06:19.155900 nixos kernel: ACPI: button: Power Button [PWRF]
Apr 16 23:06:19.164885 nixos kernel: ACPI: AC: AC Adapter [ADP1] (on-line)
Apr 16 23:06:19.220393 nixos systemd[1]: Found device APPLE_SSD_SM0512F EFI.
Apr 16 23:06:19.226157 nixos systemd[1]: Starting File System Check on /dev/disk/by-uuid/B4F5-DAC1...
Apr 16 23:06:19.275593 nixos kernel: rtc_cmos 00:02: RTC can wake from S4
Apr 16 23:06:19.287951 nixos kernel: smbus_hc ACPI0001:00: SBS HC: offset = 0x20, query_bit = 0x10
Apr 16 23:06:19.289842 nixos systemd-fsck[672]: fsck.fat 4.2 (2021-01-31)
Apr 16 23:06:19.289842 nixos systemd-fsck[672]: There are differences between boot sector and its backup.
Apr 16 23:06:19.289842 nixos systemd-fsck[672]: This is mostly harmless. Differences: (offset:original/backup)
Apr 16 23:06:19.289842 nixos systemd-fsck[672]:   65:01/00
Apr 16 23:06:19.289842 nixos systemd-fsck[672]:   Not automatically fixing this.
Apr 16 23:06:19.289842 nixos systemd-fsck[672]: Dirty bit is set. Fs was not properly unmounted and some data may be corrupt.
Apr 16 23:06:19.289842 nixos systemd-fsck[672]:  Automatically removing dirty bit.
Apr 16 23:06:19.289842 nixos systemd-fsck[672]: *** Filesystem was changed ***
Apr 16 23:06:19.289842 nixos systemd-fsck[672]: Writing changes.
Apr 16 23:06:19.289842 nixos systemd-fsck[672]: /dev/sda1: 59 files, 52008/130811 clusters
Apr 16 23:06:19.291157 nixos systemd-timesyncd[399]: Network configuration changed, trying to establish connection.
Apr 16 23:06:19.294243 nixos systemd[1]: Finished File System Check on /dev/disk/by-uuid/B4F5-DAC1.
Apr 16 23:06:19.301295 nixos systemd[1]: suid-sgid-wrappers.service: Deactivated successfully.
Apr 16 23:06:19.301742 nixos systemd[1]: Finished Create SUID/SGID Wrappers.
Apr 16 23:06:19.304918 nixos systemd[1]: suid-sgid-wrappers.service: Consumed 172ms CPU time, 5M memory peak, 2.4M read from disk.
Apr 16 23:06:19.310153 nixos systemd[1]: Mounting /boot...
Apr 16 23:06:19.500420 nixos kernel: rtc_cmos 00:02: registered as rtc0
Apr 16 23:06:19.500874 nixos kernel: rtc_cmos 00:02: setting system clock to 2026-04-16T22:06:19 UTC (1776377179)
Apr 16 23:06:19.501187 nixos kernel: rtc_cmos 00:02: alarms up to one month, y3k, 242 bytes nvram
Apr 16 23:06:19.506419 nixos kernel: ACPI: bus type thunderbolt registered
Apr 16 23:06:19.526426 nixos kernel: thunderbolt 0000:07:00.0: device link creation from 0000:06:00.0 failed
Apr 16 23:06:19.547256 nixos systemd[1]: Mounted /boot.
Apr 16 23:06:19.551779 nixos systemd[1]: Reached target Local File Systems.
Apr 16 23:06:19.560747 nixos systemd-timesyncd[399]: Network configuration changed, trying to establish connection.
Apr 16 23:06:19.560747 nixos systemd[1]: Listening on Boot Entries Service Socket.
Apr 16 23:06:19.571124 nixos systemd[1]: Starting Update Boot Loader Random Seed...
Apr 16 23:06:19.574775 nixos systemd[1]: Save Transient machine-id to Disk skipped, unmet condition check ConditionPathIsMountPoint=/etc/machine-id
Apr 16 23:06:19.584462 nixos kernel: pstore: Using crash dump compression: deflate
Apr 16 23:06:19.585413 nixos kernel: i801_smbus 0000:00:1f.3: SMBus using PCI interrupt
Apr 16 23:06:19.589072 nixos systemd[1]: Starting Create System Files and Directories...
Apr 16 23:06:19.640462 nixos bootctl[692]:  Mount point '/boot' which backs the random seed file is world accessible, which is a security hole! 
Apr 16 23:06:19.641061 nixos bootctl[692]: Random seed file '/boot/loader/random-seed' is world accessible, which is a security hole!
Apr 16 23:06:19.646681 nixos kernel: snd_hda_codec_cirrus hdaudioC0D0: autoconfig for CS4208: line_outs=2 (0x12/0x13/0x0/0x0/0x0) type:speaker
Apr 16 23:06:19.647098 nixos kernel: snd_hda_codec_cirrus hdaudioC0D0:    speaker_outs=0 (0x0/0x0/0x0/0x0/0x0)
Apr 16 23:06:19.647432 nixos kernel: snd_hda_codec_cirrus hdaudioC0D0:    hp_outs=1 (0x10/0x0/0x0/0x0/0x0)
Apr 16 23:06:19.647761 nixos kernel: snd_hda_codec_cirrus hdaudioC0D0:    mono: mono_out=0x0
Apr 16 23:06:19.648085 nixos kernel: snd_hda_codec_cirrus hdaudioC0D0:    dig-out=0x21/0x0
Apr 16 23:06:19.648415 nixos kernel: snd_hda_codec_cirrus hdaudioC0D0:    inputs:
Apr 16 23:06:19.648736 nixos kernel: snd_hda_codec_cirrus hdaudioC0D0:      Mic=0x18
Apr 16 23:06:19.649051 nixos kernel: snd_hda_codec_cirrus hdaudioC0D0:      Internal Mic=0x1c
