=== dmesg stream start: Mon 20 Apr 11:09:02 BST 2026 ===
[    0.000000] Linux version 6.12.80 (nixbld@localhost) (gcc (GCC) 14.3.0, GNU ld (GNU Binutils) 2.44) #1-NixOS SMP PREEMPT_DYNAMIC Thu Apr  2 11:09:54 UTC 2026
[    0.000000] Command line: initrd=\EFI\nixos\v6bc83nw2h5x85106qkcr1v1qyi1ax7g-initrd-linux-6.12.80-initrd.efi init=/nix/store/vkf1lapdlnhabmi02h61l7cspmbfwbfd-nixos-system-nixos-25.11.9067.54170c54449e/init pci=noaer intel_iommu=on iommu=strict loglevel=4 lsm=landlock,yama,bpf
[    0.000000] BIOS-provided physical RAM map:
[    0.000000] BIOS-e820: [mem 0x0000000000000000-0x0000000000057fff] usable
[    0.000000] BIOS-e820: [mem 0x0000000000058000-0x0000000000058fff] reserved
[    0.000000] BIOS-e820: [mem 0x0000000000059000-0x000000000008efff] usable
[    0.000000] BIOS-e820: [mem 0x000000000008f000-0x000000000008ffff] reserved
[    0.000000] BIOS-e820: [mem 0x0000000000090000-0x000000000009ffff] usable
[    0.000000] BIOS-e820: [mem 0x00000000000a0000-0x00000000000bffff] reserved
[    0.000000] BIOS-e820: [mem 0x0000000000100000-0x000000008ad0ffff] usable
[    0.000000] BIOS-e820: [mem 0x000000008ad10000-0x000000008ad52fff] ACPI NVS
[    0.000000] BIOS-e820: [mem 0x000000008ad53000-0x000000008ad5cfff] usable
[    0.000000] BIOS-e820: [mem 0x000000008ad5d000-0x000000008ad8efff] ACPI data
[    0.000000] BIOS-e820: [mem 0x000000008ad8f000-0x000000008ae38fff] usable
[    0.000000] BIOS-e820: [mem 0x000000008ae39000-0x000000008ae8efff] reserved
[    0.000000] BIOS-e820: [mem 0x000000008ae8f000-0x000000008aed1fff] usable
[    0.000000] BIOS-e820: [mem 0x000000008aed2000-0x000000008aefefff] reserved
[    0.000000] BIOS-e820: [mem 0x000000008aeff000-0x000000008af83fff] usable
[    0.000000] BIOS-e820: [mem 0x000000008af84000-0x000000008afeffff] reserved
[    0.000000] BIOS-e820: [mem 0x000000008aff0000-0x000000008affffff] usable
[    0.000000] BIOS-e820: [mem 0x000000008b000000-0x000000008f9fffff] reserved
[    0.000000] BIOS-e820: [mem 0x00000000e00f8000-0x00000000e00f8fff] reserved
[    0.000000] BIOS-e820: [mem 0x00000000fed1c000-0x00000000fed1ffff] reserved
[    0.000000] BIOS-e820: [mem 0x00000000ffe10000-0x00000000ffe3ffff] reserved
[    0.000000] BIOS-e820: [mem 0x0000000100000000-0x000000026f5fffff] usable
[    0.000000] NX (Execute Disable) protection: active
[    0.000000] APIC: Static calls initialized
[    0.000000] e820: update [mem 0x75f29190-0x75f391cf] usable ==> usable
[    0.000000] e820: update [mem 0x75f27810-0x75f27cd2] usable ==> usable
[    0.000000] extended physical RAM map:
[    0.000000] reserve setup_data: [mem 0x0000000000000000-0x0000000000057fff] usable
[    0.000000] reserve setup_data: [mem 0x0000000000058000-0x0000000000058fff] reserved
[    0.000000] reserve setup_data: [mem 0x0000000000059000-0x000000000008efff] usable
[    0.000000] reserve setup_data: [mem 0x000000000008f000-0x000000000008ffff] reserved
[    0.000000] reserve setup_data: [mem 0x0000000000090000-0x000000000009ffff] usable
[    0.000000] reserve setup_data: [mem 0x00000000000a0000-0x00000000000bffff] reserved
[    0.000000] reserve setup_data: [mem 0x0000000000100000-0x0000000075f2780f] usable
[    0.000000] reserve setup_data: [mem 0x0000000075f27810-0x0000000075f27cd2] usable
[    0.000000] reserve setup_data: [mem 0x0000000075f27cd3-0x0000000075f2918f] usable
[    0.000000] reserve setup_data: [mem 0x0000000075f29190-0x0000000075f391cf] usable
[    0.000000] reserve setup_data: [mem 0x0000000075f391d0-0x000000008ad0ffff] usable
[    0.000000] reserve setup_data: [mem 0x000000008ad10000-0x000000008ad52fff] ACPI NVS
[    0.000000] reserve setup_data: [mem 0x000000008ad53000-0x000000008ad5cfff] usable
[    0.000000] reserve setup_data: [mem 0x000000008ad5d000-0x000000008ad8efff] ACPI data
[    0.000000] reserve setup_data: [mem 0x000000008ad8f000-0x000000008ae38fff] usable
[    0.000000] reserve setup_data: [mem 0x000000008ae39000-0x000000008ae8efff] reserved
[    0.000000] reserve setup_data: [mem 0x000000008ae8f000-0x000000008aed1fff] usable
[    0.000000] reserve setup_data: [mem 0x000000008aed2000-0x000000008aefefff] reserved
[    0.000000] reserve setup_data: [mem 0x000000008aeff000-0x000000008af83fff] usable
[    0.000000] reserve setup_data: [mem 0x000000008af84000-0x000000008afeffff] reserved
[    0.000000] reserve setup_data: [mem 0x000000008aff0000-0x000000008affffff] usable
[    0.000000] reserve setup_data: [mem 0x000000008b000000-0x000000008f9fffff] reserved
[    0.000000] reserve setup_data: [mem 0x00000000e00f8000-0x00000000e00f8fff] reserved
[    0.000000] reserve setup_data: [mem 0x00000000fed1c000-0x00000000fed1ffff] reserved
[    0.000000] reserve setup_data: [mem 0x00000000ffe10000-0x00000000ffe3ffff] reserved
[    0.000000] reserve setup_data: [mem 0x0000000100000000-0x000000026f5fffff] usable
[    0.000000] efi: EFI v1.1 by Apple
[    0.000000] efi: ACPI=0x8ad8e000 ACPI 2.0=0x8ad8e014 SMBIOS=0x8ad11000 RNG=0x8ad61f90 INITRD=0x75f53f90 
[    0.000000] random: crng init done
[    0.000000] efi: Not removing mem284: MMIO range=[0xe00f8000-0xe00f8fff] (4KB) from e820 map
[    0.000000] efi: Not removing mem285: MMIO range=[0xfed1c000-0xfed1ffff] (16KB) from e820 map
[    0.000000] efi: Not removing mem286: MMIO range=[0xffe10000-0xffe3ffff] (192KB) from e820 map
[    0.000000] [Firmware Bug]: Corrupted DMI table, offset 2189 (only 40 entries processed)
[    0.000000] SMBIOS 2.4 present.
[    0.000000] DMI: Apple Inc. MacBookPro11,1/Mac-189A3D4F975D5FFC, BIOS 478.0.0.0.0 01/13/2023
[    0.000000] DMI: Memory slots populated: 2/2
[    0.000000] tsc: Fast TSC calibration using PIT
[    0.000000] tsc: Detected 2599.875 MHz processor
[    0.000085] e820: update [mem 0x00000000-0x00000fff] usable ==> reserved
[    0.000088] e820: remove [mem 0x000a0000-0x000fffff] usable
[    0.000101] last_pfn = 0x26f600 max_arch_pfn = 0x400000000
[    0.000106] MTRR map: 5 entries (4 fixed + 1 variable; max 24), built from 10 variable MTRRs
[    0.000108] x86/PAT: Configuration [0-7]: WB  WC  UC- UC  WB  WP  UC- WT  
[    0.000397] last_pfn = 0x8b000 max_arch_pfn = 0x400000000
[    0.016640] Using GB pages for direct mapping
[    0.018004] Secure boot disabled
[    0.018005] RAMDISK: [mem 0x71371000-0x72d3ffff]
[    0.018009] ACPI: Early table checksum verification disabled
[    0.018012] ACPI: RSDP 0x000000008AD8E014 000024 (v02 APPLE )
[    0.018017] ACPI: XSDT 0x000000008AD8E1C0 0000A4 (v01 APPLE  Apple00  00000000      01000013)
[    0.018023] ACPI: FACP 0x000000008AD8C000 0000F4 (v05 APPLE  Apple00  00000000 Loki 0000005F)
[    0.018029] ACPI: DSDT 0x000000008AD7F000 007681 (v03 APPLE  MacBookP 00110001 INTL 20100915)
[    0.018033] ACPI: FACS 0x000000008AD18000 000040
[    0.018036] ACPI: FACS 0x000000008AD18000 000040
[    0.018039] ACPI: HPET 0x000000008AD8B000 000038 (v01 APPLE  Apple00  00000001 Loki 0000005F)
[    0.018043] ACPI: APIC 0x000000008AD8A000 0000BC (v02 APPLE  Apple00  00000001 Loki 0000005F)
[    0.018046] ACPI: SBST 0x000000008AD88000 000030 (v01 APPLE  Apple00  00000001 Loki 0000005F)
[    0.018049] ACPI: ECDT 0x000000008AD87000 000053 (v01 APPLE  Apple00  00000001 Loki 0000005F)
[    0.018053] ACPI: SSDT 0x000000008AD7E000 00010B (v01 APPLE  SataAhci 00001000 INTL 20100915)
[    0.018056] ACPI: SSDT 0x000000008AD7D000 000024 (v01 APPLE  SmcDppt  00001000 INTL 20100915)
[    0.018060] ACPI: SSDT 0x000000008AD7A000 000FE9 (v01 APPLE  SDUsbLpt 00001000 INTL 20100915)
[    0.018063] ACPI: SSDT 0x000000008AD76000 000032 (v01 APPLE  SsdtS3   00001000 INTL 20100915)
[    0.018067] ACPI: SSDT 0x000000008AD73000 0028B2 (v01 APPLE  PcieTbt  00001000 INTL 20100915)
[    0.018070] ACPI: SSDT 0x000000008AD66000 0000B8 (v01 APPLE  Sdxc     00001000 INTL 20100915)
[    0.018074] ACPI: SSDT 0x000000008AD65000 0003E0 (v01 APPLE  SaHdaCdc 00001000 INTL 20100915)
[    0.018077] ACPI: SSDT 0x000000008AD64000 000594 (v01 PmRef  Cpu0Ist  00003000 INTL 20100915)
[    0.018080] ACPI: SSDT 0x000000008AD63000 000B83 (v01 PmRef  CpuPm    00003000 INTL 20100915)
[    0.018084] ACPI: DMAR 0x000000008AD62000 000088 (v01 APPLE  HSW      00000001 AAPL 00000001)
[    0.018087] ACPI: MCFG 0x000000008AD89000 00003C (v01 APPLE  Apple00  00000001 Loki 0000005F)
[    0.018090] ACPI: Reserving FACP table memory at [mem 0x8ad8c000-0x8ad8c0f3]
[    0.018092] ACPI: Reserving DSDT table memory at [mem 0x8ad7f000-0x8ad86680]
[    0.018093] ACPI: Reserving FACS table memory at [mem 0x8ad18000-0x8ad1803f]
[    0.018094] ACPI: Reserving FACS table memory at [mem 0x8ad18000-0x8ad1803f]
[    0.018094] ACPI: Reserving HPET table memory at [mem 0x8ad8b000-0x8ad8b037]
[    0.018095] ACPI: Reserving APIC table memory at [mem 0x8ad8a000-0x8ad8a0bb]
[    0.018096] ACPI: Reserving SBST table memory at [mem 0x8ad88000-0x8ad8802f]
[    0.018097] ACPI: Reserving ECDT table memory at [mem 0x8ad87000-0x8ad87052]
[    0.018098] ACPI: Reserving SSDT table memory at [mem 0x8ad7e000-0x8ad7e10a]
[    0.018099] ACPI: Reserving SSDT table memory at [mem 0x8ad7d000-0x8ad7d023]
[    0.018100] ACPI: Reserving SSDT table memory at [mem 0x8ad7a000-0x8ad7afe8]
[    0.018101] ACPI: Reserving SSDT table memory at [mem 0x8ad76000-0x8ad76031]
[    0.018101] ACPI: Reserving SSDT table memory at [mem 0x8ad73000-0x8ad758b1]
[    0.018102] ACPI: Reserving SSDT table memory at [mem 0x8ad66000-0x8ad660b7]
[    0.018103] ACPI: Reserving SSDT table memory at [mem 0x8ad65000-0x8ad653df]
[    0.018104] ACPI: Reserving SSDT table memory at [mem 0x8ad64000-0x8ad64593]
[    0.018105] ACPI: Reserving SSDT table memory at [mem 0x8ad63000-0x8ad63b82]
[    0.018106] ACPI: Reserving DMAR table memory at [mem 0x8ad62000-0x8ad62087]
[    0.018107] ACPI: Reserving MCFG table memory at [mem 0x8ad89000-0x8ad8903b]
[    0.018115] ACPI: DMI detected to setup _OSI("Darwin"): Apple hardware
[    0.018161] No NUMA configuration found
[    0.018162] Faking a node at [mem 0x0000000000000000-0x000000026f5fffff]
[    0.018166] NODE_DATA(0) allocated [mem 0x26f5fa8c0-0x26f5ffdff]
[    0.018198] Zone ranges:
[    0.018199]   DMA      [mem 0x0000000000001000-0x0000000000ffffff]
[    0.018201]   DMA32    [mem 0x0000000001000000-0x00000000ffffffff]
[    0.018203]   Normal   [mem 0x0000000100000000-0x000000026f5fffff]
[    0.018204]   Device   empty
[    0.018205] Movable zone start for each node
[    0.018206] Early memory node ranges
[    0.018206]   node   0: [mem 0x0000000000001000-0x0000000000057fff]
[    0.018208]   node   0: [mem 0x0000000000059000-0x000000000008efff]
[    0.018209]   node   0: [mem 0x0000000000090000-0x000000000009ffff]
[    0.018210]   node   0: [mem 0x0000000000100000-0x000000008ad0ffff]
[    0.018211]   node   0: [mem 0x000000008ad53000-0x000000008ad5cfff]
[    0.018212]   node   0: [mem 0x000000008ad8f000-0x000000008ae38fff]
[    0.018213]   node   0: [mem 0x000000008ae8f000-0x000000008aed1fff]
[    0.018214]   node   0: [mem 0x000000008aeff000-0x000000008af83fff]
[    0.018215]   node   0: [mem 0x000000008aff0000-0x000000008affffff]
[    0.018216]   node   0: [mem 0x0000000100000000-0x000000026f5fffff]
[    0.018218] Initmem setup node 0 [mem 0x0000000000001000-0x000000026f5fffff]
[    0.018224] On node 0, zone DMA: 1 pages in unavailable ranges
[    0.018226] On node 0, zone DMA: 1 pages in unavailable ranges
[    0.018227] On node 0, zone DMA: 1 pages in unavailable ranges
[    0.018250] On node 0, zone DMA: 96 pages in unavailable ranges
[    0.022500] On node 0, zone DMA32: 67 pages in unavailable ranges
[    0.022505] On node 0, zone DMA32: 50 pages in unavailable ranges
[    0.022508] On node 0, zone DMA32: 86 pages in unavailable ranges
[    0.022510] On node 0, zone DMA32: 45 pages in unavailable ranges
[    0.022513] On node 0, zone DMA32: 108 pages in unavailable ranges
[    0.034207] On node 0, zone Normal: 20480 pages in unavailable ranges
[    0.034239] On node 0, zone Normal: 2560 pages in unavailable ranges
[    0.034246] Reserving Intel graphics memory at [mem 0x8ba00000-0x8f9fffff]
[    0.034409] ACPI: PM-Timer IO Port: 0x1808
[    0.034420] ACPI: LAPIC_NMI (acpi_id[0x01] high edge lint[0x1])
[    0.034421] ACPI: LAPIC_NMI (acpi_id[0x02] high edge lint[0x1])
[    0.034422] ACPI: LAPIC_NMI (acpi_id[0x03] high edge lint[0x1])
[    0.034423] ACPI: LAPIC_NMI (acpi_id[0x04] high edge lint[0x1])
[    0.034424] ACPI: LAPIC_NMI (acpi_id[0x05] high edge lint[0x1])
[    0.034425] ACPI: LAPIC_NMI (acpi_id[0x06] high edge lint[0x1])
[    0.034426] ACPI: LAPIC_NMI (acpi_id[0x07] high edge lint[0x1])
[    0.034427] ACPI: LAPIC_NMI (acpi_id[0x08] high edge lint[0x1])
[    0.034437] IOAPIC[0]: apic_id 2, version 32, address 0xfec00000, GSI 0-39
[    0.034441] ACPI: INT_SRC_OVR (bus 0 bus_irq 0 global_irq 2 dfl dfl)
[    0.034443] ACPI: INT_SRC_OVR (bus 0 bus_irq 9 global_irq 9 high level)
[    0.034448] ACPI: Using ACPI (MADT) for SMP configuration information
[    0.034449] ACPI: HPET id: 0x8086a201 base: 0xfed00000
[    0.034454] TSC deadline timer available
[    0.034460] CPU topo: Max. logical packages:   1
[    0.034461] CPU topo: Max. logical dies:       1
[    0.034462] CPU topo: Max. dies per package:   1
[    0.034468] CPU topo: Max. threads per core:   2
[    0.034469] CPU topo: Num. cores per package:     2
[    0.034469] CPU topo: Num. threads per package:   4
[    0.034470] CPU topo: Allowing 4 present CPUs plus 0 hotplug CPUs
[    0.034493] PM: hibernation: Registered nosave memory: [mem 0x00000000-0x00000fff]
[    0.034495] PM: hibernation: Registered nosave memory: [mem 0x00058000-0x00058fff]
[    0.034497] PM: hibernation: Registered nosave memory: [mem 0x0008f000-0x0008ffff]
[    0.034499] PM: hibernation: Registered nosave memory: [mem 0x000a0000-0x000fffff]
[    0.034501] PM: hibernation: Registered nosave memory: [mem 0x8ad10000-0x8ad52fff]
[    0.034503] PM: hibernation: Registered nosave memory: [mem 0x8ad5d000-0x8ad8efff]
[    0.034505] PM: hibernation: Registered nosave memory: [mem 0x8ae39000-0x8ae8efff]
[    0.034507] PM: hibernation: Registered nosave memory: [mem 0x8aed2000-0x8aefefff]
[    0.034509] PM: hibernation: Registered nosave memory: [mem 0x8af84000-0x8afeffff]
[    0.034511] PM: hibernation: Registered nosave memory: [mem 0x8b000000-0xffffffff]
[    0.034512] [mem 0x8fa00000-0xe00f7fff] available for PCI devices
[    0.034516] Booting paravirtualized kernel on bare hardware
[    0.034519] clocksource: refined-jiffies: mask: 0xffffffff max_cycles: 0xffffffff, max_idle_ns: 1910969940391419 ns
[    0.040767] setup_percpu: NR_CPUS:384 nr_cpumask_bits:4 nr_cpu_ids:4 nr_node_ids:1
[    0.041133] percpu: Embedded 116 pages/cpu s294912 r65536 d114688 u524288
[    0.041141] pcpu-alloc: s294912 r65536 d114688 u524288 alloc=1*2097152
[    0.041144] pcpu-alloc: [0] 0 1 2 3 
[    0.041164] Kernel command line: initrd=\EFI\nixos\v6bc83nw2h5x85106qkcr1v1qyi1ax7g-initrd-linux-6.12.80-initrd.efi init=/nix/store/vkf1lapdlnhabmi02h61l7cspmbfwbfd-nixos-system-nixos-25.11.9067.54170c54449e/init pci=noaer intel_iommu=on iommu=strict loglevel=4 lsm=landlock,yama,bpf
[    0.041227] DMAR: IOMMU enabled
[    0.042256] Dentry cache hash table entries: 1048576 (order: 11, 8388608 bytes, linear)
[    0.042763] Inode-cache hash table entries: 524288 (order: 10, 4194304 bytes, linear)
[    0.042850] Fallback order for Node 0: 0 
[    0.042854] Built 1 zonelists, mobility grouping on.  Total pages: 2073657
[    0.042855] Policy zone: Normal
[    0.043151] mem auto-init: stack:all(zero), heap alloc:on, heap free:off
[    0.043161] software IO TLB: area num 4.
[    0.082920] SLUB: HWalign=64, Order=0-3, MinObjects=0, CPUs=4, Nodes=1
[    0.085123] allocated 16777216 bytes of page_ext
[    0.085133] Kernel/User page tables isolation: enabled
[    0.085178] ftrace: allocating 46233 entries in 181 pages
[    0.094155] ftrace: allocated 181 pages with 5 groups
[    0.095012] Dynamic Preempt: voluntary
[    0.095100] rcu: Preemptible hierarchical RCU implementation.
[    0.095100] rcu: 	RCU event tracing is enabled.
[    0.095101] rcu: 	RCU restricting CPUs from NR_CPUS=384 to nr_cpu_ids=4.
[    0.095103] 	Trampoline variant of Tasks RCU enabled.
[    0.095103] 	Rude variant of Tasks RCU enabled.
[    0.095104] 	Tracing variant of Tasks RCU enabled.
[    0.095104] rcu: RCU calculated value of scheduler-enlistment delay is 100 jiffies.
[    0.095105] rcu: Adjusting geometry for rcu_fanout_leaf=16, nr_cpu_ids=4
[    0.095115] RCU Tasks: Setting shift to 2 and lim to 1 rcu_task_cb_adjust=1 rcu_task_cpu_ids=4.
[    0.095117] RCU Tasks Rude: Setting shift to 2 and lim to 1 rcu_task_cb_adjust=1 rcu_task_cpu_ids=4.
[    0.095119] RCU Tasks Trace: Setting shift to 2 and lim to 1 rcu_task_cb_adjust=1 rcu_task_cpu_ids=4.
[    0.100888] NR_IRQS: 24832, nr_irqs: 728, preallocated irqs: 16
[    0.101108] rcu: srcu_init: Setting srcu_struct sizes based on contention.
[    0.101282] kfence: initialized - using 2097152 bytes for 255 objects at 0x(____ptrval____)-0x(____ptrval____)
[    0.101335] Console: colour dummy device 80x25
[    0.101338] printk: legacy console [tty0] enabled
[    0.101400] ACPI: Core revision 20240827
[    0.101533] hpet: HPET dysfunctional in PC10. Force disabled.
[    0.101550] APIC: Switch to symmetric I/O mode setup
[    0.101553] DMAR: Host address width 39
[    0.101554] DMAR: DRHD base: 0x000000fed90000 flags: 0x0
[    0.101567] DMAR: dmar0: reg_base_addr fed90000 ver 1:0 cap c0000020660462 ecap f0101a
[    0.101570] DMAR: DRHD base: 0x000000fed91000 flags: 0x1
[    0.101574] DMAR: dmar1: reg_base_addr fed91000 ver 1:0 cap d2008020660462 ecap f010da
[    0.101576] DMAR: RMRR base: 0x0000008b800000 end: 0x0000008f9fffff
[    0.101581] DMAR-IR: IOAPIC id 2 under DRHD base  0xfed91000 IOMMU 1
[    0.101583] DMAR-IR: HPET id 0 under DRHD base 0xfed91000
[    0.101585] DMAR-IR: Queued invalidation will be enabled to support x2apic and Intr-remapping.
[    0.102223] DMAR-IR: Enabled IRQ remapping in x2apic mode
[    0.102226] x2apic enabled
[    0.102296] APIC: Switched APIC routing to: cluster x2apic
[    0.102791] clocksource: tsc-early: mask: 0xffffffffffffffff max_cycles: 0x2579c5e5cc4, max_idle_ns: 440795265739 ns
[    0.102798] Calibrating delay loop (skipped), value calculated using timer frequency.. 5199.75 BogoMIPS (lpj=2599875)
[    0.102827] CPU0: Thermal monitoring enabled (TM1)
[    0.102872] Last level iTLB entries: 4KB 1024, 2MB 1024, 4MB 1024
[    0.102874] Last level dTLB entries: 4KB 1024, 2MB 1024, 4MB 1024, 1GB 4
[    0.102877] process: using mwait in idle threads
[    0.102880] Spectre V1 : Mitigation: usercopy/swapgs barriers and __user pointer sanitization
[    0.102882] Spectre V2 : Mitigation: Retpolines
[    0.102884] Spectre V2 : Spectre v2 / SpectreRSB: Filling RSB on context switch and VMEXIT
[    0.102885] Spectre V2 : Enabling Restricted Speculation for firmware calls
[    0.102887] Spectre V2 : mitigation: Enabling conditional Indirect Branch Prediction Barrier
[    0.102889] Spectre V2 : User space: Mitigation: STIBP via prctl
[    0.102891] Speculative Store Bypass: Mitigation: Speculative Store Bypass disabled via prctl
[    0.102893] MDS: Mitigation: Clear CPU buffers
[    0.102894] MMIO Stale Data: Unknown: No mitigations
[    0.102896] SRBDS: Mitigation: Microcode
[    0.102898] VMSCAPE: Mitigation: IBPB before exit to userspace
[    0.102903] x86/fpu: Supporting XSAVE feature 0x001: 'x87 floating point registers'
[    0.102905] x86/fpu: Supporting XSAVE feature 0x002: 'SSE registers'
[    0.102906] x86/fpu: Supporting XSAVE feature 0x004: 'AVX registers'
[    0.102908] x86/fpu: xstate_offset[2]:  576, xstate_sizes[2]:  256
[    0.102910] x86/fpu: Enabled xstate features 0x7, context size is 832 bytes, using 'standard' format.
[    0.103795] Freeing SMP alternatives memory: 40K
[    0.103795] pid_max: default: 32768 minimum: 301
[    0.103795] LSM: initializing lsm=capability,landlock,yama,bpf
[    0.103795] landlock: Up and running.
[    0.103795] Yama: becoming mindful.
[    0.103795] LSM support for eBPF active
[    0.103795] Mount-cache hash table entries: 16384 (order: 5, 131072 bytes, linear)
[    0.103795] Mountpoint-cache hash table entries: 16384 (order: 5, 131072 bytes, linear)
[    0.103795] smpboot: CPU0: Intel(R) Core(TM) i5-4288U CPU @ 2.60GHz (family: 0x6, model: 0x45, stepping: 0x1)
[    0.103795] Performance Events: PEBS fmt2+, Haswell events, 16-deep LBR, full-width counters, Intel PMU driver.
[    0.103795] ... version:                3
[    0.103795] ... bit width:              48
[    0.103795] ... generic registers:      4
[    0.103795] ... value mask:             0000ffffffffffff
[    0.103795] ... max period:             00007fffffffffff
[    0.103795] ... fixed-purpose events:   3
[    0.103795] ... event mask:             000000070000000f
[    0.103795] signal: max sigframe size: 1776
[    0.103795] Estimated ratio of average max frequency by base frequency (times 1024): 1220
[    0.103795] rcu: Hierarchical SRCU implementation.
[    0.103795] rcu: 	Max phase no-delay instances is 400.
[    0.103795] Timer migration: 1 hierarchy levels; 8 children per group; 1 crossnode level
[    0.103919] NMI watchdog: Enabled. Permanently consumes one hw-PMU counter.
[    0.103975] smp: Bringing up secondary CPUs ...
[    0.104098] smpboot: x86: Booting SMP configuration:
[    0.104100] .... node  #0, CPUs:      #1 #2 #3
[    0.105044] MDS CPU bug present and SMT on, data leak possible. See https://www.kernel.org/doc/html/latest/admin-guide/hw-vuln/mds.html for more details.
[    0.105044] VMSCAPE: SMT on, STIBP is required for full protection. See https://www.kernel.org/doc/html/latest/admin-guide/hw-vuln/vmscape.html for more details.
[    0.105044] smp: Brought up 1 node, 4 CPUs
[    0.105044] smpboot: Total of 4 processors activated (20799.00 BogoMIPS)
[    0.105908] Memory: 7636120K/8294628K available (16384K kernel code, 2646K rwdata, 12592K rodata, 3416K init, 3348K bss, 627628K reserved, 0K cma-reserved)
[    0.106167] devtmpfs: initialized
[    0.106167] x86/mm: Memory block size: 128MB
[    0.107284] ACPI: PM: Registering ACPI NVS region [mem 0x8ad10000-0x8ad52fff] (274432 bytes)
[    0.107284] clocksource: jiffies: mask: 0xffffffff max_cycles: 0xffffffff, max_idle_ns: 1911260446275000 ns
[    0.107284] futex hash table entries: 1024 (order: 4, 65536 bytes, linear)
[    0.107284] pinctrl core: initialized pinctrl subsystem
[    0.107284] PM: RTC time: 10:03:35, date: 2026-04-20
[    0.108244] NET: Registered PF_NETLINK/PF_ROUTE protocol family
[    0.108440] DMA: preallocated 1024 KiB GFP_KERNEL pool for atomic allocations
[    0.108514] DMA: preallocated 1024 KiB GFP_KERNEL|GFP_DMA pool for atomic allocations
[    0.108584] DMA: preallocated 1024 KiB GFP_KERNEL|GFP_DMA32 pool for atomic allocations
[    0.108596] audit: initializing netlink subsys (disabled)
[    0.108610] audit: type=2000 audit(1776679415.005:1): state=initialized audit_enabled=0 res=1
[    0.108610] thermal_sys: Registered thermal governor 'bang_bang'
[    0.108610] thermal_sys: Registered thermal governor 'step_wise'
[    0.108610] thermal_sys: Registered thermal governor 'user_space'
[    0.108610] cpuidle: using governor menu
[    0.121025] efi: Freeing EFI boot services memory: 341428K
[    0.121033] acpiphp: ACPI Hot Plug PCI Controller Driver version: 0.5
[    0.121177] PCI: ECAM [mem 0xe0000000-0xe9bfffff] (base 0xe0000000) for domain 0000 [bus 00-9b]
[    0.121194] PCI: Using configuration type 1 for base access
[    0.121255] core: PMU erratum BJ122, BV98, HSD29 worked around, HT is on
[    0.121308] kprobes: kprobe jump-optimization is enabled. All kprobes are optimized if possible.
[    0.121308] HugeTLB: registered 1.00 GiB page size, pre-allocated 0 pages
[    0.121308] HugeTLB: 16380 KiB vmemmap can be freed for a 1.00 GiB page
[    0.121308] HugeTLB: registered 2.00 MiB page size, pre-allocated 0 pages
[    0.121308] HugeTLB: 28 KiB vmemmap can be freed for a 2.00 MiB page
[    0.121917] ACPI: Disabled all _OSI OS vendors
[    0.121919] ACPI: Added _OSI(Module Device)
[    0.121920] ACPI: Added _OSI(Processor Device)
[    0.121921] ACPI: Added _OSI(Processor Aggregator Device)
[    0.121923] ACPI: Added _OSI(Darwin)
[    0.132452] ACPI: 10 ACPI AML tables successfully acquired and loaded
[    0.133050] ACPI: EC: EC started
[    0.133051] ACPI: EC: interrupt blocked
[    0.133375] ACPI: EC: EC_CMD/EC_SC=0x66, EC_DATA=0x62
[    0.133377] ACPI: EC: Boot ECDT EC used to handle transactions
[    0.133516] ACPI: BIOS _OSI(Darwin) query honored via DMI
[    0.133516] ACPI: [Firmware Bug]: BIOS _OSI(Linux) query ignored
[    0.134175] ACPI: Dynamic OEM Table Load:
[    0.134184] ACPI: SSDT 0xFFFF889181C34000 0004F0 (v01 PmRef  Cpu0Cst  00003001 INTL 20100915)
[    0.135558] ACPI: Dynamic OEM Table Load:
[    0.135565] ACPI: SSDT 0xFFFF889181C30800 00067C (v01 PmRef  ApIst    00003000 INTL 20100915)
[    0.136558] ACPI: Dynamic OEM Table Load:
[    0.136564] ACPI: SSDT 0xFFFF88918131CA00 000119 (v01 PmRef  ApCst    00003000 INTL 20100915)
[    0.137765] ACPI: Interpreter enabled
[    0.137794] ACPI: PM: (supports S0 S3 S4 S5)
[    0.137795] ACPI: Using IOAPIC for interrupt routing
[    0.137835] PCI: Using host bridge windows from ACPI; if necessary, use "pci=nocrs" and report a bug
[    0.137837] PCI: Ignoring E820 reservations for host bridge windows
[    0.138059] ACPI: Enabled 4 GPEs in block 00 to 7F
[    0.148083] ACPI: PCI Root Bridge [PCI0] (domain 0000 [bus 00-ff])
[    0.148092] acpi PNP0A08:00: _OSC: OS assumes control of [PCIeHotplug SHPCHotplug AER PCIeCapability LTR DPC]
[    0.148109] acpi PNP0A08:00: [Firmware Info]: ECAM [mem 0xe0000000-0xe9bfffff] for domain 0000 [bus 00-9b] only partially covers this bridge
[    0.148436] PCI host bridge to bus 0000:00
[    0.148440] pci_bus 0000:00: root bus resource [io  0x0000-0x0cf7 window]
[    0.148443] pci_bus 0000:00: root bus resource [io  0x0d00-0xffff window]
[    0.148445] pci_bus 0000:00: root bus resource [mem 0x000a0000-0x000fffff window]
[    0.148447] pci_bus 0000:00: root bus resource [mem 0x8fa00000-0xfeafffff window]
[    0.148449] pci_bus 0000:00: root bus resource [mem 0xfed40000-0xfed44fff window]
[    0.148451] pci_bus 0000:00: root bus resource [bus 00-ff]
[    0.148465] pci 0000:00:00.0: [8086:0a04] type 00 class 0x060000 conventional PCI endpoint
[    0.148567] pci 0000:00:02.0: [8086:0a2e] type 00 class 0x030000 conventional PCI endpoint
[    0.148576] pci 0000:00:02.0: BAR 0 [mem 0xb0000000-0xb03fffff 64bit]
[    0.148582] pci 0000:00:02.0: BAR 2 [mem 0xa0000000-0xafffffff 64bit pref]
[    0.148587] pci 0000:00:02.0: BAR 4 [io  0x2000-0x203f]
[    0.148601] pci 0000:00:02.0: Video device with shadowed ROM at [mem 0x000c0000-0x000dffff]
[    0.148741] pci 0000:00:03.0: [8086:0a0c] type 00 class 0x040300 PCIe Root Complex Integrated Endpoint
[    0.148750] pci 0000:00:03.0: BAR 0 [mem 0xb0a10000-0xb0a13fff 64bit]
[    0.148910] pci 0000:00:14.0: [8086:9c31] type 00 class 0x0c0330 conventional PCI endpoint
[    0.148925] pci 0000:00:14.0: BAR 0 [mem 0xb0a00000-0xb0a0ffff 64bit]
[    0.148978] pci 0000:00:14.0: PME# supported from D3hot D3cold
[    0.149264] pci 0000:00:16.0: [8086:9c3a] type 00 class 0x078000 conventional PCI endpoint
[    0.149283] pci 0000:00:16.0: BAR 0 [mem 0xb0a2a100-0xb0a2a11f 64bit]
[    0.149346] pci 0000:00:16.0: PME# supported from D0 D3hot D3cold
[    0.149405] pci 0000:00:1b.0: [8086:9c20] type 00 class 0x040300 PCIe Root Complex Integrated Endpoint
[    0.149420] pci 0000:00:1b.0: BAR 0 [mem 0xb0a14000-0xb0a17fff 64bit]
[    0.149483] pci 0000:00:1b.0: PME# supported from D0 D3hot D3cold
[    0.149569] pci 0000:00:1c.0: [8086:9c10] type 01 class 0x060400 PCIe Root Port
[    0.149589] pci 0000:00:1c.0: PCI bridge to [bus 01]
[    0.149650] pci 0000:00:1c.0: PME# supported from D0 D3hot D3cold
[    0.149807] pci 0000:00:1c.1: [8086:9c12] type 01 class 0x060400 PCIe Root Port
[    0.149833] pci 0000:00:1c.1: PCI bridge to [bus 02]
[    0.149838] pci 0000:00:1c.1:   bridge window [mem 0xb0800000-0xb09fffff]
[    0.149847] pci 0000:00:1c.1:   bridge window [mem 0x90000000-0x9fffffff 64bit pref]
[    0.149901] pci 0000:00:1c.1: PME# supported from D0 D3hot D3cold
[    0.150060] pci 0000:00:1c.2: [8086:9c14] type 01 class 0x060400 PCIe Root Port
[    0.150086] pci 0000:00:1c.2: PCI bridge to [bus 03]
[    0.150091] pci 0000:00:1c.2:   bridge window [mem 0xb0400000-0xb06fffff]
[    0.150151] pci 0000:00:1c.2: PME# supported from D0 D3hot D3cold
[    0.150304] pci 0000:00:1c.4: [8086:9c18] type 01 class 0x060400 PCIe Root Port
[    0.150326] pci 0000:00:1c.4: PCI bridge to [bus 05-9b]
[    0.150330] pci 0000:00:1c.4:   bridge window [io  0x3000-0x5fff]
[    0.150333] pci 0000:00:1c.4:   bridge window [mem 0xb0b00000-0xbcbfffff]
[    0.150341] pci 0000:00:1c.4:   bridge window [mem 0xbcc00000-0xc8bfffff 64bit pref]
[    0.150388] pci 0000:00:1c.4: PME# supported from D0 D3hot D3cold
[    0.150589] pci 0000:00:1c.5: [8086:9c1a] type 01 class 0x060400 PCIe Root Port
[    0.150615] pci 0000:00:1c.5: PCI bridge to [bus 04]
[    0.150620] pci 0000:00:1c.5:   bridge window [mem 0xb0700000-0xb07fffff]
[    0.150681] pci 0000:00:1c.5: PME# supported from D0 D3hot D3cold
[    0.150843] pci 0000:00:1f.0: [8086:9c43] type 00 class 0x060100 conventional PCI endpoint
[    0.151022] pci 0000:00:1f.3: [8086:9c22] type 00 class 0x0c0500 conventional PCI endpoint
[    0.151037] pci 0000:00:1f.3: BAR 0 [mem 0xb0a2a000-0xb0a2a0ff 64bit]
[    0.151054] pci 0000:00:1f.3: BAR 4 [io  0xefa0-0xefbf]
[    0.151156] pci 0000:00:1c.0: PCI bridge to [bus 01]
[    0.151227] pci 0000:02:00.0: [14e4:1570] type 00 class 0x048000 PCIe Endpoint
[    0.151250] pci 0000:02:00.0: BAR 0 [mem 0xb0900000-0xb090ffff 64bit]
[    0.151265] pci 0000:02:00.0: BAR 2 [mem 0x90000000-0x9fffffff 64bit pref]
[    0.151280] pci 0000:02:00.0: BAR 4 [mem 0xb0800000-0xb08fffff 64bit]
[    0.151385] pci 0000:02:00.0: supports D1
[    0.151387] pci 0000:02:00.0: PME# supported from D0 D3hot
[    0.151574] pci 0000:00:1c.1: PCI bridge to [bus 02]
[    0.151699] pci 0000:03:00.0: [14e4:43a0] type 00 class 0x028000 PCIe Endpoint
[    0.151740] pci 0000:03:00.0: BAR 0 [mem 0xb0600000-0xb0607fff 64bit]
[    0.151767] pci 0000:03:00.0: BAR 2 [mem 0xb0400000-0xb05fffff 64bit]
[    0.152005] pci 0000:03:00.0: supports D1 D2
[    0.152006] pci 0000:03:00.0: PME# supported from D0 D1 D2 D3hot D3cold
[    0.152354] pci 0000:00:1c.2: PCI bridge to [bus 03]
[    0.152438] pci 0000:05:00.0: [8086:156d] type 01 class 0x060400 PCIe Switch Upstream Port
[    0.152474] pci 0000:05:00.0: PCI bridge to [bus 06-6b]
[    0.152482] pci 0000:05:00.0:   bridge window [io  0x3000-0x4fff]
[    0.152485] pci 0000:05:00.0:   bridge window [mem 0xb0b00000-0xb8bfffff]
[    0.152498] pci 0000:05:00.0:   bridge window [mem 0xbcc00000-0xc4bfffff 64bit pref]
[    0.152512] pci 0000:05:00.0: enabling Extended Tags
[    0.152604] pci 0000:05:00.0: supports D1 D2
[    0.152606] pci 0000:05:00.0: PME# supported from D0 D1 D2 D3hot D3cold
[    0.154812] pci 0000:00:1c.4: PCI bridge to [bus 05-9b]
[    0.154948] pci 0000:06:00.0: [8086:156d] type 01 class 0x060400 PCIe Switch Downstream Port
[    0.154986] pci 0000:06:00.0: PCI bridge to [bus 07]
[    0.154996] pci 0000:06:00.0:   bridge window [mem 0xb0b00000-0xb0bfffff]
[    0.155023] pci 0000:06:00.0: enabling Extended Tags
[    0.155117] pci 0000:06:00.0: supports D1 D2
[    0.155119] pci 0000:06:00.0: PME# supported from D0 D1 D2 D3hot D3cold
[    0.155299] pci 0000:06:03.0: [8086:156d] type 01 class 0x060400 PCIe Switch Downstream Port
[    0.155329] pci 0000:06:03.0: PCI bridge to [bus 08-38]
[    0.155336] pci 0000:06:03.0:   bridge window [io  0x3000-0x3fff]
[    0.155340] pci 0000:06:03.0:   bridge window [mem 0xb0c00000-0xb4bfffff]
[    0.155353] pci 0000:06:03.0:   bridge window [mem 0xbcc00000-0xc0bfffff 64bit pref]
[    0.155369] pci 0000:06:03.0: enabling Extended Tags
[    0.155466] pci 0000:06:03.0: supports D1 D2
[    0.155467] pci 0000:06:03.0: PME# supported from D0 D1 D2 D3hot D3cold
[    0.155658] pci 0000:06:04.0: [8086:156d] type 01 class 0x060400 PCIe Switch Downstream Port
[    0.155687] pci 0000:06:04.0: PCI bridge to [bus 39]
[    0.155722] pci 0000:06:04.0: enabling Extended Tags
[    0.155820] pci 0000:06:04.0: supports D1 D2
[    0.155821] pci 0000:06:04.0: PME# supported from D0 D1 D2 D3hot D3cold
[    0.156009] pci 0000:06:05.0: [8086:156d] type 01 class 0x060400 PCIe Switch Downstream Port
[    0.156038] pci 0000:06:05.0: PCI bridge to [bus 3a-6a]
[    0.156046] pci 0000:06:05.0:   bridge window [io  0x4000-0x4fff]
[    0.156050] pci 0000:06:05.0:   bridge window [mem 0xb4c00000-0xb8bfffff]
[    0.156062] pci 0000:06:05.0:   bridge window [mem 0xc0c00000-0xc4bfffff 64bit pref]
[    0.156079] pci 0000:06:05.0: enabling Extended Tags
[    0.156175] pci 0000:06:05.0: supports D1 D2
[    0.156176] pci 0000:06:05.0: PME# supported from D0 D1 D2 D3hot D3cold
[    0.156362] pci 0000:06:06.0: [8086:156d] type 01 class 0x060400 PCIe Switch Downstream Port
[    0.156391] pci 0000:06:06.0: PCI bridge to [bus 6b]
[    0.156427] pci 0000:06:06.0: enabling Extended Tags
[    0.156523] pci 0000:06:06.0: supports D1 D2
[    0.156524] pci 0000:06:06.0: PME# supported from D0 D1 D2 D3hot D3cold
[    0.156698] pci 0000:05:00.0: PCI bridge to [bus 06-6b]
[    0.156794] pci 0000:07:00.0: [8086:156c] type 00 class 0x088000 PCIe Endpoint
[    0.156816] pci 0000:07:00.0: BAR 0 [mem 0xb0b00000-0xb0b3ffff]
[    0.156829] pci 0000:07:00.0: BAR 1 [mem 0xb0b40000-0xb0b40fff]
[    0.156897] pci 0000:07:00.0: enabling Extended Tags
[    0.157022] pci 0000:07:00.0: supports D1 D2
[    0.157023] pci 0000:07:00.0: PME# supported from D0 D1 D2 D3hot D3cold
[    0.158832] pci 0000:06:00.0: PCI bridge to [bus 07]
[    0.158925] pci 0000:06:03.0: PCI bridge to [bus 08-38]
[    0.159011] pci 0000:06:04.0: PCI bridge to [bus 39]
[    0.159097] pci 0000:06:05.0: PCI bridge to [bus 3a-6a]
[    0.159154] pci 0000:06:06.0: PCI bridge to [bus 6b]
[    0.159322] pci 0000:04:00.0: [144d:1600] type 00 class 0x010601 PCIe Endpoint
[    0.159382] pci 0000:04:00.0: BAR 5 [mem 0xb0700000-0xb0701fff]
[    0.159393] pci 0000:04:00.0: ROM [mem 0xffff0000-0xffffffff pref]
[    0.159474] pci 0000:04:00.0: PME# supported from D3hot D3cold
[    0.159514] pci 0000:04:00.0: 8.000 Gb/s available PCIe bandwidth, limited by 5.0 GT/s PCIe x2 link at 0000:00:1c.5 (capable of 16.000 Gb/s with 5.0 GT/s PCIe x4 link)
[    0.159810] pci 0000:00:1c.5: PCI bridge to [bus 04]
[    0.163058] ACPI: PCI: Interrupt link LNKA configured for IRQ 0
[    0.163061] ACPI: PCI: Interrupt link LNKA disabled
[    0.163116] ACPI: PCI: Interrupt link LNKB configured for IRQ 0
[    0.163117] ACPI: PCI: Interrupt link LNKB disabled
[    0.163170] ACPI: PCI: Interrupt link LNKC configured for IRQ 0
[    0.163172] ACPI: PCI: Interrupt link LNKC disabled
[    0.163224] ACPI: PCI: Interrupt link LNKD configured for IRQ 0
[    0.163225] ACPI: PCI: Interrupt link LNKD disabled
[    0.163278] ACPI: PCI: Interrupt link LNKE configured for IRQ 0
[    0.163279] ACPI: PCI: Interrupt link LNKE disabled
[    0.163332] ACPI: PCI: Interrupt link LNKF configured for IRQ 0
[    0.163333] ACPI: PCI: Interrupt link LNKF disabled
[    0.163385] ACPI: PCI: Interrupt link LNKG configured for IRQ 0
[    0.163386] ACPI: PCI: Interrupt link LNKG disabled
[    0.163439] ACPI: PCI: Interrupt link LNKH configured for IRQ 0
[    0.163440] ACPI: PCI: Interrupt link LNKH disabled
[    0.163717] ACPI: EC: interrupt unblocked
[    0.163718] ACPI: EC: event unblocked
[    0.163721] ACPI: EC: EC_CMD/EC_SC=0x66, EC_DATA=0x62
[    0.163723] ACPI: EC: GPE=0x4e
[    0.163725] ACPI: \_SB_.PCI0.LPCB.EC__: Boot ECDT EC initialization complete
[    0.163727] ACPI: \_SB_.PCI0.LPCB.EC__: EC: Used to handle transactions and events
[    0.163820] iommu: Default domain type: Translated
[    0.163822] iommu: DMA domain TLB invalidation policy: lazy mode
[    0.163847] ACPI: bus type USB registered
[    0.163866] usbcore: registered new interface driver usbfs
[    0.163874] usbcore: registered new interface driver hub
[    0.163881] usbcore: registered new device driver usb
[    0.164799] efivars: Registered efivars operations
[    0.165034] NetLabel: Initializing
[    0.165036] NetLabel:  domain hash size = 128
[    0.165037] NetLabel:  protocols = UNLABELED CIPSOv4 CALIPSO
[    0.165056] NetLabel:  unlabeled traffic allowed by default
[    0.165057] PCI: Using ACPI for IRQ routing
[    0.170843] PCI: pci_cache_line_size set to 64 bytes
[    0.170975] e820: reserve RAM buffer [mem 0x00058000-0x0005ffff]
[    0.170977] e820: reserve RAM buffer [mem 0x0008f000-0x0008ffff]
[    0.170979] e820: reserve RAM buffer [mem 0x75f27810-0x77ffffff]
[    0.170981] e820: reserve RAM buffer [mem 0x75f29190-0x77ffffff]
[    0.170982] e820: reserve RAM buffer [mem 0x8ad10000-0x8bffffff]
[    0.170984] e820: reserve RAM buffer [mem 0x8ad5d000-0x8bffffff]
[    0.170986] e820: reserve RAM buffer [mem 0x8ae39000-0x8bffffff]
[    0.170987] e820: reserve RAM buffer [mem 0x8aed2000-0x8bffffff]
[    0.170989] e820: reserve RAM buffer [mem 0x8af84000-0x8bffffff]
[    0.170990] e820: reserve RAM buffer [mem 0x8b000000-0x8bffffff]
[    0.170991] e820: reserve RAM buffer [mem 0x26f600000-0x26fffffff]
[    0.171030] pci 0000:00:02.0: vgaarb: setting as boot VGA device
[    0.171030] pci 0000:00:02.0: vgaarb: bridge control possible
[    0.171030] pci 0000:00:02.0: vgaarb: VGA device added: decodes=io+mem,owns=io+mem,locks=none
[    0.171030] vgaarb: loaded
[    0.171030] clocksource: Switched to clocksource tsc-early
[    0.171030] VFS: Disk quotas dquot_6.6.0
[    0.171044] VFS: Dquot-cache hash table entries: 512 (order 0, 4096 bytes)
[    0.171103] pnp: PnP ACPI init
[    0.171333] system 00:00: [mem 0xfed00000-0xfed03fff] has been reserved
[    0.171391] system 00:01: [io  0xffff] has been reserved
[    0.171393] system 00:01: [io  0x1800-0x187f] has been reserved
[    0.171396] system 00:01: [io  0x0800-0x087f] has been reserved
[    0.172265] system 00:03: [mem 0xfed1c000-0xfed1ffff] has been reserved
[    0.172268] system 00:03: [mem 0xfed10000-0xfed17fff] has been reserved
[    0.172271] system 00:03: [mem 0xfed18000-0xfed18fff] has been reserved
[    0.172272] system 00:03: [mem 0xfed19000-0xfed19fff] has been reserved
[    0.172275] system 00:03: [mem 0xe0000000-0xefffffff] could not be reserved
[    0.172277] system 00:03: [mem 0xfed20000-0xfed3ffff] has been reserved
[    0.172279] system 00:03: [mem 0xfed90000-0xfed93fff] could not be reserved
[    0.172281] system 00:03: [mem 0xfed45000-0xfed8ffff] has been reserved
[    0.172283] system 00:03: [mem 0xff000000-0xffffffff] could not be reserved
[    0.172285] system 00:03: [mem 0xfee00000-0xfeefffff] has been reserved
[    0.172349] system 00:04: [mem 0x20000000-0x201fffff] could not be reserved
[    0.172351] system 00:04: [mem 0x40000000-0x401fffff] could not be reserved
[    0.172484] pnp: PnP ACPI: found 5 devices
[    0.173826] pci 0000:00:02.0: assigning 3 device properties
[    0.173849] pci 0000:07:00.0: assigning 8 device properties
[    0.173868] pci 0000:00:1b.0: assigning 4 device properties
[    0.178387] clocksource: acpi_pm: mask: 0xffffff max_cycles: 0xffffff, max_idle_ns: 2085701024 ns
[    0.178466] NET: Registered PF_INET protocol family
[    0.178562] IP idents hash table entries: 131072 (order: 8, 1048576 bytes, linear)
[    0.192543] tcp_listen_portaddr_hash hash table entries: 4096 (order: 4, 65536 bytes, linear)
[    0.192575] Table-perturb hash table entries: 65536 (order: 6, 262144 bytes, linear)
[    0.192629] TCP established hash table entries: 65536 (order: 7, 524288 bytes, linear)
[    0.192847] TCP bind hash table entries: 65536 (order: 9, 2097152 bytes, linear)
[    0.193149] TCP: Hash tables configured (established 65536 bind 65536)
[    0.193223] MPTCP token hash table entries: 8192 (order: 6, 196608 bytes, linear)
[    0.193276] UDP hash table entries: 4096 (order: 5, 131072 bytes, linear)
[    0.193300] UDP-Lite hash table entries: 4096 (order: 5, 131072 bytes, linear)
[    0.193371] NET: Registered PF_UNIX/PF_LOCAL protocol family
[    0.193384] NET: Registered PF_XDP protocol family
[    0.193390] pci 0000:04:00.0: ROM [mem 0xffff0000-0xffffffff pref]: can't claim; no compatible bridge window
[    0.193398] pci 0000:06:00.0: bridge window [io  0x1000-0x0fff] to [bus 07] add_size 1000
[    0.193402] pci 0000:06:00.0: bridge window [mem 0x00100000-0x000fffff 64bit pref] to [bus 07] add_size 200000 add_align 100000
[    0.193406] pci 0000:06:04.0: bridge window [io  0x1000-0x0fff] to [bus 39] add_size 1000
[    0.193408] pci 0000:06:04.0: bridge window [mem 0x00100000-0x000fffff 64bit pref] to [bus 39] add_size 200000 add_align 100000
[    0.193410] pci 0000:06:04.0: bridge window [mem 0x00100000-0x000fffff] to [bus 39] add_size 200000 add_align 100000
[    0.193413] pci 0000:06:06.0: bridge window [io  0x1000-0x0fff] to [bus 6b] add_size 1000
[    0.193415] pci 0000:06:06.0: bridge window [mem 0x00100000-0x000fffff 64bit pref] to [bus 6b] add_size 200000 add_align 100000
[    0.193417] pci 0000:06:06.0: bridge window [mem 0x00100000-0x000fffff] to [bus 6b] add_size 200000 add_align 100000
[    0.193426] pci 0000:00:1c.0: PCI bridge to [bus 01]
[    0.193437] pci 0000:00:1c.1: PCI bridge to [bus 02]
[    0.193441] pci 0000:00:1c.1:   bridge window [mem 0xb0800000-0xb09fffff]
[    0.193445] pci 0000:00:1c.1:   bridge window [mem 0x90000000-0x9fffffff 64bit pref]
[    0.193450] pci 0000:00:1c.2: PCI bridge to [bus 03]
[    0.193454] pci 0000:00:1c.2:   bridge window [mem 0xb0400000-0xb06fffff]
[    0.193466] pci 0000:06:00.0: bridge window [mem size 0x00200000 64bit pref]: can't assign; no space
[    0.193468] pci 0000:06:00.0: bridge window [mem size 0x00200000 64bit pref]: failed to assign
[    0.193470] pci 0000:06:04.0: bridge window [mem size 0x00200000]: can't assign; no space
[    0.193472] pci 0000:06:04.0: bridge window [mem size 0x00200000]: failed to assign
[    0.193474] pci 0000:06:04.0: bridge window [mem size 0x00200000 64bit pref]: can't assign; no space
[    0.193476] pci 0000:06:04.0: bridge window [mem size 0x00200000 64bit pref]: failed to assign
[    0.193478] pci 0000:06:06.0: bridge window [mem size 0x00200000]: can't assign; no space
[    0.193479] pci 0000:06:06.0: bridge window [mem size 0x00200000]: failed to assign
[    0.193481] pci 0000:06:06.0: bridge window [mem size 0x00200000 64bit pref]: can't assign; no space
[    0.193483] pci 0000:06:06.0: bridge window [mem size 0x00200000 64bit pref]: failed to assign
[    0.193485] pci 0000:06:00.0: bridge window [io  size 0x1000]: can't assign; no space
[    0.193486] pci 0000:06:00.0: bridge window [io  size 0x1000]: failed to assign
[    0.193488] pci 0000:06:04.0: bridge window [io  size 0x1000]: can't assign; no space
[    0.193489] pci 0000:06:04.0: bridge window [io  size 0x1000]: failed to assign
[    0.193491] pci 0000:06:06.0: bridge window [io  size 0x1000]: can't assign; no space
[    0.193492] pci 0000:06:06.0: bridge window [io  size 0x1000]: failed to assign
[    0.193495] pci 0000:06:06.0: bridge window [mem size 0x00200000]: can't assign; no space
[    0.193496] pci 0000:06:06.0: bridge window [mem size 0x00200000]: failed to assign
[    0.193498] pci 0000:06:06.0: bridge window [mem size 0x00200000 64bit pref]: can't assign; no space
[    0.193500] pci 0000:06:06.0: bridge window [mem size 0x00200000 64bit pref]: failed to assign
[    0.193502] pci 0000:06:06.0: bridge window [io  size 0x1000]: can't assign; no space
[    0.193503] pci 0000:06:06.0: bridge window [io  size 0x1000]: failed to assign
[    0.193505] pci 0000:06:04.0: bridge window [mem size 0x00200000]: can't assign; no space
[    0.193506] pci 0000:06:04.0: bridge window [mem size 0x00200000]: failed to assign
[    0.193508] pci 0000:06:04.0: bridge window [mem size 0x00200000 64bit pref]: can't assign; no space
[    0.193510] pci 0000:06:04.0: bridge window [mem size 0x00200000 64bit pref]: failed to assign
[    0.193512] pci 0000:06:04.0: bridge window [io  size 0x1000]: can't assign; no space
[    0.193513] pci 0000:06:04.0: bridge window [io  size 0x1000]: failed to assign
[    0.193515] pci 0000:06:00.0: bridge window [mem size 0x00200000 64bit pref]: can't assign; no space
[    0.193517] pci 0000:06:00.0: bridge window [mem size 0x00200000 64bit pref]: failed to assign
[    0.193518] pci 0000:06:00.0: bridge window [io  size 0x1000]: can't assign; no space
[    0.193520] pci 0000:06:00.0: bridge window [io  size 0x1000]: failed to assign
[    0.193522] pci 0000:06:00.0: PCI bridge to [bus 07]
[    0.193527] pci 0000:06:00.0:   bridge window [mem 0xb0b00000-0xb0bfffff]
[    0.193537] pci 0000:06:03.0: PCI bridge to [bus 08-38]
[    0.193540] pci 0000:06:03.0:   bridge window [io  0x3000-0x3fff]
[    0.193545] pci 0000:06:03.0:   bridge window [mem 0xb0c00000-0xb4bfffff]
[    0.193549] pci 0000:06:03.0:   bridge window [mem 0xbcc00000-0xc0bfffff 64bit pref]
[    0.193556] pci 0000:06:04.0: PCI bridge to [bus 39]
[    0.193569] pci 0000:06:05.0: PCI bridge to [bus 3a-6a]
[    0.193572] pci 0000:06:05.0:   bridge window [io  0x4000-0x4fff]
[    0.193577] pci 0000:06:05.0:   bridge window [mem 0xb4c00000-0xb8bfffff]
[    0.193581] pci 0000:06:05.0:   bridge window [mem 0xc0c00000-0xc4bfffff 64bit pref]
[    0.193588] pci 0000:06:06.0: PCI bridge to [bus 6b]
[    0.193601] pci 0000:05:00.0: PCI bridge to [bus 06-6b]
[    0.193604] pci 0000:05:00.0:   bridge window [io  0x3000-0x4fff]
[    0.193609] pci 0000:05:00.0:   bridge window [mem 0xb0b00000-0xb8bfffff]
[    0.193613] pci 0000:05:00.0:   bridge window [mem 0xbcc00000-0xc4bfffff 64bit pref]
[    0.193620] pci 0000:00:1c.4: PCI bridge to [bus 05-9b]
[    0.193622] pci 0000:00:1c.4:   bridge window [io  0x3000-0x5fff]
[    0.193625] pci 0000:00:1c.4:   bridge window [mem 0xb0b00000-0xbcbfffff]
[    0.193629] pci 0000:00:1c.4:   bridge window [mem 0xbcc00000-0xc8bfffff 64bit pref]
[    0.193634] pci 0000:04:00.0: ROM [mem 0xb0710000-0xb071ffff pref]: assigned
[    0.193637] pci 0000:00:1c.5: PCI bridge to [bus 04]
