=== dmesg stream start: Mon 20 Apr 12:24:52 BST 2026 ===
[    0.000000] Linux version 6.12.80 (nixbld@localhost) (gcc (GCC) 14.3.0, GNU ld (GNU Binutils) 2.44) #1-NixOS SMP PREEMPT_DYNAMIC Thu Apr  2 11:09:54 UTC 2026
[    0.000000] Command line: initrd=\EFI\nixos\v6bc83nw2h5x85106qkcr1v1qyi1ax7g-initrd-linux-6.12.80-initrd.efi init=/nix/store/vkf1lapdlnhabmi02h61l7cspmbfwbfd-nixos-system-nixos-25.11.9067.54170c54449e/init pci=noaer intel_iommu=on iommu=strict loglevel=4 lsm=landlock,yama,bpf
[    0.000000] BIOS-provided physical RAM map:
[    0.000000] BIOS-e820: [mem 0x0000000000000000-0x0000000000057fff] usable
[    0.000000] BIOS-e820: [mem 0x0000000000058000-0x0000000000058fff] reserved
[    0.000000] BIOS-e820: [mem 0x0000000000059000-0x000000000008efff] usable
[    0.000000] BIOS-e820: [mem 0x000000000008f000-0x000000000008ffff] reserved
[    0.000000] BIOS-e820: [mem 0x0000000000090000-0x000000000009ffff] usable
[    0.000000] BIOS-e820: [mem 0x00000000000a0000-0x00000000000bffff] reserved
[    0.000000] BIOS-e820: [mem 0x0000000000100000-0x000000008ad0ffff] usable
[    0.000000] BIOS-e820: [mem 0x000000008ad10000-0x000000008ad52fff] ACPI NVS
[    0.000000] BIOS-e820: [mem 0x000000008ad53000-0x000000008ad5cfff] usable
[    0.000000] BIOS-e820: [mem 0x000000008ad5d000-0x000000008ad8efff] ACPI data
[    0.000000] BIOS-e820: [mem 0x000000008ad8f000-0x000000008ae38fff] usable
[    0.000000] BIOS-e820: [mem 0x000000008ae39000-0x000000008ae8efff] reserved
[    0.000000] BIOS-e820: [mem 0x000000008ae8f000-0x000000008aed1fff] usable
[    0.000000] BIOS-e820: [mem 0x000000008aed2000-0x000000008aefefff] reserved
[    0.000000] BIOS-e820: [mem 0x000000008aeff000-0x000000008af83fff] usable
[    0.000000] BIOS-e820: [mem 0x000000008af84000-0x000000008afeffff] reserved
[    0.000000] BIOS-e820: [mem 0x000000008aff0000-0x000000008affffff] usable
[    0.000000] BIOS-e820: [mem 0x000000008b000000-0x000000008f9fffff] reserved
[    0.000000] BIOS-e820: [mem 0x00000000e00f8000-0x00000000e00f8fff] reserved
[    0.000000] BIOS-e820: [mem 0x00000000fed1c000-0x00000000fed1ffff] reserved
[    0.000000] BIOS-e820: [mem 0x00000000ffe10000-0x00000000ffe3ffff] reserved
[    0.000000] BIOS-e820: [mem 0x0000000100000000-0x000000026f5fffff] usable
[    0.000000] NX (Execute Disable) protection: active
[    0.000000] APIC: Static calls initialized
[    0.000000] e820: update [mem 0x75f28190-0x75f381cf] usable ==> usable
[    0.000000] e820: update [mem 0x75f26810-0x75f26cd2] usable ==> usable
[    0.000000] extended physical RAM map:
[    0.000000] reserve setup_data: [mem 0x0000000000000000-0x0000000000057fff] usable
[    0.000000] reserve setup_data: [mem 0x0000000000058000-0x0000000000058fff] reserved
[    0.000000] reserve setup_data: [mem 0x0000000000059000-0x000000000008efff] usable
[    0.000000] reserve setup_data: [mem 0x000000000008f000-0x000000000008ffff] reserved
[    0.000000] reserve setup_data: [mem 0x0000000000090000-0x000000000009ffff] usable
[    0.000000] reserve setup_data: [mem 0x00000000000a0000-0x00000000000bffff] reserved
[    0.000000] reserve setup_data: [mem 0x0000000000100000-0x0000000075f2680f] usable
[    0.000000] reserve setup_data: [mem 0x0000000075f26810-0x0000000075f26cd2] usable
[    0.000000] reserve setup_data: [mem 0x0000000075f26cd3-0x0000000075f2818f] usable
[    0.000000] reserve setup_data: [mem 0x0000000075f28190-0x0000000075f381cf] usable
[    0.000000] reserve setup_data: [mem 0x0000000075f381d0-0x000000008ad0ffff] usable
[    0.000000] reserve setup_data: [mem 0x000000008ad10000-0x000000008ad52fff] ACPI NVS
[    0.000000] reserve setup_data: [mem 0x000000008ad53000-0x000000008ad5cfff] usable
[    0.000000] reserve setup_data: [mem 0x000000008ad5d000-0x000000008ad8efff] ACPI data
[    0.000000] reserve setup_data: [mem 0x000000008ad8f000-0x000000008ae38fff] usable
[    0.000000] reserve setup_data: [mem 0x000000008ae39000-0x000000008ae8efff] reserved
[    0.000000] reserve setup_data: [mem 0x000000008ae8f000-0x000000008aed1fff] usable
[    0.000000] reserve setup_data: [mem 0x000000008aed2000-0x000000008aefefff] reserved
[    0.000000] reserve setup_data: [mem 0x000000008aeff000-0x000000008af83fff] usable
[    0.000000] reserve setup_data: [mem 0x000000008af84000-0x000000008afeffff] reserved
[    0.000000] reserve setup_data: [mem 0x000000008aff0000-0x000000008affffff] usable
[    0.000000] reserve setup_data: [mem 0x000000008b000000-0x000000008f9fffff] reserved
[    0.000000] reserve setup_data: [mem 0x00000000e00f8000-0x00000000e00f8fff] reserved
[    0.000000] reserve setup_data: [mem 0x00000000fed1c000-0x00000000fed1ffff] reserved
[    0.000000] reserve setup_data: [mem 0x00000000ffe10000-0x00000000ffe3ffff] reserved
[    0.000000] reserve setup_data: [mem 0x0000000100000000-0x000000026f5fffff] usable
[    0.000000] efi: EFI v1.1 by Apple
[    0.000000] efi: ACPI=0x8ad8e000 ACPI 2.0=0x8ad8e014 SMBIOS=0x8ad11000 RNG=0x8ad61f90 INITRD=0x75f53f90 
[    0.000000] random: crng init done
[    0.000000] efi: Not removing mem279: MMIO range=[0xe00f8000-0xe00f8fff] (4KB) from e820 map
[    0.000000] efi: Not removing mem280: MMIO range=[0xfed1c000-0xfed1ffff] (16KB) from e820 map
[    0.000000] efi: Not removing mem281: MMIO range=[0xffe10000-0xffe3ffff] (192KB) from e820 map
[    0.000000] [Firmware Bug]: Corrupted DMI table, offset 2189 (only 40 entries processed)
[    0.000000] SMBIOS 2.4 present.
[    0.000000] DMI: Apple Inc. MacBookPro11,1/Mac-189A3D4F975D5FFC, BIOS 478.0.0.0.0 01/13/2023
[    0.000000] DMI: Memory slots populated: 2/2
[    0.000000] tsc: Fast TSC calibration using PIT
[    0.000000] tsc: Detected 2599.734 MHz processor
[    0.000095] e820: update [mem 0x00000000-0x00000fff] usable ==> reserved
[    0.000097] e820: remove [mem 0x000a0000-0x000fffff] usable
[    0.000110] last_pfn = 0x26f600 max_arch_pfn = 0x400000000
[    0.000115] MTRR map: 5 entries (4 fixed + 1 variable; max 24), built from 10 variable MTRRs
[    0.000117] x86/PAT: Configuration [0-7]: WB  WC  UC- UC  WB  WP  UC- WT  
[    0.000407] last_pfn = 0x8b000 max_arch_pfn = 0x400000000
[    0.016647] Using GB pages for direct mapping
[    0.017350] Secure boot disabled
[    0.017351] RAMDISK: [mem 0x71370000-0x72d3efff]
[    0.017356] ACPI: Early table checksum verification disabled
[    0.017359] ACPI: RSDP 0x000000008AD8E014 000024 (v02 APPLE )
[    0.017364] ACPI: XSDT 0x000000008AD8E1C0 0000A4 (v01 APPLE  Apple00  00000000      01000013)
[    0.017370] ACPI: FACP 0x000000008AD8C000 0000F4 (v05 APPLE  Apple00  00000000 Loki 0000005F)
[    0.017376] ACPI: DSDT 0x000000008AD7F000 007681 (v03 APPLE  MacBookP 00110001 INTL 20100915)
[    0.017379] ACPI: FACS 0x000000008AD18000 000040
[    0.017382] ACPI: FACS 0x000000008AD18000 000040
[    0.017385] ACPI: HPET 0x000000008AD8B000 000038 (v01 APPLE  Apple00  00000001 Loki 0000005F)
[    0.017389] ACPI: APIC 0x000000008AD8A000 0000BC (v02 APPLE  Apple00  00000001 Loki 0000005F)
[    0.017392] ACPI: SBST 0x000000008AD88000 000030 (v01 APPLE  Apple00  00000001 Loki 0000005F)
[    0.017396] ACPI: ECDT 0x000000008AD87000 000053 (v01 APPLE  Apple00  00000001 Loki 0000005F)
[    0.017399] ACPI: SSDT 0x000000008AD7E000 00010B (v01 APPLE  SataAhci 00001000 INTL 20100915)
[    0.017403] ACPI: SSDT 0x000000008AD7D000 000024 (v01 APPLE  SmcDppt  00001000 INTL 20100915)
[    0.017406] ACPI: SSDT 0x000000008AD7A000 000FE9 (v01 APPLE  SDUsbLpt 00001000 INTL 20100915)
[    0.017410] ACPI: SSDT 0x000000008AD76000 000032 (v01 APPLE  SsdtS3   00001000 INTL 20100915)
[    0.017413] ACPI: SSDT 0x000000008AD73000 0028B2 (v01 APPLE  PcieTbt  00001000 INTL 20100915)
[    0.017416] ACPI: SSDT 0x000000008AD66000 0000B8 (v01 APPLE  Sdxc     00001000 INTL 20100915)
[    0.017420] ACPI: SSDT 0x000000008AD65000 0003E0 (v01 APPLE  SaHdaCdc 00001000 INTL 20100915)
[    0.017423] ACPI: SSDT 0x000000008AD64000 000594 (v01 PmRef  Cpu0Ist  00003000 INTL 20100915)
[    0.017427] ACPI: SSDT 0x000000008AD63000 000B83 (v01 PmRef  CpuPm    00003000 INTL 20100915)
[    0.017431] ACPI: DMAR 0x000000008AD62000 000088 (v01 APPLE  HSW      00000001 AAPL 00000001)
[    0.017434] ACPI: MCFG 0x000000008AD89000 00003C (v01 APPLE  Apple00  00000001 Loki 0000005F)
[    0.017437] ACPI: Reserving FACP table memory at [mem 0x8ad8c000-0x8ad8c0f3]
[    0.017439] ACPI: Reserving DSDT table memory at [mem 0x8ad7f000-0x8ad86680]
[    0.017440] ACPI: Reserving FACS table memory at [mem 0x8ad18000-0x8ad1803f]
[    0.017441] ACPI: Reserving FACS table memory at [mem 0x8ad18000-0x8ad1803f]
[    0.017441] ACPI: Reserving HPET table memory at [mem 0x8ad8b000-0x8ad8b037]
[    0.017442] ACPI: Reserving APIC table memory at [mem 0x8ad8a000-0x8ad8a0bb]
[    0.017443] ACPI: Reserving SBST table memory at [mem 0x8ad88000-0x8ad8802f]
[    0.017444] ACPI: Reserving ECDT table memory at [mem 0x8ad87000-0x8ad87052]
[    0.017445] ACPI: Reserving SSDT table memory at [mem 0x8ad7e000-0x8ad7e10a]
[    0.017446] ACPI: Reserving SSDT table memory at [mem 0x8ad7d000-0x8ad7d023]
[    0.017447] ACPI: Reserving SSDT table memory at [mem 0x8ad7a000-0x8ad7afe8]
[    0.017448] ACPI: Reserving SSDT table memory at [mem 0x8ad76000-0x8ad76031]
[    0.017448] ACPI: Reserving SSDT table memory at [mem 0x8ad73000-0x8ad758b1]
[    0.017449] ACPI: Reserving SSDT table memory at [mem 0x8ad66000-0x8ad660b7]
[    0.017450] ACPI: Reserving SSDT table memory at [mem 0x8ad65000-0x8ad653df]
[    0.017451] ACPI: Reserving SSDT table memory at [mem 0x8ad64000-0x8ad64593]
[    0.017452] ACPI: Reserving SSDT table memory at [mem 0x8ad63000-0x8ad63b82]
[    0.017453] ACPI: Reserving DMAR table memory at [mem 0x8ad62000-0x8ad62087]
[    0.017454] ACPI: Reserving MCFG table memory at [mem 0x8ad89000-0x8ad8903b]
[    0.017462] ACPI: DMI detected to setup _OSI("Darwin"): Apple hardware
[    0.017508] No NUMA configuration found
[    0.017509] Faking a node at [mem 0x0000000000000000-0x000000026f5fffff]
[    0.017514] NODE_DATA(0) allocated [mem 0x26f5f88c0-0x26f5fddff]
[    0.017546] Zone ranges:
[    0.017547]   DMA      [mem 0x0000000000001000-0x0000000000ffffff]
[    0.017549]   DMA32    [mem 0x0000000001000000-0x00000000ffffffff]
[    0.017550]   Normal   [mem 0x0000000100000000-0x000000026f5fffff]
[    0.017552]   Device   empty
[    0.017553] Movable zone start for each node
[    0.017553] Early memory node ranges
[    0.017554]   node   0: [mem 0x0000000000001000-0x0000000000057fff]
[    0.017556]   node   0: [mem 0x0000000000059000-0x000000000008efff]
[    0.017557]   node   0: [mem 0x0000000000090000-0x000000000009ffff]
[    0.017558]   node   0: [mem 0x0000000000100000-0x000000008ad0ffff]
[    0.017559]   node   0: [mem 0x000000008ad53000-0x000000008ad5cfff]
[    0.017560]   node   0: [mem 0x000000008ad8f000-0x000000008ae38fff]
[    0.017561]   node   0: [mem 0x000000008ae8f000-0x000000008aed1fff]
[    0.017562]   node   0: [mem 0x000000008aeff000-0x000000008af83fff]
[    0.017563]   node   0: [mem 0x000000008aff0000-0x000000008affffff]
[    0.017563]   node   0: [mem 0x0000000100000000-0x000000026f5fffff]
[    0.017565] Initmem setup node 0 [mem 0x0000000000001000-0x000000026f5fffff]
[    0.017571] On node 0, zone DMA: 1 pages in unavailable ranges
[    0.017573] On node 0, zone DMA: 1 pages in unavailable ranges
[    0.017574] On node 0, zone DMA: 1 pages in unavailable ranges
[    0.017599] On node 0, zone DMA: 96 pages in unavailable ranges
[    0.021847] On node 0, zone DMA32: 67 pages in unavailable ranges
[    0.021852] On node 0, zone DMA32: 50 pages in unavailable ranges
[    0.021854] On node 0, zone DMA32: 86 pages in unavailable ranges
[    0.021857] On node 0, zone DMA32: 45 pages in unavailable ranges
[    0.021859] On node 0, zone DMA32: 108 pages in unavailable ranges
[    0.033563] On node 0, zone Normal: 20480 pages in unavailable ranges
[    0.033596] On node 0, zone Normal: 2560 pages in unavailable ranges
[    0.033603] Reserving Intel graphics memory at [mem 0x8ba00000-0x8f9fffff]
[    0.033766] ACPI: PM-Timer IO Port: 0x1808
[    0.033777] ACPI: LAPIC_NMI (acpi_id[0x01] high edge lint[0x1])
[    0.033779] ACPI: LAPIC_NMI (acpi_id[0x02] high edge lint[0x1])
[    0.033780] ACPI: LAPIC_NMI (acpi_id[0x03] high edge lint[0x1])
[    0.033781] ACPI: LAPIC_NMI (acpi_id[0x04] high edge lint[0x1])
[    0.033781] ACPI: LAPIC_NMI (acpi_id[0x05] high edge lint[0x1])
[    0.033782] ACPI: LAPIC_NMI (acpi_id[0x06] high edge lint[0x1])
[    0.033783] ACPI: LAPIC_NMI (acpi_id[0x07] high edge lint[0x1])
[    0.033784] ACPI: LAPIC_NMI (acpi_id[0x08] high edge lint[0x1])
[    0.033794] IOAPIC[0]: apic_id 2, version 32, address 0xfec00000, GSI 0-39
[    0.033798] ACPI: INT_SRC_OVR (bus 0 bus_irq 0 global_irq 2 dfl dfl)
[    0.033800] ACPI: INT_SRC_OVR (bus 0 bus_irq 9 global_irq 9 high level)
[    0.033805] ACPI: Using ACPI (MADT) for SMP configuration information
[    0.033806] ACPI: HPET id: 0x8086a201 base: 0xfed00000
[    0.033811] TSC deadline timer available
[    0.033816] CPU topo: Max. logical packages:   1
[    0.033817] CPU topo: Max. logical dies:       1
[    0.033818] CPU topo: Max. dies per package:   1
[    0.033824] CPU topo: Max. threads per core:   2
[    0.033825] CPU topo: Num. cores per package:     2
[    0.033826] CPU topo: Num. threads per package:   4
[    0.033826] CPU topo: Allowing 4 present CPUs plus 0 hotplug CPUs
[    0.033849] PM: hibernation: Registered nosave memory: [mem 0x00000000-0x00000fff]
[    0.033851] PM: hibernation: Registered nosave memory: [mem 0x00058000-0x00058fff]
[    0.033853] PM: hibernation: Registered nosave memory: [mem 0x0008f000-0x0008ffff]
[    0.033855] PM: hibernation: Registered nosave memory: [mem 0x000a0000-0x000fffff]
[    0.033857] PM: hibernation: Registered nosave memory: [mem 0x8ad10000-0x8ad52fff]
[    0.033859] PM: hibernation: Registered nosave memory: [mem 0x8ad5d000-0x8ad8efff]
[    0.033861] PM: hibernation: Registered nosave memory: [mem 0x8ae39000-0x8ae8efff]
[    0.033863] PM: hibernation: Registered nosave memory: [mem 0x8aed2000-0x8aefefff]
[    0.033865] PM: hibernation: Registered nosave memory: [mem 0x8af84000-0x8afeffff]
[    0.033867] PM: hibernation: Registered nosave memory: [mem 0x8b000000-0xffffffff]
[    0.033869] [mem 0x8fa00000-0xe00f7fff] available for PCI devices
[    0.033872] Booting paravirtualized kernel on bare hardware
[    0.033875] clocksource: refined-jiffies: mask: 0xffffffff max_cycles: 0xffffffff, max_idle_ns: 1910969940391419 ns
[    0.040116] setup_percpu: NR_CPUS:384 nr_cpumask_bits:4 nr_cpu_ids:4 nr_node_ids:1
[    0.040484] percpu: Embedded 116 pages/cpu s294912 r65536 d114688 u524288
[    0.040493] pcpu-alloc: s294912 r65536 d114688 u524288 alloc=1*2097152
[    0.040495] pcpu-alloc: [0] 0 1 2 3 
[    0.040516] Kernel command line: initrd=\EFI\nixos\v6bc83nw2h5x85106qkcr1v1qyi1ax7g-initrd-linux-6.12.80-initrd.efi init=/nix/store/vkf1lapdlnhabmi02h61l7cspmbfwbfd-nixos-system-nixos-25.11.9067.54170c54449e/init pci=noaer intel_iommu=on iommu=strict loglevel=4 lsm=landlock,yama,bpf
[    0.040579] DMAR: IOMMU enabled
[    0.041610] Dentry cache hash table entries: 1048576 (order: 11, 8388608 bytes, linear)
[    0.042115] Inode-cache hash table entries: 524288 (order: 10, 4194304 bytes, linear)
[    0.042204] Fallback order for Node 0: 0 
[    0.042208] Built 1 zonelists, mobility grouping on.  Total pages: 2073657
[    0.042210] Policy zone: Normal
[    0.042506] mem auto-init: stack:all(zero), heap alloc:on, heap free:off
[    0.042516] software IO TLB: area num 4.
[    0.082259] SLUB: HWalign=64, Order=0-3, MinObjects=0, CPUs=4, Nodes=1
[    0.084456] allocated 16777216 bytes of page_ext
[    0.084466] Kernel/User page tables isolation: enabled
[    0.084512] ftrace: allocating 46233 entries in 181 pages
[    0.093487] ftrace: allocated 181 pages with 5 groups
[    0.094355] Dynamic Preempt: voluntary
[    0.094455] rcu: Preemptible hierarchical RCU implementation.
[    0.094456] rcu: 	RCU event tracing is enabled.
[    0.094457] rcu: 	RCU restricting CPUs from NR_CPUS=384 to nr_cpu_ids=4.
[    0.094458] 	Trampoline variant of Tasks RCU enabled.
[    0.094459] 	Rude variant of Tasks RCU enabled.
[    0.094459] 	Tracing variant of Tasks RCU enabled.
[    0.094460] rcu: RCU calculated value of scheduler-enlistment delay is 100 jiffies.
[    0.094461] rcu: Adjusting geometry for rcu_fanout_leaf=16, nr_cpu_ids=4
[    0.094471] RCU Tasks: Setting shift to 2 and lim to 1 rcu_task_cb_adjust=1 rcu_task_cpu_ids=4.
[    0.094473] RCU Tasks Rude: Setting shift to 2 and lim to 1 rcu_task_cb_adjust=1 rcu_task_cpu_ids=4.
[    0.094475] RCU Tasks Trace: Setting shift to 2 and lim to 1 rcu_task_cb_adjust=1 rcu_task_cpu_ids=4.
[    0.100237] NR_IRQS: 24832, nr_irqs: 728, preallocated irqs: 16
[    0.100451] rcu: srcu_init: Setting srcu_struct sizes based on contention.
[    0.100625] kfence: initialized - using 2097152 bytes for 255 objects at 0x(____ptrval____)-0x(____ptrval____)
[    0.100678] Console: colour dummy device 80x25
[    0.100681] printk: legacy console [tty0] enabled
[    0.100743] ACPI: Core revision 20240827
[    0.100872] hpet: HPET dysfunctional in PC10. Force disabled.
[    0.100888] APIC: Switch to symmetric I/O mode setup
[    0.100891] DMAR: Host address width 39
[    0.100893] DMAR: DRHD base: 0x000000fed90000 flags: 0x0
[    0.100904] DMAR: dmar0: reg_base_addr fed90000 ver 1:0 cap c0000020660462 ecap f0101a
[    0.100907] DMAR: DRHD base: 0x000000fed91000 flags: 0x1
[    0.100911] DMAR: dmar1: reg_base_addr fed91000 ver 1:0 cap d2008020660462 ecap f010da
[    0.100913] DMAR: RMRR base: 0x0000008b800000 end: 0x0000008f9fffff
[    0.100917] DMAR-IR: IOAPIC id 2 under DRHD base  0xfed91000 IOMMU 1
[    0.100919] DMAR-IR: HPET id 0 under DRHD base 0xfed91000
[    0.100920] DMAR-IR: Queued invalidation will be enabled to support x2apic and Intr-remapping.
[    0.101552] DMAR-IR: Enabled IRQ remapping in x2apic mode
[    0.101555] x2apic enabled
[    0.101624] APIC: Switched APIC routing to: cluster x2apic
[    0.102120] clocksource: tsc-early: mask: 0xffffffffffffffff max_cycles: 0x257940de4e2, max_idle_ns: 440795334876 ns
[    0.102127] Calibrating delay loop (skipped), value calculated using timer frequency.. 5199.46 BogoMIPS (lpj=2599734)
[    0.102156] CPU0: Thermal monitoring enabled (TM1)
[    0.102193] Last level iTLB entries: 4KB 1024, 2MB 1024, 4MB 1024
[    0.102195] Last level dTLB entries: 4KB 1024, 2MB 1024, 4MB 1024, 1GB 4
[    0.102199] process: using mwait in idle threads
[    0.102201] Spectre V1 : Mitigation: usercopy/swapgs barriers and __user pointer sanitization
[    0.102204] Spectre V2 : Mitigation: Retpolines
[    0.102205] Spectre V2 : Spectre v2 / SpectreRSB: Filling RSB on context switch and VMEXIT
[    0.102206] Spectre V2 : Enabling Restricted Speculation for firmware calls
[    0.102208] Spectre V2 : mitigation: Enabling conditional Indirect Branch Prediction Barrier
[    0.102210] Spectre V2 : User space: Mitigation: STIBP via prctl
[    0.102212] Speculative Store Bypass: Mitigation: Speculative Store Bypass disabled via prctl
[    0.102214] MDS: Mitigation: Clear CPU buffers
[    0.102215] MMIO Stale Data: Unknown: No mitigations
[    0.102217] SRBDS: Mitigation: Microcode
[    0.102219] VMSCAPE: Mitigation: IBPB before exit to userspace
[    0.102224] x86/fpu: Supporting XSAVE feature 0x001: 'x87 floating point registers'
[    0.102226] x86/fpu: Supporting XSAVE feature 0x002: 'SSE registers'
[    0.102227] x86/fpu: Supporting XSAVE feature 0x004: 'AVX registers'
[    0.102229] x86/fpu: xstate_offset[2]:  576, xstate_sizes[2]:  256
[    0.102231] x86/fpu: Enabled xstate features 0x7, context size is 832 bytes, using 'standard' format.
[    0.103124] Freeing SMP alternatives memory: 40K
[    0.103124] pid_max: default: 32768 minimum: 301
[    0.103124] LSM: initializing lsm=capability,landlock,yama,bpf
[    0.103124] landlock: Up and running.
[    0.103124] Yama: becoming mindful.
[    0.103124] LSM support for eBPF active
[    0.103124] Mount-cache hash table entries: 16384 (order: 5, 131072 bytes, linear)
[    0.103124] Mountpoint-cache hash table entries: 16384 (order: 5, 131072 bytes, linear)
[    0.103124] smpboot: CPU0: Intel(R) Core(TM) i5-4288U CPU @ 2.60GHz (family: 0x6, model: 0x45, stepping: 0x1)
[    0.103124] Performance Events: PEBS fmt2+, Haswell events, 16-deep LBR, full-width counters, Intel PMU driver.
[    0.103124] ... version:                3
[    0.103124] ... bit width:              48
[    0.103124] ... generic registers:      4
[    0.103124] ... value mask:             0000ffffffffffff
[    0.103124] ... max period:             00007fffffffffff
[    0.103124] ... fixed-purpose events:   3
[    0.103124] ... event mask:             000000070000000f
[    0.103124] signal: max sigframe size: 1776
[    0.103124] Estimated ratio of average max frequency by base frequency (times 1024): 1220
[    0.103124] rcu: Hierarchical SRCU implementation.
[    0.103124] rcu: 	Max phase no-delay instances is 400.
[    0.103124] Timer migration: 1 hierarchy levels; 8 children per group; 1 crossnode level
[    0.103243] NMI watchdog: Enabled. Permanently consumes one hw-PMU counter.
[    0.103301] smp: Bringing up secondary CPUs ...
[    0.103423] smpboot: x86: Booting SMP configuration:
[    0.103424] .... node  #0, CPUs:      #1 #2 #3
[    0.104397] MDS CPU bug present and SMT on, data leak possible. See https://www.kernel.org/doc/html/latest/admin-guide/hw-vuln/mds.html for more details.
[    0.104397] VMSCAPE: SMT on, STIBP is required for full protection. See https://www.kernel.org/doc/html/latest/admin-guide/hw-vuln/vmscape.html for more details.
[    0.104397] smp: Brought up 1 node, 4 CPUs
[    0.104397] smpboot: Total of 4 processors activated (20797.87 BogoMIPS)
[    0.105234] Memory: 7636004K/8294628K available (16384K kernel code, 2646K rwdata, 12592K rodata, 3416K init, 3348K bss, 627640K reserved, 0K cma-reserved)
[    0.105491] devtmpfs: initialized
[    0.105491] x86/mm: Memory block size: 128MB
[    0.106610] ACPI: PM: Registering ACPI NVS region [mem 0x8ad10000-0x8ad52fff] (274432 bytes)
[    0.106610] clocksource: jiffies: mask: 0xffffffff max_cycles: 0xffffffff, max_idle_ns: 1911260446275000 ns
[    0.106610] futex hash table entries: 1024 (order: 4, 65536 bytes, linear)
[    0.106610] pinctrl core: initialized pinctrl subsystem
[    0.106610] PM: RTC time: 10:59:10, date: 2026-04-20
[    0.107555] NET: Registered PF_NETLINK/PF_ROUTE protocol family
[    0.107754] DMA: preallocated 1024 KiB GFP_KERNEL pool for atomic allocations
[    0.107827] DMA: preallocated 1024 KiB GFP_KERNEL|GFP_DMA pool for atomic allocations
[    0.107898] DMA: preallocated 1024 KiB GFP_KERNEL|GFP_DMA32 pool for atomic allocations
[    0.107912] audit: initializing netlink subsys (disabled)
[    0.107927] audit: type=2000 audit(1776682750.005:1): state=initialized audit_enabled=0 res=1
[    0.107927] thermal_sys: Registered thermal governor 'bang_bang'
[    0.107927] thermal_sys: Registered thermal governor 'step_wise'
[    0.107927] thermal_sys: Registered thermal governor 'user_space'
[    0.107927] cpuidle: using governor menu
[    0.120358] efi: Freeing EFI boot services memory: 341428K
[    0.120366] acpiphp: ACPI Hot Plug PCI Controller Driver version: 0.5
[    0.120516] PCI: ECAM [mem 0xe0000000-0xe9bfffff] (base 0xe0000000) for domain 0000 [bus 00-9b]
[    0.120534] PCI: Using configuration type 1 for base access
[    0.120592] core: PMU erratum BJ122, BV98, HSD29 worked around, HT is on
[    0.120646] kprobes: kprobe jump-optimization is enabled. All kprobes are optimized if possible.
[    0.120646] HugeTLB: registered 1.00 GiB page size, pre-allocated 0 pages
[    0.120646] HugeTLB: 16380 KiB vmemmap can be freed for a 1.00 GiB page
[    0.120646] HugeTLB: registered 2.00 MiB page size, pre-allocated 0 pages
[    0.120646] HugeTLB: 28 KiB vmemmap can be freed for a 2.00 MiB page
[    0.121314] ACPI: Disabled all _OSI OS vendors
[    0.121314] ACPI: Added _OSI(Module Device)
[    0.121314] ACPI: Added _OSI(Processor Device)
[    0.121314] ACPI: Added _OSI(Processor Aggregator Device)
[    0.121314] ACPI: Added _OSI(Darwin)
[    0.137840] ACPI: 10 ACPI AML tables successfully acquired and loaded
[    0.138961] ACPI: EC: EC started
[    0.138963] ACPI: EC: interrupt blocked
[    0.139673] ACPI: EC: EC_CMD/EC_SC=0x66, EC_DATA=0x62
[    0.139676] ACPI: EC: Boot ECDT EC used to handle transactions
[    0.139893] ACPI: BIOS _OSI(Darwin) query honored via DMI
[    0.140202] ACPI: [Firmware Bug]: BIOS _OSI(Linux) query ignored
[    0.141680] ACPI: Dynamic OEM Table Load:
[    0.141692] ACPI: SSDT 0xFFFF8C6FC2A9F000 0004F0 (v01 PmRef  Cpu0Cst  00003001 INTL 20100915)
[    0.142668] ACPI: Dynamic OEM Table Load:
[    0.142679] ACPI: SSDT 0xFFFF8C6FC2A9E800 00067C (v01 PmRef  ApIst    00003000 INTL 20100915)
[    0.144377] ACPI: Dynamic OEM Table Load:
[    0.144386] ACPI: SSDT 0xFFFF8C6FC2064400 000119 (v01 PmRef  ApCst    00003000 INTL 20100915)
[    0.146371] ACPI: Interpreter enabled
[    0.146403] ACPI: PM: (supports S0 S3 S4 S5)
[    0.146406] ACPI: Using IOAPIC for interrupt routing
[    0.146457] PCI: Using host bridge windows from ACPI; if necessary, use "pci=nocrs" and report a bug
[    0.146459] PCI: Ignoring E820 reservations for host bridge windows
[    0.146825] ACPI: Enabled 4 GPEs in block 00 to 7F
[    0.158919] ACPI: PCI Root Bridge [PCI0] (domain 0000 [bus 00-ff])
[    0.158926] acpi PNP0A08:00: _OSC: OS assumes control of [PCIeHotplug SHPCHotplug AER PCIeCapability LTR DPC]
[    0.158944] acpi PNP0A08:00: [Firmware Info]: ECAM [mem 0xe0000000-0xe9bfffff] for domain 0000 [bus 00-9b] only partially covers this bridge
[    0.159278] PCI host bridge to bus 0000:00
[    0.159283] pci_bus 0000:00: root bus resource [io  0x0000-0x0cf7 window]
[    0.159286] pci_bus 0000:00: root bus resource [io  0x0d00-0xffff window]
[    0.159288] pci_bus 0000:00: root bus resource [mem 0x000a0000-0x000fffff window]
[    0.159290] pci_bus 0000:00: root bus resource [mem 0x8fa00000-0xfeafffff window]
[    0.159292] pci_bus 0000:00: root bus resource [mem 0xfed40000-0xfed44fff window]
[    0.159294] pci_bus 0000:00: root bus resource [bus 00-ff]
[    0.159310] pci 0000:00:00.0: [8086:0a04] type 00 class 0x060000 conventional PCI endpoint
[    0.159410] pci 0000:00:02.0: [8086:0a2e] type 00 class 0x030000 conventional PCI endpoint
[    0.159419] pci 0000:00:02.0: BAR 0 [mem 0xb0000000-0xb03fffff 64bit]
[    0.159426] pci 0000:00:02.0: BAR 2 [mem 0xa0000000-0xafffffff 64bit pref]
[    0.159430] pci 0000:00:02.0: BAR 4 [io  0x2000-0x203f]
[    0.159444] pci 0000:00:02.0: Video device with shadowed ROM at [mem 0x000c0000-0x000dffff]
[    0.159584] pci 0000:00:03.0: [8086:0a0c] type 00 class 0x040300 PCIe Root Complex Integrated Endpoint
[    0.159593] pci 0000:00:03.0: BAR 0 [mem 0xb0a10000-0xb0a13fff 64bit]
[    0.159749] pci 0000:00:14.0: [8086:9c31] type 00 class 0x0c0330 conventional PCI endpoint
[    0.159765] pci 0000:00:14.0: BAR 0 [mem 0xb0a00000-0xb0a0ffff 64bit]
[    0.159817] pci 0000:00:14.0: PME# supported from D3hot D3cold
[    0.160103] pci 0000:00:16.0: [8086:9c3a] type 00 class 0x078000 conventional PCI endpoint
[    0.160121] pci 0000:00:16.0: BAR 0 [mem 0xb0a2a100-0xb0a2a11f 64bit]
[    0.160184] pci 0000:00:16.0: PME# supported from D0 D3hot D3cold
[    0.160245] pci 0000:00:1b.0: [8086:9c20] type 00 class 0x040300 PCIe Root Complex Integrated Endpoint
[    0.160260] pci 0000:00:1b.0: BAR 0 [mem 0xb0a14000-0xb0a17fff 64bit]
[    0.160323] pci 0000:00:1b.0: PME# supported from D0 D3hot D3cold
[    0.160405] pci 0000:00:1c.0: [8086:9c10] type 01 class 0x060400 PCIe Root Port
[    0.160425] pci 0000:00:1c.0: PCI bridge to [bus 01]
[    0.160485] pci 0000:00:1c.0: PME# supported from D0 D3hot D3cold
[    0.160633] pci 0000:00:1c.1: [8086:9c12] type 01 class 0x060400 PCIe Root Port
[    0.160659] pci 0000:00:1c.1: PCI bridge to [bus 02]
[    0.160664] pci 0000:00:1c.1:   bridge window [mem 0xb0800000-0xb09fffff]
[    0.160673] pci 0000:00:1c.1:   bridge window [mem 0x90000000-0x9fffffff 64bit pref]
[    0.160729] pci 0000:00:1c.1: PME# supported from D0 D3hot D3cold
[    0.160884] pci 0000:00:1c.2: [8086:9c14] type 01 class 0x060400 PCIe Root Port
[    0.160909] pci 0000:00:1c.2: PCI bridge to [bus 03]
[    0.160915] pci 0000:00:1c.2:   bridge window [mem 0xb0400000-0xb06fffff]
[    0.160975] pci 0000:00:1c.2: PME# supported from D0 D3hot D3cold
[    0.161128] pci 0000:00:1c.4: [8086:9c18] type 01 class 0x060400 PCIe Root Port
[    0.161152] pci 0000:00:1c.4: PCI bridge to [bus 05-9b]
[    0.161156] pci 0000:00:1c.4:   bridge window [io  0x3000-0x5fff]
[    0.161159] pci 0000:00:1c.4:   bridge window [mem 0xb0b00000-0xbcbfffff]
[    0.161167] pci 0000:00:1c.4:   bridge window [mem 0xbcc00000-0xc8bfffff 64bit pref]
[    0.161215] pci 0000:00:1c.4: PME# supported from D0 D3hot D3cold
[    0.161415] pci 0000:00:1c.5: [8086:9c1a] type 01 class 0x060400 PCIe Root Port
[    0.161440] pci 0000:00:1c.5: PCI bridge to [bus 04]
[    0.161445] pci 0000:00:1c.5:   bridge window [mem 0xb0700000-0xb07fffff]
[    0.161506] pci 0000:00:1c.5: PME# supported from D0 D3hot D3cold
[    0.161662] pci 0000:00:1f.0: [8086:9c43] type 00 class 0x060100 conventional PCI endpoint
[    0.161839] pci 0000:00:1f.3: [8086:9c22] type 00 class 0x0c0500 conventional PCI endpoint
[    0.161854] pci 0000:00:1f.3: BAR 0 [mem 0xb0a2a000-0xb0a2a0ff 64bit]
[    0.161872] pci 0000:00:1f.3: BAR 4 [io  0xefa0-0xefbf]
[    0.161974] pci 0000:00:1c.0: PCI bridge to [bus 01]
[    0.162045] pci 0000:02:00.0: [14e4:1570] type 00 class 0x048000 PCIe Endpoint
[    0.162068] pci 0000:02:00.0: BAR 0 [mem 0xb0900000-0xb090ffff 64bit]
[    0.162083] pci 0000:02:00.0: BAR 2 [mem 0x90000000-0x9fffffff 64bit pref]
[    0.162098] pci 0000:02:00.0: BAR 4 [mem 0xb0800000-0xb08fffff 64bit]
[    0.162205] pci 0000:02:00.0: supports D1
[    0.162207] pci 0000:02:00.0: PME# supported from D0 D3hot
[    0.162391] pci 0000:00:1c.1: PCI bridge to [bus 02]
[    0.162518] pci 0000:03:00.0: [14e4:43a0] type 00 class 0x028000 PCIe Endpoint
[    0.162559] pci 0000:03:00.0: BAR 0 [mem 0xb0600000-0xb0607fff 64bit]
[    0.162585] pci 0000:03:00.0: BAR 2 [mem 0xb0400000-0xb05fffff 64bit]
[    0.162822] pci 0000:03:00.0: supports D1 D2
[    0.162824] pci 0000:03:00.0: PME# supported from D0 D1 D2 D3hot D3cold
[    0.163208] pci 0000:00:1c.2: PCI bridge to [bus 03]
[    0.163287] pci 0000:05:00.0: [8086:156d] type 01 class 0x060400 PCIe Switch Upstream Port
[    0.163322] pci 0000:05:00.0: PCI bridge to [bus 06-6b]
[    0.163330] pci 0000:05:00.0:   bridge window [io  0x3000-0x4fff]
[    0.163334] pci 0000:05:00.0:   bridge window [mem 0xb0b00000-0xb8bfffff]
[    0.163346] pci 0000:05:00.0:   bridge window [mem 0xbcc00000-0xc4bfffff 64bit pref]
[    0.163360] pci 0000:05:00.0: enabling Extended Tags
[    0.163451] pci 0000:05:00.0: supports D1 D2
[    0.163453] pci 0000:05:00.0: PME# supported from D0 D1 D2 D3hot D3cold
[    0.166142] pci 0000:00:1c.4: PCI bridge to [bus 05-9b]
[    0.166276] pci 0000:06:00.0: [8086:156d] type 01 class 0x060400 PCIe Switch Downstream Port
[    0.166314] pci 0000:06:00.0: PCI bridge to [bus 07]
[    0.166324] pci 0000:06:00.0:   bridge window [mem 0xb0b00000-0xb0bfffff]
[    0.166351] pci 0000:06:00.0: enabling Extended Tags
[    0.166445] pci 0000:06:00.0: supports D1 D2
[    0.166447] pci 0000:06:00.0: PME# supported from D0 D1 D2 D3hot D3cold
[    0.166628] pci 0000:06:03.0: [8086:156d] type 01 class 0x060400 PCIe Switch Downstream Port
[    0.166658] pci 0000:06:03.0: PCI bridge to [bus 08-38]
[    0.166665] pci 0000:06:03.0:   bridge window [io  0x3000-0x3fff]
[    0.166669] pci 0000:06:03.0:   bridge window [mem 0xb0c00000-0xb4bfffff]
[    0.166682] pci 0000:06:03.0:   bridge window [mem 0xbcc00000-0xc0bfffff 64bit pref]
[    0.166698] pci 0000:06:03.0: enabling Extended Tags
[    0.166795] pci 0000:06:03.0: supports D1 D2
[    0.166796] pci 0000:06:03.0: PME# supported from D0 D1 D2 D3hot D3cold
[    0.166983] pci 0000:06:04.0: [8086:156d] type 01 class 0x060400 PCIe Switch Downstream Port
[    0.167012] pci 0000:06:04.0: PCI bridge to [bus 39]
[    0.167048] pci 0000:06:04.0: enabling Extended Tags
[    0.167146] pci 0000:06:04.0: supports D1 D2
[    0.167147] pci 0000:06:04.0: PME# supported from D0 D1 D2 D3hot D3cold
[    0.167335] pci 0000:06:05.0: [8086:156d] type 01 class 0x060400 PCIe Switch Downstream Port
[    0.167364] pci 0000:06:05.0: PCI bridge to [bus 3a-6a]
[    0.167372] pci 0000:06:05.0:   bridge window [io  0x4000-0x4fff]
[    0.167376] pci 0000:06:05.0:   bridge window [mem 0xb4c00000-0xb8bfffff]
[    0.167388] pci 0000:06:05.0:   bridge window [mem 0xc0c00000-0xc4bfffff 64bit pref]
[    0.167404] pci 0000:06:05.0: enabling Extended Tags
[    0.167501] pci 0000:06:05.0: supports D1 D2
[    0.167502] pci 0000:06:05.0: PME# supported from D0 D1 D2 D3hot D3cold
[    0.167690] pci 0000:06:06.0: [8086:156d] type 01 class 0x060400 PCIe Switch Downstream Port
[    0.167719] pci 0000:06:06.0: PCI bridge to [bus 6b]
[    0.167754] pci 0000:06:06.0: enabling Extended Tags
[    0.167851] pci 0000:06:06.0: supports D1 D2
[    0.167852] pci 0000:06:06.0: PME# supported from D0 D1 D2 D3hot D3cold
[    0.168024] pci 0000:05:00.0: PCI bridge to [bus 06-6b]
[    0.168120] pci 0000:07:00.0: [8086:156c] type 00 class 0x088000 PCIe Endpoint
[    0.168143] pci 0000:07:00.0: BAR 0 [mem 0xb0b00000-0xb0b3ffff]
[    0.168156] pci 0000:07:00.0: BAR 1 [mem 0xb0b40000-0xb0b40fff]
[    0.168223] pci 0000:07:00.0: enabling Extended Tags
[    0.168348] pci 0000:07:00.0: supports D1 D2
[    0.168349] pci 0000:07:00.0: PME# supported from D0 D1 D2 D3hot D3cold
[    0.171149] pci 0000:06:00.0: PCI bridge to [bus 07]
[    0.171244] pci 0000:06:03.0: PCI bridge to [bus 08-38]
[    0.171328] pci 0000:06:04.0: PCI bridge to [bus 39]
[    0.171413] pci 0000:06:05.0: PCI bridge to [bus 3a-6a]
[    0.171472] pci 0000:06:06.0: PCI bridge to [bus 6b]
[    0.171640] pci 0000:04:00.0: [144d:1600] type 00 class 0x010601 PCIe Endpoint
[    0.171701] pci 0000:04:00.0: BAR 5 [mem 0xb0700000-0xb0701fff]
[    0.171711] pci 0000:04:00.0: ROM [mem 0xffff0000-0xffffffff pref]
[    0.171793] pci 0000:04:00.0: PME# supported from D3hot D3cold
[    0.171832] pci 0000:04:00.0: 8.000 Gb/s available PCIe bandwidth, limited by 5.0 GT/s PCIe x2 link at 0000:00:1c.5 (capable of 16.000 Gb/s with 5.0 GT/s PCIe x4 link)
[    0.172130] pci 0000:00:1c.5: PCI bridge to [bus 04]
[    0.175124] ACPI: PCI: Interrupt link LNKA configured for IRQ 0
[    0.175127] ACPI: PCI: Interrupt link LNKA disabled
[    0.175183] ACPI: PCI: Interrupt link LNKB configured for IRQ 0
[    0.175184] ACPI: PCI: Interrupt link LNKB disabled
[    0.175236] ACPI: PCI: Interrupt link LNKC configured for IRQ 0
[    0.175237] ACPI: PCI: Interrupt link LNKC disabled
[    0.175288] ACPI: PCI: Interrupt link LNKD configured for IRQ 0
[    0.175289] ACPI: PCI: Interrupt link LNKD disabled
[    0.175340] ACPI: PCI: Interrupt link LNKE configured for IRQ 0
[    0.175342] ACPI: PCI: Interrupt link LNKE disabled
[    0.175392] ACPI: PCI: Interrupt link LNKF configured for IRQ 0
[    0.175393] ACPI: PCI: Interrupt link LNKF disabled
[    0.175444] ACPI: PCI: Interrupt link LNKG configured for IRQ 0
[    0.175445] ACPI: PCI: Interrupt link LNKG disabled
[    0.175496] ACPI: PCI: Interrupt link LNKH configured for IRQ 0
[    0.175497] ACPI: PCI: Interrupt link LNKH disabled
[    0.175772] ACPI: EC: interrupt unblocked
[    0.175774] ACPI: EC: event unblocked
[    0.175778] ACPI: EC: EC_CMD/EC_SC=0x66, EC_DATA=0x62
[    0.175780] ACPI: EC: GPE=0x4e
[    0.175783] ACPI: \_SB_.PCI0.LPCB.EC__: Boot ECDT EC initialization complete
[    0.175786] ACPI: \_SB_.PCI0.LPCB.EC__: EC: Used to handle transactions and events
[    0.175893] iommu: Default domain type: Translated
[    0.175895] iommu: DMA domain TLB invalidation policy: lazy mode
[    0.175943] ACPI: bus type USB registered
[    0.175975] usbcore: registered new interface driver usbfs
[    0.175994] usbcore: registered new interface driver hub
[    0.176006] usbcore: registered new device driver usb
[    0.177294] efivars: Registered efivars operations
[    0.178372] NetLabel: Initializing
[    0.178374] NetLabel:  domain hash size = 128
[    0.178375] NetLabel:  protocols = UNLABELED CIPSOv4 CALIPSO
[    0.178395] NetLabel:  unlabeled traffic allowed by default
[    0.178396] PCI: Using ACPI for IRQ routing
[    0.182985] PCI: pci_cache_line_size set to 64 bytes
[    0.183117] e820: reserve RAM buffer [mem 0x00058000-0x0005ffff]
[    0.183120] e820: reserve RAM buffer [mem 0x0008f000-0x0008ffff]
[    0.183121] e820: reserve RAM buffer [mem 0x75f26810-0x77ffffff]
[    0.183123] e820: reserve RAM buffer [mem 0x75f28190-0x77ffffff]
[    0.183124] e820: reserve RAM buffer [mem 0x8ad10000-0x8bffffff]
[    0.183126] e820: reserve RAM buffer [mem 0x8ad5d000-0x8bffffff]
[    0.183128] e820: reserve RAM buffer [mem 0x8ae39000-0x8bffffff]
[    0.183130] e820: reserve RAM buffer [mem 0x8aed2000-0x8bffffff]
[    0.183131] e820: reserve RAM buffer [mem 0x8af84000-0x8bffffff]
[    0.183132] e820: reserve RAM buffer [mem 0x8b000000-0x8bffffff]
[    0.183134] e820: reserve RAM buffer [mem 0x26f600000-0x26fffffff]
[    0.183176] pci 0000:00:02.0: vgaarb: setting as boot VGA device
[    0.183176] pci 0000:00:02.0: vgaarb: bridge control possible
[    0.183176] pci 0000:00:02.0: vgaarb: VGA device added: decodes=io+mem,owns=io+mem,locks=none
[    0.183176] vgaarb: loaded
[    0.183203] clocksource: Switched to clocksource tsc-early
[    0.183423] VFS: Disk quotas dquot_6.6.0
[    0.183442] VFS: Dquot-cache hash table entries: 512 (order 0, 4096 bytes)
[    0.183489] pnp: PnP ACPI init
[    0.183731] system 00:00: [mem 0xfed00000-0xfed03fff] has been reserved
[    0.183806] system 00:01: [io  0xffff] has been reserved
[    0.183810] system 00:01: [io  0x1800-0x187f] has been reserved
[    0.183813] system 00:01: [io  0x0800-0x087f] has been reserved
[    0.184863] system 00:03: [mem 0xfed1c000-0xfed1ffff] has been reserved
[    0.184867] system 00:03: [mem 0xfed10000-0xfed17fff] has been reserved
[    0.184869] system 00:03: [mem 0xfed18000-0xfed18fff] has been reserved
[    0.184871] system 00:03: [mem 0xfed19000-0xfed19fff] has been reserved
[    0.184873] system 00:03: [mem 0xe0000000-0xefffffff] could not be reserved
[    0.184876] system 00:03: [mem 0xfed20000-0xfed3ffff] has been reserved
[    0.184877] system 00:03: [mem 0xfed90000-0xfed93fff] could not be reserved
[    0.184879] system 00:03: [mem 0xfed45000-0xfed8ffff] has been reserved
[    0.184881] system 00:03: [mem 0xff000000-0xffffffff] could not be reserved
[    0.184884] system 00:03: [mem 0xfee00000-0xfeefffff] has been reserved
[    0.184948] system 00:04: [mem 0x20000000-0x201fffff] could not be reserved
[    0.184950] system 00:04: [mem 0x40000000-0x401fffff] could not be reserved
[    0.185083] pnp: PnP ACPI: found 5 devices
[    0.186765] pci 0000:00:02.0: assigning 3 device properties
[    0.186782] pci 0000:07:00.0: assigning 8 device properties
[    0.186793] pci 0000:00:1b.0: assigning 4 device properties
[    0.191311] clocksource: acpi_pm: mask: 0xffffff max_cycles: 0xffffff, max_idle_ns: 2085701024 ns
[    0.191379] NET: Registered PF_INET protocol family
[    0.191475] IP idents hash table entries: 131072 (order: 8, 1048576 bytes, linear)
[    0.205306] tcp_listen_portaddr_hash hash table entries: 4096 (order: 4, 65536 bytes, linear)
[    0.205336] Table-perturb hash table entries: 65536 (order: 6, 262144 bytes, linear)
[    0.205388] TCP established hash table entries: 65536 (order: 7, 524288 bytes, linear)
[    0.205595] TCP bind hash table entries: 65536 (order: 9, 2097152 bytes, linear)
[    0.205908] TCP: Hash tables configured (established 65536 bind 65536)
[    0.205981] MPTCP token hash table entries: 8192 (order: 6, 196608 bytes, linear)
[    0.206032] UDP hash table entries: 4096 (order: 5, 131072 bytes, linear)
[    0.206056] UDP-Lite hash table entries: 4096 (order: 5, 131072 bytes, linear)
[    0.206127] NET: Registered PF_UNIX/PF_LOCAL protocol family
[    0.206136] NET: Registered PF_XDP protocol family
[    0.206142] pci 0000:04:00.0: ROM [mem 0xffff0000-0xffffffff pref]: can't claim; no compatible bridge window
[    0.206149] pci 0000:06:00.0: bridge window [io  0x1000-0x0fff] to [bus 07] add_size 1000
[    0.206153] pci 0000:06:00.0: bridge window [mem 0x00100000-0x000fffff 64bit pref] to [bus 07] add_size 200000 add_align 100000
[    0.206156] pci 0000:06:04.0: bridge window [io  0x1000-0x0fff] to [bus 39] add_size 1000
[    0.206159] pci 0000:06:04.0: bridge window [mem 0x00100000-0x000fffff 64bit pref] to [bus 39] add_size 200000 add_align 100000
[    0.206161] pci 0000:06:04.0: bridge window [mem 0x00100000-0x000fffff] to [bus 39] add_size 200000 add_align 100000
[    0.206164] pci 0000:06:06.0: bridge window [io  0x1000-0x0fff] to [bus 6b] add_size 1000
[    0.206166] pci 0000:06:06.0: bridge window [mem 0x00100000-0x000fffff 64bit pref] to [bus 6b] add_size 200000 add_align 100000
[    0.206168] pci 0000:06:06.0: bridge window [mem 0x00100000-0x000fffff] to [bus 6b] add_size 200000 add_align 100000
[    0.206177] pci 0000:00:1c.0: PCI bridge to [bus 01]
[    0.206188] pci 0000:00:1c.1: PCI bridge to [bus 02]
[    0.206192] pci 0000:00:1c.1:   bridge window [mem 0xb0800000-0xb09fffff]
[    0.206196] pci 0000:00:1c.1:   bridge window [mem 0x90000000-0x9fffffff 64bit pref]
[    0.206201] pci 0000:00:1c.2: PCI bridge to [bus 03]
[    0.206205] pci 0000:00:1c.2:   bridge window [mem 0xb0400000-0xb06fffff]
[    0.206218] pci 0000:06:00.0: bridge window [mem size 0x00200000 64bit pref]: can't assign; no space
[    0.206221] pci 0000:06:00.0: bridge window [mem size 0x00200000 64bit pref]: failed to assign
[    0.206223] pci 0000:06:04.0: bridge window [mem size 0x00200000]: can't assign; no space
[    0.206225] pci 0000:06:04.0: bridge window [mem size 0x00200000]: failed to assign
[    0.206227] pci 0000:06:04.0: bridge window [mem size 0x00200000 64bit pref]: can't assign; no space
[    0.206228] pci 0000:06:04.0: bridge window [mem size 0x00200000 64bit pref]: failed to assign
[    0.206230] pci 0000:06:06.0: bridge window [mem size 0x00200000]: can't assign; no space
[    0.206232] pci 0000:06:06.0: bridge window [mem size 0x00200000]: failed to assign
[    0.206234] pci 0000:06:06.0: bridge window [mem size 0x00200000 64bit pref]: can't assign; no space
[    0.206235] pci 0000:06:06.0: bridge window [mem size 0x00200000 64bit pref]: failed to assign
[    0.206237] pci 0000:06:00.0: bridge window [io  size 0x1000]: can't assign; no space
[    0.206239] pci 0000:06:00.0: bridge window [io  size 0x1000]: failed to assign
[    0.206240] pci 0000:06:04.0: bridge window [io  size 0x1000]: can't assign; no space
[    0.206242] pci 0000:06:04.0: bridge window [io  size 0x1000]: failed to assign
[    0.206244] pci 0000:06:06.0: bridge window [io  size 0x1000]: can't assign; no space
[    0.206245] pci 0000:06:06.0: bridge window [io  size 0x1000]: failed to assign
[    0.206248] pci 0000:06:06.0: bridge window [mem size 0x00200000]: can't assign; no space
[    0.206249] pci 0000:06:06.0: bridge window [mem size 0x00200000]: failed to assign
[    0.206251] pci 0000:06:06.0: bridge window [mem size 0x00200000 64bit pref]: can't assign; no space
[    0.206253] pci 0000:06:06.0: bridge window [mem size 0x00200000 64bit pref]: failed to assign
[    0.206255] pci 0000:06:06.0: bridge window [io  size 0x1000]: can't assign; no space
[    0.206256] pci 0000:06:06.0: bridge window [io  size 0x1000]: failed to assign
[    0.206258] pci 0000:06:04.0: bridge window [mem size 0x00200000]: can't assign; no space
[    0.206259] pci 0000:06:04.0: bridge window [mem size 0x00200000]: failed to assign
[    0.206261] pci 0000:06:04.0: bridge window [mem size 0x00200000 64bit pref]: can't assign; no space
[    0.206263] pci 0000:06:04.0: bridge window [mem size 0x00200000 64bit pref]: failed to assign
[    0.206265] pci 0000:06:04.0: bridge window [io  size 0x1000]: can't assign; no space
[    0.206266] pci 0000:06:04.0: bridge window [io  size 0x1000]: failed to assign
[    0.206268] pci 0000:06:00.0: bridge window [mem size 0x00200000 64bit pref]: can't assign; no space
[    0.206270] pci 0000:06:00.0: bridge window [mem size 0x00200000 64bit pref]: failed to assign
[    0.206271] pci 0000:06:00.0: bridge window [io  size 0x1000]: can't assign; no space
[    0.206273] pci 0000:06:00.0: bridge window [io  size 0x1000]: failed to assign
[    0.206276] pci 0000:06:00.0: PCI bridge to [bus 07]
[    0.206281] pci 0000:06:00.0:   bridge window [mem 0xb0b00000-0xb0bfffff]
[    0.206291] pci 0000:06:03.0: PCI bridge to [bus 08-38]
[    0.206294] pci 0000:06:03.0:   bridge window [io  0x3000-0x3fff]
[    0.206299] pci 0000:06:03.0:   bridge window [mem 0xb0c00000-0xb4bfffff]
[    0.206304] pci 0000:06:03.0:   bridge window [mem 0xbcc00000-0xc0bfffff 64bit pref]
[    0.206310] pci 0000:06:04.0: PCI bridge to [bus 39]
[    0.206323] pci 0000:06:05.0: PCI bridge to [bus 3a-6a]
[    0.206326] pci 0000:06:05.0:   bridge window [io  0x4000-0x4fff]
[    0.206331] pci 0000:06:05.0:   bridge window [mem 0xb4c00000-0xb8bfffff]
[    0.206336] pci 0000:06:05.0:   bridge window [mem 0xc0c00000-0xc4bfffff 64bit pref]
[    0.206342] pci 0000:06:06.0: PCI bridge to [bus 6b]
[    0.206355] pci 0000:05:00.0: PCI bridge to [bus 06-6b]
[    0.206358] pci 0000:05:00.0:   bridge window [io  0x3000-0x4fff]
[    0.206363] pci 0000:05:00.0:   bridge window [mem 0xb0b00000-0xb8bfffff]
[    0.206367] pci 0000:05:00.0:   bridge window [mem 0xbcc00000-0xc4bfffff 64bit pref]
[    0.206374] pci 0000:00:1c.4: PCI bridge to [bus 05-9b]
[    0.206376] pci 0000:00:1c.4:   bridge window [io  0x3000-0x5fff]
[    0.206380] pci 0000:00:1c.4:   bridge window [mem 0xb0b00000-0xbcbfffff]
[    0.206383] pci 0000:00:1c.4:   bridge window [mem 0xbcc00000-0xc8bfffff 64bit pref]
[    0.206389] pci 0000:04:00.0: ROM [mem 0xb0710000-0xb071ffff pref]: assigned
[    0.206391] pci 0000:00:1c.5: PCI bridge to [bus 04]
[    0.206395] pci 0000:00:1c.5:   bridge window [mem 0xb0700000-0xb07fffff]
[    0.206402] pci_bus 0000:00: resource 4 [io  0x0000-0x0cf7 window]
[    0.206404] pci_bus 0000:00: resource 5 [io  0x0d00-0xffff window]
[    0.206406] pci_bus 0000:00: resource 6 [mem 0x000a0000-0x000fffff window]
[    0.206407] pci_bus 0000:00: resource 7 [mem 0x8fa00000-0xfeafffff window]
[    0.206409] pci_bus 0000:00: resource 8 [mem 0xfed40000-0xfed44fff window]
[    0.206411] pci_bus 0000:02: resource 1 [mem 0xb0800000-0xb09fffff]
[    0.206412] pci_bus 0000:02: resource 2 [mem 0x90000000-0x9fffffff 64bit pref]
[    0.206414] pci_bus 0000:03: resource 1 [mem 0xb0400000-0xb06fffff]
[    0.206416] pci_bus 0000:05: resource 0 [io  0x3000-0x5fff]
[    0.206417] pci_bus 0000:05: resource 1 [mem 0xb0b00000-0xbcbfffff]
[    0.206419] pci_bus 0000:05: resource 2 [mem 0xbcc00000-0xc8bfffff 64bit pref]
[    0.206420] pci_bus 0000:06: resource 0 [io  0x3000-0x4fff]
[    0.206422] pci_bus 0000:06: resource 1 [mem 0xb0b00000-0xb8bfffff]
[    0.206423] pci_bus 0000:06: resource 2 [mem 0xbcc00000-0xc4bfffff 64bit pref]
[    0.206425] pci_bus 0000:07: resource 1 [mem 0xb0b00000-0xb0bfffff]
[    0.206427] pci_bus 0000:08: resource 0 [io  0x3000-0x3fff]
[    0.206428] pci_bus 0000:08: resource 1 [mem 0xb0c00000-0xb4bfffff]
[    0.206430] pci_bus 0000:08: resource 2 [mem 0xbcc00000-0xc0bfffff 64bit pref]
[    0.206431] pci_bus 0000:3a: resource 0 [io  0x4000-0x4fff]
[    0.206433] pci_bus 0000:3a: resource 1 [mem 0xb4c00000-0xb8bfffff]
[    0.206434] pci_bus 0000:3a: resource 2 [mem 0xc0c00000-0xc4bfffff 64bit pref]
[    0.206436] pci_bus 0000:04: resource 1 [mem 0xb0700000-0xb07fffff]
[    0.206862] PCI: CLS 256 bytes, default 64
[    0.206888] DMAR: No ATSR found
[    0.206890] DMAR: No SATC found
[    0.206892] DMAR: IOMMU feature pgsel_inv inconsistent
[    0.206893] DMAR: IOMMU feature sc_support inconsistent
[    0.206895] DMAR: IOMMU feature pass_through inconsistent
[    0.206897] DMAR: dmar0: Using Queued invalidation
[    0.206905] DMAR: dmar1: Using Queued invalidation
[    0.206950] Trying to unpack rootfs image as initramfs...
[    0.207102] pci 0000:00:02.0: Adding to iommu group 0
[    0.208157] pci 0000:00:00.0: Adding to iommu group 1
[    0.208175] pci 0000:00:03.0: Adding to iommu group 2
[    0.208195] pci 0000:00:14.0: Adding to iommu group 3
[    0.208217] pci 0000:00:16.0: Adding to iommu group 4
[    0.208233] pci 0000:00:1b.0: Adding to iommu group 5
[    0.208278] pci 0000:00:1c.0: Adding to iommu group 6
