=== dmesg stream start: Mon Apr 20 16:51:27 BST 2026 ===
[    0.000000] Linux version 6.12.80 (nixbld@localhost) (gcc (GCC) 14.3.0, GNU ld (GNU Binutils) 2.44) #1-NixOS SMP PREEMPT_DYNAMIC Thu Apr  2 11:09:54 UTC 2026
[    0.000000] Command line: initrd=\EFI\nixos\v6bc83nw2h5x85106qkcr1v1qyi1ax7g-initrd-linux-6.12.80-initrd.efi init=/nix/store/vkf1lapdlnhabmi02h61l7cspmbfwbfd-nixos-system-nixos-25.11.9067.54170c54449e/init pci=noaer intel_iommu=on iommu=strict loglevel=4 lsm=landlock,yama,bpf
[    0.000000] BIOS-provided physical RAM map:
[    0.000000] BIOS-e820: [mem 0x0000000000000000-0x0000000000057fff] usable
[    0.000000] BIOS-e820: [mem 0x0000000000058000-0x0000000000058fff] reserved
[    0.000000] BIOS-e820: [mem 0x0000000000059000-0x000000000008efff] usable
[    0.000000] BIOS-e820: [mem 0x000000000008f000-0x000000000008ffff] reserved
[    0.000000] BIOS-e820: [mem 0x0000000000090000-0x000000000009ffff] usable
[    0.000000] BIOS-e820: [mem 0x00000000000a0000-0x00000000000bffff] reserved
[    0.000000] BIOS-e820: [mem 0x0000000000100000-0x000000008ad0ffff] usable
[    0.000000] BIOS-e820: [mem 0x000000008ad10000-0x000000008ad52fff] ACPI NVS
[    0.000000] BIOS-e820: [mem 0x000000008ad53000-0x000000008ad5cfff] usable
[    0.000000] BIOS-e820: [mem 0x000000008ad5d000-0x000000008ad8efff] ACPI data
[    0.000000] BIOS-e820: [mem 0x000000008ad8f000-0x000000008ae38fff] usable
[    0.000000] BIOS-e820: [mem 0x000000008ae39000-0x000000008ae8efff] reserved
[    0.000000] BIOS-e820: [mem 0x000000008ae8f000-0x000000008aed1fff] usable
[    0.000000] BIOS-e820: [mem 0x000000008aed2000-0x000000008aefefff] reserved
[    0.000000] BIOS-e820: [mem 0x000000008aeff000-0x000000008af83fff] usable
[    0.000000] BIOS-e820: [mem 0x000000008af84000-0x000000008afeffff] reserved
[    0.000000] BIOS-e820: [mem 0x000000008aff0000-0x000000008affffff] usable
[    0.000000] BIOS-e820: [mem 0x000000008b000000-0x000000008f9fffff] reserved
[    0.000000] BIOS-e820: [mem 0x00000000e00f8000-0x00000000e00f8fff] reserved
[    0.000000] BIOS-e820: [mem 0x00000000fed1c000-0x00000000fed1ffff] reserved
[    0.000000] BIOS-e820: [mem 0x00000000ffe10000-0x00000000ffe3ffff] reserved
[    0.000000] BIOS-e820: [mem 0x0000000100000000-0x000000026f5fffff] usable
[    0.000000] NX (Execute Disable) protection: active
[    0.000000] APIC: Static calls initialized
[    0.000000] e820: update [mem 0x75f29190-0x75f391cf] usable ==> usable
[    0.000000] e820: update [mem 0x75f27810-0x75f27cd2] usable ==> usable
[    0.000000] extended physical RAM map:
[    0.000000] reserve setup_data: [mem 0x0000000000000000-0x0000000000057fff] usable
[    0.000000] reserve setup_data: [mem 0x0000000000058000-0x0000000000058fff] reserved
[    0.000000] reserve setup_data: [mem 0x0000000000059000-0x000000000008efff] usable
[    0.000000] reserve setup_data: [mem 0x000000000008f000-0x000000000008ffff] reserved
[    0.000000] reserve setup_data: [mem 0x0000000000090000-0x000000000009ffff] usable
[    0.000000] reserve setup_data: [mem 0x00000000000a0000-0x00000000000bffff] reserved
[    0.000000] reserve setup_data: [mem 0x0000000000100000-0x0000000075f2780f] usable
[    0.000000] reserve setup_data: [mem 0x0000000075f27810-0x0000000075f27cd2] usable
[    0.000000] reserve setup_data: [mem 0x0000000075f27cd3-0x0000000075f2918f] usable
[    0.000000] reserve setup_data: [mem 0x0000000075f29190-0x0000000075f391cf] usable
[    0.000000] reserve setup_data: [mem 0x0000000075f391d0-0x000000008ad0ffff] usable
[    0.000000] reserve setup_data: [mem 0x000000008ad10000-0x000000008ad52fff] ACPI NVS
[    0.000000] reserve setup_data: [mem 0x000000008ad53000-0x000000008ad5cfff] usable
[    0.000000] reserve setup_data: [mem 0x000000008ad5d000-0x000000008ad8efff] ACPI data
[    0.000000] reserve setup_data: [mem 0x000000008ad8f000-0x000000008ae38fff] usable
[    0.000000] reserve setup_data: [mem 0x000000008ae39000-0x000000008ae8efff] reserved
[    0.000000] reserve setup_data: [mem 0x000000008ae8f000-0x000000008aed1fff] usable
[    0.000000] reserve setup_data: [mem 0x000000008aed2000-0x000000008aefefff] reserved
[    0.000000] reserve setup_data: [mem 0x000000008aeff000-0x000000008af83fff] usable
[    0.000000] reserve setup_data: [mem 0x000000008af84000-0x000000008afeffff] reserved
[    0.000000] reserve setup_data: [mem 0x000000008aff0000-0x000000008affffff] usable
[    0.000000] reserve setup_data: [mem 0x000000008b000000-0x000000008f9fffff] reserved
[    0.000000] reserve setup_data: [mem 0x00000000e00f8000-0x00000000e00f8fff] reserved
[    0.000000] reserve setup_data: [mem 0x00000000fed1c000-0x00000000fed1ffff] reserved
[    0.000000] reserve setup_data: [mem 0x00000000ffe10000-0x00000000ffe3ffff] reserved
[    0.000000] reserve setup_data: [mem 0x0000000100000000-0x000000026f5fffff] usable
[    0.000000] efi: EFI v1.1 by Apple
[    0.000000] efi: ACPI=0x8ad8e000 ACPI 2.0=0x8ad8e014 SMBIOS=0x8ad11000 RNG=0x8ad61f90 INITRD=0x75f53f90 
[    0.000000] random: crng init done
[    0.000000] efi: Not removing mem284: MMIO range=[0xe00f8000-0xe00f8fff] (4KB) from e820 map
[    0.000000] efi: Not removing mem285: MMIO range=[0xfed1c000-0xfed1ffff] (16KB) from e820 map
[    0.000000] efi: Not removing mem286: MMIO range=[0xffe10000-0xffe3ffff] (192KB) from e820 map
[    0.000000] [Firmware Bug]: Corrupted DMI table, offset 2189 (only 40 entries processed)
[    0.000000] SMBIOS 2.4 present.
[    0.000000] DMI: Apple Inc. MacBookPro11,1/Mac-189A3D4F975D5FFC, BIOS 478.0.0.0.0 01/13/2023
[    0.000000] DMI: Memory slots populated: 2/2
[    0.000000] tsc: Fast TSC calibration using PIT
[    0.000000] tsc: Detected 2599.966 MHz processor
[    0.000085] e820: update [mem 0x00000000-0x00000fff] usable ==> reserved
[    0.000089] e820: remove [mem 0x000a0000-0x000fffff] usable
[    0.000103] last_pfn = 0x26f600 max_arch_pfn = 0x400000000
[    0.000108] MTRR map: 5 entries (4 fixed + 1 variable; max 24), built from 10 variable MTRRs
[    0.000111] x86/PAT: Configuration [0-7]: WB  WC  UC- UC  WB  WP  UC- WT  
[    0.000398] last_pfn = 0x8b000 max_arch_pfn = 0x400000000
[    0.016628] Using GB pages for direct mapping
[    0.017376] Secure boot disabled
[    0.017377] RAMDISK: [mem 0x71371000-0x72d3ffff]
[    0.017382] ACPI: Early table checksum verification disabled
[    0.017385] ACPI: RSDP 0x000000008AD8E014 000024 (v02 APPLE )
[    0.017390] ACPI: XSDT 0x000000008AD8E1C0 0000A4 (v01 APPLE  Apple00  00000000      01000013)
[    0.017397] ACPI: FACP 0x000000008AD8C000 0000F4 (v05 APPLE  Apple00  00000000 Loki 0000005F)
[    0.017403] ACPI: DSDT 0x000000008AD7F000 007681 (v03 APPLE  MacBookP 00110001 INTL 20100915)
[    0.017408] ACPI: FACS 0x000000008AD18000 000040
[    0.017411] ACPI: FACS 0x000000008AD18000 000040
[    0.017415] ACPI: HPET 0x000000008AD8B000 000038 (v01 APPLE  Apple00  00000001 Loki 0000005F)
[    0.017419] ACPI: APIC 0x000000008AD8A000 0000BC (v02 APPLE  Apple00  00000001 Loki 0000005F)
[    0.017423] ACPI: SBST 0x000000008AD88000 000030 (v01 APPLE  Apple00  00000001 Loki 0000005F)
[    0.017427] ACPI: ECDT 0x000000008AD87000 000053 (v01 APPLE  Apple00  00000001 Loki 0000005F)
[    0.017430] ACPI: SSDT 0x000000008AD7E000 00010B (v01 APPLE  SataAhci 00001000 INTL 20100915)
[    0.017434] ACPI: SSDT 0x000000008AD7D000 000024 (v01 APPLE  SmcDppt  00001000 INTL 20100915)
[    0.017438] ACPI: SSDT 0x000000008AD7A000 000FE9 (v01 APPLE  SDUsbLpt 00001000 INTL 20100915)
[    0.017442] ACPI: SSDT 0x000000008AD76000 000032 (v01 APPLE  SsdtS3   00001000 INTL 20100915)
[    0.017446] ACPI: SSDT 0x000000008AD73000 0028B2 (v01 APPLE  PcieTbt  00001000 INTL 20100915)
[    0.017450] ACPI: SSDT 0x000000008AD66000 0000B8 (v01 APPLE  Sdxc     00001000 INTL 20100915)
[    0.017454] ACPI: SSDT 0x000000008AD65000 0003E0 (v01 APPLE  SaHdaCdc 00001000 INTL 20100915)
[    0.017458] ACPI: SSDT 0x000000008AD64000 000594 (v01 PmRef  Cpu0Ist  00003000 INTL 20100915)
[    0.017462] ACPI: SSDT 0x000000008AD63000 000B83 (v01 PmRef  CpuPm    00003000 INTL 20100915)
[    0.017466] ACPI: DMAR 0x000000008AD62000 000088 (v01 APPLE  HSW      00000001 AAPL 00000001)
[    0.017470] ACPI: MCFG 0x000000008AD89000 00003C (v01 APPLE  Apple00  00000001 Loki 0000005F)
[    0.017473] ACPI: Reserving FACP table memory at [mem 0x8ad8c000-0x8ad8c0f3]
[    0.017475] ACPI: Reserving DSDT table memory at [mem 0x8ad7f000-0x8ad86680]
[    0.017476] ACPI: Reserving FACS table memory at [mem 0x8ad18000-0x8ad1803f]
[    0.017477] ACPI: Reserving FACS table memory at [mem 0x8ad18000-0x8ad1803f]
[    0.017478] ACPI: Reserving HPET table memory at [mem 0x8ad8b000-0x8ad8b037]
[    0.017479] ACPI: Reserving APIC table memory at [mem 0x8ad8a000-0x8ad8a0bb]
[    0.017480] ACPI: Reserving SBST table memory at [mem 0x8ad88000-0x8ad8802f]
[    0.017482] ACPI: Reserving ECDT table memory at [mem 0x8ad87000-0x8ad87052]
[    0.017483] ACPI: Reserving SSDT table memory at [mem 0x8ad7e000-0x8ad7e10a]
[    0.017484] ACPI: Reserving SSDT table memory at [mem 0x8ad7d000-0x8ad7d023]
[    0.017485] ACPI: Reserving SSDT table memory at [mem 0x8ad7a000-0x8ad7afe8]
[    0.017486] ACPI: Reserving SSDT table memory at [mem 0x8ad76000-0x8ad76031]
[    0.017487] ACPI: Reserving SSDT table memory at [mem 0x8ad73000-0x8ad758b1]
[    0.017488] ACPI: Reserving SSDT table memory at [mem 0x8ad66000-0x8ad660b7]
[    0.017489] ACPI: Reserving SSDT table memory at [mem 0x8ad65000-0x8ad653df]
[    0.017491] ACPI: Reserving SSDT table memory at [mem 0x8ad64000-0x8ad64593]
[    0.017492] ACPI: Reserving SSDT table memory at [mem 0x8ad63000-0x8ad63b82]
[    0.017493] ACPI: Reserving DMAR table memory at [mem 0x8ad62000-0x8ad62087]
[    0.017494] ACPI: Reserving MCFG table memory at [mem 0x8ad89000-0x8ad8903b]
[    0.017502] ACPI: DMI detected to setup _OSI("Darwin"): Apple hardware
[    0.017548] No NUMA configuration found
[    0.017549] Faking a node at [mem 0x0000000000000000-0x000000026f5fffff]
[    0.017554] NODE_DATA(0) allocated [mem 0x26f5fa8c0-0x26f5ffdff]
[    0.017585] Zone ranges:
[    0.017586]   DMA      [mem 0x0000000000001000-0x0000000000ffffff]
[    0.017589]   DMA32    [mem 0x0000000001000000-0x00000000ffffffff]
[    0.017591]   Normal   [mem 0x0000000100000000-0x000000026f5fffff]
[    0.017592]   Device   empty
[    0.017594] Movable zone start for each node
[    0.017595] Early memory node ranges
[    0.017595]   node   0: [mem 0x0000000000001000-0x0000000000057fff]
[    0.017597]   node   0: [mem 0x0000000000059000-0x000000000008efff]
[    0.017598]   node   0: [mem 0x0000000000090000-0x000000000009ffff]
[    0.017600]   node   0: [mem 0x0000000000100000-0x000000008ad0ffff]
[    0.017601]   node   0: [mem 0x000000008ad53000-0x000000008ad5cfff]
[    0.017602]   node   0: [mem 0x000000008ad8f000-0x000000008ae38fff]
[    0.017604]   node   0: [mem 0x000000008ae8f000-0x000000008aed1fff]
[    0.017605]   node   0: [mem 0x000000008aeff000-0x000000008af83fff]
[    0.017606]   node   0: [mem 0x000000008aff0000-0x000000008affffff]
[    0.017607]   node   0: [mem 0x0000000100000000-0x000000026f5fffff]
[    0.017609] Initmem setup node 0 [mem 0x0000000000001000-0x000000026f5fffff]
[    0.017615] On node 0, zone DMA: 1 pages in unavailable ranges
[    0.017617] On node 0, zone DMA: 1 pages in unavailable ranges
[    0.017619] On node 0, zone DMA: 1 pages in unavailable ranges
[    0.017644] On node 0, zone DMA: 96 pages in unavailable ranges
[    0.021898] On node 0, zone DMA32: 67 pages in unavailable ranges
[    0.021903] On node 0, zone DMA32: 50 pages in unavailable ranges
[    0.021906] On node 0, zone DMA32: 86 pages in unavailable ranges
[    0.021909] On node 0, zone DMA32: 45 pages in unavailable ranges
[    0.021911] On node 0, zone DMA32: 108 pages in unavailable ranges
[    0.033624] On node 0, zone Normal: 20480 pages in unavailable ranges
[    0.033660] On node 0, zone Normal: 2560 pages in unavailable ranges
[    0.033667] Reserving Intel graphics memory at [mem 0x8ba00000-0x8f9fffff]
[    0.033829] ACPI: PM-Timer IO Port: 0x1808
[    0.033840] ACPI: LAPIC_NMI (acpi_id[0x01] high edge lint[0x1])
[    0.033842] ACPI: LAPIC_NMI (acpi_id[0x02] high edge lint[0x1])
[    0.033843] ACPI: LAPIC_NMI (acpi_id[0x03] high edge lint[0x1])
[    0.033844] ACPI: LAPIC_NMI (acpi_id[0x04] high edge lint[0x1])
[    0.033845] ACPI: LAPIC_NMI (acpi_id[0x05] high edge lint[0x1])
[    0.033846] ACPI: LAPIC_NMI (acpi_id[0x06] high edge lint[0x1])
[    0.033847] ACPI: LAPIC_NMI (acpi_id[0x07] high edge lint[0x1])
[    0.033848] ACPI: LAPIC_NMI (acpi_id[0x08] high edge lint[0x1])
[    0.033859] IOAPIC[0]: apic_id 2, version 32, address 0xfec00000, GSI 0-39
[    0.033863] ACPI: INT_SRC_OVR (bus 0 bus_irq 0 global_irq 2 dfl dfl)
[    0.033865] ACPI: INT_SRC_OVR (bus 0 bus_irq 9 global_irq 9 high level)
[    0.033870] ACPI: Using ACPI (MADT) for SMP configuration information
[    0.033872] ACPI: HPET id: 0x8086a201 base: 0xfed00000
[    0.033877] TSC deadline timer available
[    0.033883] CPU topo: Max. logical packages:   1
[    0.033884] CPU topo: Max. logical dies:       1
[    0.033885] CPU topo: Max. dies per package:   1
[    0.033891] CPU topo: Max. threads per core:   2
[    0.033893] CPU topo: Num. cores per package:     2
[    0.033894] CPU topo: Num. threads per package:   4
[    0.033894] CPU topo: Allowing 4 present CPUs plus 0 hotplug CPUs
[    0.033918] PM: hibernation: Registered nosave memory: [mem 0x00000000-0x00000fff]
[    0.033920] PM: hibernation: Registered nosave memory: [mem 0x00058000-0x00058fff]
[    0.033923] PM: hibernation: Registered nosave memory: [mem 0x0008f000-0x0008ffff]
[    0.033925] PM: hibernation: Registered nosave memory: [mem 0x000a0000-0x000fffff]
[    0.033927] PM: hibernation: Registered nosave memory: [mem 0x8ad10000-0x8ad52fff]
[    0.033929] PM: hibernation: Registered nosave memory: [mem 0x8ad5d000-0x8ad8efff]
[    0.033931] PM: hibernation: Registered nosave memory: [mem 0x8ae39000-0x8ae8efff]
[    0.033933] PM: hibernation: Registered nosave memory: [mem 0x8aed2000-0x8aefefff]
[    0.033935] PM: hibernation: Registered nosave memory: [mem 0x8af84000-0x8afeffff]
[    0.033938] PM: hibernation: Registered nosave memory: [mem 0x8b000000-0xffffffff]
[    0.033940] [mem 0x8fa00000-0xe00f7fff] available for PCI devices
[    0.033943] Booting paravirtualized kernel on bare hardware
[    0.033947] clocksource: refined-jiffies: mask: 0xffffffff max_cycles: 0xffffffff, max_idle_ns: 1910969940391419 ns
[    0.040201] setup_percpu: NR_CPUS:384 nr_cpumask_bits:4 nr_cpu_ids:4 nr_node_ids:1
[    0.040564] percpu: Embedded 116 pages/cpu s294912 r65536 d114688 u524288
[    0.040573] pcpu-alloc: s294912 r65536 d114688 u524288 alloc=1*2097152
[    0.040576] pcpu-alloc: [0] 0 1 2 3 
[    0.040597] Kernel command line: initrd=\EFI\nixos\v6bc83nw2h5x85106qkcr1v1qyi1ax7g-initrd-linux-6.12.80-initrd.efi init=/nix/store/vkf1lapdlnhabmi02h61l7cspmbfwbfd-nixos-system-nixos-25.11.9067.54170c54449e/init pci=noaer intel_iommu=on iommu=strict loglevel=4 lsm=landlock,yama,bpf
[    0.040660] DMAR: IOMMU enabled
[    0.041691] Dentry cache hash table entries: 1048576 (order: 11, 8388608 bytes, linear)
[    0.042197] Inode-cache hash table entries: 524288 (order: 10, 4194304 bytes, linear)
[    0.042285] Fallback order for Node 0: 0 
[    0.042289] Built 1 zonelists, mobility grouping on.  Total pages: 2073657
[    0.042291] Policy zone: Normal
[    0.042586] mem auto-init: stack:all(zero), heap alloc:on, heap free:off
[    0.042597] software IO TLB: area num 4.
[    0.082344] SLUB: HWalign=64, Order=0-3, MinObjects=0, CPUs=4, Nodes=1
[    0.084537] allocated 16777216 bytes of page_ext
[    0.084548] Kernel/User page tables isolation: enabled
[    0.084595] ftrace: allocating 46233 entries in 181 pages
[    0.093589] ftrace: allocated 181 pages with 5 groups
[    0.094455] Dynamic Preempt: voluntary
[    0.094551] rcu: Preemptible hierarchical RCU implementation.
[    0.094552] rcu: 	RCU event tracing is enabled.
[    0.094553] rcu: 	RCU restricting CPUs from NR_CPUS=384 to nr_cpu_ids=4.
[    0.094554] 	Trampoline variant of Tasks RCU enabled.
[    0.094555] 	Rude variant of Tasks RCU enabled.
[    0.094556] 	Tracing variant of Tasks RCU enabled.
[    0.094557] rcu: RCU calculated value of scheduler-enlistment delay is 100 jiffies.
[    0.094558] rcu: Adjusting geometry for rcu_fanout_leaf=16, nr_cpu_ids=4
[    0.094565] RCU Tasks: Setting shift to 2 and lim to 1 rcu_task_cb_adjust=1 rcu_task_cpu_ids=4.
[    0.094568] RCU Tasks Rude: Setting shift to 2 and lim to 1 rcu_task_cb_adjust=1 rcu_task_cpu_ids=4.
[    0.094570] RCU Tasks Trace: Setting shift to 2 and lim to 1 rcu_task_cb_adjust=1 rcu_task_cpu_ids=4.
[    0.100324] NR_IRQS: 24832, nr_irqs: 728, preallocated irqs: 16
[    0.100543] rcu: srcu_init: Setting srcu_struct sizes based on contention.
[    0.100716] kfence: initialized - using 2097152 bytes for 255 objects at 0x(____ptrval____)-0x(____ptrval____)
[    0.100769] Console: colour dummy device 80x25
[    0.100772] printk: legacy console [tty0] enabled
[    0.100833] ACPI: Core revision 20240827
[    0.100963] hpet: HPET dysfunctional in PC10. Force disabled.
[    0.100979] APIC: Switch to symmetric I/O mode setup
[    0.100982] DMAR: Host address width 39
[    0.100984] DMAR: DRHD base: 0x000000fed90000 flags: 0x0
[    0.101000] DMAR: dmar0: reg_base_addr fed90000 ver 1:0 cap c0000020660462 ecap f0101a
[    0.101003] DMAR: DRHD base: 0x000000fed91000 flags: 0x1
[    0.101007] DMAR: dmar1: reg_base_addr fed91000 ver 1:0 cap d2008020660462 ecap f010da
[    0.101009] DMAR: RMRR base: 0x0000008b800000 end: 0x0000008f9fffff
[    0.101014] DMAR-IR: IOAPIC id 2 under DRHD base  0xfed91000 IOMMU 1
[    0.101016] DMAR-IR: HPET id 0 under DRHD base 0xfed91000
[    0.101018] DMAR-IR: Queued invalidation will be enabled to support x2apic and Intr-remapping.
[    0.101655] DMAR-IR: Enabled IRQ remapping in x2apic mode
[    0.101659] x2apic enabled
[    0.101729] APIC: Switched APIC routing to: cluster x2apic
[    0.102233] clocksource: tsc-early: mask: 0xffffffffffffffff max_cycles: 0x257a1bf681e, max_idle_ns: 440795285102 ns
[    0.102241] Calibrating delay loop (skipped), value calculated using timer frequency.. 5199.93 BogoMIPS (lpj=2599966)
[    0.102270] CPU0: Thermal monitoring enabled (TM1)
[    0.102310] Last level iTLB entries: 4KB 1024, 2MB 1024, 4MB 1024
[    0.102312] Last level dTLB entries: 4KB 1024, 2MB 1024, 4MB 1024, 1GB 4
[    0.102316] process: using mwait in idle threads
[    0.102318] Spectre V1 : Mitigation: usercopy/swapgs barriers and __user pointer sanitization
[    0.102321] Spectre V2 : Mitigation: Retpolines
[    0.102323] Spectre V2 : Spectre v2 / SpectreRSB: Filling RSB on context switch and VMEXIT
[    0.102324] Spectre V2 : Enabling Restricted Speculation for firmware calls
[    0.102326] Spectre V2 : mitigation: Enabling conditional Indirect Branch Prediction Barrier
[    0.102328] Spectre V2 : User space: Mitigation: STIBP via prctl
[    0.102330] Speculative Store Bypass: Mitigation: Speculative Store Bypass disabled via prctl
[    0.102332] MDS: Mitigation: Clear CPU buffers
[    0.102333] MMIO Stale Data: Unknown: No mitigations
[    0.102335] SRBDS: Mitigation: Microcode
[    0.102337] VMSCAPE: Mitigation: IBPB before exit to userspace
[    0.102342] x86/fpu: Supporting XSAVE feature 0x001: 'x87 floating point registers'
[    0.102344] x86/fpu: Supporting XSAVE feature 0x002: 'SSE registers'
[    0.102346] x86/fpu: Supporting XSAVE feature 0x004: 'AVX registers'
[    0.102348] x86/fpu: xstate_offset[2]:  576, xstate_sizes[2]:  256
[    0.102350] x86/fpu: Enabled xstate features 0x7, context size is 832 bytes, using 'standard' format.
[    0.103237] Freeing SMP alternatives memory: 40K
[    0.103237] pid_max: default: 32768 minimum: 301
[    0.103237] LSM: initializing lsm=capability,landlock,yama,bpf
[    0.103237] landlock: Up and running.
[    0.103237] Yama: becoming mindful.
[    0.103237] LSM support for eBPF active
[    0.103237] Mount-cache hash table entries: 16384 (order: 5, 131072 bytes, linear)
[    0.103237] Mountpoint-cache hash table entries: 16384 (order: 5, 131072 bytes, linear)
[    0.103237] smpboot: CPU0: Intel(R) Core(TM) i5-4288U CPU @ 2.60GHz (family: 0x6, model: 0x45, stepping: 0x1)
[    0.103237] Performance Events: PEBS fmt2+, Haswell events, 16-deep LBR, full-width counters, Intel PMU driver.
[    0.103237] ... version:                3
[    0.103237] ... bit width:              48
[    0.103237] ... generic registers:      4
[    0.103237] ... value mask:             0000ffffffffffff
[    0.103237] ... max period:             00007fffffffffff
[    0.103237] ... fixed-purpose events:   3
[    0.103237] ... event mask:             000000070000000f
[    0.103237] signal: max sigframe size: 1776
[    0.103237] Estimated ratio of average max frequency by base frequency (times 1024): 1220
[    0.103237] rcu: Hierarchical SRCU implementation.
[    0.103237] rcu: 	Max phase no-delay instances is 400.
[    0.103237] Timer migration: 1 hierarchy levels; 8 children per group; 1 crossnode level
[    0.103356] NMI watchdog: Enabled. Permanently consumes one hw-PMU counter.
[    0.103419] smp: Bringing up secondary CPUs ...
[    0.103542] smpboot: x86: Booting SMP configuration:
[    0.103543] .... node  #0, CPUs:      #1 #2 #3
[    0.104488] MDS CPU bug present and SMT on, data leak possible. See https://www.kernel.org/doc/html/latest/admin-guide/hw-vuln/mds.html for more details.
[    0.104488] VMSCAPE: SMT on, STIBP is required for full protection. See https://www.kernel.org/doc/html/latest/admin-guide/hw-vuln/vmscape.html for more details.
[    0.104488] smp: Brought up 1 node, 4 CPUs
[    0.104488] smpboot: Total of 4 processors activated (20799.72 BogoMIPS)
[    0.105338] Memory: 7636200K/8294628K available (16384K kernel code, 2646K rwdata, 12592K rodata, 3416K init, 3348K bss, 627632K reserved, 0K cma-reserved)
[    0.105593] devtmpfs: initialized
[    0.105593] x86/mm: Memory block size: 128MB
[    0.106710] ACPI: PM: Registering ACPI NVS region [mem 0x8ad10000-0x8ad52fff] (274432 bytes)
[    0.106710] clocksource: jiffies: mask: 0xffffffff max_cycles: 0xffffffff, max_idle_ns: 1911260446275000 ns
[    0.106710] futex hash table entries: 1024 (order: 4, 65536 bytes, linear)
[    0.106710] pinctrl core: initialized pinctrl subsystem
[    0.106710] PM: RTC time: 13:57:32, date: 2026-04-20
[    0.107659] NET: Registered PF_NETLINK/PF_ROUTE protocol family
[    0.107857] DMA: preallocated 1024 KiB GFP_KERNEL pool for atomic allocations
[    0.107931] DMA: preallocated 1024 KiB GFP_KERNEL|GFP_DMA pool for atomic allocations
[    0.108003] DMA: preallocated 1024 KiB GFP_KERNEL|GFP_DMA32 pool for atomic allocations
[    0.108016] audit: initializing netlink subsys (disabled)
[    0.108031] audit: type=2000 audit(1776693451.005:1): state=initialized audit_enabled=0 res=1
[    0.108031] thermal_sys: Registered thermal governor 'bang_bang'
[    0.108031] thermal_sys: Registered thermal governor 'step_wise'
[    0.108031] thermal_sys: Registered thermal governor 'user_space'
[    0.108031] cpuidle: using governor menu
[    0.120468] efi: Freeing EFI boot services memory: 341428K
[    0.120476] acpiphp: ACPI Hot Plug PCI Controller Driver version: 0.5
[    0.120628] PCI: ECAM [mem 0xe0000000-0xe9bfffff] (base 0xe0000000) for domain 0000 [bus 00-9b]
[    0.120646] PCI: Using configuration type 1 for base access
[    0.120706] core: PMU erratum BJ122, BV98, HSD29 worked around, HT is on
[    0.120757] kprobes: kprobe jump-optimization is enabled. All kprobes are optimized if possible.
[    0.120757] HugeTLB: registered 1.00 GiB page size, pre-allocated 0 pages
[    0.120757] HugeTLB: 16380 KiB vmemmap can be freed for a 1.00 GiB page
[    0.120757] HugeTLB: registered 2.00 MiB page size, pre-allocated 0 pages
[    0.120757] HugeTLB: 28 KiB vmemmap can be freed for a 2.00 MiB page
[    0.121425] ACPI: Disabled all _OSI OS vendors
[    0.121425] ACPI: Added _OSI(Module Device)
[    0.121425] ACPI: Added _OSI(Processor Device)
[    0.121425] ACPI: Added _OSI(Processor Aggregator Device)
[    0.121425] ACPI: Added _OSI(Darwin)
[    0.138383] ACPI: 10 ACPI AML tables successfully acquired and loaded
[    0.139566] ACPI: EC: EC started
[    0.139568] ACPI: EC: interrupt blocked
[    0.140271] ACPI: EC: EC_CMD/EC_SC=0x66, EC_DATA=0x62
[    0.140274] ACPI: EC: Boot ECDT EC used to handle transactions
[    0.140499] ACPI: BIOS _OSI(Darwin) query honored via DMI
[    0.140813] ACPI: [Firmware Bug]: BIOS _OSI(Linux) query ignored
[    0.143608] ACPI: Dynamic OEM Table Load:
[    0.143617] ACPI: SSDT 0xFFFF88E9423D5000 0004F0 (v01 PmRef  Cpu0Cst  00003001 INTL 20100915)
[    0.145010] ACPI: Dynamic OEM Table Load:
[    0.145019] ACPI: SSDT 0xFFFF88E9423D0800 00067C (v01 PmRef  ApIst    00003000 INTL 20100915)
[    0.146004] ACPI: Dynamic OEM Table Load:
[    0.146010] ACPI: SSDT 0xFFFF88E9411D3400 000119 (v01 PmRef  ApCst    00003000 INTL 20100915)
[    0.147195] ACPI: Interpreter enabled
[    0.147222] ACPI: PM: (supports S0 S3 S4 S5)
[    0.147224] ACPI: Using IOAPIC for interrupt routing
[    0.147262] PCI: Using host bridge windows from ACPI; if necessary, use "pci=nocrs" and report a bug
[    0.147264] PCI: Ignoring E820 reservations for host bridge windows
[    0.147484] ACPI: Enabled 4 GPEs in block 00 to 7F
[    0.157240] ACPI: PCI Root Bridge [PCI0] (domain 0000 [bus 00-ff])
[    0.157247] acpi PNP0A08:00: _OSC: OS assumes control of [PCIeHotplug SHPCHotplug AER PCIeCapability LTR DPC]
[    0.157265] acpi PNP0A08:00: [Firmware Info]: ECAM [mem 0xe0000000-0xe9bfffff] for domain 0000 [bus 00-9b] only partially covers this bridge
[    0.157585] PCI host bridge to bus 0000:00
[    0.157590] pci_bus 0000:00: root bus resource [io  0x0000-0x0cf7 window]
[    0.157592] pci_bus 0000:00: root bus resource [io  0x0d00-0xffff window]
[    0.157595] pci_bus 0000:00: root bus resource [mem 0x000a0000-0x000fffff window]
[    0.157597] pci_bus 0000:00: root bus resource [mem 0x8fa00000-0xfeafffff window]
[    0.157599] pci_bus 0000:00: root bus resource [mem 0xfed40000-0xfed44fff window]
[    0.157601] pci_bus 0000:00: root bus resource [bus 00-ff]
[    0.157615] pci 0000:00:00.0: [8086:0a04] type 00 class 0x060000 conventional PCI endpoint
[    0.157714] pci 0000:00:02.0: [8086:0a2e] type 00 class 0x030000 conventional PCI endpoint
[    0.157724] pci 0000:00:02.0: BAR 0 [mem 0xb0000000-0xb03fffff 64bit]
[    0.157730] pci 0000:00:02.0: BAR 2 [mem 0xa0000000-0xafffffff 64bit pref]
[    0.157735] pci 0000:00:02.0: BAR 4 [io  0x2000-0x203f]
[    0.157748] pci 0000:00:02.0: Video device with shadowed ROM at [mem 0x000c0000-0x000dffff]
[    0.157892] pci 0000:00:03.0: [8086:0a0c] type 00 class 0x040300 PCIe Root Complex Integrated Endpoint
[    0.157902] pci 0000:00:03.0: BAR 0 [mem 0xb0a10000-0xb0a13fff 64bit]
[    0.158059] pci 0000:00:14.0: [8086:9c31] type 00 class 0x0c0330 conventional PCI endpoint
[    0.158075] pci 0000:00:14.0: BAR 0 [mem 0xb0a00000-0xb0a0ffff 64bit]
[    0.158128] pci 0000:00:14.0: PME# supported from D3hot D3cold
[    0.158412] pci 0000:00:16.0: [8086:9c3a] type 00 class 0x078000 conventional PCI endpoint
[    0.158430] pci 0000:00:16.0: BAR 0 [mem 0xb0a2a100-0xb0a2a11f 64bit]
[    0.158493] pci 0000:00:16.0: PME# supported from D0 D3hot D3cold
[    0.158551] pci 0000:00:1b.0: [8086:9c20] type 00 class 0x040300 PCIe Root Complex Integrated Endpoint
[    0.158566] pci 0000:00:1b.0: BAR 0 [mem 0xb0a14000-0xb0a17fff 64bit]
[    0.158628] pci 0000:00:1b.0: PME# supported from D0 D3hot D3cold
[    0.158712] pci 0000:00:1c.0: [8086:9c10] type 01 class 0x060400 PCIe Root Port
[    0.158732] pci 0000:00:1c.0: PCI bridge to [bus 01]
[    0.158793] pci 0000:00:1c.0: PME# supported from D0 D3hot D3cold
[    0.158944] pci 0000:00:1c.1: [8086:9c12] type 01 class 0x060400 PCIe Root Port
[    0.158969] pci 0000:00:1c.1: PCI bridge to [bus 02]
[    0.158975] pci 0000:00:1c.1:   bridge window [mem 0xb0800000-0xb09fffff]
[    0.158984] pci 0000:00:1c.1:   bridge window [mem 0x90000000-0x9fffffff 64bit pref]
[    0.159038] pci 0000:00:1c.1: PME# supported from D0 D3hot D3cold
[    0.159197] pci 0000:00:1c.2: [8086:9c14] type 01 class 0x060400 PCIe Root Port
[    0.159222] pci 0000:00:1c.2: PCI bridge to [bus 03]
[    0.159228] pci 0000:00:1c.2:   bridge window [mem 0xb0400000-0xb06fffff]
[    0.159288] pci 0000:00:1c.2: PME# supported from D0 D3hot D3cold
[    0.159441] pci 0000:00:1c.4: [8086:9c18] type 01 class 0x060400 PCIe Root Port
[    0.159464] pci 0000:00:1c.4: PCI bridge to [bus 05-9b]
[    0.159468] pci 0000:00:1c.4:   bridge window [io  0x3000-0x5fff]
[    0.159472] pci 0000:00:1c.4:   bridge window [mem 0xb0b00000-0xbcbfffff]
[    0.159480] pci 0000:00:1c.4:   bridge window [mem 0xbcc00000-0xc8bfffff 64bit pref]
[    0.159527] pci 0000:00:1c.4: PME# supported from D0 D3hot D3cold
[    0.159723] pci 0000:00:1c.5: [8086:9c1a] type 01 class 0x060400 PCIe Root Port
[    0.159748] pci 0000:00:1c.5: PCI bridge to [bus 04]
[    0.159754] pci 0000:00:1c.5:   bridge window [mem 0xb0700000-0xb07fffff]
[    0.159813] pci 0000:00:1c.5: PME# supported from D0 D3hot D3cold
[    0.159969] pci 0000:00:1f.0: [8086:9c43] type 00 class 0x060100 conventional PCI endpoint
[    0.160148] pci 0000:00:1f.3: [8086:9c22] type 00 class 0x0c0500 conventional PCI endpoint
[    0.160163] pci 0000:00:1f.3: BAR 0 [mem 0xb0a2a000-0xb0a2a0ff 64bit]
[    0.160181] pci 0000:00:1f.3: BAR 4 [io  0xefa0-0xefbf]
[    0.160282] pci 0000:00:1c.0: PCI bridge to [bus 01]
[    0.160354] pci 0000:02:00.0: [14e4:1570] type 00 class 0x048000 PCIe Endpoint
[    0.160377] pci 0000:02:00.0: BAR 0 [mem 0xb0900000-0xb090ffff 64bit]
[    0.160392] pci 0000:02:00.0: BAR 2 [mem 0x90000000-0x9fffffff 64bit pref]
[    0.160408] pci 0000:02:00.0: BAR 4 [mem 0xb0800000-0xb08fffff 64bit]
[    0.160513] pci 0000:02:00.0: supports D1
[    0.160515] pci 0000:02:00.0: PME# supported from D0 D3hot
[    0.160704] pci 0000:00:1c.1: PCI bridge to [bus 02]
[    0.160829] pci 0000:03:00.0: [14e4:43a0] type 00 class 0x028000 PCIe Endpoint
[    0.160869] pci 0000:03:00.0: BAR 0 [mem 0xb0600000-0xb0607fff 64bit]
[    0.160896] pci 0000:03:00.0: BAR 2 [mem 0xb0400000-0xb05fffff 64bit]
[    0.161133] pci 0000:03:00.0: supports D1 D2
[    0.161135] pci 0000:03:00.0: PME# supported from D0 D1 D2 D3hot D3cold
[    0.161483] pci 0000:00:1c.2: PCI bridge to [bus 03]
[    0.161564] pci 0000:05:00.0: [8086:156d] type 01 class 0x060400 PCIe Switch Upstream Port
[    0.161600] pci 0000:05:00.0: PCI bridge to [bus 06-6b]
[    0.161608] pci 0000:05:00.0:   bridge window [io  0x3000-0x4fff]
[    0.161612] pci 0000:05:00.0:   bridge window [mem 0xb0b00000-0xb8bfffff]
[    0.161624] pci 0000:05:00.0:   bridge window [mem 0xbcc00000-0xc4bfffff 64bit pref]
[    0.161638] pci 0000:05:00.0: enabling Extended Tags
[    0.161729] pci 0000:05:00.0: supports D1 D2
[    0.161731] pci 0000:05:00.0: PME# supported from D0 D1 D2 D3hot D3cold
[    0.163254] pci 0000:00:1c.4: PCI bridge to [bus 05-9b]
[    0.163389] pci 0000:06:00.0: [8086:156d] type 01 class 0x060400 PCIe Switch Downstream Port
[    0.163427] pci 0000:06:00.0: PCI bridge to [bus 07]
[    0.163437] pci 0000:06:00.0:   bridge window [mem 0xb0b00000-0xb0bfffff]
[    0.163465] pci 0000:06:00.0: enabling Extended Tags
[    0.163560] pci 0000:06:00.0: supports D1 D2
[    0.163562] pci 0000:06:00.0: PME# supported from D0 D1 D2 D3hot D3cold
[    0.163741] pci 0000:06:03.0: [8086:156d] type 01 class 0x060400 PCIe Switch Downstream Port
[    0.163770] pci 0000:06:03.0: PCI bridge to [bus 08-38]
[    0.163778] pci 0000:06:03.0:   bridge window [io  0x3000-0x3fff]
[    0.163782] pci 0000:06:03.0:   bridge window [mem 0xb0c00000-0xb4bfffff]
[    0.163795] pci 0000:06:03.0:   bridge window [mem 0xbcc00000-0xc0bfffff 64bit pref]
[    0.163811] pci 0000:06:03.0: enabling Extended Tags
[    0.163908] pci 0000:06:03.0: supports D1 D2
[    0.163909] pci 0000:06:03.0: PME# supported from D0 D1 D2 D3hot D3cold
[    0.164100] pci 0000:06:04.0: [8086:156d] type 01 class 0x060400 PCIe Switch Downstream Port
[    0.164130] pci 0000:06:04.0: PCI bridge to [bus 39]
[    0.164166] pci 0000:06:04.0: enabling Extended Tags
[    0.164263] pci 0000:06:04.0: supports D1 D2
[    0.164265] pci 0000:06:04.0: PME# supported from D0 D1 D2 D3hot D3cold
[    0.164454] pci 0000:06:05.0: [8086:156d] type 01 class 0x060400 PCIe Switch Downstream Port
[    0.164483] pci 0000:06:05.0: PCI bridge to [bus 3a-6a]
[    0.164491] pci 0000:06:05.0:   bridge window [io  0x4000-0x4fff]
[    0.164495] pci 0000:06:05.0:   bridge window [mem 0xb4c00000-0xb8bfffff]
[    0.164508] pci 0000:06:05.0:   bridge window [mem 0xc0c00000-0xc4bfffff 64bit pref]
[    0.164524] pci 0000:06:05.0: enabling Extended Tags
[    0.164621] pci 0000:06:05.0: supports D1 D2
[    0.164622] pci 0000:06:05.0: PME# supported from D0 D1 D2 D3hot D3cold
[    0.164810] pci 0000:06:06.0: [8086:156d] type 01 class 0x060400 PCIe Switch Downstream Port
[    0.164839] pci 0000:06:06.0: PCI bridge to [bus 6b]
[    0.164875] pci 0000:06:06.0: enabling Extended Tags
[    0.164971] pci 0000:06:06.0: supports D1 D2
[    0.164972] pci 0000:06:06.0: PME# supported from D0 D1 D2 D3hot D3cold
[    0.165147] pci 0000:05:00.0: PCI bridge to [bus 06-6b]
[    0.165244] pci 0000:07:00.0: [8086:156c] type 00 class 0x088000 PCIe Endpoint
[    0.165268] pci 0000:07:00.0: BAR 0 [mem 0xb0b00000-0xb0b3ffff]
[    0.165281] pci 0000:07:00.0: BAR 1 [mem 0xb0b40000-0xb0b40fff]
[    0.165347] pci 0000:07:00.0: enabling Extended Tags
[    0.165474] pci 0000:07:00.0: supports D1 D2
[    0.165476] pci 0000:07:00.0: PME# supported from D0 D1 D2 D3hot D3cold
[    0.167262] pci 0000:06:00.0: PCI bridge to [bus 07]
[    0.167356] pci 0000:06:03.0: PCI bridge to [bus 08-38]
[    0.167442] pci 0000:06:04.0: PCI bridge to [bus 39]
[    0.167528] pci 0000:06:05.0: PCI bridge to [bus 3a-6a]
[    0.167585] pci 0000:06:06.0: PCI bridge to [bus 6b]
[    0.167753] pci 0000:04:00.0: [144d:1600] type 00 class 0x010601 PCIe Endpoint
[    0.167814] pci 0000:04:00.0: BAR 5 [mem 0xb0700000-0xb0701fff]
[    0.167824] pci 0000:04:00.0: ROM [mem 0xffff0000-0xffffffff pref]
[    0.167906] pci 0000:04:00.0: PME# supported from D3hot D3cold
[    0.167945] pci 0000:04:00.0: 8.000 Gb/s available PCIe bandwidth, limited by 5.0 GT/s PCIe x2 link at 0000:00:1c.5 (capable of 16.000 Gb/s with 5.0 GT/s PCIe x4 link)
[    0.168243] pci 0000:00:1c.5: PCI bridge to [bus 04]
[    0.171463] ACPI: PCI: Interrupt link LNKA configured for IRQ 0
[    0.171466] ACPI: PCI: Interrupt link LNKA disabled
[    0.171522] ACPI: PCI: Interrupt link LNKB configured for IRQ 0
[    0.171524] ACPI: PCI: Interrupt link LNKB disabled
[    0.171575] ACPI: PCI: Interrupt link LNKC configured for IRQ 0
[    0.171576] ACPI: PCI: Interrupt link LNKC disabled
[    0.171627] ACPI: PCI: Interrupt link LNKD configured for IRQ 0
[    0.171628] ACPI: PCI: Interrupt link LNKD disabled
[    0.171678] ACPI: PCI: Interrupt link LNKE configured for IRQ 0
[    0.171680] ACPI: PCI: Interrupt link LNKE disabled
[    0.171730] ACPI: PCI: Interrupt link LNKF configured for IRQ 0
[    0.171731] ACPI: PCI: Interrupt link LNKF disabled
[    0.171781] ACPI: PCI: Interrupt link LNKG configured for IRQ 0
[    0.171782] ACPI: PCI: Interrupt link LNKG disabled
[    0.171832] ACPI: PCI: Interrupt link LNKH configured for IRQ 0
[    0.171834] ACPI: PCI: Interrupt link LNKH disabled
[    0.172115] ACPI: EC: interrupt unblocked
[    0.172117] ACPI: EC: event unblocked
[    0.172119] ACPI: EC: EC_CMD/EC_SC=0x66, EC_DATA=0x62
[    0.172121] ACPI: EC: GPE=0x4e
[    0.172123] ACPI: \_SB_.PCI0.LPCB.EC__: Boot ECDT EC initialization complete
[    0.172125] ACPI: \_SB_.PCI0.LPCB.EC__: EC: Used to handle transactions and events
[    0.172216] iommu: Default domain type: Translated
[    0.172217] iommu: DMA domain TLB invalidation policy: lazy mode
[    0.172243] ACPI: bus type USB registered
[    0.172261] usbcore: registered new interface driver usbfs
[    0.172269] usbcore: registered new interface driver hub
[    0.172277] usbcore: registered new device driver usb
[    0.173241] efivars: Registered efivars operations
[    0.173539] NetLabel: Initializing
[    0.173542] NetLabel:  domain hash size = 128
[    0.173543] NetLabel:  protocols = UNLABELED CIPSOv4 CALIPSO
[    0.173569] NetLabel:  unlabeled traffic allowed by default
[    0.173570] PCI: Using ACPI for IRQ routing
[    0.178582] PCI: pci_cache_line_size set to 64 bytes
[    0.178714] e820: reserve RAM buffer [mem 0x00058000-0x0005ffff]
[    0.178717] e820: reserve RAM buffer [mem 0x0008f000-0x0008ffff]
[    0.178718] e820: reserve RAM buffer [mem 0x75f27810-0x77ffffff]
[    0.178720] e820: reserve RAM buffer [mem 0x75f29190-0x77ffffff]
[    0.178722] e820: reserve RAM buffer [mem 0x8ad10000-0x8bffffff]
[    0.178724] e820: reserve RAM buffer [mem 0x8ad5d000-0x8bffffff]
[    0.178725] e820: reserve RAM buffer [mem 0x8ae39000-0x8bffffff]
[    0.178727] e820: reserve RAM buffer [mem 0x8aed2000-0x8bffffff]
[    0.178729] e820: reserve RAM buffer [mem 0x8af84000-0x8bffffff]
[    0.178730] e820: reserve RAM buffer [mem 0x8b000000-0x8bffffff]
[    0.178731] e820: reserve RAM buffer [mem 0x26f600000-0x26fffffff]
[    0.179271] pci 0000:00:02.0: vgaarb: setting as boot VGA device
[    0.179271] pci 0000:00:02.0: vgaarb: bridge control possible
[    0.179271] pci 0000:00:02.0: vgaarb: VGA device added: decodes=io+mem,owns=io+mem,locks=none
[    0.179271] vgaarb: loaded
[    0.179332] clocksource: Switched to clocksource tsc-early
[    0.179562] VFS: Disk quotas dquot_6.6.0
[    0.179580] VFS: Dquot-cache hash table entries: 512 (order 0, 4096 bytes)
[    0.179645] pnp: PnP ACPI init
[    0.179923] system 00:00: [mem 0xfed00000-0xfed03fff] has been reserved
[    0.179999] system 00:01: [io  0xffff] has been reserved
[    0.180004] system 00:01: [io  0x1800-0x187f] has been reserved
[    0.180008] system 00:01: [io  0x0800-0x087f] has been reserved
[    0.181037] system 00:03: [mem 0xfed1c000-0xfed1ffff] has been reserved
[    0.181041] system 00:03: [mem 0xfed10000-0xfed17fff] has been reserved
[    0.181043] system 00:03: [mem 0xfed18000-0xfed18fff] has been reserved
[    0.181045] system 00:03: [mem 0xfed19000-0xfed19fff] has been reserved
[    0.181047] system 00:03: [mem 0xe0000000-0xefffffff] could not be reserved
[    0.181049] system 00:03: [mem 0xfed20000-0xfed3ffff] has been reserved
[    0.181051] system 00:03: [mem 0xfed90000-0xfed93fff] could not be reserved
[    0.181054] system 00:03: [mem 0xfed45000-0xfed8ffff] has been reserved
[    0.181056] system 00:03: [mem 0xff000000-0xffffffff] could not be reserved
[    0.181058] system 00:03: [mem 0xfee00000-0xfeefffff] has been reserved
[    0.181122] system 00:04: [mem 0x20000000-0x201fffff] could not be reserved
[    0.181125] system 00:04: [mem 0x40000000-0x401fffff] could not be reserved
[    0.181254] pnp: PnP ACPI: found 5 devices
[    0.182928] pci 0000:00:02.0: assigning 3 device properties
[    0.182954] pci 0000:07:00.0: assigning 8 device properties
[    0.182970] pci 0000:00:1b.0: assigning 4 device properties
[    0.187489] clocksource: acpi_pm: mask: 0xffffff max_cycles: 0xffffff, max_idle_ns: 2085701024 ns
[    0.187560] NET: Registered PF_INET protocol family
[    0.187658] IP idents hash table entries: 131072 (order: 8, 1048576 bytes, linear)
[    0.201532] tcp_listen_portaddr_hash hash table entries: 4096 (order: 4, 65536 bytes, linear)
[    0.201562] Table-perturb hash table entries: 65536 (order: 6, 262144 bytes, linear)
[    0.201616] TCP established hash table entries: 65536 (order: 7, 524288 bytes, linear)
[    0.201825] TCP bind hash table entries: 65536 (order: 9, 2097152 bytes, linear)
[    0.202129] TCP: Hash tables configured (established 65536 bind 65536)
[    0.202201] MPTCP token hash table entries: 8192 (order: 6, 196608 bytes, linear)
[    0.202254] UDP hash table entries: 4096 (order: 5, 131072 bytes, linear)
[    0.202279] UDP-Lite hash table entries: 4096 (order: 5, 131072 bytes, linear)
[    0.202348] NET: Registered PF_UNIX/PF_LOCAL protocol family
[    0.202359] NET: Registered PF_XDP protocol family
[    0.202365] pci 0000:04:00.0: ROM [mem 0xffff0000-0xffffffff pref]: can't claim; no compatible bridge window
[    0.202372] pci 0000:06:00.0: bridge window [io  0x1000-0x0fff] to [bus 07] add_size 1000
[    0.202376] pci 0000:06:00.0: bridge window [mem 0x00100000-0x000fffff 64bit pref] to [bus 07] add_size 200000 add_align 100000
[    0.202380] pci 0000:06:04.0: bridge window [io  0x1000-0x0fff] to [bus 39] add_size 1000
[    0.202382] pci 0000:06:04.0: bridge window [mem 0x00100000-0x000fffff 64bit pref] to [bus 39] add_size 200000 add_align 100000
[    0.202385] pci 0000:06:04.0: bridge window [mem 0x00100000-0x000fffff] to [bus 39] add_size 200000 add_align 100000
[    0.202387] pci 0000:06:06.0: bridge window [io  0x1000-0x0fff] to [bus 6b] add_size 1000
[    0.202389] pci 0000:06:06.0: bridge window [mem 0x00100000-0x000fffff 64bit pref] to [bus 6b] add_size 200000 add_align 100000
[    0.202392] pci 0000:06:06.0: bridge window [mem 0x00100000-0x000fffff] to [bus 6b] add_size 200000 add_align 100000
[    0.202401] pci 0000:00:1c.0: PCI bridge to [bus 01]
[    0.202412] pci 0000:00:1c.1: PCI bridge to [bus 02]
[    0.202416] pci 0000:00:1c.1:   bridge window [mem 0xb0800000-0xb09fffff]
[    0.202420] pci 0000:00:1c.1:   bridge window [mem 0x90000000-0x9fffffff 64bit pref]
[    0.202425] pci 0000:00:1c.2: PCI bridge to [bus 03]
[    0.202429] pci 0000:00:1c.2:   bridge window [mem 0xb0400000-0xb06fffff]
[    0.202441] pci 0000:06:00.0: bridge window [mem size 0x00200000 64bit pref]: can't assign; no space
[    0.202443] pci 0000:06:00.0: bridge window [mem size 0x00200000 64bit pref]: failed to assign
[    0.202445] pci 0000:06:04.0: bridge window [mem size 0x00200000]: can't assign; no space
[    0.202447] pci 0000:06:04.0: bridge window [mem size 0x00200000]: failed to assign
[    0.202449] pci 0000:06:04.0: bridge window [mem size 0x00200000 64bit pref]: can't assign; no space
[    0.202451] pci 0000:06:04.0: bridge window [mem size 0x00200000 64bit pref]: failed to assign
[    0.202452] pci 0000:06:06.0: bridge window [mem size 0x00200000]: can't assign; no space
[    0.202454] pci 0000:06:06.0: bridge window [mem size 0x00200000]: failed to assign
[    0.202456] pci 0000:06:06.0: bridge window [mem size 0x00200000 64bit pref]: can't assign; no space
[    0.202458] pci 0000:06:06.0: bridge window [mem size 0x00200000 64bit pref]: failed to assign
[    0.202460] pci 0000:06:00.0: bridge window [io  size 0x1000]: can't assign; no space
[    0.202461] pci 0000:06:00.0: bridge window [io  size 0x1000]: failed to assign
[    0.202463] pci 0000:06:04.0: bridge window [io  size 0x1000]: can't assign; no space
[    0.202465] pci 0000:06:04.0: bridge window [io  size 0x1000]: failed to assign
[    0.202466] pci 0000:06:06.0: bridge window [io  size 0x1000]: can't assign; no space
[    0.202468] pci 0000:06:06.0: bridge window [io  size 0x1000]: failed to assign
[    0.202471] pci 0000:06:06.0: bridge window [mem size 0x00200000]: can't assign; no space
[    0.202472] pci 0000:06:06.0: bridge window [mem size 0x00200000]: failed to assign
[    0.202474] pci 0000:06:06.0: bridge window [mem size 0x00200000 64bit pref]: can't assign; no space
[    0.202476] pci 0000:06:06.0: bridge window [mem size 0x00200000 64bit pref]: failed to assign
[    0.202478] pci 0000:06:06.0: bridge window [io  size 0x1000]: can't assign; no space
[    0.202479] pci 0000:06:06.0: bridge window [io  size 0x1000]: failed to assign
[    0.202481] pci 0000:06:04.0: bridge window [mem size 0x00200000]: can't assign; no space
[    0.202482] pci 0000:06:04.0: bridge window [mem size 0x00200000]: failed to assign
[    0.202484] pci 0000:06:04.0: bridge window [mem size 0x00200000 64bit pref]: can't assign; no space
[    0.202486] pci 0000:06:04.0: bridge window [mem size 0x00200000 64bit pref]: failed to assign
[    0.202488] pci 0000:06:04.0: bridge window [io  size 0x1000]: can't assign; no space
[    0.202489] pci 0000:06:04.0: bridge window [io  size 0x1000]: failed to assign
[    0.202491] pci 0000:06:00.0: bridge window [mem size 0x00200000 64bit pref]: can't assign; no space
[    0.202493] pci 0000:06:00.0: bridge window [mem size 0x00200000 64bit pref]: failed to assign
[    0.202495] pci 0000:06:00.0: bridge window [io  size 0x1000]: can't assign; no space
[    0.202496] pci 0000:06:00.0: bridge window [io  size 0x1000]: failed to assign
[    0.202498] pci 0000:06:00.0: PCI bridge to [bus 07]
[    0.202504] pci 0000:06:00.0:   bridge window [mem 0xb0b00000-0xb0bfffff]
[    0.202513] pci 0000:06:03.0: PCI bridge to [bus 08-38]
[    0.202516] pci 0000:06:03.0:   bridge window [io  0x3000-0x3fff]
[    0.202522] pci 0000:06:03.0:   bridge window [mem 0xb0c00000-0xb4bfffff]
[    0.202526] pci 0000:06:03.0:   bridge window [mem 0xbcc00000-0xc0bfffff 64bit pref]
[    0.202533] pci 0000:06:04.0: PCI bridge to [bus 39]
[    0.202546] pci 0000:06:05.0: PCI bridge to [bus 3a-6a]
[    0.202549] pci 0000:06:05.0:   bridge window [io  0x4000-0x4fff]
[    0.202554] pci 0000:06:05.0:   bridge window [mem 0xb4c00000-0xb8bfffff]
[    0.202559] pci 0000:06:05.0:   bridge window [mem 0xc0c00000-0xc4bfffff 64bit pref]
[    0.202565] pci 0000:06:06.0: PCI bridge to [bus 6b]
[    0.202579] pci 0000:05:00.0: PCI bridge to [bus 06-6b]
[    0.202581] pci 0000:05:00.0:   bridge window [io  0x3000-0x4fff]
[    0.202587] pci 0000:05:00.0:   bridge window [mem 0xb0b00000-0xb8bfffff]
[    0.202591] pci 0000:05:00.0:   bridge window [mem 0xbcc00000-0xc4bfffff 64bit pref]
[    0.202597] pci 0000:00:1c.4: PCI bridge to [bus 05-9b]
[    0.202599] pci 0000:00:1c.4:   bridge window [io  0x3000-0x5fff]
[    0.202603] pci 0000:00:1c.4:   bridge window [mem 0xb0b00000-0xbcbfffff]
[    0.202606] pci 0000:00:1c.4:   bridge window [mem 0xbcc00000-0xc8bfffff 64bit pref]
[    0.202612] pci 0000:04:00.0: ROM [mem 0xb0710000-0xb071ffff pref]: assigned
[    0.202615] pci 0000:00:1c.5: PCI bridge to [bus 04]
[    0.202619] pci 0000:00:1c.5:   bridge window [mem 0xb0700000-0xb07fffff]
[    0.202626] pci_bus 0000:00: resource 4 [io  0x0000-0x0cf7 window]
[    0.202628] pci_bus 0000:00: resource 5 [io  0x0d00-0xffff window]
[    0.202630] pci_bus 0000:00: resource 6 [mem 0x000a0000-0x000fffff window]
[    0.202632] pci_bus 0000:00: resource 7 [mem 0x8fa00000-0xfeafffff window]
[    0.202633] pci_bus 0000:00: resource 8 [mem 0xfed40000-0xfed44fff window]
[    0.202635] pci_bus 0000:02: resource 1 [mem 0xb0800000-0xb09fffff]
[    0.202637] pci_bus 0000:02: resource 2 [mem 0x90000000-0x9fffffff 64bit pref]
[    0.202639] pci_bus 0000:03: resource 1 [mem 0xb0400000-0xb06fffff]
[    0.202641] pci_bus 0000:05: resource 0 [io  0x3000-0x5fff]
[    0.202642] pci_bus 0000:05: resource 1 [mem 0xb0b00000-0xbcbfffff]
[    0.202644] pci_bus 0000:05: resource 2 [mem 0xbcc00000-0xc8bfffff 64bit pref]
[    0.202646] pci_bus 0000:06: resource 0 [io  0x3000-0x4fff]
[    0.202647] pci_bus 0000:06: resource 1 [mem 0xb0b00000-0xb8bfffff]
[    0.202649] pci_bus 0000:06: resource 2 [mem 0xbcc00000-0xc4bfffff 64bit pref]
[    0.202651] pci_bus 0000:07: resource 1 [mem 0xb0b00000-0xb0bfffff]
[    0.202652] pci_bus 0000:08: resource 0 [io  0x3000-0x3fff]
[    0.202654] pci_bus 0000:08: resource 1 [mem 0xb0c00000-0xb4bfffff]
[    0.202655] pci_bus 0000:08: resource 2 [mem 0xbcc00000-0xc0bfffff 64bit pref]
[    0.202657] pci_bus 0000:3a: resource 0 [io  0x4000-0x4fff]
[    0.202659] pci_bus 0000:3a: resource 1 [mem 0xb4c00000-0xb8bfffff]
[    0.202660] pci_bus 0000:3a: resource 2 [mem 0xc0c00000-0xc4bfffff 64bit pref]
[    0.202673] pci_bus 0000:04: resource 1 [mem 0xb0700000-0xb07fffff]
[    0.203069] PCI: CLS 256 bytes, default 64
[    0.203095] DMAR: No ATSR found
[    0.203097] DMAR: No SATC found
[    0.203099] DMAR: IOMMU feature pgsel_inv inconsistent
[    0.203100] DMAR: IOMMU feature sc_support inconsistent
[    0.203102] DMAR: IOMMU feature pass_through inconsistent
[    0.203104] DMAR: dmar0: Using Queued invalidation
[    0.203112] DMAR: dmar1: Using Queued invalidation
[    0.203173] Trying to unpack rootfs image as initramfs...
[    0.203310] pci 0000:00:02.0: Adding to iommu group 0
[    0.204367] pci 0000:00:00.0: Adding to iommu group 1
[    0.204386] pci 0000:00:03.0: Adding to iommu group 2
[    0.204405] pci 0000:00:14.0: Adding to iommu group 3
[    0.204427] pci 0000:00:16.0: Adding to iommu group 4
[    0.204443] pci 0000:00:1b.0: Adding to iommu group 5
[    0.204488] pci 0000:00:1c.0: Adding to iommu group 6
[    0.204507] pci 0000:00:1c.1: Adding to iommu group 6
[    0.204522] pci 0000:00:1c.2: Adding to iommu group 6
[    0.204537] pci 0000:00:1c.4: Adding to iommu group 6
[    0.204553] pci 0000:00:1c.5: Adding to iommu group 6
[    0.204581] pci 0000:00:1f.0: Adding to iommu group 7
[    0.204598] pci 0000:00:1f.3: Adding to iommu group 7
[    0.204606] pci 0000:02:00.0: Adding to iommu group 6
[    0.204615] pci 0000:03:00.0: Adding to iommu group 6
[    0.204623] pci 0000:05:00.0: Adding to iommu group 6
[    0.204631] pci 0000:06:00.0: Adding to iommu group 6
[    0.204640] pci 0000:06:03.0: Adding to iommu group 6
[    0.204648] pci 0000:06:04.0: Adding to iommu group 6
[    0.204656] pci 0000:06:05.0: Adding to iommu group 6
[    0.204670] pci 0000:06:06.0: Adding to iommu group 6
[    0.204680] pci 0000:07:00.0: Adding to iommu group 6
[    0.204687] pci 0000:04:00.0: Adding to iommu group 6
[    0.205500] DMAR: Intel(R) Virtualization Technology for Directed I/O
[    0.205503] PCI-DMA: Using software bounce buffering for IO (SWIOTLB)
[    0.205505] software IO TLB: mapped [mem 0x000000006d371000-0x0000000071371000] (64MB)
[    0.224280] Initialise system trusted keyrings
[    0.224387] workingset: timestamp_bits=40 max_order=21 bucket_order=0
[    0.248325] Key type asymmetric registered
[    0.248334] Asymmetric key parser 'x509' registered
[    0.248400] Block layer SCSI generic (bsg) driver version 0.4 loaded (major 251)
[    0.248493] io scheduler mq-deadline registered
[    0.248495] io scheduler kyber registered
[    0.248924] pcieport 0000:00:1c.0: Enabling MPC IRBNCE
[    0.248929] pcieport 0000:00:1c.0: Intel PCH root port ACS workaround enabled
[    0.249325] pcieport 0000:00:1c.1: Enabling MPC IRBNCE
[    0.249330] pcieport 0000:00:1c.1: Intel PCH root port ACS workaround enabled
[    0.249544] pcieport 0000:00:1c.2: Enabling MPC IRBNCE
[    0.249548] pcieport 0000:00:1c.2: Intel PCH root port ACS workaround enabled
[    0.249769] pcieport 0000:00:1c.4: Enabling MPC IRBNCE
[    0.249773] pcieport 0000:00:1c.4: Intel PCH root port ACS workaround enabled
[    0.249965] pcieport 0000:00:1c.5: Enabling MPC IRBNCE
[    0.249969] pcieport 0000:00:1c.5: Intel PCH root port ACS workaround enabled
[    0.250411] pcieport 0000:06:00.0: pciehp: Slot #0 AttnBtn- PwrCtrl- MRL- AttnInd- PwrInd- HotPlug+ Surprise+ Interlock- NoCompl+ IbPresDis- LLActRep+
[    0.250603] pcieport 0000:06:03.0: enabling device (0000 -> 0003)
[    0.250765] pcieport 0000:06:03.0: pciehp: Slot #3 AttnBtn- PwrCtrl- MRL- AttnInd- PwrInd- HotPlug+ Surprise+ Interlock- NoCompl+ IbPresDis- LLActRep+
[    0.251100] pcieport 0000:06:04.0: pciehp: Slot #4 AttnBtn- PwrCtrl- MRL- AttnInd- PwrInd- HotPlug+ Surprise+ Interlock- NoCompl+ IbPresDis- LLActRep+
[    0.251297] pcieport 0000:06:05.0: enabling device (0000 -> 0003)
[    0.251430] pcieport 0000:06:05.0: pciehp: Slot #5 AttnBtn- PwrCtrl- MRL- AttnInd- PwrInd- HotPlug+ Surprise+ Interlock- NoCompl+ IbPresDis- LLActRep+
[    0.251762] pcieport 0000:06:06.0: pciehp: Slot #6 AttnBtn- PwrCtrl- MRL- AttnInd- PwrInd- HotPlug+ Surprise+ Interlock- NoCompl+ IbPresDis- LLActRep+
[    0.253015] Serial: 8250/16550 driver, 4 ports, IRQ sharing enabled
[    0.253752] hpet_acpi_add: no address or irqs in _CRS
[    0.253791] Linux agpgart interface v0.103
[    0.253846] ACPI: bus type drm_connector registered
[    0.255180] usbcore: registered new interface driver usbserial_generic
[    0.255189] usbserial: USB Serial support registered for generic
[    0.255565] intel_pstate: Intel P-state driver initializing
[    0.256120] simple-framebuffer simple-framebuffer.0: [drm] Registered 1 planes with drm panic
[    0.256124] [drm] Initialized simpledrm 1.0.0 for simple-framebuffer.0 on minor 0
[    0.261233] fbcon: Deferring console take-over
[    0.261240] simple-framebuffer simple-framebuffer.0: [drm] fb0: simpledrmdrmfb frame buffer device
[    0.261336] drop_monitor: Initializing network drop monitor service
[    0.261469] NET: Registered PF_INET6 protocol family
[    0.299336] Freeing initrd memory: 26428K
[    0.299807] Segment Routing with IPv6
[    0.299826] In-situ OAM (IOAM) with IPv6
[    0.300078] ENERGY_PERF_BIAS: Set to 'normal', was 'performance'
[    0.300111] microcode: Current revision: 0x00000026
[    0.300177] IPI shorthand broadcast: enabled
[    0.301642] sched_clock: Marking stable (299001921, 1661951)->(329919625, -29255753)
[    0.301778] registered taskstats version 1
[    0.301900] Loading compiled-in X.509 certificates
[    0.305064] Demotion targets for Node 0: null
[    0.305168] Key type .fscrypt registered
[    0.305170] Key type fscrypt-provisioning registered
[    0.305261] PM:   Magic number: 6:312:989
[    0.305265] machinecheck machinecheck2: hash matches
[    0.305319] memory memory32: hash matches
[    0.306312] RAS: Correctable Errors collector initialized.
[    0.309829] clk: Disabling unused clocks
[    0.309834] PM: genpd: Disabling unused power domains
[    0.310789] Freeing unused decrypted memory: 2028K
[    0.311169] Freeing unused kernel image (initmem) memory: 3416K
[    0.311217] Write protecting the kernel read-only data: 30720k
[    0.311613] Freeing unused kernel image (rodata/data gap) memory: 1744K
[    0.354503] x86/mm: Checked W+X mappings: passed, no W+X pages found.
[    0.354506] x86/mm: Checking user space page tables
[    0.394657] x86/mm: Checked W+X mappings: passed, no W+X pages found.
[    0.394689] Run /init as init process
[    0.394691]   with arguments:
[    0.394693]     /init
[    0.394694]   with environment:
[    0.394695]     HOME=/
[    0.394696]     TERM=linux
[    0.397307] fbcon: Taking over console
[    0.400455] Console: switching to colour frame buffer device 160x50
[    0.433353] device-mapper: ioctl: 4.48.0-ioctl (2023-03-01) initialised: dm-devel@lists.linux.dev
[    0.594577] xhci_hcd 0000:00:14.0: xHCI Host Controller
[    0.594592] xhci_hcd 0000:00:14.0: new USB bus registered, assigned bus number 1
[    0.595733] xhci_hcd 0000:00:14.0: hcc params 0x200077c1 hci version 0x100 quirks 0x000000000004b810
[    0.596014] xhci_hcd 0000:00:14.0: xHCI Host Controller
[    0.596020] xhci_hcd 0000:00:14.0: new USB bus registered, assigned bus number 2
[    0.596024] xhci_hcd 0000:00:14.0: Host supports USB 3.0 SuperSpeed
[    0.596104] usb usb1: New USB device found, idVendor=1d6b, idProduct=0002, bcdDevice= 6.12
[    0.596108] usb usb1: New USB device strings: Mfr=3, Product=2, SerialNumber=1
[    0.596111] usb usb1: Product: xHCI Host Controller
[    0.596113] usb usb1: Manufacturer: Linux 6.12.80 xhci-hcd
[    0.596115] usb usb1: SerialNumber: 0000:00:14.0
[    0.596275] hub 1-0:1.0: USB hub found
[    0.596301] hub 1-0:1.0: 9 ports detected
[    0.596768] usb usb2: New USB device found, idVendor=1d6b, idProduct=0003, bcdDevice= 6.12
[    0.596773] usb usb2: New USB device strings: Mfr=3, Product=2, SerialNumber=1
[    0.596776] usb usb2: Product: xHCI Host Controller
[    0.596779] usb usb2: Manufacturer: Linux 6.12.80 xhci-hcd
[    0.596781] usb usb2: SerialNumber: 0000:00:14.0
[    0.596942] hub 2-0:1.0: USB hub found
[    0.596954] hub 2-0:1.0: 4 ports detected
[    0.615112] SCSI subsystem initialized
[    0.636688] libata version 3.00 loaded.
[    0.641270] ahci 0000:04:00.0: version 3.0
[    0.651584] ahci 0000:04:00.0: AHCI vers 0001.0300, 32 command slots, 6 Gbps, SATA mode
[    0.651590] ahci 0000:04:00.0: 1/1 ports implemented (port mask 0x1)
[    0.651593] ahci 0000:04:00.0: flags: 64bit ncq led clo only pio ccc 
[    0.652055] scsi host0: ahci
[    0.652215] ata1: SATA max UDMA/133 abar m8192@0xb0700000 port 0xb0700100 irq 16 lpm-pol 1
[    0.829803] usb 1-3: new full-speed USB device number 2 using xhci_hcd
[    0.954588] usb 1-3: New USB device found, idVendor=0a5c, idProduct=4500, bcdDevice= 1.00
[    0.954604] usb 1-3: New USB device strings: Mfr=1, Product=2, SerialNumber=0
[    0.954611] usb 1-3: Product: BRCM20702 Hub
[    0.954616] usb 1-3: Manufacturer: Apple Inc.
[    0.955551] hub 1-3:1.0: USB hub found
[    0.955680] hub 1-3:1.0: 3 ports detected
[    0.964541] ata1: SATA link up 6.0 Gbps (SStatus 133 SControl 300)
[    0.964755] ata1.00: LPM support broken, forcing max_power
[    0.964958] ata1.00: unexpected _GTF length (8)
[    0.965043] ata1.00: ATA-8: APPLE SSD SM0512F, UXM2JA1Q, max UDMA/133
[    0.965108] ata1.00: 977105060 sectors, multi 16: LBA48 NCQ (depth 32), AA
[    0.965338] ata1.00: LPM support broken, forcing max_power
[    0.965470] ata1.00: unexpected _GTF length (8)
[    0.965533] ata1.00: configured for UDMA/133
[    0.965700] scsi 0:0:0:0: Direct-Access     ATA      APPLE SSD SM0512 JA1Q PQ: 0 ANSI: 5
[    0.975411] sd 0:0:0:0: [sda] 977105060 512-byte logical blocks: (500 GB/466 GiB)
[    0.975424] sd 0:0:0:0: [sda] 4096-byte physical blocks
[    0.975470] sd 0:0:0:0: [sda] Write Protect is off
[    0.975477] sd 0:0:0:0: [sda] Mode Sense: 00 3a 00 00
[    0.975519] sd 0:0:0:0: [sda] Write cache: enabled, read cache: enabled, doesn't support DPO or FUA
[    0.975558] sd 0:0:0:0: [sda] Preferred minimum I/O size 4096 bytes
[    0.986556]  sda: sda1 sda2
[    0.986806] sd 0:0:0:0: [sda] Attached SCSI disk
[    1.064822] usb 2-2: new SuperSpeed USB device number 2 using xhci_hcd
[    1.077222] usb 2-2: New USB device found, idVendor=0846, idProduct=9053, bcdDevice= 1.00
[    1.077232] usb 2-2: New USB device strings: Mfr=1, Product=2, SerialNumber=3
[    1.077235] usb 2-2: Product: A6210
[    1.077238] usb 2-2: Manufacturer: NETGEAR
[    1.077241] usb 2-2: SerialNumber: 100
[    1.188680] usb 1-5: new full-speed USB device number 3 using xhci_hcd
[    1.221732] tsc: Refined TSC clocksource calibration: 2599.999 MHz
[    1.221748] clocksource: tsc: mask: 0xffffffffffffffff max_cycles: 0x257a3b2ad7e, max_idle_ns: 440795282337 ns
[    1.221778] clocksource: Switched to clocksource tsc
[    1.318348] usb 1-5: New USB device found, idVendor=05ac, idProduct=025a, bcdDevice= 2.24
[    1.318365] usb 1-5: New USB device strings: Mfr=1, Product=2, SerialNumber=0
[    1.318372] usb 1-5: Product: Apple Internal Keyboard / Trackpad
[    1.318378] usb 1-5: Manufacturer: Apple Inc.
[    1.350631] hid: raw HID events driver (C) Jiri Kosina
[    1.369933] usbcore: registered new interface driver usbhid
[    1.369950] usbhid: USB HID core driver
[    1.377836] input: Apple Inc. Apple Internal Keyboard / Trackpad as /devices/pci0000:00/0000:00:14.0/usb1/1-5/1-5:1.0/0003:05AC:025A.0001/input/input0
[    1.425029] usb 2-3: new SuperSpeed USB device number 3 using xhci_hcd
[    1.429019] apple 0003:05AC:025A.0001: input,hidraw0: USB HID v1.11 Keyboard [Apple Inc. Apple Internal Keyboard / Trackpad] on usb-0000:00:14.0-5/input0
[    1.429497] apple 0003:05AC:025A.0002: hidraw1: USB HID v1.11 Device [Apple Inc. Apple Internal Keyboard / Trackpad] on usb-0000:00:14.0-5/input1
[    1.438866] usb 2-3: New USB device found, idVendor=05ac, idProduct=8406, bcdDevice= 8.20
[    1.438878] usb 2-3: New USB device strings: Mfr=3, Product=4, SerialNumber=5
[    1.438883] usb 2-3: Product: Card Reader
[    1.438887] usb 2-3: Manufacturer: Apple
[    1.438891] usb 2-3: SerialNumber: 000000000820
[    1.452661] usb-storage 2-3:1.0: USB Mass Storage device detected
[    1.453448] scsi host1: usb-storage 2-3:1.0
[    1.453780] usbcore: registered new interface driver usb-storage
[    1.500734] usb 1-3.1: new full-speed USB device number 4 using xhci_hcd
[    1.575478] usb 1-3.1: New USB device found, idVendor=05ac, idProduct=820a, bcdDevice= 1.00
[    1.575485] usb 1-3.1: New USB device strings: Mfr=0, Product=0, SerialNumber=0
[    1.577876] input: HID 05ac:820a as /devices/pci0000:00/0000:00:14.0/usb1/1-3/1-3.1/1-3.1:1.0/0003:05AC:820A.0003/input/input1
[    1.628994] hid-generic 0003:05AC:820A.0003: input,hidraw2: USB HID v1.11 Keyboard [HID 05ac:820a] on usb-0000:00:14.0-3.1/input0
[    1.701809] usb 1-3.2: new full-speed USB device number 5 using xhci_hcd
[    1.787028] usb 1-3.2: New USB device found, idVendor=05ac, idProduct=820b, bcdDevice= 1.00
[    1.787036] usb 1-3.2: New USB device strings: Mfr=0, Product=0, SerialNumber=0
[    1.788803] input: HID 05ac:820b as /devices/pci0000:00/0000:00:14.0/usb1/1-3/1-3.2/1-3.2:1.0/0003:05AC:820B.0004/input/input2
[    1.788849] hid-generic 0003:05AC:820B.0004: input,hidraw3: USB HID v1.11 Mouse [HID 05ac:820b] on usb-0000:00:14.0-3.2/input0
[    1.862679] usb 1-3.3: new full-speed USB device number 6 using xhci_hcd
[    1.938470] usb 1-3.3: New USB device found, idVendor=05ac, idProduct=8289, bcdDevice= 1.50
[    1.938477] usb 1-3.3: New USB device strings: Mfr=1, Product=2, SerialNumber=0
[    1.938479] usb 1-3.3: Product: Bluetooth USB Host Controller
[    1.938481] usb 1-3.3: Manufacturer: Apple Inc.
[    2.158923] EXT4-fs (sda2): mounted filesystem 6d0ce22e-97a0-4e60-ab8f-6ef8ff706b60 r/w with ordered data mode. Quota mode: none.
[    2.310798] EXT4-fs (sda2): re-mounted 6d0ce22e-97a0-4e60-ab8f-6ef8ff706b60.
[    2.505621] scsi 1:0:0:0: Direct-Access     APPLE    SD Card Reader   3.00 PQ: 0 ANSI: 6
[    2.506256] sd 1:0:0:0: [sdb] Media removed, stopped polling
[    2.506542] sd 1:0:0:0: [sdb] Attached SCSI removable disk
[    3.774700] EXT4-fs (sda2): re-mounted 6d0ce22e-97a0-4e60-ab8f-6ef8ff706b60.
[    3.966212] loop: module loaded
[    4.623528] Adding 8388604k swap on /var/lib/swapfile.  Priority:-2 extents:67 across:64225280k SS
[    4.936601] input: Lid Switch as /devices/LNXSYSTM:00/LNXSYBUS:00/PNP0C0D:00/input/input3
[    4.940817] ACPI: button: Lid Switch [LID0]
[    4.941221] input: Power Button as /devices/LNXSYSTM:00/LNXSYBUS:00/PNP0C0C:00/input/input4
