[    0.000000] Linux version 6.12.80 (nixbld@localhost) (gcc (GCC) 14.3.0, GNU ld (GNU Binutils) 2.44) #1-NixOS SMP PREEMPT_DYNAMIC Thu Apr  2 11:09:54 UTC 2026
[    0.000000] Command line: initrd=\EFI\nixos\hn3p0zpd0yfh4c34j3ld704sp4q3ah51-initrd-linux-6.12.80-initrd.efi init=/nix/store/g854l90djjbq2vnsgxf40c779dhzmdpx-nixos-system-nixos-25.11.9067.54170c54449e/init pci=noaer pcie_aspm.policy=performance intel_iommu=on iommu=strict mitigations=off loglevel=4 lsm=landlock,yama,bpf
[    0.000000] BIOS-provided physical RAM map:
[    0.000000] BIOS-e820: [mem 0x0000000000000000-0x0000000000057fff] usable
[    0.000000] BIOS-e820: [mem 0x0000000000058000-0x0000000000058fff] reserved
[    0.000000] BIOS-e820: [mem 0x0000000000059000-0x000000000008efff] usable
[    0.000000] BIOS-e820: [mem 0x000000000008f000-0x000000000008ffff] reserved
[    0.000000] BIOS-e820: [mem 0x0000000000090000-0x000000000009ffff] usable
[    0.000000] BIOS-e820: [mem 0x00000000000a0000-0x00000000000bffff] reserved
[    0.000000] BIOS-e820: [mem 0x0000000000100000-0x000000008ad0ffff] usable
[    0.000000] BIOS-e820: [mem 0x000000008ad10000-0x000000008ad52fff] ACPI NVS
[    0.000000] BIOS-e820: [mem 0x000000008ad53000-0x000000008ad5cfff] usable
[    0.000000] BIOS-e820: [mem 0x000000008ad5d000-0x000000008ad8efff] ACPI data
[    0.000000] BIOS-e820: [mem 0x000000008ad8f000-0x000000008ae38fff] usable
[    0.000000] BIOS-e820: [mem 0x000000008ae39000-0x000000008ae8efff] reserved
[    0.000000] BIOS-e820: [mem 0x000000008ae8f000-0x000000008aed1fff] usable
[    0.000000] BIOS-e820: [mem 0x000000008aed2000-0x000000008aefefff] reserved
[    0.000000] BIOS-e820: [mem 0x000000008aeff000-0x000000008af83fff] usable
[    0.000000] BIOS-e820: [mem 0x000000008af84000-0x000000008afeffff] reserved
[    0.000000] BIOS-e820: [mem 0x000000008aff0000-0x000000008affffff] usable
[    0.000000] BIOS-e820: [mem 0x000000008b000000-0x000000008f9fffff] reserved
[    0.000000] BIOS-e820: [mem 0x00000000e00f8000-0x00000000e00f8fff] reserved
[    0.000000] BIOS-e820: [mem 0x00000000fed1c000-0x00000000fed1ffff] reserved
[    0.000000] BIOS-e820: [mem 0x00000000ffe10000-0x00000000ffe3ffff] reserved
[    0.000000] BIOS-e820: [mem 0x0000000100000000-0x000000026f5fffff] usable
[    0.000000] NX (Execute Disable) protection: active
[    0.000000] APIC: Static calls initialized
[    0.000000] e820: update [mem 0x75f1e190-0x75f2e1cf] usable ==> usable
[    0.000000] e820: update [mem 0x75f40190-0x75f40652] usable ==> usable
[    0.000000] extended physical RAM map:
[    0.000000] reserve setup_data: [mem 0x0000000000000000-0x0000000000057fff] usable
[    0.000000] reserve setup_data: [mem 0x0000000000058000-0x0000000000058fff] reserved
[    0.000000] reserve setup_data: [mem 0x0000000000059000-0x000000000008efff] usable
[    0.000000] reserve setup_data: [mem 0x000000000008f000-0x000000000008ffff] reserved
[    0.000000] reserve setup_data: [mem 0x0000000000090000-0x000000000009ffff] usable
[    0.000000] reserve setup_data: [mem 0x00000000000a0000-0x00000000000bffff] reserved
[    0.000000] reserve setup_data: [mem 0x0000000000100000-0x0000000075f1e18f] usable
[    0.000000] reserve setup_data: [mem 0x0000000075f1e190-0x0000000075f2e1cf] usable
[    0.000000] reserve setup_data: [mem 0x0000000075f2e1d0-0x0000000075f4018f] usable
[    0.000000] reserve setup_data: [mem 0x0000000075f40190-0x0000000075f40652] usable
[    0.000000] reserve setup_data: [mem 0x0000000075f40653-0x000000008ad0ffff] usable
[    0.000000] reserve setup_data: [mem 0x000000008ad10000-0x000000008ad52fff] ACPI NVS
[    0.000000] reserve setup_data: [mem 0x000000008ad53000-0x000000008ad5cfff] usable
[    0.000000] reserve setup_data: [mem 0x000000008ad5d000-0x000000008ad8efff] ACPI data
[    0.000000] reserve setup_data: [mem 0x000000008ad8f000-0x000000008ae38fff] usable
[    0.000000] reserve setup_data: [mem 0x000000008ae39000-0x000000008ae8efff] reserved
[    0.000000] reserve setup_data: [mem 0x000000008ae8f000-0x000000008aed1fff] usable
[    0.000000] reserve setup_data: [mem 0x000000008aed2000-0x000000008aefefff] reserved
[    0.000000] reserve setup_data: [mem 0x000000008aeff000-0x000000008af83fff] usable
[    0.000000] reserve setup_data: [mem 0x000000008af84000-0x000000008afeffff] reserved
[    0.000000] reserve setup_data: [mem 0x000000008aff0000-0x000000008affffff] usable
[    0.000000] reserve setup_data: [mem 0x000000008b000000-0x000000008f9fffff] reserved
[    0.000000] reserve setup_data: [mem 0x00000000e00f8000-0x00000000e00f8fff] reserved
[    0.000000] reserve setup_data: [mem 0x00000000fed1c000-0x00000000fed1ffff] reserved
[    0.000000] reserve setup_data: [mem 0x00000000ffe10000-0x00000000ffe3ffff] reserved
[    0.000000] reserve setup_data: [mem 0x0000000100000000-0x000000026f5fffff] usable
[    0.000000] efi: EFI v1.1 by Apple
[    0.000000] efi: ACPI=0x8ad8e000 ACPI 2.0=0x8ad8e014 SMBIOS=0x8ad11000 RNG=0x8ad61f90 INITRD=0x75f47990 
[    0.000000] random: crng init done
[    0.000000] efi: Not removing mem279: MMIO range=[0xe00f8000-0xe00f8fff] (4KB) from e820 map
[    0.000000] efi: Not removing mem280: MMIO range=[0xfed1c000-0xfed1ffff] (16KB) from e820 map
[    0.000000] efi: Not removing mem281: MMIO range=[0xffe10000-0xffe3ffff] (192KB) from e820 map
[    0.000000] [Firmware Bug]: Corrupted DMI table, offset 2189 (only 40 entries processed)
[    0.000000] SMBIOS 2.4 present.
[    0.000000] DMI: Apple Inc. MacBookPro11,1/Mac-189A3D4F975D5FFC, BIOS 478.0.0.0.0 01/13/2023
[    0.000000] DMI: Memory slots populated: 2/2
[    0.000000] tsc: Fast TSC calibration using PIT
[    0.000000] tsc: Detected 2600.036 MHz processor
[    0.000099] e820: update [mem 0x00000000-0x00000fff] usable ==> reserved
[    0.000102] e820: remove [mem 0x000a0000-0x000fffff] usable
[    0.000114] last_pfn = 0x26f600 max_arch_pfn = 0x400000000
[    0.000119] MTRR map: 5 entries (4 fixed + 1 variable; max 24), built from 10 variable MTRRs
[    0.000122] x86/PAT: Configuration [0-7]: WB  WC  UC- UC  WB  WP  UC- WT  
[    0.000412] last_pfn = 0x8b000 max_arch_pfn = 0x400000000
[    0.016638] Kernel/User page tables isolation: disabled on command line.
[    0.016640] Using GB pages for direct mapping
[    0.017245] Secure boot disabled
[    0.017246] RAMDISK: [mem 0x71365000-0x72d33fff]
[    0.017251] ACPI: Early table checksum verification disabled
[    0.017254] ACPI: RSDP 0x000000008AD8E014 000024 (v02 APPLE )
[    0.017258] ACPI: XSDT 0x000000008AD8E1C0 0000A4 (v01 APPLE  Apple00  00000000      01000013)
[    0.017264] ACPI: FACP 0x000000008AD8C000 0000F4 (v05 APPLE  Apple00  00000000 Loki 0000005F)
[    0.017269] ACPI: DSDT 0x000000008AD7F000 007681 (v03 APPLE  MacBookP 00110001 INTL 20100915)
[    0.017273] ACPI: FACS 0x000000008AD18000 000040
[    0.017275] ACPI: FACS 0x000000008AD18000 000040
[    0.017278] ACPI: HPET 0x000000008AD8B000 000038 (v01 APPLE  Apple00  00000001 Loki 0000005F)
[    0.017281] ACPI: APIC 0x000000008AD8A000 0000BC (v02 APPLE  Apple00  00000001 Loki 0000005F)
[    0.017284] ACPI: SBST 0x000000008AD88000 000030 (v01 APPLE  Apple00  00000001 Loki 0000005F)
[    0.017287] ACPI: ECDT 0x000000008AD87000 000053 (v01 APPLE  Apple00  00000001 Loki 0000005F)
[    0.017290] ACPI: SSDT 0x000000008AD7E000 00010B (v01 APPLE  SataAhci 00001000 INTL 20100915)
[    0.017294] ACPI: SSDT 0x000000008AD7D000 000024 (v01 APPLE  SmcDppt  00001000 INTL 20100915)
[    0.017297] ACPI: SSDT 0x000000008AD7A000 000FE9 (v01 APPLE  SDUsbLpt 00001000 INTL 20100915)
[    0.017300] ACPI: SSDT 0x000000008AD76000 000032 (v01 APPLE  SsdtS3   00001000 INTL 20100915)
[    0.017303] ACPI: SSDT 0x000000008AD73000 0028B2 (v01 APPLE  PcieTbt  00001000 INTL 20100915)
[    0.017306] ACPI: SSDT 0x000000008AD66000 0000B8 (v01 APPLE  Sdxc     00001000 INTL 20100915)
[    0.017309] ACPI: SSDT 0x000000008AD65000 0003E0 (v01 APPLE  SaHdaCdc 00001000 INTL 20100915)
[    0.017312] ACPI: SSDT 0x000000008AD64000 000594 (v01 PmRef  Cpu0Ist  00003000 INTL 20100915)
[    0.017315] ACPI: SSDT 0x000000008AD63000 000B83 (v01 PmRef  CpuPm    00003000 INTL 20100915)
[    0.017319] ACPI: DMAR 0x000000008AD62000 000088 (v01 APPLE  HSW      00000001 AAPL 00000001)
[    0.017322] ACPI: MCFG 0x000000008AD89000 00003C (v01 APPLE  Apple00  00000001 Loki 0000005F)
[    0.017324] ACPI: Reserving FACP table memory at [mem 0x8ad8c000-0x8ad8c0f3]
[    0.017326] ACPI: Reserving DSDT table memory at [mem 0x8ad7f000-0x8ad86680]
[    0.017327] ACPI: Reserving FACS table memory at [mem 0x8ad18000-0x8ad1803f]
[    0.017328] ACPI: Reserving FACS table memory at [mem 0x8ad18000-0x8ad1803f]
[    0.017329] ACPI: Reserving HPET table memory at [mem 0x8ad8b000-0x8ad8b037]
[    0.017330] ACPI: Reserving APIC table memory at [mem 0x8ad8a000-0x8ad8a0bb]
[    0.017331] ACPI: Reserving SBST table memory at [mem 0x8ad88000-0x8ad8802f]
[    0.017331] ACPI: Reserving ECDT table memory at [mem 0x8ad87000-0x8ad87052]
[    0.017332] ACPI: Reserving SSDT table memory at [mem 0x8ad7e000-0x8ad7e10a]
[    0.017333] ACPI: Reserving SSDT table memory at [mem 0x8ad7d000-0x8ad7d023]
[    0.017334] ACPI: Reserving SSDT table memory at [mem 0x8ad7a000-0x8ad7afe8]
[    0.017335] ACPI: Reserving SSDT table memory at [mem 0x8ad76000-0x8ad76031]
[    0.017336] ACPI: Reserving SSDT table memory at [mem 0x8ad73000-0x8ad758b1]
[    0.017337] ACPI: Reserving SSDT table memory at [mem 0x8ad66000-0x8ad660b7]
[    0.017337] ACPI: Reserving SSDT table memory at [mem 0x8ad65000-0x8ad653df]
[    0.017338] ACPI: Reserving SSDT table memory at [mem 0x8ad64000-0x8ad64593]
[    0.017339] ACPI: Reserving SSDT table memory at [mem 0x8ad63000-0x8ad63b82]
[    0.017340] ACPI: Reserving DMAR table memory at [mem 0x8ad62000-0x8ad62087]
[    0.017341] ACPI: Reserving MCFG table memory at [mem 0x8ad89000-0x8ad8903b]
[    0.017348] ACPI: DMI detected to setup _OSI("Darwin"): Apple hardware
[    0.017394] No NUMA configuration found
[    0.017395] Faking a node at [mem 0x0000000000000000-0x000000026f5fffff]
[    0.017399] NODE_DATA(0) allocated [mem 0x26f5fa8c0-0x26f5ffdff]
[    0.017431] Zone ranges:
[    0.017432]   DMA      [mem 0x0000000000001000-0x0000000000ffffff]
[    0.017434]   DMA32    [mem 0x0000000001000000-0x00000000ffffffff]
[    0.017436]   Normal   [mem 0x0000000100000000-0x000000026f5fffff]
[    0.017437]   Device   empty
[    0.017438] Movable zone start for each node
[    0.017439] Early memory node ranges
[    0.017439]   node   0: [mem 0x0000000000001000-0x0000000000057fff]
[    0.017441]   node   0: [mem 0x0000000000059000-0x000000000008efff]
[    0.017442]   node   0: [mem 0x0000000000090000-0x000000000009ffff]
[    0.017443]   node   0: [mem 0x0000000000100000-0x000000008ad0ffff]
[    0.017445]   node   0: [mem 0x000000008ad53000-0x000000008ad5cfff]
[    0.017446]   node   0: [mem 0x000000008ad8f000-0x000000008ae38fff]
[    0.017446]   node   0: [mem 0x000000008ae8f000-0x000000008aed1fff]
[    0.017447]   node   0: [mem 0x000000008aeff000-0x000000008af83fff]
[    0.017448]   node   0: [mem 0x000000008aff0000-0x000000008affffff]
[    0.017449]   node   0: [mem 0x0000000100000000-0x000000026f5fffff]
[    0.017451] Initmem setup node 0 [mem 0x0000000000001000-0x000000026f5fffff]
[    0.017457] On node 0, zone DMA: 1 pages in unavailable ranges
[    0.017459] On node 0, zone DMA: 1 pages in unavailable ranges
[    0.017460] On node 0, zone DMA: 1 pages in unavailable ranges
[    0.017484] On node 0, zone DMA: 96 pages in unavailable ranges
[    0.021738] On node 0, zone DMA32: 67 pages in unavailable ranges
[    0.021743] On node 0, zone DMA32: 50 pages in unavailable ranges
[    0.021746] On node 0, zone DMA32: 86 pages in unavailable ranges
[    0.021748] On node 0, zone DMA32: 45 pages in unavailable ranges
[    0.021750] On node 0, zone DMA32: 108 pages in unavailable ranges
[    0.033444] On node 0, zone Normal: 20480 pages in unavailable ranges
[    0.033477] On node 0, zone Normal: 2560 pages in unavailable ranges
[    0.033484] Reserving Intel graphics memory at [mem 0x8ba00000-0x8f9fffff]
[    0.033646] ACPI: PM-Timer IO Port: 0x1808
[    0.033655] ACPI: LAPIC_NMI (acpi_id[0x01] high edge lint[0x1])
[    0.033657] ACPI: LAPIC_NMI (acpi_id[0x02] high edge lint[0x1])
[    0.033658] ACPI: LAPIC_NMI (acpi_id[0x03] high edge lint[0x1])
[    0.033659] ACPI: LAPIC_NMI (acpi_id[0x04] high edge lint[0x1])
[    0.033660] ACPI: LAPIC_NMI (acpi_id[0x05] high edge lint[0x1])
[    0.033661] ACPI: LAPIC_NMI (acpi_id[0x06] high edge lint[0x1])
[    0.033662] ACPI: LAPIC_NMI (acpi_id[0x07] high edge lint[0x1])
[    0.033662] ACPI: LAPIC_NMI (acpi_id[0x08] high edge lint[0x1])
[    0.033673] IOAPIC[0]: apic_id 2, version 32, address 0xfec00000, GSI 0-39
[    0.033676] ACPI: INT_SRC_OVR (bus 0 bus_irq 0 global_irq 2 dfl dfl)
[    0.033678] ACPI: INT_SRC_OVR (bus 0 bus_irq 9 global_irq 9 high level)
[    0.033683] ACPI: Using ACPI (MADT) for SMP configuration information
[    0.033684] ACPI: HPET id: 0x8086a201 base: 0xfed00000
[    0.033689] TSC deadline timer available
[    0.033695] CPU topo: Max. logical packages:   1
[    0.033695] CPU topo: Max. logical dies:       1
[    0.033696] CPU topo: Max. dies per package:   1
[    0.033702] CPU topo: Max. threads per core:   2
[    0.033703] CPU topo: Num. cores per package:     2
[    0.033704] CPU topo: Num. threads per package:   4
[    0.033704] CPU topo: Allowing 4 present CPUs plus 0 hotplug CPUs
[    0.033728] PM: hibernation: Registered nosave memory: [mem 0x00000000-0x00000fff]
[    0.033731] PM: hibernation: Registered nosave memory: [mem 0x00058000-0x00058fff]
[    0.033733] PM: hibernation: Registered nosave memory: [mem 0x0008f000-0x0008ffff]
[    0.033735] PM: hibernation: Registered nosave memory: [mem 0x000a0000-0x000fffff]
[    0.033737] PM: hibernation: Registered nosave memory: [mem 0x8ad10000-0x8ad52fff]
[    0.033739] PM: hibernation: Registered nosave memory: [mem 0x8ad5d000-0x8ad8efff]
[    0.033741] PM: hibernation: Registered nosave memory: [mem 0x8ae39000-0x8ae8efff]
[    0.033743] PM: hibernation: Registered nosave memory: [mem 0x8aed2000-0x8aefefff]
[    0.033745] PM: hibernation: Registered nosave memory: [mem 0x8af84000-0x8afeffff]
[    0.033747] PM: hibernation: Registered nosave memory: [mem 0x8b000000-0xffffffff]
[    0.033748] [mem 0x8fa00000-0xe00f7fff] available for PCI devices
[    0.033752] Booting paravirtualized kernel on bare hardware
[    0.033755] clocksource: refined-jiffies: mask: 0xffffffff max_cycles: 0xffffffff, max_idle_ns: 1910969940391419 ns
[    0.039998] setup_percpu: NR_CPUS:384 nr_cpumask_bits:4 nr_cpu_ids:4 nr_node_ids:1
[    0.040362] percpu: Embedded 116 pages/cpu s294912 r65536 d114688 u524288
[    0.040370] pcpu-alloc: s294912 r65536 d114688 u524288 alloc=1*2097152
[    0.040373] pcpu-alloc: [0] 0 1 2 3 
[    0.040394] Kernel command line: initrd=\EFI\nixos\hn3p0zpd0yfh4c34j3ld704sp4q3ah51-initrd-linux-6.12.80-initrd.efi init=/nix/store/g854l90djjbq2vnsgxf40c779dhzmdpx-nixos-system-nixos-25.11.9067.54170c54449e/init pci=noaer pcie_aspm.policy=performance intel_iommu=on iommu=strict mitigations=off loglevel=4 lsm=landlock,yama,bpf
[    0.040463] DMAR: IOMMU enabled
[    0.041506] Dentry cache hash table entries: 1048576 (order: 11, 8388608 bytes, linear)
[    0.042012] Inode-cache hash table entries: 524288 (order: 10, 4194304 bytes, linear)
[    0.042084] Fallback order for Node 0: 0 
[    0.042088] Built 1 zonelists, mobility grouping on.  Total pages: 2073657
[    0.042089] Policy zone: Normal
[    0.042388] mem auto-init: stack:all(zero), heap alloc:on, heap free:off
[    0.042397] software IO TLB: area num 4.
[    0.082153] SLUB: HWalign=64, Order=0-3, MinObjects=0, CPUs=4, Nodes=1
[    0.084356] allocated 16777216 bytes of page_ext
[    0.084389] ftrace: allocating 46233 entries in 181 pages
[    0.093369] ftrace: allocated 181 pages with 5 groups
[    0.094224] Dynamic Preempt: voluntary
[    0.094324] rcu: Preemptible hierarchical RCU implementation.
[    0.094325] rcu: 	RCU event tracing is enabled.
[    0.094326] rcu: 	RCU restricting CPUs from NR_CPUS=384 to nr_cpu_ids=4.
[    0.094328] 	Trampoline variant of Tasks RCU enabled.
[    0.094328] 	Rude variant of Tasks RCU enabled.
[    0.094329] 	Tracing variant of Tasks RCU enabled.
[    0.094330] rcu: RCU calculated value of scheduler-enlistment delay is 100 jiffies.
[    0.094330] rcu: Adjusting geometry for rcu_fanout_leaf=16, nr_cpu_ids=4
[    0.094339] RCU Tasks: Setting shift to 2 and lim to 1 rcu_task_cb_adjust=1 rcu_task_cpu_ids=4.
[    0.094341] RCU Tasks Rude: Setting shift to 2 and lim to 1 rcu_task_cb_adjust=1 rcu_task_cpu_ids=4.
[    0.094343] RCU Tasks Trace: Setting shift to 2 and lim to 1 rcu_task_cb_adjust=1 rcu_task_cpu_ids=4.
[    0.100116] NR_IRQS: 24832, nr_irqs: 728, preallocated irqs: 16
[    0.100336] rcu: srcu_init: Setting srcu_struct sizes based on contention.
[    0.100487] kfence: initialized - using 2097152 bytes for 255 objects at 0x(____ptrval____)-0x(____ptrval____)
[    0.100538] Console: colour dummy device 80x25
[    0.100542] printk: legacy console [tty0] enabled
[    0.100603] ACPI: Core revision 20240827
[    0.100740] hpet: HPET dysfunctional in PC10. Force disabled.
[    0.100756] APIC: Switch to symmetric I/O mode setup
[    0.100759] DMAR: Host address width 39
[    0.100760] DMAR: DRHD base: 0x000000fed90000 flags: 0x0
[    0.100774] DMAR: dmar0: reg_base_addr fed90000 ver 1:0 cap c0000020660462 ecap f0101a
[    0.100777] DMAR: DRHD base: 0x000000fed91000 flags: 0x1
[    0.100781] DMAR: dmar1: reg_base_addr fed91000 ver 1:0 cap d2008020660462 ecap f010da
[    0.100783] DMAR: RMRR base: 0x0000008b800000 end: 0x0000008f9fffff
[    0.100787] DMAR-IR: IOAPIC id 2 under DRHD base  0xfed91000 IOMMU 1
[    0.100789] DMAR-IR: HPET id 0 under DRHD base 0xfed91000
[    0.100790] DMAR-IR: Queued invalidation will be enabled to support x2apic and Intr-remapping.
[    0.101428] DMAR-IR: Enabled IRQ remapping in x2apic mode
[    0.101431] x2apic enabled
[    0.101500] APIC: Switched APIC routing to: cluster x2apic
[    0.101991] clocksource: tsc-early: mask: 0xffffffffffffffff max_cycles: 0x257a5e250b1, max_idle_ns: 440795265742 ns
[    0.101998] Calibrating delay loop (skipped), value calculated using timer frequency.. 5200.07 BogoMIPS (lpj=2600036)
[    0.102028] CPU0: Thermal monitoring enabled (TM1)
[    0.102066] Last level iTLB entries: 4KB 1024, 2MB 1024, 4MB 1024
[    0.102067] Last level dTLB entries: 4KB 1024, 2MB 1024, 4MB 1024, 1GB 4
[    0.102071] process: using mwait in idle threads
[    0.102075] Spectre V2 : User space: Vulnerable
[    0.102077] Speculative Store Bypass: Vulnerable
[    0.102079] SRBDS: Vulnerable
[    0.102085] x86/fpu: Supporting XSAVE feature 0x001: 'x87 floating point registers'
[    0.102087] x86/fpu: Supporting XSAVE feature 0x002: 'SSE registers'
[    0.102088] x86/fpu: Supporting XSAVE feature 0x004: 'AVX registers'
[    0.102090] x86/fpu: xstate_offset[2]:  576, xstate_sizes[2]:  256
[    0.102092] x86/fpu: Enabled xstate features 0x7, context size is 832 bytes, using 'standard' format.
[    0.102995] Freeing SMP alternatives memory: 40K
[    0.102995] pid_max: default: 32768 minimum: 301
[    0.102995] LSM: initializing lsm=capability,landlock,yama,bpf
[    0.102995] landlock: Up and running.
[    0.102995] Yama: becoming mindful.
[    0.102995] LSM support for eBPF active
[    0.102995] Mount-cache hash table entries: 16384 (order: 5, 131072 bytes, linear)
[    0.102995] Mountpoint-cache hash table entries: 16384 (order: 5, 131072 bytes, linear)
[    0.102995] smpboot: CPU0: Intel(R) Core(TM) i5-4288U CPU @ 2.60GHz (family: 0x6, model: 0x45, stepping: 0x1)
[    0.102995] Performance Events: PEBS fmt2+, Haswell events, 16-deep LBR, full-width counters, Intel PMU driver.
[    0.102995] ... version:                3
[    0.102995] ... bit width:              48
[    0.102995] ... generic registers:      4
[    0.102995] ... value mask:             0000ffffffffffff
[    0.102995] ... max period:             00007fffffffffff
[    0.102995] ... fixed-purpose events:   3
[    0.102995] ... event mask:             000000070000000f
[    0.102995] signal: max sigframe size: 1776
[    0.102995] Estimated ratio of average max frequency by base frequency (times 1024): 1220
[    0.102995] rcu: Hierarchical SRCU implementation.
[    0.102995] rcu: 	Max phase no-delay instances is 400.
[    0.102995] Timer migration: 1 hierarchy levels; 8 children per group; 1 crossnode level
[    0.102995] NMI watchdog: Enabled. Permanently consumes one hw-PMU counter.
[    0.103046] smp: Bringing up secondary CPUs ...
[    0.103161] smpboot: x86: Booting SMP configuration:
[    0.103163] .... node  #0, CPUs:      #1 #2 #3
[    0.104176] smp: Brought up 1 node, 4 CPUs
[    0.104176] smpboot: Total of 4 processors activated (20800.28 BogoMIPS)
[    0.105083] Memory: 7636108K/8294628K available (16384K kernel code, 2646K rwdata, 12592K rodata, 3416K init, 3348K bss, 627632K reserved, 0K cma-reserved)
[    0.105348] devtmpfs: initialized
[    0.105348] x86/mm: Memory block size: 128MB
[    0.106446] ACPI: PM: Registering ACPI NVS region [mem 0x8ad10000-0x8ad52fff] (274432 bytes)
[    0.106446] clocksource: jiffies: mask: 0xffffffff max_cycles: 0xffffffff, max_idle_ns: 1911260446275000 ns
[    0.106446] futex hash table entries: 1024 (order: 4, 65536 bytes, linear)
[    0.106446] pinctrl core: initialized pinctrl subsystem
[    0.106446] PM: RTC time: 22:36:19, date: 2026-04-27
[    0.107364] NET: Registered PF_NETLINK/PF_ROUTE protocol family
[    0.107568] DMA: preallocated 1024 KiB GFP_KERNEL pool for atomic allocations
[    0.107642] DMA: preallocated 1024 KiB GFP_KERNEL|GFP_DMA pool for atomic allocations
[    0.107713] DMA: preallocated 1024 KiB GFP_KERNEL|GFP_DMA32 pool for atomic allocations
[    0.107727] audit: initializing netlink subsys (disabled)
[    0.107741] audit: type=2000 audit(1777329379.005:1): state=initialized audit_enabled=0 res=1
[    0.107741] thermal_sys: Registered thermal governor 'bang_bang'
[    0.107741] thermal_sys: Registered thermal governor 'step_wise'
[    0.107741] thermal_sys: Registered thermal governor 'user_space'
[    0.107741] cpuidle: using governor menu
[    0.120046] efi: Freeing EFI boot services memory: 341428K
[    0.120053] acpiphp: ACPI Hot Plug PCI Controller Driver version: 0.5
[    0.120202] PCI: ECAM [mem 0xe0000000-0xe9bfffff] (base 0xe0000000) for domain 0000 [bus 00-9b]
[    0.120219] PCI: Using configuration type 1 for base access
[    0.120286] core: PMU erratum BJ122, BV98, HSD29 worked around, HT is on
[    0.120340] kprobes: kprobe jump-optimization is enabled. All kprobes are optimized if possible.
[    0.120340] HugeTLB: registered 1.00 GiB page size, pre-allocated 0 pages
[    0.120340] HugeTLB: 16380 KiB vmemmap can be freed for a 1.00 GiB page
[    0.120340] HugeTLB: registered 2.00 MiB page size, pre-allocated 0 pages
[    0.120340] HugeTLB: 28 KiB vmemmap can be freed for a 2.00 MiB page
[    0.121166] ACPI: Disabled all _OSI OS vendors
[    0.121166] ACPI: Added _OSI(Module Device)
[    0.121166] ACPI: Added _OSI(Processor Device)
[    0.121166] ACPI: Added _OSI(Processor Aggregator Device)
[    0.121166] ACPI: Added _OSI(Darwin)
[    0.136292] ACPI: 10 ACPI AML tables successfully acquired and loaded
[    0.137299] ACPI: EC: EC started
[    0.137301] ACPI: EC: interrupt blocked
[    0.137893] ACPI: EC: EC_CMD/EC_SC=0x66, EC_DATA=0x62
[    0.137896] ACPI: EC: Boot ECDT EC used to handle transactions
[    0.138118] ACPI: BIOS _OSI(Darwin) query honored via DMI
[    0.139031] ACPI: [Firmware Bug]: BIOS _OSI(Linux) query ignored
[    0.139529] ACPI: Dynamic OEM Table Load:
[    0.139540] ACPI: SSDT 0xFFFF89FD829EE800 0004F0 (v01 PmRef  Cpu0Cst  00003001 INTL 20100915)
[    0.141165] ACPI: Dynamic OEM Table Load:
[    0.141176] ACPI: SSDT 0xFFFF89FD829EB000 00067C (v01 PmRef  ApIst    00003000 INTL 20100915)
[    0.142792] ACPI: Dynamic OEM Table Load:
[    0.142801] ACPI: SSDT 0xFFFF89FD820A0A00 000119 (v01 PmRef  ApCst    00003000 INTL 20100915)
[    0.144690] ACPI: Interpreter enabled
[    0.144722] ACPI: PM: (supports S0 S3 S4 S5)
[    0.144724] ACPI: Using IOAPIC for interrupt routing
[    0.144772] PCI: Using host bridge windows from ACPI; if necessary, use "pci=nocrs" and report a bug
[    0.144774] PCI: Ignoring E820 reservations for host bridge windows
[    0.145149] ACPI: Enabled 4 GPEs in block 00 to 7F
[    0.159049] ACPI: PCI Root Bridge [PCI0] (domain 0000 [bus 00-ff])
[    0.159056] acpi PNP0A08:00: _OSC: OS assumes control of [PCIeHotplug SHPCHotplug AER PCIeCapability LTR DPC]
[    0.159075] acpi PNP0A08:00: [Firmware Info]: ECAM [mem 0xe0000000-0xe9bfffff] for domain 0000 [bus 00-9b] only partially covers this bridge
[    0.159367] PCI host bridge to bus 0000:00
[    0.159372] pci_bus 0000:00: root bus resource [io  0x0000-0x0cf7 window]
[    0.159375] pci_bus 0000:00: root bus resource [io  0x0d00-0xffff window]
[    0.159378] pci_bus 0000:00: root bus resource [mem 0x000a0000-0x000fffff window]
[    0.159380] pci_bus 0000:00: root bus resource [mem 0x8fa00000-0xfeafffff window]
[    0.159382] pci_bus 0000:00: root bus resource [mem 0xfed40000-0xfed44fff window]
[    0.159383] pci_bus 0000:00: root bus resource [bus 00-ff]
[    0.159398] pci 0000:00:00.0: [8086:0a04] type 00 class 0x060000 conventional PCI endpoint
[    0.159496] pci 0000:00:02.0: [8086:0a2e] type 00 class 0x030000 conventional PCI endpoint
[    0.159505] pci 0000:00:02.0: BAR 0 [mem 0xb0000000-0xb03fffff 64bit]
[    0.159511] pci 0000:00:02.0: BAR 2 [mem 0xa0000000-0xafffffff 64bit pref]
[    0.159515] pci 0000:00:02.0: BAR 4 [io  0x2000-0x203f]
[    0.159529] pci 0000:00:02.0: Video device with shadowed ROM at [mem 0x000c0000-0x000dffff]
[    0.159659] pci 0000:00:03.0: [8086:0a0c] type 00 class 0x040300 PCIe Root Complex Integrated Endpoint
[    0.159668] pci 0000:00:03.0: BAR 0 [mem 0xb0a10000-0xb0a13fff 64bit]
[    0.159819] pci 0000:00:14.0: [8086:9c31] type 00 class 0x0c0330 conventional PCI endpoint
[    0.159834] pci 0000:00:14.0: BAR 0 [mem 0xb0a00000-0xb0a0ffff 64bit]
[    0.159885] pci 0000:00:14.0: PME# supported from D3hot D3cold
[    0.160170] pci 0000:00:16.0: [8086:9c3a] type 00 class 0x078000 conventional PCI endpoint
[    0.160186] pci 0000:00:16.0: BAR 0 [mem 0xb0a2a100-0xb0a2a11f 64bit]
[    0.160239] pci 0000:00:16.0: PME# supported from D0 D3hot D3cold
[    0.160295] pci 0000:00:1b.0: [8086:9c20] type 00 class 0x040300 PCIe Root Complex Integrated Endpoint
[    0.160309] pci 0000:00:1b.0: BAR 0 [mem 0xb0a14000-0xb0a17fff 64bit]
[    0.160370] pci 0000:00:1b.0: PME# supported from D0 D3hot D3cold
[    0.160449] pci 0000:00:1c.0: [8086:9c10] type 01 class 0x060400 PCIe Root Port
[    0.160469] pci 0000:00:1c.0: PCI bridge to [bus 01]
[    0.160528] pci 0000:00:1c.0: PME# supported from D0 D3hot D3cold
[    0.160673] pci 0000:00:1c.1: [8086:9c12] type 01 class 0x060400 PCIe Root Port
[    0.160697] pci 0000:00:1c.1: PCI bridge to [bus 02]
[    0.160703] pci 0000:00:1c.1:   bridge window [mem 0xb0800000-0xb09fffff]
[    0.160712] pci 0000:00:1c.1:   bridge window [mem 0x90000000-0x9fffffff 64bit pref]
[    0.160764] pci 0000:00:1c.1: PME# supported from D0 D3hot D3cold
[    0.160915] pci 0000:00:1c.2: [8086:9c14] type 01 class 0x060400 PCIe Root Port
[    0.160940] pci 0000:00:1c.2: PCI bridge to [bus 03]
[    0.160945] pci 0000:00:1c.2:   bridge window [mem 0xb0400000-0xb06fffff]
[    0.161004] pci 0000:00:1c.2: PME# supported from D0 D3hot D3cold
[    0.161155] pci 0000:00:1c.4: [8086:9c18] type 01 class 0x060400 PCIe Root Port
[    0.161177] pci 0000:00:1c.4: PCI bridge to [bus 05-9b]
[    0.161181] pci 0000:00:1c.4:   bridge window [io  0x3000-0x5fff]
[    0.161184] pci 0000:00:1c.4:   bridge window [mem 0xb0b00000-0xbcbfffff]
[    0.161191] pci 0000:00:1c.4:   bridge window [mem 0xbcc00000-0xc8bfffff 64bit pref]
[    0.161238] pci 0000:00:1c.4: PME# supported from D0 D3hot D3cold
[    0.161415] pci 0000:00:1c.5: [8086:9c1a] type 01 class 0x060400 PCIe Root Port
[    0.161440] pci 0000:00:1c.5: PCI bridge to [bus 04]
[    0.161445] pci 0000:00:1c.5:   bridge window [mem 0xb0700000-0xb07fffff]
[    0.161504] pci 0000:00:1c.5: PME# supported from D0 D3hot D3cold
[    0.161653] pci 0000:00:1f.0: [8086:9c43] type 00 class 0x060100 conventional PCI endpoint
[    0.161822] pci 0000:00:1f.3: [8086:9c22] type 00 class 0x0c0500 conventional PCI endpoint
[    0.161837] pci 0000:00:1f.3: BAR 0 [mem 0xb0a2a000-0xb0a2a0ff 64bit]
[    0.161854] pci 0000:00:1f.3: BAR 4 [io  0xefa0-0xefbf]
[    0.161951] pci 0000:00:1c.0: PCI bridge to [bus 01]
[    0.162020] pci 0000:02:00.0: [14e4:1570] type 00 class 0x048000 PCIe Endpoint
[    0.162043] pci 0000:02:00.0: BAR 0 [mem 0xb0900000-0xb090ffff 64bit]
[    0.162058] pci 0000:02:00.0: BAR 2 [mem 0x90000000-0x9fffffff 64bit pref]
[    0.162073] pci 0000:02:00.0: BAR 4 [mem 0xb0800000-0xb08fffff 64bit]
[    0.162177] pci 0000:02:00.0: supports D1
[    0.162178] pci 0000:02:00.0: PME# supported from D0 D3hot
[    0.162372] pci 0000:00:1c.1: PCI bridge to [bus 02]
[    0.162494] pci 0000:03:00.0: [14e4:43a0] type 00 class 0x028000 PCIe Endpoint
[    0.162535] pci 0000:03:00.0: BAR 0 [mem 0xb0600000-0xb0607fff 64bit]
[    0.162562] pci 0000:03:00.0: BAR 2 [mem 0xb0400000-0xb05fffff 64bit]
[    0.162799] pci 0000:03:00.0: supports D1 D2
[    0.162800] pci 0000:03:00.0: PME# supported from D0 D1 D2 D3hot D3cold
[    0.163198] pci 0000:00:1c.2: PCI bridge to [bus 03]
[    0.163276] pci 0000:05:00.0: [8086:156d] type 01 class 0x060400 PCIe Switch Upstream Port
[    0.163312] pci 0000:05:00.0: PCI bridge to [bus 06-6b]
[    0.163319] pci 0000:05:00.0:   bridge window [io  0x3000-0x4fff]
[    0.163323] pci 0000:05:00.0:   bridge window [mem 0xb0b00000-0xb8bfffff]
[    0.163335] pci 0000:05:00.0:   bridge window [mem 0xbcc00000-0xc4bfffff 64bit pref]
[    0.163350] pci 0000:05:00.0: enabling Extended Tags
[    0.163439] pci 0000:05:00.0: supports D1 D2
[    0.163441] pci 0000:05:00.0: PME# supported from D0 D1 D2 D3hot D3cold
[    0.166012] pci 0000:00:1c.4: PCI bridge to [bus 05-9b]
[    0.166147] pci 0000:06:00.0: [8086:156d] type 01 class 0x060400 PCIe Switch Downstream Port
[    0.166184] pci 0000:06:00.0: PCI bridge to [bus 07]
[    0.166194] pci 0000:06:00.0:   bridge window [mem 0xb0b00000-0xb0bfffff]
[    0.166221] pci 0000:06:00.0: enabling Extended Tags
[    0.166314] pci 0000:06:00.0: supports D1 D2
[    0.166315] pci 0000:06:00.0: PME# supported from D0 D1 D2 D3hot D3cold
[    0.166492] pci 0000:06:03.0: [8086:156d] type 01 class 0x060400 PCIe Switch Downstream Port
[    0.166521] pci 0000:06:03.0: PCI bridge to [bus 08-38]
[    0.166528] pci 0000:06:03.0:   bridge window [io  0x3000-0x3fff]
[    0.166532] pci 0000:06:03.0:   bridge window [mem 0xb0c00000-0xb4bfffff]
[    0.166545] pci 0000:06:03.0:   bridge window [mem 0xbcc00000-0xc0bfffff 64bit pref]
[    0.166561] pci 0000:06:03.0: enabling Extended Tags
[    0.166655] pci 0000:06:03.0: supports D1 D2
[    0.166657] pci 0000:06:03.0: PME# supported from D0 D1 D2 D3hot D3cold
[    0.166834] pci 0000:06:04.0: [8086:156d] type 01 class 0x060400 PCIe Switch Downstream Port
[    0.166863] pci 0000:06:04.0: PCI bridge to [bus 39]
[    0.166898] pci 0000:06:04.0: enabling Extended Tags
[    0.166993] pci 0000:06:04.0: supports D1 D2
[    0.166994] pci 0000:06:04.0: PME# supported from D0 D1 D2 D3hot D3cold
[    0.167176] pci 0000:06:05.0: [8086:156d] type 01 class 0x060400 PCIe Switch Downstream Port
[    0.167205] pci 0000:06:05.0: PCI bridge to [bus 3a-6a]
[    0.167213] pci 0000:06:05.0:   bridge window [io  0x4000-0x4fff]
[    0.167217] pci 0000:06:05.0:   bridge window [mem 0xb4c00000-0xb8bfffff]
[    0.167229] pci 0000:06:05.0:   bridge window [mem 0xc0c00000-0xc4bfffff 64bit pref]
[    0.167245] pci 0000:06:05.0: enabling Extended Tags
[    0.167339] pci 0000:06:05.0: supports D1 D2
[    0.167341] pci 0000:06:05.0: PME# supported from D0 D1 D2 D3hot D3cold
[    0.167521] pci 0000:06:06.0: [8086:156d] type 01 class 0x060400 PCIe Switch Downstream Port
[    0.167550] pci 0000:06:06.0: PCI bridge to [bus 6b]
[    0.167585] pci 0000:06:06.0: enabling Extended Tags
[    0.167679] pci 0000:06:06.0: supports D1 D2
[    0.167681] pci 0000:06:06.0: PME# supported from D0 D1 D2 D3hot D3cold
[    0.167852] pci 0000:05:00.0: PCI bridge to [bus 06-6b]
[    0.167945] pci 0000:07:00.0: [8086:156c] type 00 class 0x088000 PCIe Endpoint
[    0.167968] pci 0000:07:00.0: BAR 0 [mem 0xb0b00000-0xb0b3ffff]
[    0.167981] pci 0000:07:00.0: BAR 1 [mem 0xb0b40000-0xb0b40fff]
[    0.168046] pci 0000:07:00.0: enabling Extended Tags
[    0.168171] pci 0000:07:00.0: supports D1 D2
[    0.168172] pci 0000:07:00.0: PME# supported from D0 D1 D2 D3hot D3cold
[    0.171019] pci 0000:06:00.0: PCI bridge to [bus 07]
[    0.171111] pci 0000:06:03.0: PCI bridge to [bus 08-38]
[    0.171196] pci 0000:06:04.0: PCI bridge to [bus 39]
[    0.171280] pci 0000:06:05.0: PCI bridge to [bus 3a-6a]
[    0.171337] pci 0000:06:06.0: PCI bridge to [bus 6b]
[    0.171503] pci 0000:04:00.0: [144d:1600] type 00 class 0x010601 PCIe Endpoint
[    0.171563] pci 0000:04:00.0: BAR 5 [mem 0xb0700000-0xb0701fff]
[    0.171573] pci 0000:04:00.0: ROM [mem 0xffff0000-0xffffffff pref]
[    0.171653] pci 0000:04:00.0: PME# supported from D3hot D3cold
[    0.171692] pci 0000:04:00.0: 8.000 Gb/s available PCIe bandwidth, limited by 5.0 GT/s PCIe x2 link at 0000:00:1c.5 (capable of 16.000 Gb/s with 5.0 GT/s PCIe x4 link)
[    0.171999] pci 0000:00:1c.5: PCI bridge to [bus 04]
[    0.175105] ACPI: PCI: Interrupt link LNKA configured for IRQ 0
[    0.175107] ACPI: PCI: Interrupt link LNKA disabled
[    0.175160] ACPI: PCI: Interrupt link LNKB configured for IRQ 0
[    0.175161] ACPI: PCI: Interrupt link LNKB disabled
[    0.175211] ACPI: PCI: Interrupt link LNKC configured for IRQ 0
[    0.175213] ACPI: PCI: Interrupt link LNKC disabled
[    0.175263] ACPI: PCI: Interrupt link LNKD configured for IRQ 0
[    0.175264] ACPI: PCI: Interrupt link LNKD disabled
[    0.175314] ACPI: PCI: Interrupt link LNKE configured for IRQ 0
[    0.175315] ACPI: PCI: Interrupt link LNKE disabled
[    0.175365] ACPI: PCI: Interrupt link LNKF configured for IRQ 0
[    0.175366] ACPI: PCI: Interrupt link LNKF disabled
[    0.175416] ACPI: PCI: Interrupt link LNKG configured for IRQ 0
[    0.175417] ACPI: PCI: Interrupt link LNKG disabled
[    0.175466] ACPI: PCI: Interrupt link LNKH configured for IRQ 0
[    0.175467] ACPI: PCI: Interrupt link LNKH disabled
[    0.175742] ACPI: EC: interrupt unblocked
[    0.175744] ACPI: EC: event unblocked
[    0.175746] ACPI: EC: EC_CMD/EC_SC=0x66, EC_DATA=0x62
[    0.175748] ACPI: EC: GPE=0x4e
[    0.175750] ACPI: \_SB_.PCI0.LPCB.EC__: Boot ECDT EC initialization complete
[    0.175752] ACPI: \_SB_.PCI0.LPCB.EC__: EC: Used to handle transactions and events
[    0.175837] iommu: Default domain type: Translated
[    0.175839] iommu: DMA domain TLB invalidation policy: lazy mode
[    0.175875] ACPI: bus type USB registered
[    0.175897] usbcore: registered new interface driver usbfs
[    0.175910] usbcore: registered new interface driver hub
[    0.175917] usbcore: registered new device driver usb
[    0.177183] efivars: Registered efivars operations
[    0.177253] NetLabel: Initializing
[    0.177255] NetLabel:  domain hash size = 128
[    0.177257] NetLabel:  protocols = UNLABELED CIPSOv4 CALIPSO
[    0.177281] NetLabel:  unlabeled traffic allowed by default
[    0.177282] PCI: Using ACPI for IRQ routing
[    0.182834] PCI: pci_cache_line_size set to 64 bytes
[    0.182886] e820: reserve RAM buffer [mem 0x00058000-0x0005ffff]
[    0.182889] e820: reserve RAM buffer [mem 0x0008f000-0x0008ffff]
[    0.182890] e820: reserve RAM buffer [mem 0x75f1e190-0x77ffffff]
[    0.182892] e820: reserve RAM buffer [mem 0x75f40190-0x77ffffff]
[    0.182893] e820: reserve RAM buffer [mem 0x8ad10000-0x8bffffff]
[    0.182895] e820: reserve RAM buffer [mem 0x8ad5d000-0x8bffffff]
[    0.182897] e820: reserve RAM buffer [mem 0x8ae39000-0x8bffffff]
[    0.182898] e820: reserve RAM buffer [mem 0x8aed2000-0x8bffffff]
[    0.182900] e820: reserve RAM buffer [mem 0x8af84000-0x8bffffff]
[    0.182901] e820: reserve RAM buffer [mem 0x8b000000-0x8bffffff]
[    0.182902] e820: reserve RAM buffer [mem 0x26f600000-0x26fffffff]
[    0.183026] pci 0000:00:02.0: vgaarb: setting as boot VGA device
[    0.183026] pci 0000:00:02.0: vgaarb: bridge control possible
[    0.183026] pci 0000:00:02.0: vgaarb: VGA device added: decodes=io+mem,owns=io+mem,locks=none
[    0.183026] vgaarb: loaded
[    0.183055] clocksource: Switched to clocksource tsc-early
[    0.183268] VFS: Disk quotas dquot_6.6.0
[    0.183289] VFS: Dquot-cache hash table entries: 512 (order 0, 4096 bytes)
[    0.183360] pnp: PnP ACPI init
[    0.183602] system 00:00: [mem 0xfed00000-0xfed03fff] has been reserved
[    0.183674] system 00:01: [io  0xffff] has been reserved
[    0.183677] system 00:01: [io  0x1800-0x187f] has been reserved
[    0.183681] system 00:01: [io  0x0800-0x087f] has been reserved
[    0.184712] system 00:03: [mem 0xfed1c000-0xfed1ffff] has been reserved
[    0.184716] system 00:03: [mem 0xfed10000-0xfed17fff] has been reserved
[    0.184718] system 00:03: [mem 0xfed18000-0xfed18fff] has been reserved
[    0.184720] system 00:03: [mem 0xfed19000-0xfed19fff] has been reserved
[    0.184722] system 00:03: [mem 0xe0000000-0xefffffff] could not be reserved
[    0.184724] system 00:03: [mem 0xfed20000-0xfed3ffff] has been reserved
[    0.184726] system 00:03: [mem 0xfed90000-0xfed93fff] could not be reserved
[    0.184728] system 00:03: [mem 0xfed45000-0xfed8ffff] has been reserved
[    0.184730] system 00:03: [mem 0xff000000-0xffffffff] could not be reserved
[    0.184732] system 00:03: [mem 0xfee00000-0xfeefffff] has been reserved
[    0.184797] system 00:04: [mem 0x20000000-0x201fffff] could not be reserved
[    0.184799] system 00:04: [mem 0x40000000-0x401fffff] could not be reserved
[    0.184928] pnp: PnP ACPI: found 5 devices
[    0.186539] pci 0000:00:02.0: assigning 3 device properties
[    0.186554] pci 0000:07:00.0: assigning 8 device properties
[    0.186568] pci 0000:00:1b.0: assigning 4 device properties
[    0.191086] clocksource: acpi_pm: mask: 0xffffff max_cycles: 0xffffff, max_idle_ns: 2085701024 ns
[    0.191156] NET: Registered PF_INET protocol family
[    0.191252] IP idents hash table entries: 131072 (order: 8, 1048576 bytes, linear)
[    0.203905] tcp_listen_portaddr_hash hash table entries: 4096 (order: 4, 65536 bytes, linear)
[    0.203935] Table-perturb hash table entries: 65536 (order: 6, 262144 bytes, linear)
[    0.203989] TCP established hash table entries: 65536 (order: 7, 524288 bytes, linear)
[    0.204196] TCP bind hash table entries: 65536 (order: 9, 2097152 bytes, linear)
[    0.204500] TCP: Hash tables configured (established 65536 bind 65536)
[    0.204573] MPTCP token hash table entries: 8192 (order: 6, 196608 bytes, linear)
[    0.204624] UDP hash table entries: 4096 (order: 5, 131072 bytes, linear)
[    0.204660] UDP-Lite hash table entries: 4096 (order: 5, 131072 bytes, linear)
[    0.204725] NET: Registered PF_UNIX/PF_LOCAL protocol family
[    0.204733] NET: Registered PF_XDP protocol family
[    0.204739] pci 0000:04:00.0: ROM [mem 0xffff0000-0xffffffff pref]: can't claim; no compatible bridge window
[    0.204746] pci 0000:06:00.0: bridge window [io  0x1000-0x0fff] to [bus 07] add_size 1000
[    0.204750] pci 0000:06:00.0: bridge window [mem 0x00100000-0x000fffff 64bit pref] to [bus 07] add_size 200000 add_align 100000
[    0.204754] pci 0000:06:04.0: bridge window [io  0x1000-0x0fff] to [bus 39] add_size 1000
[    0.204756] pci 0000:06:04.0: bridge window [mem 0x00100000-0x000fffff 64bit pref] to [bus 39] add_size 200000 add_align 100000
[    0.204758] pci 0000:06:04.0: bridge window [mem 0x00100000-0x000fffff] to [bus 39] add_size 200000 add_align 100000
[    0.204761] pci 0000:06:06.0: bridge window [io  0x1000-0x0fff] to [bus 6b] add_size 1000
[    0.204763] pci 0000:06:06.0: bridge window [mem 0x00100000-0x000fffff 64bit pref] to [bus 6b] add_size 200000 add_align 100000
[    0.204765] pci 0000:06:06.0: bridge window [mem 0x00100000-0x000fffff] to [bus 6b] add_size 200000 add_align 100000
[    0.204774] pci 0000:00:1c.0: PCI bridge to [bus 01]
[    0.204784] pci 0000:00:1c.1: PCI bridge to [bus 02]
[    0.204787] pci 0000:00:1c.1:   bridge window [mem 0xb0800000-0xb09fffff]
[    0.204791] pci 0000:00:1c.1:   bridge window [mem 0x90000000-0x9fffffff 64bit pref]
[    0.204796] pci 0000:00:1c.2: PCI bridge to [bus 03]
[    0.204799] pci 0000:00:1c.2:   bridge window [mem 0xb0400000-0xb06fffff]
[    0.204810] pci 0000:06:00.0: bridge window [mem size 0x00200000 64bit pref]: can't assign; no space
[    0.204813] pci 0000:06:00.0: bridge window [mem size 0x00200000 64bit pref]: failed to assign
[    0.204815] pci 0000:06:04.0: bridge window [mem size 0x00200000]: can't assign; no space
[    0.204817] pci 0000:06:04.0: bridge window [mem size 0x00200000]: failed to assign
[    0.204819] pci 0000:06:04.0: bridge window [mem size 0x00200000 64bit pref]: can't assign; no space
[    0.204820] pci 0000:06:04.0: bridge window [mem size 0x00200000 64bit pref]: failed to assign
[    0.204822] pci 0000:06:06.0: bridge window [mem size 0x00200000]: can't assign; no space
[    0.204824] pci 0000:06:06.0: bridge window [mem size 0x00200000]: failed to assign
[    0.204826] pci 0000:06:06.0: bridge window [mem size 0x00200000 64bit pref]: can't assign; no space
[    0.204827] pci 0000:06:06.0: bridge window [mem size 0x00200000 64bit pref]: failed to assign
[    0.204829] pci 0000:06:00.0: bridge window [io  size 0x1000]: can't assign; no space
[    0.204831] pci 0000:06:00.0: bridge window [io  size 0x1000]: failed to assign
[    0.204832] pci 0000:06:04.0: bridge window [io  size 0x1000]: can't assign; no space
[    0.204834] pci 0000:06:04.0: bridge window [io  size 0x1000]: failed to assign
[    0.204835] pci 0000:06:06.0: bridge window [io  size 0x1000]: can't assign; no space
[    0.204837] pci 0000:06:06.0: bridge window [io  size 0x1000]: failed to assign
[    0.204839] pci 0000:06:06.0: bridge window [mem size 0x00200000]: can't assign; no space
[    0.204841] pci 0000:06:06.0: bridge window [mem size 0x00200000]: failed to assign
[    0.204843] pci 0000:06:06.0: bridge window [mem size 0x00200000 64bit pref]: can't assign; no space
[    0.204845] pci 0000:06:06.0: bridge window [mem size 0x00200000 64bit pref]: failed to assign
[    0.204847] pci 0000:06:06.0: bridge window [io  size 0x1000]: can't assign; no space
[    0.204848] pci 0000:06:06.0: bridge window [io  size 0x1000]: failed to assign
[    0.204850] pci 0000:06:04.0: bridge window [mem size 0x00200000]: can't assign; no space
[    0.204851] pci 0000:06:04.0: bridge window [mem size 0x00200000]: failed to assign
[    0.204853] pci 0000:06:04.0: bridge window [mem size 0x00200000 64bit pref]: can't assign; no space
[    0.204855] pci 0000:06:04.0: bridge window [mem size 0x00200000 64bit pref]: failed to assign
[    0.204856] pci 0000:06:04.0: bridge window [io  size 0x1000]: can't assign; no space
[    0.204858] pci 0000:06:04.0: bridge window [io  size 0x1000]: failed to assign
[    0.204860] pci 0000:06:00.0: bridge window [mem size 0x00200000 64bit pref]: can't assign; no space
[    0.204861] pci 0000:06:00.0: bridge window [mem size 0x00200000 64bit pref]: failed to assign
[    0.204863] pci 0000:06:00.0: bridge window [io  size 0x1000]: can't assign; no space
[    0.204864] pci 0000:06:00.0: bridge window [io  size 0x1000]: failed to assign
[    0.204866] pci 0000:06:00.0: PCI bridge to [bus 07]
[    0.204872] pci 0000:06:00.0:   bridge window [mem 0xb0b00000-0xb0bfffff]
[    0.204881] pci 0000:06:03.0: PCI bridge to [bus 08-38]
[    0.204885] pci 0000:06:03.0:   bridge window [io  0x3000-0x3fff]
[    0.204890] pci 0000:06:03.0:   bridge window [mem 0xb0c00000-0xb4bfffff]
[    0.204894] pci 0000:06:03.0:   bridge window [mem 0xbcc00000-0xc0bfffff 64bit pref]
[    0.204901] pci 0000:06:04.0: PCI bridge to [bus 39]
[    0.204914] pci 0000:06:05.0: PCI bridge to [bus 3a-6a]
[    0.204916] pci 0000:06:05.0:   bridge window [io  0x4000-0x4fff]
[    0.204922] pci 0000:06:05.0:   bridge window [mem 0xb4c00000-0xb8bfffff]
[    0.204926] pci 0000:06:05.0:   bridge window [mem 0xc0c00000-0xc4bfffff 64bit pref]
[    0.204932] pci 0000:06:06.0: PCI bridge to [bus 6b]
[    0.204945] pci 0000:05:00.0: PCI bridge to [bus 06-6b]
[    0.204948] pci 0000:05:00.0:   bridge window [io  0x3000-0x4fff]
[    0.204953] pci 0000:05:00.0:   bridge window [mem 0xb0b00000-0xb8bfffff]
[    0.204957] pci 0000:05:00.0:   bridge window [mem 0xbcc00000-0xc4bfffff 64bit pref]
[    0.204964] pci 0000:00:1c.4: PCI bridge to [bus 05-9b]
[    0.204966] pci 0000:00:1c.4:   bridge window [io  0x3000-0x5fff]
[    0.204969] pci 0000:00:1c.4:   bridge window [mem 0xb0b00000-0xbcbfffff]
[    0.204972] pci 0000:00:1c.4:   bridge window [mem 0xbcc00000-0xc8bfffff 64bit pref]
[    0.204978] pci 0000:04:00.0: ROM [mem 0xb0710000-0xb071ffff pref]: assigned
[    0.204980] pci 0000:00:1c.5: PCI bridge to [bus 04]
[    0.204984] pci 0000:00:1c.5:   bridge window [mem 0xb0700000-0xb07fffff]
[    0.204990] pci_bus 0000:00: resource 4 [io  0x0000-0x0cf7 window]
[    0.204993] pci_bus 0000:00: resource 5 [io  0x0d00-0xffff window]
[    0.204994] pci_bus 0000:00: resource 6 [mem 0x000a0000-0x000fffff window]
[    0.204996] pci_bus 0000:00: resource 7 [mem 0x8fa00000-0xfeafffff window]
[    0.204997] pci_bus 0000:00: resource 8 [mem 0xfed40000-0xfed44fff window]
[    0.204999] pci_bus 0000:02: resource 1 [mem 0xb0800000-0xb09fffff]
[    0.205001] pci_bus 0000:02: resource 2 [mem 0x90000000-0x9fffffff 64bit pref]
[    0.205003] pci_bus 0000:03: resource 1 [mem 0xb0400000-0xb06fffff]
[    0.205004] pci_bus 0000:05: resource 0 [io  0x3000-0x5fff]
[    0.205006] pci_bus 0000:05: resource 1 [mem 0xb0b00000-0xbcbfffff]
[    0.205007] pci_bus 0000:05: resource 2 [mem 0xbcc00000-0xc8bfffff 64bit pref]
[    0.205009] pci_bus 0000:06: resource 0 [io  0x3000-0x4fff]
[    0.205010] pci_bus 0000:06: resource 1 [mem 0xb0b00000-0xb8bfffff]
[    0.205012] pci_bus 0000:06: resource 2 [mem 0xbcc00000-0xc4bfffff 64bit pref]
[    0.205014] pci_bus 0000:07: resource 1 [mem 0xb0b00000-0xb0bfffff]
[    0.205015] pci_bus 0000:08: resource 0 [io  0x3000-0x3fff]
[    0.205017] pci_bus 0000:08: resource 1 [mem 0xb0c00000-0xb4bfffff]
[    0.205018] pci_bus 0000:08: resource 2 [mem 0xbcc00000-0xc0bfffff 64bit pref]
[    0.205020] pci_bus 0000:3a: resource 0 [io  0x4000-0x4fff]
[    0.205021] pci_bus 0000:3a: resource 1 [mem 0xb4c00000-0xb8bfffff]
[    0.205023] pci_bus 0000:3a: resource 2 [mem 0xc0c00000-0xc4bfffff 64bit pref]
[    0.205025] pci_bus 0000:04: resource 1 [mem 0xb0700000-0xb07fffff]
[    0.205375] PCI: CLS 256 bytes, default 64
[    0.205403] DMAR: No ATSR found
[    0.205404] DMAR: No SATC found
[    0.205406] DMAR: IOMMU feature pgsel_inv inconsistent
[    0.205408] DMAR: IOMMU feature sc_support inconsistent
[    0.205410] DMAR: IOMMU feature pass_through inconsistent
[    0.205412] DMAR: dmar0: Using Queued invalidation
[    0.205419] DMAR: dmar1: Using Queued invalidation
[    0.205477] Trying to unpack rootfs image as initramfs...
[    0.205614] pci 0000:00:02.0: Adding to iommu group 0
[    0.206471] pci 0000:00:00.0: Adding to iommu group 1
[    0.206489] pci 0000:00:03.0: Adding to iommu group 2
[    0.206509] pci 0000:00:14.0: Adding to iommu group 3
[    0.206531] pci 0000:00:16.0: Adding to iommu group 4
[    0.206550] pci 0000:00:1b.0: Adding to iommu group 5
[    0.206590] pci 0000:00:1c.0: Adding to iommu group 6
[    0.206605] pci 0000:00:1c.1: Adding to iommu group 6
[    0.206619] pci 0000:00:1c.2: Adding to iommu group 6
[    0.206641] pci 0000:00:1c.4: Adding to iommu group 6
[    0.206657] pci 0000:00:1c.5: Adding to iommu group 6
[    0.206682] pci 0000:00:1f.0: Adding to iommu group 7
[    0.206697] pci 0000:00:1f.3: Adding to iommu group 7
[    0.206704] pci 0000:02:00.0: Adding to iommu group 6
[    0.206711] pci 0000:03:00.0: Adding to iommu group 6
[    0.206718] pci 0000:05:00.0: Adding to iommu group 6
[    0.206725] pci 0000:06:00.0: Adding to iommu group 6
[    0.206734] pci 0000:06:03.0: Adding to iommu group 6
[    0.206741] pci 0000:06:04.0: Adding to iommu group 6
[    0.206748] pci 0000:06:05.0: Adding to iommu group 6
[    0.206756] pci 0000:06:06.0: Adding to iommu group 6
[    0.206764] pci 0000:07:00.0: Adding to iommu group 6
[    0.206771] pci 0000:04:00.0: Adding to iommu group 6
[    0.207539] DMAR: Intel(R) Virtualization Technology for Directed I/O
[    0.207542] PCI-DMA: Using software bounce buffering for IO (SWIOTLB)
[    0.207544] software IO TLB: mapped [mem 0x000000006d365000-0x0000000071365000] (64MB)
[    0.227226] Initialise system trusted keyrings
[    0.227298] workingset: timestamp_bits=40 max_order=21 bucket_order=0
[    0.250172] Key type asymmetric registered
[    0.250180] Asymmetric key parser 'x509' registered
[    0.250229] Block layer SCSI generic (bsg) driver version 0.4 loaded (major 251)
[    0.250310] io scheduler mq-deadline registered
[    0.250313] io scheduler kyber registered
[    0.250586] pcieport 0000:00:1c.0: Enabling MPC IRBNCE
[    0.250591] pcieport 0000:00:1c.0: Intel PCH root port ACS workaround enabled
[    0.250917] pcieport 0000:00:1c.1: Enabling MPC IRBNCE
[    0.250922] pcieport 0000:00:1c.1: Intel PCH root port ACS workaround enabled
[    0.251158] pcieport 0000:00:1c.2: Enabling MPC IRBNCE
[    0.251162] pcieport 0000:00:1c.2: Intel PCH root port ACS workaround enabled
[    0.251375] pcieport 0000:00:1c.4: Enabling MPC IRBNCE
[    0.251379] pcieport 0000:00:1c.4: Intel PCH root port ACS workaround enabled
[    0.251575] pcieport 0000:00:1c.5: Enabling MPC IRBNCE
[    0.251579] pcieport 0000:00:1c.5: Intel PCH root port ACS workaround enabled
[    0.252038] pcieport 0000:06:00.0: pciehp: Slot #0 AttnBtn- PwrCtrl- MRL- AttnInd- PwrInd- HotPlug+ Surprise+ Interlock- NoCompl+ IbPresDis- LLActRep+
[    0.252235] pcieport 0000:06:03.0: enabling device (0000 -> 0003)
[    0.252388] pcieport 0000:06:03.0: pciehp: Slot #3 AttnBtn- PwrCtrl- MRL- AttnInd- PwrInd- HotPlug+ Surprise+ Interlock- NoCompl+ IbPresDis- LLActRep+
[    0.252730] pcieport 0000:06:04.0: pciehp: Slot #4 AttnBtn- PwrCtrl- MRL- AttnInd- PwrInd- HotPlug+ Surprise+ Interlock- NoCompl+ IbPresDis- LLActRep+
[    0.252923] pcieport 0000:06:05.0: enabling device (0000 -> 0003)
[    0.253064] pcieport 0000:06:05.0: pciehp: Slot #5 AttnBtn- PwrCtrl- MRL- AttnInd- PwrInd- HotPlug+ Surprise+ Interlock- NoCompl+ IbPresDis- LLActRep+
[    0.253392] pcieport 0000:06:06.0: pciehp: Slot #6 AttnBtn- PwrCtrl- MRL- AttnInd- PwrInd- HotPlug+ Surprise+ Interlock- NoCompl+ IbPresDis- LLActRep+
[    0.255592] Serial: 8250/16550 driver, 4 ports, IRQ sharing enabled
[    0.256467] hpet_acpi_add: no address or irqs in _CRS
[    0.256506] Linux agpgart interface v0.103
[    0.256555] ACPI: bus type drm_connector registered
[    0.257338] usbcore: registered new interface driver usbserial_generic
[    0.257349] usbserial: USB Serial support registered for generic
[    0.257689] intel_pstate: Intel P-state driver initializing
[    0.258544] simple-framebuffer simple-framebuffer.0: [drm] Registered 1 planes with drm panic
[    0.258548] [drm] Initialized simpledrm 1.0.0 for simple-framebuffer.0 on minor 0
[    0.263392] fbcon: Deferring console take-over
[    0.263399] simple-framebuffer simple-framebuffer.0: [drm] fb0: simpledrmdrmfb frame buffer device
[    0.263508] drop_monitor: Initializing network drop monitor service
[    0.263663] NET: Registered PF_INET6 protocol family
[    0.301533] Freeing initrd memory: 26428K
[    0.302152] Segment Routing with IPv6
[    0.302167] In-situ OAM (IOAM) with IPv6
[    0.302440] ENERGY_PERF_BIAS: Set to 'normal', was 'performance'
[    0.302472] microcode: Current revision: 0x00000026
[    0.302537] IPI shorthand broadcast: enabled
[    0.304028] sched_clock: Marking stable (302001219, 1626496)->(345634630, -42006915)
[    0.304161] registered taskstats version 1
[    0.304252] Loading compiled-in X.509 certificates
[    0.307487] Demotion targets for Node 0: null
[    0.307564] Key type .fscrypt registered
[    0.307567] Key type fscrypt-provisioning registered
[    0.307660] PM:   Magic number: 6:932:654
[    0.307703] acpi LNXCPU:07: hash matches
[    0.308723] RAS: Correctable Errors collector initialized.
[    0.312286] clk: Disabling unused clocks
[    0.312291] PM: genpd: Disabling unused power domains
[    0.313289] Freeing unused decrypted memory: 2028K
[    0.313750] Freeing unused kernel image (initmem) memory: 3416K
[    0.313780] Write protecting the kernel read-only data: 30720k
[    0.314227] Freeing unused kernel image (rodata/data gap) memory: 1744K
[    0.327604] x86/mm: Checked W+X mappings: passed, no W+X pages found.
[    0.327610] Run /init as init process
[    0.327612]   with arguments:
[    0.327613]     /init
[    0.327614]   with environment:
[    0.327615]     HOME=/
[    0.327616]     TERM=linux
[    0.330090] fbcon: Taking over console
[    0.333016] Console: switching to colour frame buffer device 160x50
[    0.360823] stage-1-init: [Mon Apr 27 22:36:19 UTC 2026] loading module dm_mod...
[    0.372262] device-mapper: ioctl: 4.48.0-ioctl (2023-03-01) initialised: dm-devel@lists.linux.dev
[    0.373704] stage-1-init: [Mon Apr 27 22:36:19 UTC 2026] running udev...
[    0.385344] stage-1-init: [Mon Apr 27 22:36:19 UTC 2026] Starting systemd-udevd version 258.5
[    0.508802] xhci_hcd 0000:00:14.0: xHCI Host Controller
[    0.508813] xhci_hcd 0000:00:14.0: new USB bus registered, assigned bus number 1
[    0.509952] xhci_hcd 0000:00:14.0: hcc params 0x200077c1 hci version 0x100 quirks 0x000000000004b810
[    0.518907] SCSI subsystem initialized
[    0.520032] xhci_hcd 0000:00:14.0: xHCI Host Controller
[    0.520043] xhci_hcd 0000:00:14.0: new USB bus registered, assigned bus number 2
[    0.520055] xhci_hcd 0000:00:14.0: Host supports USB 3.0 SuperSpeed
[    0.520158] usb usb1: New USB device found, idVendor=1d6b, idProduct=0002, bcdDevice= 6.12
[    0.520164] usb usb1: New USB device strings: Mfr=3, Product=2, SerialNumber=1
[    0.520167] usb usb1: Product: xHCI Host Controller
[    0.520169] usb usb1: Manufacturer: Linux 6.12.80 xhci-hcd
[    0.520171] usb usb1: SerialNumber: 0000:00:14.0
[    0.520365] hub 1-0:1.0: USB hub found
[    0.520382] hub 1-0:1.0: 9 ports detected
[    0.521756] usb usb2: New USB device found, idVendor=1d6b, idProduct=0003, bcdDevice= 6.12
[    0.521761] usb usb2: New USB device strings: Mfr=3, Product=2, SerialNumber=1
[    0.521764] usb usb2: Product: xHCI Host Controller
[    0.521766] usb usb2: Manufacturer: Linux 6.12.80 xhci-hcd
[    0.521768] usb usb2: SerialNumber: 0000:00:14.0
[    0.521924] hub 2-0:1.0: USB hub found
[    0.521942] hub 2-0:1.0: 4 ports detected
[    0.541091] libata version 3.00 loaded.
[    0.545449] ahci 0000:04:00.0: version 3.0
[    0.555865] ahci 0000:04:00.0: AHCI vers 0001.0300, 32 command slots, 6 Gbps, SATA mode
[    0.555872] ahci 0000:04:00.0: 1/1 ports implemented (port mask 0x1)
[    0.555874] ahci 0000:04:00.0: flags: 64bit ncq led clo only pio ccc 
[    0.556224] scsi host0: ahci
[    0.556333] ata1: SATA max UDMA/133 abar m8192@0xb0700000 port 0xb0700100 irq 16 lpm-pol 1
[    0.758700] usb 1-3: new full-speed USB device number 2 using xhci_hcd
[    0.860859] ata1: SATA link up 6.0 Gbps (SStatus 133 SControl 300)
[    0.861086] ata1.00: LPM support broken, forcing max_power
[    0.861219] ata1.00: unexpected _GTF length (8)
[    0.861329] ata1.00: ATA-8: APPLE SSD SM0512F, UXM2JA1Q, max UDMA/133
[    0.861416] ata1.00: 977105060 sectors, multi 16: LBA48 NCQ (depth 32), AA
[    0.861711] ata1.00: LPM support broken, forcing max_power
[    0.861800] ata1.00: unexpected _GTF length (8)
[    0.862001] ata1.00: configured for UDMA/133
[    0.862340] scsi 0:0:0:0: Direct-Access     ATA      APPLE SSD SM0512 JA1Q PQ: 0 ANSI: 5
[    0.868510] sd 0:0:0:0: [sda] 977105060 512-byte logical blocks: (500 GB/466 GiB)
[    0.868515] sd 0:0:0:0: [sda] 4096-byte physical blocks
[    0.868522] sd 0:0:0:0: [sda] Write Protect is off
[    0.868525] sd 0:0:0:0: [sda] Mode Sense: 00 3a 00 00
[    0.868533] sd 0:0:0:0: [sda] Write cache: enabled, read cache: enabled, doesn't support DPO or FUA
[    0.868550] sd 0:0:0:0: [sda] Preferred minimum I/O size 4096 bytes
[    0.878788]  sda: sda1 sda2
[    0.879070] sd 0:0:0:0: [sda] Attached SCSI disk
[    0.882789] usb 1-3: New USB device found, idVendor=0a5c, idProduct=4500, bcdDevice= 1.00
[    0.882797] usb 1-3: New USB device strings: Mfr=1, Product=2, SerialNumber=0
[    0.882802] usb 1-3: Product: BRCM20702 Hub
[    0.882805] usb 1-3: Manufacturer: Apple Inc.
[    0.883610] hub 1-3:1.0: USB hub found
[    0.883716] hub 1-3:1.0: 3 ports detected
[    0.907979] stage-1-init: [Mon Apr 27 22:36:19 UTC 2026] starting device mapper and LVM...
[    0.945218] stage-1-init: [Mon Apr 27 22:36:19 UTC 2026] checking /dev/disk/by-uuid/6d0ce22e-97a0-4e60-ab8f-6ef8ff706b60...
[    0.946047] stage-1-init: [Mon Apr 27 22:36:19 UTC 2026] fsck (busybox 1.36.1)
[    0.946825] stage-1-init: [Mon Apr 27 22:36:19 UTC 2026] [fsck.ext4 (1) -- /mnt-root/] fsck.ext4 -a /dev/disk/by-uuid/6d0ce22e-97a0-4e60-ab8f-6ef8ff706b60
[    0.951184] stage-1-init: [Mon Apr 27 22:36:19 UTC 2026] /dev/disk/by-uuid/6d0ce22e-97a0-4e60-ab8f-6ef8ff706b60: clean, 2072696/30507008 files, 65086042/122004586 blocks
[    0.959197] stage-1-init: [Mon Apr 27 22:36:19 UTC 2026] mounting /dev/disk/by-uuid/6d0ce22e-97a0-4e60-ab8f-6ef8ff706b60 on /...
[    0.997379] usb 2-2: new SuperSpeed USB device number 2 using xhci_hcd
[    1.009463] usb 2-2: New USB device found, idVendor=0846, idProduct=9053, bcdDevice= 1.00
[    1.009475] usb 2-2: New USB device strings: Mfr=1, Product=2, SerialNumber=3
[    1.009481] usb 2-2: Product: A6210
[    1.009485] usb 2-2: Manufacturer: NETGEAR
[    1.009489] usb 2-2: SerialNumber: 100
[    1.028533] EXT4-fs (sda2): mounted filesystem 6d0ce22e-97a0-4e60-ab8f-6ef8ff706b60 r/w with ordered data mode. Quota mode: none.
[    1.121658] usb 1-5: new full-speed USB device number 3 using xhci_hcd
[    1.182788] EXT4-fs (sda2): re-mounted 6d0ce22e-97a0-4e60-ab8f-6ef8ff706b60.
[    1.183219] booting system configuration /nix/store/g854l90djjbq2vnsgxf40c779dhzmdpx-nixos-system-nixos-25.11.9067.54170c54449e
[    1.217173] stage-2-init: running activation script...
[    1.223701] tsc: Refined TSC clocksource calibration: 2599.999 MHz
[    1.223711] clocksource: tsc: mask: 0xffffffffffffffff max_cycles: 0x257a3b2ad7e, max_idle_ns: 440795282337 ns
[    1.223734] clocksource: Switched to clocksource tsc
[    1.250321] usb 1-5: New USB device found, idVendor=05ac, idProduct=025a, bcdDevice= 2.24
[    1.250326] usb 1-5: New USB device strings: Mfr=1, Product=2, SerialNumber=0
[    1.250329] usb 1-5: Product: Apple Internal Keyboard / Trackpad
[    1.250330] usb 1-5: Manufacturer: Apple Inc.
[    1.356798] usb 2-3: new SuperSpeed USB device number 3 using xhci_hcd
[    1.370001] usb 2-3: New USB device found, idVendor=05ac, idProduct=8406, bcdDevice= 8.20
[    1.370005] usb 2-3: New USB device strings: Mfr=3, Product=4, SerialNumber=5
[    1.370007] usb 2-3: Product: Card Reader
[    1.370009] usb 2-3: Manufacturer: Apple
[    1.370010] usb 2-3: SerialNumber: 000000000820
[    1.408347] stage-2-init: setting up /etc...
[    1.430657] usb 1-3.1: new full-speed USB device number 4 using xhci_hcd
[    1.505361] usb 1-3.1: New USB device found, idVendor=05ac, idProduct=820a, bcdDevice= 1.00
[    1.505367] usb 1-3.1: New USB device strings: Mfr=0, Product=0, SerialNumber=0
[    1.578679] usb 1-3.2: new full-speed USB device number 5 using xhci_hcd
[    1.612942] systemd[1]: Inserted module 'autofs4'
[    1.654408] usb 1-3.2: New USB device found, idVendor=05ac, idProduct=820b, bcdDevice= 1.00
[    1.654422] usb 1-3.2: New USB device strings: Mfr=0, Product=0, SerialNumber=0
[    1.720658] usb 1-3.3: new full-speed USB device number 6 using xhci_hcd
[    1.795611] usb 1-3.3: New USB device found, idVendor=05ac, idProduct=8289, bcdDevice= 1.50
[    1.795617] usb 1-3.3: New USB device strings: Mfr=1, Product=2, SerialNumber=0
[    1.795620] usb 1-3.3: Product: Bluetooth USB Host Controller
[    1.795622] usb 1-3.3: Manufacturer: Apple Inc.
[    2.599679] systemd[1]: systemd 258.5 running in system mode (+PAM +AUDIT -SELINUX +APPARMOR +IMA +IPE +SMACK +SECCOMP +GCRYPT -GNUTLS +OPENSSL +ACL +BLKID +CURL +ELFUTILS +FIDO2 +IDN2 -IDN -IPTC +KMOD +LIBCRYPTSETUP +LIBCRYPTSETUP_PLUGINS +LIBFDISK +PCRE2 +PWQUALITY +P11KIT +QRENCODE +TPM2 +BZIP2 +LZ4 +XZ +ZLIB +ZSTD +BPF_FRAMEWORK -BTF -XKBCOMMON +UTMP -SYSVINIT +LIBARCHIVE)
[    2.599688] systemd[1]: Detected architecture x86-64.
[    2.603910] systemd[1]: Hostname set to <nixos>.
[    2.800713] systemd[1]: bpf-restrict-fs: LSM BPF program attached
[    3.088451] systemd[1]: /etc/systemd/system/cups.socket:5: ListenStream= references a path below legacy directory /var/run/, updating /var/run/cups/cups.sock → /run/cups/cups.sock; please update the unit file accordingly.
[    3.094826] systemd[1]: Queued start job for default target Multi-User System.
[    3.121650] systemd[1]: Created slice Slice /system/getty.
[    3.122163] systemd[1]: Created slice Slice /system/modprobe.
[    3.122605] systemd[1]: Created slice Slice /system/systemd-fsck.
[    3.123062] systemd[1]: Created slice User and Session Slice.
[    3.123168] systemd[1]: Started Dispatch Password Requests to Console Directory Watch.
[    3.123267] systemd[1]: Started Forward Password Requests to Wall Directory Watch.
[    3.123346] systemd[1]: Expecting device /dev/disk/by-uuid/B4F5-DAC1...
[    3.123398] systemd[1]: Expecting device /dev/input/mice...
[    3.123446] systemd[1]: Reached target Local Encrypted Volumes.
[    3.123509] systemd[1]: Reached target Virtual Machines and Containers.
[    3.123572] systemd[1]: Reached target Path Units.
[    3.123998] systemd[1]: Reached target Remote File Systems.
[    3.124113] systemd[1]: Reached target Slice Units.
[    3.125428] systemd[1]: Listening on Process Core Dump Socket.
[    3.126367] systemd[1]: Listening on Credential Encryption/Decryption.
[    3.126714] systemd[1]: Listening on Journal Audit Socket.
[    3.126906] systemd[1]: Listening on Journal Socket (/dev/log).
[    3.127058] systemd[1]: Listening on Journal Sockets.
[    3.127223] systemd[1]: Listening on Userspace Out-Of-Memory (OOM) Killer Socket.
[    3.127306] systemd[1]: Make TPM PCR Policy skipped, unmet condition check ConditionSecurity=measured-uki
[    3.127381] systemd[1]: Listening on udev Control Socket.
[    3.127484] systemd[1]: Listening on udev Kernel Socket.
[    3.129043] systemd[1]: Mounting Huge Pages File System...
[    3.130181] systemd[1]: Mounting POSIX Message Queue File System...
[    3.131846] systemd[1]: Mounting Kernel Debug File System...
[    3.133430] systemd[1]: Mounting Kernel Trace File System...
[    3.141842] systemd[1]: Starting Create List of Static Device Nodes...
[    3.143189] systemd[1]: Starting Load Kernel Module configfs...
[    3.145172] systemd[1]: Load Kernel Module drm skipped, unmet condition check ConditionKernelModuleLoaded=!drm
[    3.146996] systemd[1]: Starting Load Kernel Module efi_pstore...
[    3.151514] systemd[1]: Starting Load Kernel Module fuse...
[    3.152279] (modprobe)[370]: modprobe@configfs.service: modprobe@configfs.service: Unable to locate executable 'modprobe': No such file or directory
[    3.155209] systemd[1]: File System Check on Root Device skipped, unmet condition check ConditionPathIsReadWrite=!/
[    3.155307] systemd[1]: Clear Stale Hibernate Storage Info skipped, unmet condition check ConditionPathExists=/sys/firmware/efi/efivars/HibernateLocation-8cf2644b-4b0b-428f-9387-6d876050dc67
[    3.156490] (modprobe)[371]: modprobe@efi_pstore.service: modprobe@efi_pstore.service: Unable to locate executable 'modprobe': No such file or directory
[    3.157686] systemd[1]: Starting Journal Service...
[    3.158098] (modprobe)[372]: modprobe@fuse.service: modprobe@fuse.service: Unable to locate executable 'modprobe': No such file or directory
[    3.163173] systemd[1]: Starting Load Kernel Modules...
[    3.167685] systemd[1]: Starting Remount Root and Kernel File Systems...
[    3.169690] systemd[1]: Early TPM SRK Setup skipped, unmet condition check ConditionSecurity=measured-uki
[    3.173870] systemd[1]: Starting Coldplug All udev Devices...
[    3.181096] systemd[1]: Mounted Huge Pages File System.
[    3.185124] systemd[1]: Mounted POSIX Message Queue File System.
[    3.186581] systemd[1]: Mounted Kernel Debug File System.
[    3.190003] systemd[1]: Mounted Kernel Trace File System.
[    3.193796] EXT4-fs (sda2): re-mounted 6d0ce22e-97a0-4e60-ab8f-6ef8ff706b60.
[    3.195060] systemd[1]: Finished Create List of Static Device Nodes.
[    3.198485] systemd-journald[373]: Collecting audit messages is enabled.
[    3.199750] systemd[1]: modprobe@configfs.service: Deactivated successfully.
[    3.200956] systemd[1]: Finished Load Kernel Module configfs.
[    3.202768] systemd[1]: modprobe@efi_pstore.service: Deactivated successfully.
[    3.203028] systemd[1]: Finished Load Kernel Module efi_pstore.
[    3.205299] systemd[1]: modprobe@fuse.service: Deactivated successfully.
[    3.205696] systemd[1]: Finished Load Kernel Module fuse.
[    3.208319] systemd[1]: Finished Remount Root and Kernel File Systems.
[    3.210981] systemd[1]: FUSE Control File System skipped, unmet condition check ConditionPathExists=/sys/fs/fuse/connections
[    3.211134] systemd[1]: Kernel Configuration File System skipped, unmet condition check ConditionPathExists=/sys/kernel/config
[    3.211218] systemd[1]: Platform Persistent Storage Archival skipped, unmet condition check ConditionDirectoryNotEmpty=/sys/fs/pstore
[    3.213824] systemd[1]: Starting Load/Save OS Random Seed...
[    3.219301] systemd[1]: Starting Network Time Synchronization...
[    3.230808] systemd[1]: Starting Create Static Device Nodes in /dev gracefully...
[    3.233059] systemd[1]: TPM SRK Setup skipped, unmet condition check ConditionSecurity=measured-uki
[    3.265461] systemd[1]: Finished Load/Save OS Random Seed.
[    3.267218] systemd[1]: First Boot Complete skipped, unmet condition check ConditionFirstBoot=yes
[    3.274350] systemd[1]: Finished Create Static Device Nodes in /dev gracefully.
[    3.283814] systemd[1]: Starting Create Static Device Nodes in /dev...
[    3.349743] systemd[1]: Started Journal Service.
[    3.389488] systemd-journald[373]: Received client request to flush runtime journal.
[    3.405239] loop: module loaded
[    3.481808] Adding 8388604k swap on /var/lib/swapfile.  Priority:-2 extents:67 across:64225280k SS
[    3.646812] input: Lid Switch as /devices/LNXSYSTM:00/LNXSYBUS:00/PNP0C0D:00/input/input0
[    3.651573] ACPI: button: Lid Switch [LID0]
[    3.651782] input: Power Button as /devices/LNXSYSTM:00/LNXSYBUS:00/PNP0C0C:00/input/input1
[    3.651830] ACPI: button: Power Button [PWRB]
[    3.651896] input: Sleep Button as /devices/LNXSYSTM:00/LNXSYBUS:00/PNP0C0E:00/input/input2
[    3.651931] ACPI: button: Sleep Button [SLPB]
[    3.652439] input: Power Button as /devices/LNXSYSTM:00/LNXPWRBN:00/input/input3
[    3.652846] ACPI: button: Power Button [PWRF]
[    3.654589] ACPI: AC: AC Adapter [ADP1] (on-line)
[    3.756270] rtc_cmos 00:02: RTC can wake from S4
[    3.761351] smbus_hc ACPI0001:00: SBS HC: offset = 0x20, query_bit = 0x10
[    3.778335] rtc_cmos 00:02: registered as rtc0
[    3.778381] rtc_cmos 00:02: setting system clock to 2026-04-27T22:36:22 UTC (1777329382)
[    3.778429] rtc_cmos 00:02: alarms up to one month, y3k, 242 bytes nvram
[    3.779215] systemd-journald[373]: Time jumped backwards, rotating.
[    3.906201] ACPI: Smart Battery System [SBS0]: Battery Slot [BAT0] (battery present)
[    3.955774] pstore: Using crash dump compression: deflate
[    3.958462] cfg80211: Loading compiled-in X.509 certificates for regulatory database
[    3.965808] Loaded X.509 cert 'sforshee: 00b28ddf47aef9cea7'
[    3.966111] Loaded X.509 cert 'wens: 61c038651aabdcf94bd0ac7ff06c7248db18c600'
[    4.005917] ACPI: bus type thunderbolt registered
[    4.006749] thunderbolt 0000:07:00.0: device link creation from 0000:06:00.0 failed
[    4.034717] RAPL PMU: API unit is 2^-32 Joules, 4 fixed counters, 655360 ms ovfl timer
[    4.034722] RAPL PMU: hw unit of domain pp0-core 2^-14 Joules
[    4.034724] RAPL PMU: hw unit of domain package 2^-14 Joules
[    4.034725] RAPL PMU: hw unit of domain dram 2^-14 Joules
[    4.034726] RAPL PMU: hw unit of domain pp1-gpu 2^-14 Joules
[    4.051302] i801_smbus 0000:00:1f.3: SMBus using PCI interrupt
[    4.058566] cryptd: max_cpu_qlen set to 1000
[    4.062171] snd_hda_codec_cirrus hdaudioC0D0: autoconfig for CS4208: line_outs=2 (0x12/0x13/0x0/0x0/0x0) type:speaker
[    4.062180] snd_hda_codec_cirrus hdaudioC0D0:    speaker_outs=0 (0x0/0x0/0x0/0x0/0x0)
[    4.062183] snd_hda_codec_cirrus hdaudioC0D0:    hp_outs=1 (0x10/0x0/0x0/0x0/0x0)
[    4.062187] snd_hda_codec_cirrus hdaudioC0D0:    mono: mono_out=0x0
[    4.062189] snd_hda_codec_cirrus hdaudioC0D0:    dig-out=0x21/0x0
[    4.062191] snd_hda_codec_cirrus hdaudioC0D0:    inputs:
[    4.062193] snd_hda_codec_cirrus hdaudioC0D0:      Mic=0x18
[    4.062195] snd_hda_codec_cirrus hdaudioC0D0:      Internal Mic=0x1c
[    4.069098] AES CTR mode by8 optimization enabled
[    4.076973] input: HDA Intel PCH Mic as /devices/pci0000:00/0000:00:1b.0/sound/card0/input4
[    4.077049] input: HDA Intel PCH Headphone as /devices/pci0000:00/0000:00:1b.0/sound/card0/input5
[    4.077110] input: HDA Intel PCH SPDIF as /devices/pci0000:00/0000:00:1b.0/sound/card0/input6
[    4.077152] wl: loading out-of-tree module taints kernel.
[    4.077159] wl: module license 'MIXED/Proprietary' taints kernel.
[    4.077161] Disabling lock debugging due to kernel taint
[    4.077163] wl: module license taints kernel.
[    4.088036] You are using the Broadcom STA wireless driver, which is not maintained and is incompatible with Linux kernel security mitigations. It is heavily recommended to replace the hardware and remove the driver. Proceed at your own risk!
[    4.088041] ------------[ cut here ]------------
[    4.088043] Unpatched return thunk in use. This should not happen!
[    4.088047] WARNING: CPU: 1 PID: 483 at arch/x86/kernel/cpu/bugs.c:3484 __warn_thunk+0x2c/0x40
[    4.088055] Modules linked in: polyval_clmulni polyval_generic ghash_clmulni_intel sha512_ssse3 wl(PO+) sha256_ssse3 sha1_ssse3 aesni_intel applesmc(+) snd_hda_codec_cirrus gf128mul crypto_simd snd_hda_codec_generic cryptd i2c_i801 rapl intel_cstate mei_hdcp evdev mei_pxp mac_hid led_class i2c_smbus thunderbolt(+) intel_uncore lpc_ich efi_pstore(+) i2c_mux snd_hda_intel cfg80211 snd_intel_dspcfg drm_buddy acpi_als ttm industrialio_triggered_buffer snd_intel_sdw_acpi drm_display_helper sbs snd_hda_codec kfifo_buf industrialio snd_hda_core rfkill rtc_cmos sbshc cec snd_hwdep snd_pcm mei_me intel_gtt snd_timer snd mei i2c_algo_bit video tiny_power_button ac wmi soundcore button xt_conntrack nf_conntrack nf_defrag_ipv6 nf_defrag_ipv4 ip6t_rpfilter ipt_rpfilter xt_pkttype xt_LOG nf_log_syslog xt_tcpudp nft_compat x_tables nf_tables libcrc32c sch_fq_codel msr loop kvm_intel kvm irqbypass atkbd libps2 serio vivaldi_fmap nfnetlink efivarfs dmi_sysfs autofs4 ext4 crc32c_generic crc16 mbcache jbd2 sd_mod ahci libahci libata
[    4.088155]  crc32c_intel scsi_mod xhci_pci xhci_hcd scsi_common dm_mod dax
[    4.088165] CPU: 1 UID: 0 PID: 483 Comm: (udev-worker) Tainted: P           O       6.12.80 #1-NixOS
[    4.088170] Tainted: [P]=PROPRIETARY_MODULE, [O]=OOT_MODULE
[    4.088171] Hardware name: Apple Inc. MacBookPro11,1/Mac-189A3D4F975D5FFC, BIOS 478.0.0.0.0 01/13/2023
[    4.088173] RIP: 0010:__warn_thunk+0x2c/0x40
[    4.088177] Code: 1f 00 0f 1f 44 00 00 80 3d f7 33 fd 01 00 74 05 c3 cc cc cc cc c6 05 e9 33 fd 01 01 90 48 c7 c7 18 a3 40 b2 e8 35 20 06 00 90 <0f> 0b 90 90 c3 cc cc cc cc 66 2e 0f 1f 84 00 00 00 00 00 90 90 90
[    4.088179] RSP: 0000:ffffd34a40877c88 EFLAGS: 00010282
[    4.088183] RAX: 0000000000000000 RBX: 0000000000000000 RCX: 0000000000000027
[    4.088185] RDX: ffff89fee72a3ac8 RSI: 0000000000000001 RDI: ffff89fee72a3ac0
[    4.088187] RBP: ffffd34a40877cd8 R08: 0000000000000000 R09: ffffd34a40877b18
[    4.088188] R10: ffffffffb2d0d1e8 R11: 0000000000000003 R12: ffffffffc1854ba4
[    4.088190] R13: ffffd34a40877d28 R14: ffff89fd8e2f3600 R15: ffff89fd8c7d0ec0
[    4.088192] FS:  00007f84ba499880(0000) GS:ffff89fee7280000(0000) knlGS:0000000000000000
[    4.088194] CS:  0010 DS: 0000 ES: 0000 CR0: 0000000080050033
[    4.088196] CR2: 00007facc2851000 CR3: 000000010e2ca003 CR4: 00000000001726f0
[    4.088198] Call Trace:
[    4.088201]  <TASK>
[    4.088203]  warn_thunk_thunk+0x1a/0x30
[    4.088211]  getvar+0x20/0x70 [wl]
[    4.088261]  ? __UNIQUE_ID_vermagic575+0x2cb57d7b047a/0x2cb57d7b047a [wl]
[    4.088304]  wl_module_init+0x27/0xb0 [wl]
[    4.088346]  do_one_initcall+0x58/0x310
[    4.088352]  do_init_module+0xad/0x280
[    4.088356]  init_module_from_file+0x86/0xc0
[    4.088364]  idempotent_init_module+0x11e/0x310
[    4.088369]  __x64_sys_finit_module+0x5e/0xb0
[    4.088375]  do_syscall_64+0xb7/0x200
[    4.088381]  entry_SYSCALL_64_after_hwframe+0x77/0x7f
[    4.088387] RIP: 0033:0x7f84ba3208bd
[    4.088398] Code: ff c3 66 2e 0f 1f 84 00 00 00 00 00 90 f3 0f 1e fa 48 89 f8 48 89 f7 48 89 d6 48 89 ca 4d 89 c2 4d 89 c8 4c 8b 4c 24 08 0f 05 <48> 3d 01 f0 ff ff 73 01 c3 48 8b 0d 3b 85 0d 00 f7 d8 64 89 01 48
[    4.088402] RSP: 002b:00007ffc03a95798 EFLAGS: 00000246 ORIG_RAX: 0000000000000139
[    4.088405] RAX: ffffffffffffffda RBX: 000055a70137f100 RCX: 00007f84ba3208bd
[    4.088406] RDX: 0000000000000000 RSI: 00007f84ba493304 RDI: 0000000000000031
[    4.088408] RBP: 00007ffc03a957e0 R08: 0000000000000000 R09: 000055a70111fb90
[    4.088409] R10: 0000000000000000 R11: 0000000000000246 R12: 0000000000000000
[    4.088411] R13: 00007f84ba493304 R14: 0000000000020000 R15: 000055a70132a490
[    4.088416]  </TASK>
[    4.088417] ---[ end trace 0000000000000000 ]---
[    4.116637] wl driver 6.30.223.271 (r587334) failed with code 1
[    4.116646] ERROR @wl_cfg80211_detach : 
[    4.116647] NULL ndev->ieee80211ptr, unable to deref wl
[    4.251960] applesmc: key=571 fan=1 temp=32 index=31 acc=0 lux=2 kbd=1
[    4.254864] applesmc applesmc.768: hwmon_device_register() is deprecated. Please convert the driver to use hwmon_device_register_with_info().
[    4.556244] pstore: Registered efi_pstore as persistent store backend
[    4.704113] intel_rapl_common: Found RAPL domain package
[    4.704122] intel_rapl_common: Found RAPL domain core
[    4.704124] intel_rapl_common: Found RAPL domain uncore
[    4.704126] intel_rapl_common: Found RAPL domain dram
[    4.704213] iTCO_wdt iTCO_wdt.1.auto: unable to reset NO_REBOOT flag, device disabled by hardware/BIOS
[    4.707654] i915 0000:00:02.0: [drm] Found HASWELL/ULT (device ID 0a2e) display version 7.00 stepping N/A
[    4.708139] i915 0000:00:02.0: [drm] VT-d active for gfx access
[    4.722764] Console: switching to colour dummy device 80x25
[    4.731435] i915 0000:00:02.0: vgaarb: deactivate vga console
[    4.732182] i915 0000:00:02.0: [drm] Using Transparent Hugepages
[    4.732187] i915 0000:00:02.0: [drm] DMAR active, disabling use of stolen memory
[    4.734401] Creating 1 MTD partitions on "intel-spi":
[    4.734409] 0x000000000000-0x000000800000 : "BIOS"
[    4.735730] i915 0000:00:02.0: vgaarb: VGA decodes changed: olddecodes=io+mem,decodes=io+mem:owns=io+mem
[    4.805106] i915 0000:00:02.0: [drm] Skipping intel_backlight registration
[    4.806045] [drm] Initialized i915 1.6.0 for 0000:00:02.0 on minor 1
[    4.807206] ACPI: video: Video Device [IGPU] (multi-head: yes  rom: no  post: no)
[    4.807395] input: Video Bus as /devices/LNXSYSTM:00/LNXSYBUS:00/PNP0A08:00/LNXVIDEO:00/input/input7
[    4.809050] acpi device:02: registered as cooling_device5
[    4.837720] fbcon: i915drmfb (fb0) is primary device
[    4.870689] Console: switching to colour frame buffer device 160x50
[    4.890703] i915 0000:00:02.0: [drm] fb0: i915drmfb frame buffer device
[    4.920550] snd_hda_intel 0000:00:03.0: bound 0000:00:02.0 (ops i915_audio_component_bind_ops [i915])
[    4.934905] input: HDA Intel HDMI HDMI/DP,pcm=3 as /devices/pci0000:00/0000:00:03.0/sound/card1/input8
[    4.935094] input: HDA Intel HDMI HDMI/DP,pcm=7 as /devices/pci0000:00/0000:00:03.0/sound/card1/input9
[    4.935529] input: HDA Intel HDMI HDMI/DP,pcm=8 as /devices/pci0000:00/0000:00:03.0/sound/card1/input10
[    4.945707] pcieport 0000:00:1c.0: Enabling MPC IRBNCE
[    4.945714] pcieport 0000:00:1c.0: Intel PCH root port ACS workaround enabled
[    5.034581] usbcore: registered new device driver apple-mfi-fastcharge
[    5.057320] input: bcm5974 as /devices/pci0000:00/0000:00:14.0/usb1/1-5/1-5:1.2/input/input11
[    5.059748] usbcore: registered new interface driver bcm5974
[    5.079588] hid: raw HID events driver (C) Jiri Kosina
[    5.121802] usbcore: registered new interface driver usbhid
[    5.121806] usbhid: USB HID core driver
[    5.131822] input: HID 05ac:820a as /devices/pci0000:00/0000:00:14.0/usb1/1-3/1-3.1/1-3.1:1.0/0003:05AC:820A.0003/input/input12
[    5.161558] usb-storage 2-3:1.0: USB Mass Storage device detected
[    5.167651] scsi host1: usb-storage 2-3:1.0
[    5.170500] usbcore: registered new interface driver usb-storage
[    5.174781] usbcore: registered new interface driver uas
[    5.183375] hid-generic 0003:05AC:820A.0003: input,hidraw0: USB HID v1.11 Keyboard [HID 05ac:820a] on usb-0000:00:14.0-3.1/input0
[    5.183594] input: HID 05ac:820b as /devices/pci0000:00/0000:00:14.0/usb1/1-3/1-3.2/1-3.2:1.0/0003:05AC:820B.0004/input/input13
[    5.184452] hid-generic 0003:05AC:820B.0004: input,hidraw1: USB HID v1.11 Mouse [HID 05ac:820b] on usb-0000:00:14.0-3.2/input0
[    5.184468] mousedev: PS/2 mouse device common for all mice
[    5.192901] input: Apple Inc. Apple Internal Keyboard / Trackpad as /devices/pci0000:00/0000:00:14.0/usb1/1-5/1-5:1.0/0003:05AC:025A.0001/input/input14
[    5.245938] apple 0003:05AC:025A.0001: input,hidraw2: USB HID v1.11 Keyboard [Apple Inc. Apple Internal Keyboard / Trackpad] on usb-0000:00:14.0-5/input0
[    5.246254] apple 0003:05AC:025A.0002: hidraw3: USB HID v1.11 Device [Apple Inc. Apple Internal Keyboard / Trackpad] on usb-0000:00:14.0-5/input1
[    5.476222] usb 2-2: reset SuperSpeed USB device number 2 using xhci_hcd
[    5.489745] mt76x2u 2-2:1.0: ASIC revision: 76120044
[    5.502102] mt76x2u 2-2:1.0: ROM patch build: 20141115060606a
[    5.681362] mt76x2u 2-2:1.0: Firmware Version: 0.0.00
[    5.681373] mt76x2u 2-2:1.0: Build: 1
[    5.681376] mt76x2u 2-2:1.0: Build Time: 201507311614____
[    5.840426] Bluetooth: Core ver 2.22
[    5.840449] NET: Registered PF_BLUETOOTH protocol family
[    5.840450] Bluetooth: HCI device and connection manager initialized
[    5.840454] Bluetooth: HCI socket layer initialized
[    5.840457] Bluetooth: L2CAP socket layer initialized
[    5.840460] Bluetooth: SCO socket layer initialized
[    5.905070] usbcore: registered new interface driver btusb
[    5.983466] usb 1-3.1: USB disconnect, device number 4
[    6.015376] Bluetooth: hci0: BCM: chip id 73 build 1127
[    6.016374] Bluetooth: hci0: BCM: product 05ac:8289
[    6.017378] Bluetooth: hci0: BCM: features 0x07
[    6.033368] Bluetooth: hci0: BCM20702B0 Generic USB Class 1 @ 20 MHz
[    6.163022] usb 1-3.2: USB disconnect, device number 5
[    6.217454] scsi 1:0:0:0: Direct-Access     APPLE    SD Card Reader   3.00 PQ: 0 ANSI: 6
[    6.218479] sd 1:0:0:0: [sdb] Media removed, stopped polling
[    6.219023] sd 1:0:0:0: [sdb] Attached SCSI removable disk
[    6.341607] ieee80211 phy0: Selected rate control algorithm 'minstrel_ht'
[    6.342195] usbcore: registered new interface driver mt76x2u
[    6.683311] mt76x2u 2-2:1.0 wlp0s20u2: renamed from wlan0
[    7.725116] NET: Registered PF_PACKET protocol family
[   17.052622] wlp0s20u2: authenticate with 60:83:e7:3f:8a:8b (local address=2c:30:33:a7:29:5a)
[   17.052639] wlp0s20u2: send auth to 60:83:e7:3f:8a:8b (try 1/3)
[   17.057284] wlp0s20u2: authenticated
[   17.057640] wlp0s20u2: associate with 60:83:e7:3f:8a:8b (try 1/3)
[   17.069779] wlp0s20u2: RX AssocResp from 60:83:e7:3f:8a:8b (capab=0x1511 status=0 aid=5)
[   17.072382] wlp0s20u2: associated
[   17.104753] wlp0s20u2: Limiting TX power to 20 (23 - 3) dBm as advertised by 60:83:e7:3f:8a:8b
