[    0.194409] pci 0000:00:1c.1:   bridge window [mem 0x90000000-0x9fffffff 64bit pref]
[    0.194414] pci 0000:00:1c.2: PCI bridge to [bus 03]
[    0.194418] pci 0000:00:1c.2:   bridge window [mem 0xb0400000-0xb06fffff]
[    0.194431] pci 0000:06:00.0: bridge window [mem size 0x00200000 64bit pref]: can't assign; no space
[    0.194433] pci 0000:06:00.0: bridge window [mem size 0x00200000 64bit pref]: failed to assign
[    0.194435] pci 0000:06:04.0: bridge window [mem size 0x00200000]: can't assign; no space
[    0.194437] pci 0000:06:04.0: bridge window [mem size 0x00200000]: failed to assign
[    0.194439] pci 0000:06:04.0: bridge window [mem size 0x00200000 64bit pref]: can't assign; no space
[    0.194441] pci 0000:06:04.0: bridge window [mem size 0x00200000 64bit pref]: failed to assign
[    0.194442] pci 0000:06:06.0: bridge window [mem size 0x00200000]: can't assign; no space
[    0.194444] pci 0000:06:06.0: bridge window [mem size 0x00200000]: failed to assign
[    0.194446] pci 0000:06:06.0: bridge window [mem size 0x00200000 64bit pref]: can't assign; no space
[    0.194448] pci 0000:06:06.0: bridge window [mem size 0x00200000 64bit pref]: failed to assign
[    0.194449] pci 0000:06:00.0: bridge window [io  size 0x1000]: can't assign; no space
[    0.194451] pci 0000:06:00.0: bridge window [io  size 0x1000]: failed to assign
[    0.194453] pci 0000:06:04.0: bridge window [io  size 0x1000]: can't assign; no space
[    0.194454] pci 0000:06:04.0: bridge window [io  size 0x1000]: failed to assign
[    0.194456] pci 0000:06:06.0: bridge window [io  size 0x1000]: can't assign; no space
[    0.194457] pci 0000:06:06.0: bridge window [io  size 0x1000]: failed to assign
[    0.194460] pci 0000:06:06.0: bridge window [mem size 0x00200000]: can't assign; no space
[    0.194461] pci 0000:06:06.0: bridge window [mem size 0x00200000]: failed to assign
[    0.194463] pci 0000:06:06.0: bridge window [mem size 0x00200000 64bit pref]: can't assign; no space
[    0.194465] pci 0000:06:06.0: bridge window [mem size 0x00200000 64bit pref]: failed to assign
[    0.194467] pci 0000:06:06.0: bridge window [io  size 0x1000]: can't assign; no space
[    0.194468] pci 0000:06:06.0: bridge window [io  size 0x1000]: failed to assign
[    0.194470] pci 0000:06:04.0: bridge window [mem size 0x00200000]: can't assign; no space
[    0.194471] pci 0000:06:04.0: bridge window [mem size 0x00200000]: failed to assign
[    0.194473] pci 0000:06:04.0: bridge window [mem size 0x00200000 64bit pref]: can't assign; no space
[    0.194475] pci 0000:06:04.0: bridge window [mem size 0x00200000 64bit pref]: failed to assign
[    0.194476] pci 0000:06:04.0: bridge window [io  size 0x1000]: can't assign; no space
[    0.194478] pci 0000:06:04.0: bridge window [io  size 0x1000]: failed to assign
[    0.194480] pci 0000:06:00.0: bridge window [mem size 0x00200000 64bit pref]: can't assign; no space
[    0.194481] pci 0000:06:00.0: bridge window [mem size 0x00200000 64bit pref]: failed to assign
[    0.194483] pci 0000:06:00.0: bridge window [io  size 0x1000]: can't assign; no space
[    0.194485] pci 0000:06:00.0: bridge window [io  size 0x1000]: failed to assign
[    0.194487] pci 0000:06:00.0: PCI bridge to [bus 07]
[    0.194492] pci 0000:06:00.0:   bridge window [mem 0xb0b00000-0xb0bfffff]
[    0.194501] pci 0000:06:03.0: PCI bridge to [bus 08-38]
[    0.194505] pci 0000:06:03.0:   bridge window [io  0x3000-0x3fff]
[    0.194510] pci 0000:06:03.0:   bridge window [mem 0xb0c00000-0xb4bfffff]
[    0.194514] pci 0000:06:03.0:   bridge window [mem 0xbcc00000-0xc0bfffff 64bit pref]
[    0.194521] pci 0000:06:04.0: PCI bridge to [bus 39]
[    0.194534] pci 0000:06:05.0: PCI bridge to [bus 3a-6a]
[    0.194537] pci 0000:06:05.0:   bridge window [io  0x4000-0x4fff]
[    0.194542] pci 0000:06:05.0:   bridge window [mem 0xb4c00000-0xb8bfffff]
[    0.194546] pci 0000:06:05.0:   bridge window [mem 0xc0c00000-0xc4bfffff 64bit pref]
[    0.194553] pci 0000:06:06.0: PCI bridge to [bus 6b]
[    0.194565] pci 0000:05:00.0: PCI bridge to [bus 06-6b]
[    0.194568] pci 0000:05:00.0:   bridge window [io  0x3000-0x4fff]
[    0.194573] pci 0000:05:00.0:   bridge window [mem 0xb0b00000-0xb8bfffff]
[    0.194577] pci 0000:05:00.0:   bridge window [mem 0xbcc00000-0xc4bfffff 64bit pref]
[    0.194584] pci 0000:00:1c.4: PCI bridge to [bus 05-9b]
[    0.194586] pci 0000:00:1c.4:   bridge window [io  0x3000-0x5fff]
[    0.194590] pci 0000:00:1c.4:   bridge window [mem 0xb0b00000-0xbcbfffff]
[    0.194593] pci 0000:00:1c.4:   bridge window [mem 0xbcc00000-0xc8bfffff 64bit pref]
[    0.194598] pci 0000:04:00.0: ROM [mem 0xb0710000-0xb071ffff pref]: assigned
[    0.194601] pci 0000:00:1c.5: PCI bridge to [bus 04]
[    0.194605] pci 0000:00:1c.5:   bridge window [mem 0xb0700000-0xb07fffff]
[    0.194612] pci_bus 0000:00: resource 4 [io  0x0000-0x0cf7 window]
[    0.194614] pci_bus 0000:00: resource 5 [io  0x0d00-0xffff window]
[    0.194616] pci_bus 0000:00: resource 6 [mem 0x000a0000-0x000fffff window]
[    0.194617] pci_bus 0000:00: resource 7 [mem 0x8fa00000-0xfeafffff window]
[    0.194619] pci_bus 0000:00: resource 8 [mem 0xfed40000-0xfed44fff window]
[    0.194621] pci_bus 0000:02: resource 1 [mem 0xb0800000-0xb09fffff]
[    0.194622] pci_bus 0000:02: resource 2 [mem 0x90000000-0x9fffffff 64bit pref]
[    0.194624] pci_bus 0000:03: resource 1 [mem 0xb0400000-0xb06fffff]
[    0.194625] pci_bus 0000:05: resource 0 [io  0x3000-0x5fff]
[    0.194627] pci_bus 0000:05: resource 1 [mem 0xb0b00000-0xbcbfffff]
[    0.194628] pci_bus 0000:05: resource 2 [mem 0xbcc00000-0xc8bfffff 64bit pref]
[    0.194630] pci_bus 0000:06: resource 0 [io  0x3000-0x4fff]
[    0.194631] pci_bus 0000:06: resource 1 [mem 0xb0b00000-0xb8bfffff]
[    0.194633] pci_bus 0000:06: resource 2 [mem 0xbcc00000-0xc4bfffff 64bit pref]
[    0.194635] pci_bus 0000:07: resource 1 [mem 0xb0b00000-0xb0bfffff]
[    0.194636] pci_bus 0000:08: resource 0 [io  0x3000-0x3fff]
[    0.194638] pci_bus 0000:08: resource 1 [mem 0xb0c00000-0xb4bfffff]
[    0.194639] pci_bus 0000:08: resource 2 [mem 0xbcc00000-0xc0bfffff 64bit pref]
[    0.194641] pci_bus 0000:3a: resource 0 [io  0x4000-0x4fff]
[    0.194642] pci_bus 0000:3a: resource 1 [mem 0xb4c00000-0xb8bfffff]
[    0.194644] pci_bus 0000:3a: resource 2 [mem 0xc0c00000-0xc4bfffff 64bit pref]
[    0.194645] pci_bus 0000:04: resource 1 [mem 0xb0700000-0xb07fffff]
[    0.195052] PCI: CLS 256 bytes, default 64
[    0.195083] PCI-DMA: Using software bounce buffering for IO (SWIOTLB)
[    0.195085] software IO TLB: mapped [mem 0x000000006d036000-0x0000000071036000] (64MB)
[    0.195162] Trying to unpack rootfs image as initramfs...
[    0.215037] Initialise system trusted keyrings
[    0.215112] workingset: timestamp_bits=40 max_order=21 bucket_order=0
[    0.238311] Key type asymmetric registered
[    0.238319] Asymmetric key parser 'x509' registered
[    0.238371] Block layer SCSI generic (bsg) driver version 0.4 loaded (major 251)
[    0.238454] io scheduler mq-deadline registered
[    0.238457] io scheduler kyber registered
[    0.240196] pcieport 0000:06:00.0: pciehp: Slot #0 AttnBtn- PwrCtrl- MRL- AttnInd- PwrInd- HotPlug+ Surprise+ Interlock- NoCompl+ IbPresDis- LLActRep+
[    0.240389] pcieport 0000:06:03.0: enabling device (0000 -> 0003)
[    0.240546] pcieport 0000:06:03.0: pciehp: Slot #3 AttnBtn- PwrCtrl- MRL- AttnInd- PwrInd- HotPlug+ Surprise+ Interlock- NoCompl+ IbPresDis- LLActRep+
[    0.240896] pcieport 0000:06:04.0: pciehp: Slot #4 AttnBtn- PwrCtrl- MRL- AttnInd- PwrInd- HotPlug+ Surprise+ Interlock- NoCompl+ IbPresDis- LLActRep+
[    0.241105] pcieport 0000:06:05.0: enabling device (0000 -> 0003)
[    0.241250] pcieport 0000:06:05.0: pciehp: Slot #5 AttnBtn- PwrCtrl- MRL- AttnInd- PwrInd- HotPlug+ Surprise+ Interlock- NoCompl+ IbPresDis- LLActRep+
[    0.241594] pcieport 0000:06:06.0: pciehp: Slot #6 AttnBtn- PwrCtrl- MRL- AttnInd- PwrInd- HotPlug+ Surprise+ Interlock- NoCompl+ IbPresDis- LLActRep+
[    0.244764] Serial: 8250/16550 driver, 4 ports, IRQ sharing enabled
[    0.245648] hpet_acpi_add: no address or irqs in _CRS
[    0.245717] Linux agpgart interface v0.103
[    0.245768] ACPI: bus type drm_connector registered
[    0.246367] usbcore: registered new interface driver usbserial_generic
[    0.246374] usbserial: USB Serial support registered for generic
[    0.248842] intel_pstate: Intel P-state driver initializing
[    0.249764] simple-framebuffer simple-framebuffer.0: [drm] Registered 1 planes with drm panic
[    0.249768] [drm] Initialized simpledrm 1.0.0 for simple-framebuffer.0 on minor 0
[    0.253074] fbcon: Deferring console take-over
[    0.253078] simple-framebuffer simple-framebuffer.0: [drm] fb0: simpledrmdrmfb frame buffer device
[    0.253166] drop_monitor: Initializing network drop monitor service
[    0.253298] NET: Registered PF_INET6 protocol family
[    0.289436] Freeing initrd memory: 26428K
[    0.289984] Segment Routing with IPv6
[    0.290000] In-situ OAM (IOAM) with IPv6
[    0.290259] ENERGY_PERF_BIAS: Set to 'normal', was 'performance'
[    0.290294] microcode: Current revision: 0x00000026
[    0.290354] IPI shorthand broadcast: enabled
[    0.291858] sched_clock: Marking stable (290001592, 1653716)->(326487889, -34832581)
[    0.292014] registered taskstats version 1
[    0.292141] Loading compiled-in X.509 certificates
[    0.295395] Demotion targets for Node 0: null
[    0.295487] Key type .fscrypt registered
[    0.295490] Key type fscrypt-provisioning registered
[    0.295592] PM:   Magic number: 6:380:645
[    0.296667] RAS: Correctable Errors collector initialized.
[    0.300312] clk: Disabling unused clocks
[    0.300316] PM: genpd: Disabling unused power domains
[    0.301246] Freeing unused decrypted memory: 2028K
[    0.301622] Freeing unused kernel image (initmem) memory: 3416K
[    0.301701] Write protecting the kernel read-only data: 30720k
[    0.302104] Freeing unused kernel image (rodata/data gap) memory: 1744K
[    0.343813] x86/mm: Checked W+X mappings: passed, no W+X pages found.
[    0.343815] x86/mm: Checking user space page tables
[    0.383915] x86/mm: Checked W+X mappings: passed, no W+X pages found.
[    0.383920] Run /init as init process
[    0.383921]   with arguments:
[    0.383922]     /init
[    0.383923]   with environment:
[    0.383924]     HOME=/
[    0.383925]     TERM=linux
[    0.386436] fbcon: Taking over console
[    0.389143] Console: switching to colour frame buffer device 160x50
[    0.410795] stage-1-init: [Sun Apr 12 18:38:20 UTC 2026] loading module dm_mod...
[    0.421641] device-mapper: ioctl: 4.48.0-ioctl (2023-03-01) initialised: dm-devel@lists.linux.dev
[    0.422903] stage-1-init: [Sun Apr 12 18:38:20 UTC 2026] running udev...
[    0.432706] stage-1-init: [Sun Apr 12 18:38:20 UTC 2026] Starting systemd-udevd version 258.5
[    0.598824] xhci_hcd 0000:00:14.0: xHCI Host Controller
[    0.598838] xhci_hcd 0000:00:14.0: new USB bus registered, assigned bus number 1
[    0.602289] xhci_hcd 0000:00:14.0: hcc params 0x200077c1 hci version 0x100 quirks 0x000000000004b810
[    0.605755] xhci_hcd 0000:00:14.0: xHCI Host Controller
[    0.605764] xhci_hcd 0000:00:14.0: new USB bus registered, assigned bus number 2
[    0.605772] xhci_hcd 0000:00:14.0: Host supports USB 3.0 SuperSpeed
[    0.605837] usb usb1: New USB device found, idVendor=1d6b, idProduct=0002, bcdDevice= 6.12
[    0.605842] usb usb1: New USB device strings: Mfr=3, Product=2, SerialNumber=1
[    0.605844] usb usb1: Product: xHCI Host Controller
[    0.605846] usb usb1: Manufacturer: Linux 6.12.80 xhci-hcd
[    0.605849] usb usb1: SerialNumber: 0000:00:14.0
[    0.606944] hub 1-0:1.0: USB hub found
[    0.606970] hub 1-0:1.0: 9 ports detected
[    0.607432] usb usb2: New USB device found, idVendor=1d6b, idProduct=0003, bcdDevice= 6.12
[    0.607437] usb usb2: New USB device strings: Mfr=3, Product=2, SerialNumber=1
[    0.607440] usb usb2: Product: xHCI Host Controller
[    0.607442] usb usb2: Manufacturer: Linux 6.12.80 xhci-hcd
[    0.607444] usb usb2: SerialNumber: 0000:00:14.0
[    0.607619] hub 2-0:1.0: USB hub found
[    0.607637] hub 2-0:1.0: 4 ports detected
[    0.613325] SCSI subsystem initialized
[    0.636402] libata version 3.00 loaded.
[    0.640833] ahci 0000:04:00.0: version 3.0
[    0.651131] ahci 0000:04:00.0: AHCI vers 0001.0300, 32 command slots, 6 Gbps, SATA mode
[    0.651138] ahci 0000:04:00.0: 1/1 ports implemented (port mask 0x1)
[    0.651140] ahci 0000:04:00.0: flags: 64bit ncq led clo only pio ccc 
[    0.651481] scsi host0: ahci
[    0.651569] ata1: SATA max UDMA/133 abar m8192@0xb0700000 port 0xb0700100 irq 16 lpm-pol 1
[    0.846729] usb 1-3: new full-speed USB device number 2 using xhci_hcd
[    0.956975] ata1: SATA link up 6.0 Gbps (SStatus 133 SControl 300)
[    0.957144] ata1.00: LPM support broken, forcing max_power
[    0.957286] ata1.00: unexpected _GTF length (8)
[    0.957355] ata1.00: ATA-8: APPLE SSD SM0512F, UXM2JA1Q, max UDMA/133
[    0.957400] ata1.00: 977105060 sectors, multi 16: LBA48 NCQ (depth 32), AA
[    0.957576] ata1.00: LPM support broken, forcing max_power
[    0.957666] ata1.00: unexpected _GTF length (8)
[    0.957795] ata1.00: configured for UDMA/133
[    0.957942] scsi 0:0:0:0: Direct-Access     ATA      APPLE SSD SM0512 JA1Q PQ: 0 ANSI: 5
[    0.963395] sd 0:0:0:0: [sda] 977105060 512-byte logical blocks: (500 GB/466 GiB)
[    0.963402] sd 0:0:0:0: [sda] 4096-byte physical blocks
[    0.963414] sd 0:0:0:0: [sda] Write Protect is off
[    0.963418] sd 0:0:0:0: [sda] Mode Sense: 00 3a 00 00
[    0.963432] sd 0:0:0:0: [sda] Write cache: enabled, read cache: enabled, doesn't support DPO or FUA
[    0.963457] sd 0:0:0:0: [sda] Preferred minimum I/O size 4096 bytes
[    0.973824] usb 1-3: New USB device found, idVendor=0a5c, idProduct=4500, bcdDevice= 1.00
[    0.973830] usb 1-3: New USB device strings: Mfr=1, Product=2, SerialNumber=0
[    0.973832] usb 1-3: Product: BRCM20702 Hub
[    0.973833] usb 1-3: Manufacturer: Apple Inc.
[    0.974367] hub 1-3:1.0: USB hub found
[    0.974458]  sda: sda1 sda2
[    0.974465] hub 1-3:1.0: 3 ports detected
[    0.974670] sd 0:0:0:0: [sda] Attached SCSI disk
[    1.009630] stage-1-init: [Sun Apr 12 18:38:20 UTC 2026] starting device mapper and LVM...
[    1.068641] stage-1-init: [Sun Apr 12 18:38:20 UTC 2026] checking /dev/disk/by-uuid/6d0ce22e-97a0-4e60-ab8f-6ef8ff706b60...
[    1.069878] stage-1-init: [Sun Apr 12 18:38:20 UTC 2026] fsck (busybox 1.36.1)
[    1.071194] stage-1-init: [Sun Apr 12 18:38:20 UTC 2026] [fsck.ext4 (1) -- /mnt-root/] fsck.ext4 -a /dev/disk/by-uuid/6d0ce22e-97a0-4e60-ab8f-6ef8ff706b60
[    1.075530] stage-1-init: [Sun Apr 12 18:38:20 UTC 2026] /dev/disk/by-uuid/6d0ce22e-97a0-4e60-ab8f-6ef8ff706b60: recovering journal
[    1.084763] usb 2-2: new SuperSpeed USB device number 2 using xhci_hcd
[    1.096945] usb 2-2: New USB device found, idVendor=0846, idProduct=9053, bcdDevice= 1.00
[    1.096955] usb 2-2: New USB device strings: Mfr=1, Product=2, SerialNumber=3
[    1.096959] usb 2-2: Product: A6210
[    1.096961] usb 2-2: Manufacturer: NETGEAR
[    1.096964] usb 2-2: SerialNumber: 100
[    1.207766] usb 1-5: new full-speed USB device number 3 using xhci_hcd
[    1.222783] tsc: Refined TSC clocksource calibration: 2600.000 MHz
[    1.222808] clocksource: tsc: mask: 0xffffffffffffffff max_cycles: 0x257a3c3232d, max_idle_ns: 440795236700 ns
[    1.222883] clocksource: Switched to clocksource tsc
[    1.336976] usb 1-5: New USB device found, idVendor=05ac, idProduct=025a, bcdDevice= 2.24
[    1.336993] usb 1-5: New USB device strings: Mfr=1, Product=2, SerialNumber=0
[    1.337000] usb 1-5: Product: Apple Internal Keyboard / Trackpad
[    1.337005] usb 1-5: Manufacturer: Apple Inc.
[    1.369100] hid: raw HID events driver (C) Jiri Kosina
[    1.389929] usbcore: registered new interface driver usbhid
[    1.389939] usbhid: USB HID core driver
[    1.394981] input: Apple Inc. Apple Internal Keyboard / Trackpad as /devices/pci0000:00/0000:00:14.0/usb1/1-5/1-5:1.0/0003:05AC:025A.0001/input/input0
[    1.444958] usb 2-3: new SuperSpeed USB device number 3 using xhci_hcd
[    1.445968] apple 0003:05AC:025A.0001: input,hidraw0: USB HID v1.11 Keyboard [Apple Inc. Apple Internal Keyboard / Trackpad] on usb-0000:00:14.0-5/input0
[    1.446337] apple 0003:05AC:025A.0002: hidraw1: USB HID v1.11 Device [Apple Inc. Apple Internal Keyboard / Trackpad] on usb-0000:00:14.0-5/input1
[    1.458448] usb 2-3: New USB device found, idVendor=05ac, idProduct=8406, bcdDevice= 8.20
[    1.458464] usb 2-3: New USB device strings: Mfr=3, Product=4, SerialNumber=5
[    1.458470] usb 2-3: Product: Card Reader
[    1.458475] usb 2-3: Manufacturer: Apple
[    1.458479] usb 2-3: SerialNumber: 000000000820
[    1.476008] usb-storage 2-3:1.0: USB Mass Storage device detected
[    1.476502] scsi host1: usb-storage 2-3:1.0
[    1.476649] usbcore: registered new interface driver usb-storage
[    1.530729] usb 1-3.1: new full-speed USB device number 4 using xhci_hcd
[    1.605461] usb 1-3.1: New USB device found, idVendor=05ac, idProduct=820a, bcdDevice= 1.00
[    1.605467] usb 1-3.1: New USB device strings: Mfr=0, Product=0, SerialNumber=0
[    1.608338] input: HID 05ac:820a as /devices/pci0000:00/0000:00:14.0/usb1/1-3/1-3.1/1-3.1:1.0/0003:05AC:820A.0003/input/input1
[    1.659001] hid-generic 0003:05AC:820A.0003: input,hidraw2: USB HID v1.11 Keyboard [HID 05ac:820a] on usb-0000:00:14.0-3.1/input0
[    1.721226] stage-1-init: [Sun Apr 12 18:38:21 UTC 2026] /dev/disk/by-uuid/6d0ce22e-97a0-4e60-ab8f-6ef8ff706b60: clean, 2476589/30507008 files, 73779399/122004586 blocks
[    1.731720] usb 1-3.2: new full-speed USB device number 5 using xhci_hcd
[    1.750007] stage-1-init: [Sun Apr 12 18:38:21 UTC 2026] mounting /dev/disk/by-uuid/6d0ce22e-97a0-4e60-ab8f-6ef8ff706b60 on /...
[    1.811403] usb 1-3.2: New USB device found, idVendor=05ac, idProduct=820b, bcdDevice= 1.00
[    1.811423] usb 1-3.2: New USB device strings: Mfr=0, Product=0, SerialNumber=0
[    1.813154] input: HID 05ac:820b as /devices/pci0000:00/0000:00:14.0/usb1/1-3/1-3.2/1-3.2:1.0/0003:05AC:820B.0004/input/input2
[    1.813205] hid-generic 0003:05AC:820B.0004: input,hidraw3: USB HID v1.11 Mouse [HID 05ac:820b] on usb-0000:00:14.0-3.2/input0
[    1.838686] EXT4-fs (sda2): mounted filesystem 6d0ce22e-97a0-4e60-ab8f-6ef8ff706b60 r/w with ordered data mode. Quota mode: none.
[    1.885685] usb 1-3.3: new full-speed USB device number 6 using xhci_hcd
[    1.962806] usb 1-3.3: New USB device found, idVendor=05ac, idProduct=8289, bcdDevice= 1.50
[    1.962813] usb 1-3.3: New USB device strings: Mfr=1, Product=2, SerialNumber=0
[    1.962815] usb 1-3.3: Product: Bluetooth USB Host Controller
[    1.962816] usb 1-3.3: Manufacturer: Apple Inc.
[    1.996781] EXT4-fs (sda2): re-mounted 6d0ce22e-97a0-4e60-ab8f-6ef8ff706b60.
[    1.997270] booting system configuration /nix/store/097s642rdmkrhz496x1v4la8ha3g7ab2-nixos-system-nixos-25.11.9067.54170c54449e
[    2.030430] stage-2-init: running activation script...
[    2.240066] stage-2-init: setting up /etc...
[    2.505003] scsi 1:0:0:0: Direct-Access     APPLE    SD Card Reader   3.00 PQ: 0 ANSI: 6
[    2.505566] sd 1:0:0:0: [sdb] Media removed, stopped polling
[    2.505754] sd 1:0:0:0: [sdb] Attached SCSI removable disk
[    2.505819] systemd[1]: Inserted module 'autofs4'
[    3.248975] systemd[1]: systemd 258.5 running in system mode (+PAM +AUDIT -SELINUX +APPARMOR +IMA +IPE +SMACK +SECCOMP +GCRYPT -GNUTLS +OPENSSL +ACL +BLKID +CURL +ELFUTILS +FIDO2 +IDN2 -IDN -IPTC +KMOD +LIBCRYPTSETUP +LIBCRYPTSETUP_PLUGINS +LIBFDISK +PCRE2 +PWQUALITY +P11KIT +QRENCODE +TPM2 +BZIP2 +LZ4 +XZ +ZLIB +ZSTD +BPF_FRAMEWORK -BTF -XKBCOMMON +UTMP -SYSVINIT +LIBARCHIVE)
[    3.248996] systemd[1]: Detected architecture x86-64.
[    3.253434] systemd[1]: Hostname set to <nixos>.
[    3.432354] systemd[1]: bpf-restrict-fs: LSM BPF program attached
[    3.750826] systemd[1]: /etc/systemd/system/cups.socket:5: ListenStream= references a path below legacy directory /var/run/, updating /var/run/cups/cups.sock → /run/cups/cups.sock; please update the unit file accordingly.
[    3.769080] systemd[1]: Queued start job for default target Graphical Interface.
[    3.783566] systemd[1]: Created slice Virtual Machine and Container Slice.
[    3.784607] systemd[1]: Created slice Slice /system/modprobe.
[    3.785129] systemd[1]: Created slice Slice /system/systemd-fsck.
[    3.785606] systemd[1]: Created slice User and Session Slice.
[    3.785842] systemd[1]: Started Dispatch Password Requests to Console Directory Watch.
[    3.786009] systemd[1]: Started Forward Password Requests to Wall Directory Watch.
[    3.786148] systemd[1]: Expecting device /dev/disk/by-uuid/B4F5-DAC1...
[    3.786259] systemd[1]: Reached target Local Encrypted Volumes.
[    3.786370] systemd[1]: Reached target Login Prompts.
[    3.786482] systemd[1]: Reached target Virtual Machines and Containers.
[    3.786608] systemd[1]: Reached target Path Units.
[    3.786759] systemd[1]: Reached target Remote File Systems.
[    3.786869] systemd[1]: Reached target Slice Units.
[    3.788252] systemd[1]: Listening on Process Core Dump Socket.
[    3.789165] systemd[1]: Listening on Credential Encryption/Decryption.
[    3.789568] systemd[1]: Listening on Journal Audit Socket.
[    3.789748] systemd[1]: Listening on Journal Socket (/dev/log).
[    3.789894] systemd[1]: Listening on Journal Sockets.
[    3.790065] systemd[1]: Listening on Userspace Out-Of-Memory (OOM) Killer Socket.
[    3.790139] systemd[1]: Make TPM PCR Policy skipped, unmet condition check ConditionSecurity=measured-uki
[    3.790211] systemd[1]: Listening on udev Control Socket.
[    3.790309] systemd[1]: Listening on udev Kernel Socket.
[    3.792073] systemd[1]: Mounting Huge Pages File System...
[    3.793348] systemd[1]: Mounting POSIX Message Queue File System...
[    3.795193] systemd[1]: Mounting Kernel Debug File System...
[    3.797002] systemd[1]: Mounting Kernel Trace File System...
[    3.800919] systemd[1]: Starting Create List of Static Device Nodes...
[    3.805948] systemd[1]: Starting Load Kernel Module configfs...
[    3.807514] systemd[1]: Load Kernel Module drm skipped, unmet condition check ConditionKernelModuleLoaded=!drm
[    3.811033] (modprobe)[373]: modprobe@configfs.service: modprobe@configfs.service: Unable to locate executable 'modprobe': No such file or directory
[    3.811868] systemd[1]: Starting Load Kernel Module efi_pstore...
[    3.815020] systemd[1]: Starting Load Kernel Module fuse...
[    3.816975] systemd[1]: File System Check on Root Device skipped, unmet condition check ConditionPathIsReadWrite=!/
[    3.817069] systemd[1]: Clear Stale Hibernate Storage Info skipped, unmet condition check ConditionPathExists=/sys/firmware/efi/efivars/HibernateLocation-8cf2644b-4b0b-428f-9387-6d876050dc67
[    3.820089] systemd[1]: Starting Journal Service...
[    3.821058] (modprobe)[374]: modprobe@efi_pstore.service: modprobe@efi_pstore.service: Unable to locate executable 'modprobe': No such file or directory
[    3.823505] (modprobe)[375]: modprobe@fuse.service: modprobe@fuse.service: Unable to locate executable 'modprobe': No such file or directory
[    3.825331] systemd[1]: Starting Load Kernel Modules...
[    3.830009] systemd[1]: Starting Remount Root and Kernel File Systems...
[    3.832938] systemd[1]: Early TPM SRK Setup skipped, unmet condition check ConditionSecurity=measured-uki
[    3.836915] systemd[1]: Starting Coldplug All udev Devices...
[    3.843596] systemd[1]: Mounted Huge Pages File System.
[    3.847850] systemd[1]: Mounted POSIX Message Queue File System.
[    3.849568] systemd[1]: Mounted Kernel Debug File System.
[    3.852832] systemd[1]: Mounted Kernel Trace File System.
[    3.855005] systemd[1]: Finished Create List of Static Device Nodes.
[    3.857642] systemd[1]: modprobe@configfs.service: Deactivated successfully.
[    3.858071] systemd[1]: Finished Load Kernel Module configfs.
[    3.860300] EXT4-fs (sda2): re-mounted 6d0ce22e-97a0-4e60-ab8f-6ef8ff706b60.
[    3.860654] systemd[1]: modprobe@efi_pstore.service: Deactivated successfully.
[    3.860991] systemd[1]: Finished Load Kernel Module efi_pstore.
[    3.864954] systemd-journald[376]: Collecting audit messages is enabled.
[    3.865386] systemd[1]: modprobe@fuse.service: Deactivated successfully.
[    3.865843] systemd[1]: Finished Load Kernel Module fuse.
[    3.868449] systemd[1]: Finished Remount Root and Kernel File Systems.
[    3.871341] systemd[1]: FUSE Control File System skipped, unmet condition check ConditionPathExists=/sys/fs/fuse/connections
[    3.871556] systemd[1]: Kernel Configuration File System skipped, unmet condition check ConditionPathExists=/sys/kernel/config
[    3.871672] systemd[1]: Platform Persistent Storage Archival skipped, unmet condition check ConditionDirectoryNotEmpty=/sys/fs/pstore
[    3.873929] systemd[1]: Starting Load/Save OS Random Seed...
[    3.881136] systemd[1]: Starting Network Time Synchronization...
[    3.898920] systemd[1]: Starting Create Static Device Nodes in /dev gracefully...
[    3.900240] systemd[1]: TPM SRK Setup skipped, unmet condition check ConditionSecurity=measured-uki
[    3.932625] systemd[1]: Finished Load/Save OS Random Seed.
[    3.937521] systemd[1]: First Boot Complete skipped, unmet condition check ConditionFirstBoot=yes
[    3.958778] systemd[1]: Finished Create Static Device Nodes in /dev gracefully.
[    3.995140] systemd[1]: Starting Create Static Device Nodes in /dev...
[    3.999589] systemd[1]: Started Journal Service.
[    4.037237] loop: module loaded
[    4.043866] systemd-journald[376]: Received client request to flush runtime journal.
[    4.045173] systemd-journald[376]: File /var/log/journal/8db5f21542484d84a1e7d83dddef1e30/system.journal corrupted or uncleanly shut down, renaming and replacing.
[    4.146852] cfg80211: Loading compiled-in X.509 certificates for regulatory database
[    4.150405] Loaded X.509 cert 'sforshee: 00b28ddf47aef9cea7'
[    4.150577] Loaded X.509 cert 'wens: 61c038651aabdcf94bd0ac7ff06c7248db18c600'
[    4.166984] wl: loading out-of-tree module taints kernel.
[    4.166993] wl: module license 'MIXED/Proprietary' taints kernel.
[    4.166994] Disabling lock debugging due to kernel taint
[    4.166996] wl: module license taints kernel.
[    4.176263] You are using the Broadcom STA wireless driver, which is not maintained and is incompatible with Linux kernel security mitigations. It is heavily recommended to replace the hardware and remove the driver. Proceed at your own risk!
[    4.176268] ------------[ cut here ]------------
[    4.176270] Unpatched return thunk in use. This should not happen!
[    4.176274] WARNING: CPU: 0 PID: 377 at arch/x86/kernel/cpu/bugs.c:3484 __warn_thunk+0x2c/0x40
[    4.176281] Modules linked in: wl(PO+) cfg80211 rfkill msr loop kvm_intel kvm irqbypass atkbd libps2 serio vivaldi_fmap nfnetlink efivarfs dmi_sysfs autofs4 ext4 crc32c_generic crc16 mbcache jbd2 usb_storage hid_apple led_class hid_generic usbhid hid sd_mod ahci libahci libata scsi_mod crc32c_intel xhci_pci scsi_common xhci_hcd dm_mod dax
[    4.176316] CPU: 0 UID: 0 PID: 377 Comm: systemd-modules Tainted: P           O       6.12.80 #1-NixOS
[    4.176319] Tainted: [P]=PROPRIETARY_MODULE, [O]=OOT_MODULE
[    4.176320] Hardware name: Apple Inc. MacBookPro11,1/Mac-189A3D4F975D5FFC, BIOS 478.0.0.0.0 01/13/2023
[    4.176321] RIP: 0010:__warn_thunk+0x2c/0x40
[    4.176324] Code: 1f 00 0f 1f 44 00 00 80 3d f7 33 fd 01 00 74 05 c3 cc cc cc cc c6 05 e9 33 fd 01 01 90 48 c7 c7 18 a3 c0 94 e8 35 20 06 00 90 <0f> 0b 90 90 c3 cc cc cc cc 66 2e 0f 1f 84 00 00 00 00 00 90 90 90
[    4.176326] RSP: 0018:ffffd46b0030bc88 EFLAGS: 00010282
[    4.176328] RAX: 0000000000000000 RBX: 0000000000000000 RCX: 0000000000000027
[    4.176329] RDX: ffff8cf967223ac8 RSI: 0000000000000001 RDI: ffff8cf967223ac0
[    4.176331] RBP: ffffd46b0030bcd8 R08: 0000000000000000 R09: ffffd46b0030bb18
[    4.176332] R10: ffffffff9550d1e8 R11: 0000000000000003 R12: ffffffffc12bbba4
[    4.176333] R13: ffffd46b0030bd28 R14: ffff8cf80520b480 R15: ffff8cf80b348a38
[    4.176334] FS:  00007f18f3ae0d00(0000) GS:ffff8cf967200000(0000) knlGS:0000000000000000
[    4.176336] CS:  0010 DS: 0000 ES: 0000 CR0: 0000000080050033
[    4.176337] CR2: 000055e01a3c4ff8 CR3: 000000010b4d4005 CR4: 00000000001726f0
[    4.176339] Call Trace:
[    4.176341]  <TASK>
[    4.176342]  warn_thunk_thunk+0x1a/0x30
[    4.176348]  getvar+0x20/0x70 [wl]
[    4.176378]  ? orc_header+0x1660/0x1660 [wl]
[    4.176414]  wl_module_init+0x27/0xb0 [wl]
[    4.176459]  do_one_initcall+0x5b/0x310
[    4.176465]  do_init_module+0xad/0x280
[    4.176470]  init_module_from_file+0x86/0xc0
[    4.176477]  idempotent_init_module+0x11e/0x310
[    4.176482]  __x64_sys_finit_module+0x5e/0xb0
[    4.176486]  do_syscall_64+0xb7/0x200
[    4.176492]  entry_SYSCALL_64_after_hwframe+0x77/0x7f
[    4.176496] RIP: 0033:0x7f18f33208bd
[    4.176502] Code: ff c3 66 2e 0f 1f 84 00 00 00 00 00 90 f3 0f 1e fa 48 89 f8 48 89 f7 48 89 d6 48 89 ca 4d 89 c2 4d 89 c8 4c 8b 4c 24 08 0f 05 <48> 3d 01 f0 ff ff 73 01 c3 48 8b 0d 3b 85 0d 00 f7 d8 64 89 01 48
[    4.176504] RSP: 002b:00007ffc92dddb98 EFLAGS: 00000246 ORIG_RAX: 0000000000000139
[    4.176507] RAX: ffffffffffffffda RBX: 000055762c1a79a0 RCX: 00007f18f33208bd
[    4.176509] RDX: 0000000000000000 RSI: 00007f18f3480304 RDI: 0000000000000007
[    4.176511] RBP: 00007ffc92dddbe0 R08: 0000000000000000 R09: 000055762c1aaf80
[    4.176513] R10: 0000000000000000 R11: 0000000000000246 R12: 0000000000000000
[    4.176514] R13: 00007f18f3480304 R14: 0000000000020000 R15: 000055762c1a70a0
[    4.176518]  </TASK>
[    4.176520] ---[ end trace 0000000000000000 ]---
[    4.206266] eth0: Broadcom BCM43a0 802.11 Hybrid Wireless Controller 6.30.223.271 (r587334)

[    4.266823] Adding 8388604k swap on /var/lib/swapfile.  Priority:-2 extents:67 across:64225280k SS
[    4.443605] ACPI: AC: AC Adapter [ADP1] (on-line)
[    4.447271] input: Lid Switch as /devices/LNXSYSTM:00/LNXSYBUS:00/PNP0C0D:00/input/input3
[    4.456128] ACPI: button: Lid Switch [LID0]
[    4.456232] input: Power Button as /devices/LNXSYSTM:00/LNXSYBUS:00/PNP0C0C:00/input/input4
[    4.456284] ACPI: button: Power Button [PWRB]
[    4.456340] input: Sleep Button as /devices/LNXSYSTM:00/LNXSYBUS:00/PNP0C0E:00/input/input5
[    4.456376] ACPI: button: Sleep Button [SLPB]
[    4.456430] input: Power Button as /devices/LNXSYSTM:00/LNXPWRBN:00/input/input6
[    4.469712] ACPI: button: Power Button [PWRF]
[    4.537451] smbus_hc ACPI0001:00: SBS HC: offset = 0x20, query_bit = 0x10
[    4.553533] rtc_cmos 00:02: RTC can wake from S4
[    4.570086] rtc_cmos 00:02: registered as rtc0
[    4.570134] rtc_cmos 00:02: setting system clock to 2026-04-12T18:38:24 UTC (1776019104)
[    4.570188] rtc_cmos 00:02: alarms up to one month, y3k, 242 bytes nvram
[    4.723890] ACPI: Smart Battery System [SBS0]: Battery Slot [BAT0] (battery present)
[    4.726892] ACPI: bus type thunderbolt registered
[    4.734408] thunderbolt 0000:07:00.0: device link creation from 0000:06:00.0 failed
[    4.737541] pstore: Using crash dump compression: deflate
[    4.741290] i801_smbus 0000:00:1f.3: SMBus using PCI interrupt
[    4.768556] snd_hda_codec_cirrus hdaudioC0D0: autoconfig for CS4208: line_outs=2 (0x12/0x13/0x0/0x0/0x0) type:speaker
[    4.768565] snd_hda_codec_cirrus hdaudioC0D0:    speaker_outs=0 (0x0/0x0/0x0/0x0/0x0)
[    4.768568] snd_hda_codec_cirrus hdaudioC0D0:    hp_outs=1 (0x10/0x0/0x0/0x0/0x0)
[    4.768571] snd_hda_codec_cirrus hdaudioC0D0:    mono: mono_out=0x0
[    4.768573] snd_hda_codec_cirrus hdaudioC0D0:    dig-out=0x21/0x0
[    4.768575] snd_hda_codec_cirrus hdaudioC0D0:    inputs:
[    4.768578] snd_hda_codec_cirrus hdaudioC0D0:      Mic=0x18
[    4.768580] snd_hda_codec_cirrus hdaudioC0D0:      Internal Mic=0x1c
[    4.783922] input: HDA Intel PCH Mic as /devices/pci0000:00/0000:00:1b.0/sound/card0/input7
[    4.783971] input: HDA Intel PCH Headphone as /devices/pci0000:00/0000:00:1b.0/sound/card0/input8
[    4.784012] input: HDA Intel PCH SPDIF as /devices/pci0000:00/0000:00:1b.0/sound/card0/input9
[    4.938203] wl 0000:03:00.0 wlp3s0: renamed from eth0
[    5.171210] pstore: Registered efi_pstore as persistent store backend
[    5.509409] i915 0000:00:02.0: [drm] Found HASWELL/ULT (device ID 0a2e) display version 7.00 stepping N/A
[    5.515723] RAPL PMU: API unit is 2^-32 Joules, 4 fixed counters, 655360 ms ovfl timer
[    5.515730] RAPL PMU: hw unit of domain pp0-core 2^-14 Joules
[    5.515735] RAPL PMU: hw unit of domain package 2^-14 Joules
[    5.515737] RAPL PMU: hw unit of domain dram 2^-14 Joules
[    5.515738] RAPL PMU: hw unit of domain pp1-gpu 2^-14 Joules
[    5.524855] Console: switching to colour dummy device 80x25
[    5.528960] iTCO_wdt iTCO_wdt.0.auto: unable to reset NO_REBOOT flag, device disabled by hardware/BIOS
[    5.539739] i915 0000:00:02.0: vgaarb: deactivate vga console
[    5.541202] i915 0000:00:02.0: vgaarb: VGA decodes changed: olddecodes=io+mem,decodes=io+mem:owns=io+mem
[    5.561067] cryptd: max_cpu_qlen set to 1000
[    5.574863] AES CTR mode by8 optimization enabled
[    5.604700] Creating 1 MTD partitions on "intel-spi":
[    5.604709] 0x000000000000-0x000000800000 : "BIOS"
[    5.624085] intel_rapl_common: Found RAPL domain package
[    5.624091] intel_rapl_common: Found RAPL domain core
[    5.624092] intel_rapl_common: Found RAPL domain uncore
[    5.624094] intel_rapl_common: Found RAPL domain dram
[    5.624432] i915 0000:00:02.0: [drm] Skipping intel_backlight registration
[    5.625571] [drm] Initialized i915 1.6.0 for 0000:00:02.0 on minor 1
[    5.626826] ACPI: video: Video Device [IGPU] (multi-head: yes  rom: no  post: no)
[    5.627112] input: Video Bus as /devices/LNXSYSTM:00/LNXSYBUS:00/PNP0A08:00/LNXVIDEO:00/input/input10
[    5.628769] acpi device:02: registered as cooling_device5
[    5.646776] applesmc: key=571 fan=1 temp=32 index=31 acc=0 lux=2 kbd=1
[    5.649561] applesmc applesmc.768: hwmon_device_register() is deprecated. Please convert the driver to use hwmon_device_register_with_info().
[    5.661042] snd_hda_intel 0000:00:03.0: bound 0000:00:02.0 (ops i915_audio_component_bind_ops [i915])
[    5.661860] fbcon: i915drmfb (fb0) is primary device
[    5.670327] Console: switching to colour frame buffer device 160x50
[    5.673991] input: HDA Intel HDMI HDMI/DP,pcm=3 as /devices/pci0000:00/0000:00:03.0/sound/card1/input11
[    5.674073] input: HDA Intel HDMI HDMI/DP,pcm=7 as /devices/pci0000:00/0000:00:03.0/sound/card1/input12
[    5.674145] input: HDA Intel HDMI HDMI/DP,pcm=8 as /devices/pci0000:00/0000:00:03.0/sound/card1/input13
[    5.691984] i915 0000:00:02.0: [drm] fb0: i915drmfb frame buffer device
[    5.782553] usbcore: registered new device driver apple-mfi-fastcharge
[    5.795979] input: bcm5974 as /devices/pci0000:00/0000:00:14.0/usb1/1-5/1-5:1.2/input/input14
[    5.805716] usbcore: registered new interface driver bcm5974
[    5.845615] usbcore: registered new interface driver uas
[    5.873364] mousedev: PS/2 mouse device common for all mice
[    6.244420] usb 2-2: reset SuperSpeed USB device number 2 using xhci_hcd
[    6.263026] mt76x2u 2-2:1.0: ASIC revision: 76120044
[    6.299855] mt76x2u 2-2:1.0: ROM patch build: 20141115060606a
[    6.471404] mt76x2u 2-2:1.0: Firmware Version: 0.0.00
[    6.471410] mt76x2u 2-2:1.0: Build: 1
[    6.471412] mt76x2u 2-2:1.0: Build Time: 201507311614____
[    6.684639] NET: Registered PF_PACKET protocol family
[    6.684980] Bluetooth: Core ver 2.22
[    6.685009] NET: Registered PF_BLUETOOTH protocol family
[    6.685012] Bluetooth: HCI device and connection manager initialized
[    6.685297] Bluetooth: HCI socket layer initialized
[    6.685302] Bluetooth: L2CAP socket layer initialized
[    6.685312] Bluetooth: SCO socket layer initialized
[    6.707667] usbcore: registered new interface driver btusb
[    6.712990] usb 1-3.1: USB disconnect, device number 4
[    6.832786] Bluetooth: hci0: BCM: chip id 73 build 1127
[    6.833883] Bluetooth: hci0: BCM: product 05ac:8289
[    6.834884] Bluetooth: hci0: BCM: features 0x07
[    6.835383] Bluetooth: BNEP (Ethernet Emulation) ver 1.3
[    6.835390] Bluetooth: BNEP socket layer initialized
[    6.850894] Bluetooth: hci0: BCM20702B0 Generic USB Class 1 @ 20 MHz
[    6.864809] usb 1-3.2: USB disconnect, device number 5
[    6.902143] Bluetooth: MGMT ver 1.23
[    6.907090] NET: Registered PF_ALG protocol family
[    7.151638] ieee80211 phy1: Selected rate control algorithm 'minstrel_ht'
[    7.153693] usbcore: registered new interface driver mt76x2u
[    7.245720] mt76x2u 2-2:1.0 wlp0s20u2: renamed from wlan0
[    9.910900] rfkill: input handler disabled
[   10.363399] fuse: init (API version 7.41)
[   11.379541] Bluetooth: RFCOMM TTY layer initialized
[   11.379552] Bluetooth: RFCOMM socket layer initialized
[   11.379559] Bluetooth: RFCOMM ver 1.11
[   15.884616] systemd-journald[376]: File /var/log/journal/8db5f21542484d84a1e7d83dddef1e30/user-1000.journal corrupted or uncleanly shut down, renaming and replacing.
[   16.060001] wlp0s20u2: authenticate with 60:83:e7:3f:8a:8b (local address=2c:30:33:a7:29:5a)
[   16.060006] wlp0s20u2: send auth to 60:83:e7:3f:8a:8b (try 1/3)
[   16.212895] rfkill: input handler enabled
[   16.814431] wlp0s20u2: send auth to 60:83:e7:3f:8a:8b (try 2/3)
[   16.827997] wlp0s20u2: authenticated
[   16.841653] wlp0s20u2: associate with 60:83:e7:3f:8a:8b (try 1/3)
[   16.862443] wlp0s20u2: RX AssocResp from 60:83:e7:3f:8a:8b (capab=0x1511 status=0 aid=9)
[   16.864905] wlp0s20u2: associated
[   16.906171] wlp0s20u2: Limiting TX power to 20 (23 - 3) dBm as advertised by 60:83:e7:3f:8a:8b
[   17.434963] NET: Registered PF_QIPCRTR protocol family
[   18.711351] rfkill: input handler disabled
[   22.808730] warning: `.gnome-system-m' uses wireless extensions which will stop working for Wi-Fi 7 hardware; use nl80211
