[    0.000000] BIOS-e820: [mem 0x0000000000000000-0x0000000000057fff] usable
[    0.000000] BIOS-e820: [mem 0x0000000000058000-0x0000000000058fff] reserved
[    0.000000] BIOS-e820: [mem 0x0000000000059000-0x000000000008efff] usable
[    0.000000] BIOS-e820: [mem 0x000000000008f000-0x000000000008ffff] reserved
[    0.000000] BIOS-e820: [mem 0x0000000000090000-0x000000000009ffff] usable
[    0.000000] BIOS-e820: [mem 0x00000000000a0000-0x00000000000bffff] reserved
[    0.000000] BIOS-e820: [mem 0x0000000000100000-0x000000008ad0ffff] usable
[    0.000000] BIOS-e820: [mem 0x000000008ad10000-0x000000008ad52fff] ACPI NVS
[    0.000000] BIOS-e820: [mem 0x000000008ad53000-0x000000008ad5cfff] usable
[    0.000000] BIOS-e820: [mem 0x000000008ad5d000-0x000000008ad8efff] ACPI data
[    0.000000] BIOS-e820: [mem 0x000000008ad8f000-0x000000008ae38fff] usable
[    0.000000] BIOS-e820: [mem 0x000000008ae39000-0x000000008ae8efff] reserved
[    0.000000] BIOS-e820: [mem 0x000000008ae8f000-0x000000008aed1fff] usable
[    0.000000] BIOS-e820: [mem 0x000000008aed2000-0x000000008aefefff] reserved
[    0.000000] BIOS-e820: [mem 0x000000008aeff000-0x000000008af83fff] usable
[    0.000000] BIOS-e820: [mem 0x000000008af84000-0x000000008afeffff] reserved
[    0.000000] BIOS-e820: [mem 0x000000008aff0000-0x000000008affffff] usable
[    0.000000] BIOS-e820: [mem 0x000000008b000000-0x000000008f9fffff] reserved
[    0.000000] BIOS-e820: [mem 0x00000000e00f8000-0x00000000e00f8fff] reserved
[    0.000000] BIOS-e820: [mem 0x00000000fed1c000-0x00000000fed1ffff] reserved
[    0.000000] BIOS-e820: [mem 0x00000000ffe10000-0x00000000ffe3ffff] reserved
[    0.000000] BIOS-e820: [mem 0x0000000100000000-0x000000026f5fffff] usable
[    0.000000] e820: update [mem 0x75bef190-0x75bff1cf] usable ==> usable
[    0.000000] e820: update [mem 0x75bed810-0x75bedcd2] usable ==> usable
[    0.000000] reserve setup_data: [mem 0x0000000000000000-0x0000000000057fff] usable
[    0.000000] reserve setup_data: [mem 0x0000000000058000-0x0000000000058fff] reserved
[    0.000000] reserve setup_data: [mem 0x0000000000059000-0x000000000008efff] usable
[    0.000000] reserve setup_data: [mem 0x000000000008f000-0x000000000008ffff] reserved
[    0.000000] reserve setup_data: [mem 0x0000000000090000-0x000000000009ffff] usable
[    0.000000] reserve setup_data: [mem 0x00000000000a0000-0x00000000000bffff] reserved
[    0.000000] reserve setup_data: [mem 0x0000000000100000-0x0000000075bed80f] usable
[    0.000000] reserve setup_data: [mem 0x0000000075bed810-0x0000000075bedcd2] usable
[    0.000000] reserve setup_data: [mem 0x0000000075bedcd3-0x0000000075bef18f] usable
[    0.000000] reserve setup_data: [mem 0x0000000075bef190-0x0000000075bff1cf] usable
[    0.000000] reserve setup_data: [mem 0x0000000075bff1d0-0x000000008ad0ffff] usable
[    0.000000] reserve setup_data: [mem 0x000000008ad10000-0x000000008ad52fff] ACPI NVS
[    0.000000] reserve setup_data: [mem 0x000000008ad53000-0x000000008ad5cfff] usable
[    0.000000] reserve setup_data: [mem 0x000000008ad5d000-0x000000008ad8efff] ACPI data
[    0.000000] reserve setup_data: [mem 0x000000008ad8f000-0x000000008ae38fff] usable
[    0.000000] reserve setup_data: [mem 0x000000008ae39000-0x000000008ae8efff] reserved
[    0.000000] reserve setup_data: [mem 0x000000008ae8f000-0x000000008aed1fff] usable
[    0.000000] reserve setup_data: [mem 0x000000008aed2000-0x000000008aefefff] reserved
[    0.000000] reserve setup_data: [mem 0x000000008aeff000-0x000000008af83fff] usable
[    0.000000] reserve setup_data: [mem 0x000000008af84000-0x000000008afeffff] reserved
[    0.000000] reserve setup_data: [mem 0x000000008aff0000-0x000000008affffff] usable
[    0.000000] reserve setup_data: [mem 0x000000008b000000-0x000000008f9fffff] reserved
[    0.000000] reserve setup_data: [mem 0x00000000e00f8000-0x00000000e00f8fff] reserved
[    0.000000] reserve setup_data: [mem 0x00000000fed1c000-0x00000000fed1ffff] reserved
[    0.000000] reserve setup_data: [mem 0x00000000ffe10000-0x00000000ffe3ffff] reserved
[    0.000000] reserve setup_data: [mem 0x0000000100000000-0x000000026f5fffff] usable
[    0.000000] efi: ACPI=0x8ad8e000 ACPI 2.0=0x8ad8e014 SMBIOS=0x8ad11000 RNG=0x8ad61f90 INITRD=0x75c20790 
[    0.000000] efi: Not removing mem269: MMIO range=[0xe00f8000-0xe00f8fff] (4KB) from e820 map
[    0.000000] efi: Not removing mem270: MMIO range=[0xfed1c000-0xfed1ffff] (16KB) from e820 map
[    0.000000] efi: Not removing mem271: MMIO range=[0xffe10000-0xffe3ffff] (192KB) from e820 map
[    0.000085] e820: update [mem 0x00000000-0x00000fff] usable ==> reserved
[    0.000088] e820: remove [mem 0x000a0000-0x000fffff] usable
[    0.000100] last_pfn = 0x26f600 max_arch_pfn = 0x400000000
[    0.000397] last_pfn = 0x8b000 max_arch_pfn = 0x400000000
[    0.017274] RAMDISK: [mem 0x71036000-0x72a04fff]
[    0.017283] ACPI: RSDP 0x000000008AD8E014 000024 (v02 APPLE )
[    0.017287] ACPI: XSDT 0x000000008AD8E1C0 0000A4 (v01 APPLE  Apple00  00000000      01000013)
[    0.017294] ACPI: FACP 0x000000008AD8C000 0000F4 (v05 APPLE  Apple00  00000000 Loki 0000005F)
[    0.017300] ACPI: DSDT 0x000000008AD7F000 007681 (v03 APPLE  MacBookP 00110001 INTL 20100915)
[    0.017304] ACPI: FACS 0x000000008AD18000 000040
[    0.017307] ACPI: FACS 0x000000008AD18000 000040
[    0.017310] ACPI: HPET 0x000000008AD8B000 000038 (v01 APPLE  Apple00  00000001 Loki 0000005F)
[    0.017314] ACPI: APIC 0x000000008AD8A000 0000BC (v02 APPLE  Apple00  00000001 Loki 0000005F)
[    0.017317] ACPI: SBST 0x000000008AD88000 000030 (v01 APPLE  Apple00  00000001 Loki 0000005F)
[    0.017321] ACPI: ECDT 0x000000008AD87000 000053 (v01 APPLE  Apple00  00000001 Loki 0000005F)
[    0.017325] ACPI: SSDT 0x000000008AD7E000 00010B (v01 APPLE  SataAhci 00001000 INTL 20100915)
[    0.017328] ACPI: SSDT 0x000000008AD7D000 000024 (v01 APPLE  SmcDppt  00001000 INTL 20100915)
[    0.017332] ACPI: SSDT 0x000000008AD7A000 000FE9 (v01 APPLE  SDUsbLpt 00001000 INTL 20100915)
[    0.017335] ACPI: SSDT 0x000000008AD76000 000032 (v01 APPLE  SsdtS3   00001000 INTL 20100915)
[    0.017339] ACPI: SSDT 0x000000008AD73000 0028B2 (v01 APPLE  PcieTbt  00001000 INTL 20100915)
[    0.017342] ACPI: SSDT 0x000000008AD66000 0000B8 (v01 APPLE  Sdxc     00001000 INTL 20100915)
[    0.017346] ACPI: SSDT 0x000000008AD65000 0003E0 (v01 APPLE  SaHdaCdc 00001000 INTL 20100915)
[    0.017350] ACPI: SSDT 0x000000008AD64000 000594 (v01 PmRef  Cpu0Ist  00003000 INTL 20100915)
[    0.017353] ACPI: SSDT 0x000000008AD63000 000B83 (v01 PmRef  CpuPm    00003000 INTL 20100915)
[    0.017357] ACPI: DMAR 0x000000008AD62000 000088 (v01 APPLE  HSW      00000001 AAPL 00000001)
[    0.017360] ACPI: MCFG 0x000000008AD89000 00003C (v01 APPLE  Apple00  00000001 Loki 0000005F)
[    0.017363] ACPI: Reserving FACP table memory at [mem 0x8ad8c000-0x8ad8c0f3]
[    0.017365] ACPI: Reserving DSDT table memory at [mem 0x8ad7f000-0x8ad86680]
[    0.017366] ACPI: Reserving FACS table memory at [mem 0x8ad18000-0x8ad1803f]
[    0.017367] ACPI: Reserving FACS table memory at [mem 0x8ad18000-0x8ad1803f]
[    0.017367] ACPI: Reserving HPET table memory at [mem 0x8ad8b000-0x8ad8b037]
[    0.017368] ACPI: Reserving APIC table memory at [mem 0x8ad8a000-0x8ad8a0bb]
[    0.017369] ACPI: Reserving SBST table memory at [mem 0x8ad88000-0x8ad8802f]
[    0.017370] ACPI: Reserving ECDT table memory at [mem 0x8ad87000-0x8ad87052]
[    0.017371] ACPI: Reserving SSDT table memory at [mem 0x8ad7e000-0x8ad7e10a]
[    0.017372] ACPI: Reserving SSDT table memory at [mem 0x8ad7d000-0x8ad7d023]
[    0.017373] ACPI: Reserving SSDT table memory at [mem 0x8ad7a000-0x8ad7afe8]
[    0.017373] ACPI: Reserving SSDT table memory at [mem 0x8ad76000-0x8ad76031]
[    0.017374] ACPI: Reserving SSDT table memory at [mem 0x8ad73000-0x8ad758b1]
[    0.017375] ACPI: Reserving SSDT table memory at [mem 0x8ad66000-0x8ad660b7]
[    0.017376] ACPI: Reserving SSDT table memory at [mem 0x8ad65000-0x8ad653df]
[    0.017377] ACPI: Reserving SSDT table memory at [mem 0x8ad64000-0x8ad64593]
[    0.017378] ACPI: Reserving SSDT table memory at [mem 0x8ad63000-0x8ad63b82]
[    0.017379] ACPI: Reserving DMAR table memory at [mem 0x8ad62000-0x8ad62087]
[    0.017379] ACPI: Reserving MCFG table memory at [mem 0x8ad89000-0x8ad8903b]
[    0.017433] Faking a node at [mem 0x0000000000000000-0x000000026f5fffff]
[    0.017438] NODE_DATA(0) allocated [mem 0x26f5fa8c0-0x26f5ffdff]
[    0.017470]   DMA      [mem 0x0000000000001000-0x0000000000ffffff]
[    0.017472]   DMA32    [mem 0x0000000001000000-0x00000000ffffffff]
[    0.017474]   Normal   [mem 0x0000000100000000-0x000000026f5fffff]
[    0.017478]   node   0: [mem 0x0000000000001000-0x0000000000057fff]
[    0.017479]   node   0: [mem 0x0000000000059000-0x000000000008efff]
[    0.017480]   node   0: [mem 0x0000000000090000-0x000000000009ffff]
[    0.017481]   node   0: [mem 0x0000000000100000-0x000000008ad0ffff]
[    0.017483]   node   0: [mem 0x000000008ad53000-0x000000008ad5cfff]
[    0.017484]   node   0: [mem 0x000000008ad8f000-0x000000008ae38fff]
[    0.017485]   node   0: [mem 0x000000008ae8f000-0x000000008aed1fff]
[    0.017485]   node   0: [mem 0x000000008aeff000-0x000000008af83fff]
[    0.017486]   node   0: [mem 0x000000008aff0000-0x000000008affffff]
[    0.017487]   node   0: [mem 0x0000000100000000-0x000000026f5fffff]
[    0.017489] Initmem setup node 0 [mem 0x0000000000001000-0x000000026f5fffff]
[    0.033522] Reserving Intel graphics memory at [mem 0x8ba00000-0x8f9fffff]
[    0.033712] IOAPIC[0]: apic_id 2, version 32, address 0xfec00000, GSI 0-39
[    0.033724] ACPI: HPET id: 0x8086a201 base: 0xfed00000
[    0.033767] PM: hibernation: Registered nosave memory: [mem 0x00000000-0x00000fff]
[    0.033770] PM: hibernation: Registered nosave memory: [mem 0x00058000-0x00058fff]
[    0.033772] PM: hibernation: Registered nosave memory: [mem 0x0008f000-0x0008ffff]
[    0.033774] PM: hibernation: Registered nosave memory: [mem 0x000a0000-0x000fffff]
[    0.033776] PM: hibernation: Registered nosave memory: [mem 0x8ad10000-0x8ad52fff]
[    0.033778] PM: hibernation: Registered nosave memory: [mem 0x8ad5d000-0x8ad8efff]
[    0.033780] PM: hibernation: Registered nosave memory: [mem 0x8ae39000-0x8ae8efff]
[    0.033782] PM: hibernation: Registered nosave memory: [mem 0x8aed2000-0x8aefefff]
[    0.033784] PM: hibernation: Registered nosave memory: [mem 0x8af84000-0x8afeffff]
[    0.033786] PM: hibernation: Registered nosave memory: [mem 0x8b000000-0xffffffff]
[    0.033788] [mem 0x8fa00000-0xe00f7fff] available for PCI devices
[    0.033794] clocksource: refined-jiffies: mask: 0xffffffff max_cycles: 0xffffffff, max_idle_ns: 1910969940391419 ns
[    0.100827] DMAR: DRHD base: 0x000000fed90000 flags: 0x0
[    0.100841] DMAR: DRHD base: 0x000000fed91000 flags: 0x1
[    0.100847] DMAR: RMRR base: 0x0000008b800000 end: 0x0000008f9fffff
[    0.100851] DMAR-IR: IOAPIC id 2 under DRHD base  0xfed91000 IOMMU 1
[    0.100853] DMAR-IR: HPET id 0 under DRHD base 0xfed91000
[    0.102061] clocksource: tsc-early: mask: 0xffffffffffffffff max_cycles: 0x2579fcc25fe, max_idle_ns: 440795287867 ns
[    0.106520] ACPI: PM: Registering ACPI NVS region [mem 0x8ad10000-0x8ad52fff] (274432 bytes)
[    0.106520] clocksource: jiffies: mask: 0xffffffff max_cycles: 0xffffffff, max_idle_ns: 1911260446275000 ns
[    0.120359] PCI: ECAM [mem 0xe0000000-0xe9bfffff] (base 0xe0000000) for domain 0000 [bus 00-9b]
[    0.147005] acpi PNP0A08:00: [Firmware Info]: ECAM [mem 0xe0000000-0xe9bfffff] for domain 0000 [bus 00-9b] only partially covers this bridge
[    0.147346] pci_bus 0000:00: root bus resource [mem 0x000a0000-0x000fffff window]
[    0.147348] pci_bus 0000:00: root bus resource [mem 0x8fa00000-0xfeafffff window]
[    0.147350] pci_bus 0000:00: root bus resource [mem 0xfed40000-0xfed44fff window]
[    0.147368] pci 0000:00:00.0: [8086:0a04] type 00 class 0x060000 conventional PCI endpoint
[    0.147473] pci 0000:00:02.0: [8086:0a2e] type 00 class 0x030000 conventional PCI endpoint
[    0.147484] pci 0000:00:02.0: BAR 0 [mem 0xb0000000-0xb03fffff 64bit]
[    0.147490] pci 0000:00:02.0: BAR 2 [mem 0xa0000000-0xafffffff 64bit pref]
[    0.147494] pci 0000:00:02.0: BAR 4 [io  0x2000-0x203f]
[    0.147508] pci 0000:00:02.0: Video device with shadowed ROM at [mem 0x000c0000-0x000dffff]
[    0.147647] pci 0000:00:03.0: [8086:0a0c] type 00 class 0x040300 PCIe Root Complex Integrated Endpoint
[    0.147657] pci 0000:00:03.0: BAR 0 [mem 0xb0a10000-0xb0a13fff 64bit]
[    0.147815] pci 0000:00:14.0: [8086:9c31] type 00 class 0x0c0330 conventional PCI endpoint
[    0.147831] pci 0000:00:14.0: BAR 0 [mem 0xb0a00000-0xb0a0ffff 64bit]
[    0.148171] pci 0000:00:16.0: [8086:9c3a] type 00 class 0x078000 conventional PCI endpoint
[    0.148188] pci 0000:00:16.0: BAR 0 [mem 0xb0a2a100-0xb0a2a11f 64bit]
[    0.148300] pci 0000:00:1b.0: [8086:9c20] type 00 class 0x040300 PCIe Root Complex Integrated Endpoint
[    0.148315] pci 0000:00:1b.0: BAR 0 [mem 0xb0a14000-0xb0a17fff 64bit]
[    0.148461] pci 0000:00:1c.0: [8086:9c10] type 01 class 0x060400 PCIe Root Port
[    0.148695] pci 0000:00:1c.1: [8086:9c12] type 01 class 0x060400 PCIe Root Port
[    0.148726] pci 0000:00:1c.1:   bridge window [mem 0xb0800000-0xb09fffff]
[    0.148735] pci 0000:00:1c.1:   bridge window [mem 0x90000000-0x9fffffff 64bit pref]
[    0.148948] pci 0000:00:1c.2: [8086:9c14] type 01 class 0x060400 PCIe Root Port
[    0.148979] pci 0000:00:1c.2:   bridge window [mem 0xb0400000-0xb06fffff]
[    0.149197] pci 0000:00:1c.4: [8086:9c18] type 01 class 0x060400 PCIe Root Port
[    0.149227] pci 0000:00:1c.4:   bridge window [mem 0xb0b00000-0xbcbfffff]
[    0.149235] pci 0000:00:1c.4:   bridge window [mem 0xbcc00000-0xc8bfffff 64bit pref]
[    0.149482] pci 0000:00:1c.5: [8086:9c1a] type 01 class 0x060400 PCIe Root Port
[    0.149514] pci 0000:00:1c.5:   bridge window [mem 0xb0700000-0xb07fffff]
[    0.149732] pci 0000:00:1f.0: [8086:9c43] type 00 class 0x060100 conventional PCI endpoint
[    0.149909] pci 0000:00:1f.3: [8086:9c22] type 00 class 0x0c0500 conventional PCI endpoint
[    0.149924] pci 0000:00:1f.3: BAR 0 [mem 0xb0a2a000-0xb0a2a0ff 64bit]
[    0.149941] pci 0000:00:1f.3: BAR 4 [io  0xefa0-0xefbf]
[    0.150121] pci 0000:02:00.0: [14e4:1570] type 00 class 0x048000 PCIe Endpoint
[    0.150145] pci 0000:02:00.0: BAR 0 [mem 0xb0900000-0xb090ffff 64bit]
[    0.150160] pci 0000:02:00.0: BAR 2 [mem 0x90000000-0x9fffffff 64bit pref]
[    0.150175] pci 0000:02:00.0: BAR 4 [mem 0xb0800000-0xb08fffff 64bit]
[    0.150594] pci 0000:03:00.0: [14e4:43a0] type 00 class 0x028000 PCIe Endpoint
[    0.150635] pci 0000:03:00.0: BAR 0 [mem 0xb0600000-0xb0607fff 64bit]
[    0.150661] pci 0000:03:00.0: BAR 2 [mem 0xb0400000-0xb05fffff 64bit]
[    0.151338] pci 0000:05:00.0: [8086:156d] type 01 class 0x060400 PCIe Switch Upstream Port
[    0.151385] pci 0000:05:00.0:   bridge window [mem 0xb0b00000-0xb8bfffff]
[    0.151398] pci 0000:05:00.0:   bridge window [mem 0xbcc00000-0xc4bfffff 64bit pref]
[    0.154220] pci 0000:06:00.0: [8086:156d] type 01 class 0x060400 PCIe Switch Downstream Port
[    0.154268] pci 0000:06:00.0:   bridge window [mem 0xb0b00000-0xb0bfffff]
[    0.154573] pci 0000:06:03.0: [8086:156d] type 01 class 0x060400 PCIe Switch Downstream Port
[    0.154614] pci 0000:06:03.0:   bridge window [mem 0xb0c00000-0xb4bfffff]
[    0.154626] pci 0000:06:03.0:   bridge window [mem 0xbcc00000-0xc0bfffff 64bit pref]
[    0.154927] pci 0000:06:04.0: [8086:156d] type 01 class 0x060400 PCIe Switch Downstream Port
[    0.155280] pci 0000:06:05.0: [8086:156d] type 01 class 0x060400 PCIe Switch Downstream Port
[    0.155321] pci 0000:06:05.0:   bridge window [mem 0xb4c00000-0xb8bfffff]
[    0.155333] pci 0000:06:05.0:   bridge window [mem 0xc0c00000-0xc4bfffff 64bit pref]
[    0.155637] pci 0000:06:06.0: [8086:156d] type 01 class 0x060400 PCIe Switch Downstream Port
[    0.156070] pci 0000:07:00.0: [8086:156c] type 00 class 0x088000 PCIe Endpoint
[    0.156093] pci 0000:07:00.0: BAR 0 [mem 0xb0b00000-0xb0b3ffff]
[    0.156106] pci 0000:07:00.0: BAR 1 [mem 0xb0b40000-0xb0b40fff]
[    0.159584] pci 0000:04:00.0: [144d:1600] type 00 class 0x010601 PCIe Endpoint
[    0.159644] pci 0000:04:00.0: BAR 5 [mem 0xb0700000-0xb0701fff]
[    0.159655] pci 0000:04:00.0: ROM [mem 0xffff0000-0xffffffff pref]
[    0.171229] e820: reserve RAM buffer [mem 0x00058000-0x0005ffff]
[    0.171231] e820: reserve RAM buffer [mem 0x0008f000-0x0008ffff]
[    0.171233] e820: reserve RAM buffer [mem 0x75bed810-0x77ffffff]
[    0.171234] e820: reserve RAM buffer [mem 0x75bef190-0x77ffffff]
[    0.171236] e820: reserve RAM buffer [mem 0x8ad10000-0x8bffffff]
[    0.171237] e820: reserve RAM buffer [mem 0x8ad5d000-0x8bffffff]
[    0.171239] e820: reserve RAM buffer [mem 0x8ae39000-0x8bffffff]
[    0.171241] e820: reserve RAM buffer [mem 0x8aed2000-0x8bffffff]
[    0.171242] e820: reserve RAM buffer [mem 0x8af84000-0x8bffffff]
[    0.171243] e820: reserve RAM buffer [mem 0x8b000000-0x8bffffff]
[    0.171244] e820: reserve RAM buffer [mem 0x26f600000-0x26fffffff]
[    0.171816] system 00:00: [mem 0xfed00000-0xfed03fff] has been reserved
[    0.172888] system 00:03: [mem 0xfed1c000-0xfed1ffff] has been reserved
[    0.172892] system 00:03: [mem 0xfed10000-0xfed17fff] has been reserved
[    0.172894] system 00:03: [mem 0xfed18000-0xfed18fff] has been reserved
[    0.172896] system 00:03: [mem 0xfed19000-0xfed19fff] has been reserved
[    0.172898] system 00:03: [mem 0xe0000000-0xefffffff] could not be reserved
[    0.172901] system 00:03: [mem 0xfed20000-0xfed3ffff] has been reserved
[    0.172902] system 00:03: [mem 0xfed90000-0xfed93fff] could not be reserved
[    0.172904] system 00:03: [mem 0xfed45000-0xfed8ffff] has been reserved
[    0.172906] system 00:03: [mem 0xff000000-0xffffffff] could not be reserved
[    0.172908] system 00:03: [mem 0xfee00000-0xfeefffff] has been reserved
[    0.172974] system 00:04: [mem 0x20000000-0x201fffff] could not be reserved
[    0.172977] system 00:04: [mem 0x40000000-0x401fffff] could not be reserved
[    0.179375] clocksource: acpi_pm: mask: 0xffffff max_cycles: 0xffffff, max_idle_ns: 2085701024 ns
[    0.194355] pci 0000:04:00.0: ROM [mem 0xffff0000-0xffffffff pref]: can't claim; no compatible bridge window
[    0.194366] pci 0000:06:00.0: bridge window [mem 0x00100000-0x000fffff 64bit pref] to [bus 07] add_size 200000 add_align 100000
[    0.194372] pci 0000:06:04.0: bridge window [mem 0x00100000-0x000fffff 64bit pref] to [bus 39] add_size 200000 add_align 100000
[    0.194374] pci 0000:06:04.0: bridge window [mem 0x00100000-0x000fffff] to [bus 39] add_size 200000 add_align 100000
[    0.194379] pci 0000:06:06.0: bridge window [mem 0x00100000-0x000fffff 64bit pref] to [bus 6b] add_size 200000 add_align 100000
[    0.194381] pci 0000:06:06.0: bridge window [mem 0x00100000-0x000fffff] to [bus 6b] add_size 200000 add_align 100000
[    0.194405] pci 0000:00:1c.1:   bridge window [mem 0xb0800000-0xb09fffff]
[    0.194409] pci 0000:00:1c.1:   bridge window [mem 0x90000000-0x9fffffff 64bit pref]
[    0.194418] pci 0000:00:1c.2:   bridge window [mem 0xb0400000-0xb06fffff]
[    0.194431] pci 0000:06:00.0: bridge window [mem size 0x00200000 64bit pref]: can't assign; no space
[    0.194433] pci 0000:06:00.0: bridge window [mem size 0x00200000 64bit pref]: failed to assign
[    0.194435] pci 0000:06:04.0: bridge window [mem size 0x00200000]: can't assign; no space
[    0.194437] pci 0000:06:04.0: bridge window [mem size 0x00200000]: failed to assign
[    0.194439] pci 0000:06:04.0: bridge window [mem size 0x00200000 64bit pref]: can't assign; no space
[    0.194441] pci 0000:06:04.0: bridge window [mem size 0x00200000 64bit pref]: failed to assign
[    0.194442] pci 0000:06:06.0: bridge window [mem size 0x00200000]: can't assign; no space
[    0.194444] pci 0000:06:06.0: bridge window [mem size 0x00200000]: failed to assign
[    0.194446] pci 0000:06:06.0: bridge window [mem size 0x00200000 64bit pref]: can't assign; no space
[    0.194448] pci 0000:06:06.0: bridge window [mem size 0x00200000 64bit pref]: failed to assign
[    0.194460] pci 0000:06:06.0: bridge window [mem size 0x00200000]: can't assign; no space
[    0.194461] pci 0000:06:06.0: bridge window [mem size 0x00200000]: failed to assign
[    0.194463] pci 0000:06:06.0: bridge window [mem size 0x00200000 64bit pref]: can't assign; no space
[    0.194465] pci 0000:06:06.0: bridge window [mem size 0x00200000 64bit pref]: failed to assign
[    0.194470] pci 0000:06:04.0: bridge window [mem size 0x00200000]: can't assign; no space
[    0.194471] pci 0000:06:04.0: bridge window [mem size 0x00200000]: failed to assign
[    0.194473] pci 0000:06:04.0: bridge window [mem size 0x00200000 64bit pref]: can't assign; no space
[    0.194475] pci 0000:06:04.0: bridge window [mem size 0x00200000 64bit pref]: failed to assign
[    0.194480] pci 0000:06:00.0: bridge window [mem size 0x00200000 64bit pref]: can't assign; no space
[    0.194481] pci 0000:06:00.0: bridge window [mem size 0x00200000 64bit pref]: failed to assign
[    0.194492] pci 0000:06:00.0:   bridge window [mem 0xb0b00000-0xb0bfffff]
[    0.194510] pci 0000:06:03.0:   bridge window [mem 0xb0c00000-0xb4bfffff]
[    0.194514] pci 0000:06:03.0:   bridge window [mem 0xbcc00000-0xc0bfffff 64bit pref]
[    0.194542] pci 0000:06:05.0:   bridge window [mem 0xb4c00000-0xb8bfffff]
[    0.194546] pci 0000:06:05.0:   bridge window [mem 0xc0c00000-0xc4bfffff 64bit pref]
[    0.194573] pci 0000:05:00.0:   bridge window [mem 0xb0b00000-0xb8bfffff]
[    0.194577] pci 0000:05:00.0:   bridge window [mem 0xbcc00000-0xc4bfffff 64bit pref]
[    0.194590] pci 0000:00:1c.4:   bridge window [mem 0xb0b00000-0xbcbfffff]
[    0.194593] pci 0000:00:1c.4:   bridge window [mem 0xbcc00000-0xc8bfffff 64bit pref]
[    0.194598] pci 0000:04:00.0: ROM [mem 0xb0710000-0xb071ffff pref]: assigned
[    0.194605] pci 0000:00:1c.5:   bridge window [mem 0xb0700000-0xb07fffff]
[    0.194616] pci_bus 0000:00: resource 6 [mem 0x000a0000-0x000fffff window]
[    0.194617] pci_bus 0000:00: resource 7 [mem 0x8fa00000-0xfeafffff window]
[    0.194619] pci_bus 0000:00: resource 8 [mem 0xfed40000-0xfed44fff window]
[    0.194621] pci_bus 0000:02: resource 1 [mem 0xb0800000-0xb09fffff]
[    0.194622] pci_bus 0000:02: resource 2 [mem 0x90000000-0x9fffffff 64bit pref]
[    0.194624] pci_bus 0000:03: resource 1 [mem 0xb0400000-0xb06fffff]
[    0.194627] pci_bus 0000:05: resource 1 [mem 0xb0b00000-0xbcbfffff]
[    0.194628] pci_bus 0000:05: resource 2 [mem 0xbcc00000-0xc8bfffff 64bit pref]
[    0.194631] pci_bus 0000:06: resource 1 [mem 0xb0b00000-0xb8bfffff]
[    0.194633] pci_bus 0000:06: resource 2 [mem 0xbcc00000-0xc4bfffff 64bit pref]
[    0.194635] pci_bus 0000:07: resource 1 [mem 0xb0b00000-0xb0bfffff]
[    0.194638] pci_bus 0000:08: resource 1 [mem 0xb0c00000-0xb4bfffff]
[    0.194639] pci_bus 0000:08: resource 2 [mem 0xbcc00000-0xc0bfffff 64bit pref]
[    0.194642] pci_bus 0000:3a: resource 1 [mem 0xb4c00000-0xb8bfffff]
[    0.194644] pci_bus 0000:3a: resource 2 [mem 0xc0c00000-0xc4bfffff 64bit pref]
[    0.194645] pci_bus 0000:04: resource 1 [mem 0xb0700000-0xb07fffff]
[    0.195085] software IO TLB: mapped [mem 0x000000006d036000-0x0000000071036000] (64MB)
[    0.290294] microcode: Current revision: 0x00000026
[    0.602289] xhci_hcd 0000:00:14.0: hcc params 0x200077c1 hci version 0x100 quirks 0x000000000004b810
[    0.651569] ata1: SATA max UDMA/133 abar m8192@0xb0700000 port 0xb0700100 irq 16 lpm-pol 1
[    1.222808] clocksource: tsc: mask: 0xffffffffffffffff max_cycles: 0x257a3c3232d, max_idle_ns: 440795236700 ns
[    3.248975] systemd[1]: systemd 258.5 running in system mode (+PAM +AUDIT -SELINUX +APPARMOR +IMA +IPE +SMACK +SECCOMP +GCRYPT -GNUTLS +OPENSSL +ACL +BLKID +CURL +ELFUTILS +FIDO2 +IDN2 -IDN -IPTC +KMOD +LIBCRYPTSETUP +LIBCRYPTSETUP_PLUGINS +LIBFDISK +PCRE2 +PWQUALITY +P11KIT +QRENCODE +TPM2 +BZIP2 +LZ4 +XZ +ZLIB +ZSTD +BPF_FRAMEWORK -BTF -XKBCOMMON +UTMP -SYSVINIT +LIBARCHIVE)
[    4.176496] RIP: 0033:0x7f18f33208bd
[    5.604709] 0x000000000000-0x000000800000 : "BIOS"
[  744.549283] brcmfmac: brcmf_fw_alloc_request: using brcm/brcmfmac4360-pcie for chip BCM4360/3
[  744.561423] brcmfmac 0000:03:00.0: brcmf_pcie_setup: === BCM4360 BAR2 DIAGNOSTIC (read-only) ===
[  744.561428] brcmfmac 0000:03:00.0: brcmf_pcie_setup: chip=BCM4360/3 rambase=0x0 ramsize=0xa0000
[  744.561432] brcmfmac 0000:03:00.0: brcmf_pcie_setup: BAR0 phys=0xb0600000 size=0x8000
[  744.561434] brcmfmac 0000:03:00.0: brcmf_pcie_setup: BAR2 phys=0xb0400000 size=0x200000
[  744.561441] brcmfmac 0000:03:00.0: brcmf_pcie_setup: BAR2[0x000000] = 0x025d4304
[  744.561446] brcmfmac 0000:03:00.0: brcmf_pcie_setup: BAR2[0x010000] = 0x260f0327
[  744.561450] brcmfmac 0000:03:00.0: brcmf_pcie_setup: BAR2[0x020000] = 0x3081503f
[  744.561454] brcmfmac 0000:03:00.0: brcmf_pcie_setup: BAR2[0x030000] = 0x04c40174
[  744.561457] brcmfmac 0000:03:00.0: brcmf_pcie_setup: BAR2[0x040000] = 0xa019644a
